01-01 11:14:23.948  2637  4773 I ActivityManager: Config changes=8 {1.0 ?mcc?mnc [zh_CN] ldltr sw360dp w360dp h616dp 480dpi nrml long port finger -keyb/h/h -nav/h s.5}
01-01 11:14:28.055  2637  3587 E KernelUidCpuTimeReader: Failed to read uid_cputime: /proc/uid_cputime/show_uid_stat (No such file or directory)
01-01 11:14:28.057  2637  3590 E BatteryStatsService: no controller energy info supplied
01-01 11:14:28.062  2637  3590 E KernelUidCpuTimeReader: Failed to read uid_cputime: /proc/uid_cputime/show_uid_stat (No such file or directory)
01-01 11:14:57.330  2637  2637 I SystemServer: StartLockSettingsService
01-01 11:14:57.330  2637  2637 I SystemServiceManager: Starting com.android.server.LockSettingsService$Lifecycle
01-01 11:14:57.337  2637  2637 I SystemServiceManager: Starting com.android.server.PersistentDataBlockService
01-01 11:14:57.339  2637  2637 E PersistentDataBlockService: not able to find package 
01-01 11:14:57.339  2637  2637 E PersistentDataBlockService: android.content.pm.PackageManager$NameNotFoundException: 
01-01 11:14:57.339  2637  2637 E PersistentDataBlockService: 	at android.app.ApplicationPackageManager.getPackageUidAsUser(ApplicationPackageManager.java:256)
01-01 11:14:57.339  2637  2637 E PersistentDataBlockService: 	at com.android.server.PersistentDataBlockService.getAllowedUid(PersistentDataBlockService.java:102)
01-01 11:14:57.339  2637  2637 E PersistentDataBlockService: 	at com.android.server.PersistentDataBlockService.<init>(PersistentDataBlockService.java:93)
01-01 11:14:57.339  2637  2637 E PersistentDataBlockService: 	at java.lang.reflect.Constructor.newInstance0(Native Method)
01-01 11:14:57.339  2637  2637 E PersistentDataBlockService: 	at java.lang.reflect.Constructor.newInstance(Constructor.java:430)
01-01 11:14:57.339  2637  2637 E PersistentDataBlockService: 	at com.android.server.SystemServiceManager.startService(SystemServiceManager.java:93)
01-01 11:14:57.339  2637  2637 E PersistentDataBlockService: 	at com.android.server.SystemServer.startOtherServices(SystemServer.java:802)
01-01 11:14:57.339  2637  2637 E PersistentDataBlockService: 	at com.android.server.SystemServer.run(SystemServer.java:362)
01-01 11:14:57.339  2637  2637 E PersistentDataBlockService: 	at com.android.server.SystemServer.main(SystemServer.java:234)
01-01 11:14:57.339  2637  2637 E PersistentDataBlockService: 	at java.lang.reflect.Method.invoke(Native Method)
01-01 11:14:57.339  2637  2637 E PersistentDataBlockService: 	at com.android.internal.os.ZygoteInit$MethodAndArgsCaller.run(ZygoteInit.java:888)
01-01 11:14:57.339  2637  2637 E PersistentDataBlockService: 	at com.android.internal.os.ZygoteInit.main(ZygoteInit.java:778)
01-01 11:14:57.348  2637  2637 I SystemServiceManager: Starting com.android.server.DeviceIdleController
01-01 11:14:57.351  2637  2637 I SystemServiceManager: Starting com.android.server.devicepolicy.DevicePolicyManagerService$Lifecycle
01-01 11:14:57.358  2637  2637 I SystemServer: StartStatusBarManagerService
01-01 11:14:57.360  2637  2637 I SystemServer: StartClipboardService
01-01 11:14:57.364  2637  2637 I SystemServer: StartNetworkManagementService
01-01 11:14:57.368  2637  5687 I NetworkManagement: onDaemonConnected()
01-01 11:14:57.371  2637  2637 I SystemServiceManager: Starting com.android.server.TextServicesManagerService$Lifecycle
01-01 11:14:57.373  2637  2637 W TextServicesManagerService: no available spell checker services found
01-01 11:14:57.374  2637  2637 I SystemServer: StartNetworkScoreService
01-01 11:14:57.377  2637  2637 I SystemServer: StartNetworkStatsService
01-01 11:14:57.382  2637  2637 I SystemServer: StartNetworkPolicyManagerService
01-01 11:14:57.386  2637  2637 I SystemServer: No Wi-Fi NAN Service (NAN support Not Present)
01-01 11:14:57.388  2637  2637 I SystemServiceManager: Starting com.android.server.wifi.p2p.WifiP2pService
01-01 11:14:57.450  2637  2637 I SystemServiceManager: Starting com.android.server.wifi.WifiService
01-01 11:14:57.830  2637  2637 I SystemServiceManager: Starting com.android.server.wifi.scanner.WifiScanningService
01-01 11:14:57.838  2637  2637 I SystemServiceManager: Starting com.android.server.wifi.RttService
01-01 11:14:57.842  2637  2637 I SystemServiceManager: Starting com.android.server.ethernet.EthernetService
01-01 11:14:57.845  2637  2637 I SystemServer: StartConnectivityService
01-01 11:14:57.854  2637  2637 D ConnectivityService: ConnectivityService starting up
01-01 11:14:57.861  2637  2637 D ConnectivityService: wifiOnly=false
01-01 11:14:57.861  2637  2637 E ConnectivityService: Ignoring protectedNetwork 14
01-01 11:14:57.861  2637  2637 E ConnectivityService: Ignoring protectedNetwork 15
01-01 11:14:57.877  2637  2637 I SystemServer: StartNsdService
01-01 11:14:57.903  2637  2637 I SystemServer: StartUpdateLockService
01-01 11:14:57.905  2637  2637 I SystemServiceManager: Starting com.android.server.RecoverySystemService
01-01 11:14:57.907  2637  2637 I SystemServiceManager: Starting com.android.server.notification.NotificationManagerService
01-01 11:14:57.919  2637  2637 D ConditionProviders.SCP: new ScheduleConditionProvider()
01-01 11:14:57.933  2637  2637 D ZenLog  : set_zen_mode: off,init
01-01 11:14:57.947  2637  2637 I SystemServiceManager: Starting com.android.server.storage.DeviceStorageMonitorService
01-01 11:14:57.950  2637  2637 I SystemServer: StartLocationManagerService
01-01 11:14:57.952  2637  2637 I SystemServer: StartCountryDetectorService
01-01 11:14:57.953  2637  2637 I SystemServer: StartSearchManagerService
01-01 11:14:57.954  2637  2637 I SystemServiceManager: Starting com.android.server.search.SearchManagerService$Lifecycle
01-01 11:14:57.956  2637  2637 I SystemServiceManager: Starting com.android.server.DropBoxManagerService
01-01 11:14:57.958  2637  2637 I SystemServer: StartWallpaperManagerService
01-01 11:14:57.958  2637  2637 I SystemServiceManager: Starting com.android.server.wallpaper.WallpaperManagerService$Lifecycle
01-01 11:14:57.962  2637  2637 E WallpaperManagerService: Invalid wallpaper data
01-01 11:14:57.962  2637  2637 E WallpaperManagerService: Unable to apply new wallpaper
01-01 11:14:57.962  2637  2637 W WallpaperManagerService: no current wallpaper -- first boot?
01-01 11:14:57.964  2637  2637 I SystemServer: StartAudioService
01-01 11:14:57.964  2637  2637 I SystemServiceManager: Starting com.android.server.audio.AudioService$Lifecycle
01-01 11:14:58.002  2637  2637 I SystemServiceManager: Starting com.android.server.DockObserver
01-01 11:14:58.003  2637  2637 W DockObserver: This kernel does not have dock station support
01-01 11:14:58.004  2637  2637 I SystemServer: StartWiredAccessoryManager
01-01 11:14:58.005  2637  2637 W WiredAccessoryManager: This kernel does not have usb audio support
01-01 11:14:58.005  2637  2637 W WiredAccessoryManager: This kernel does not have HDMI audio support
01-01 11:14:58.006  2637  2637 I SystemServiceManager: Starting com.android.server.usb.UsbService$Lifecycle
01-01 11:14:58.016  2637  2637 I SystemServer: StartSerialService
01-01 11:14:58.018  2637  2637 I SystemServiceManager: Starting com.android.server.twilight.TwilightService
01-01 11:14:58.019  2637  2637 I SystemServiceManager: Starting com.android.server.job.JobSchedulerService
01-01 11:14:58.027  2637  2637 I SystemServiceManager: Starting com.android.server.soundtrigger.SoundTriggerService
01-01 11:14:58.029  2637  2637 I SystemServiceManager: Starting com.android.server.backup.BackupManagerService$Lifecycle
01-01 11:14:58.034  2637  2637 I SystemServiceManager: Starting com.android.server.appwidget.AppWidgetService
01-01 11:14:58.046  2637  2637 I SystemServiceManager: Starting com.android.server.voiceinteraction.VoiceInteractionManagerService
01-01 11:14:58.048  2637  2637 I SystemServer: Gesture Launcher Service
01-01 11:14:58.048  2637  2637 I SystemServiceManager: Starting com.android.server.GestureLauncherService
01-01 11:14:58.049  2637  2637 I SystemServiceManager: Starting com.android.server.SensorNotificationService
01-01 11:14:58.049  2637  2637 I SystemServiceManager: Starting com.android.server.ContextHubSystemService
01-01 11:14:58.050  2637  2637 I SystemServer: StartDiskStatsService
01-01 11:14:58.051  2637  2637 I SystemServer: StartSamplingProfilerService
01-01 11:14:58.057  2637  2637 I SystemServer: StartNetworkTimeUpdateService
01-01 11:14:58.059  2637  2637 I SystemServer: StartCommonTimeManagementService
01-01 11:14:58.061  2637  2637 I SystemServer: CertBlacklister
01-01 11:14:58.062  2637  2637 I SystemServiceManager: Starting com.android.server.emergency.EmergencyAffordanceService
01-01 11:14:58.064  2637  2637 I SystemServiceManager: Starting com.android.server.dreams.DreamManagerService
01-01 11:14:58.068  2637  2637 I SystemServiceManager: Starting com.android.server.print.PrintManagerService
01-01 11:14:58.071  2637  2637 I SystemServiceManager: Starting com.android.server.restrictions.RestrictionsManagerService
01-01 11:14:58.074  2637  2637 I SystemServiceManager: Starting com.android.server.media.MediaSessionService
01-01 11:14:58.077  2637  2637 I SystemServer: StartMediaRouterService
01-01 11:14:58.079  2637  2637 I SystemServiceManager: Starting com.android.server.trust.TrustManagerService
01-01 11:14:58.080  2637  2637 I SystemServiceManager: Starting com.android.server.fingerprint.FingerprintService
01-01 11:14:58.597  2637  2637 V FingerprintService: Fingerprint HAL id: 547610735104
01-01 11:14:58.599  2637  2637 I SystemServer: StartBackgroundDexOptService
01-01 11:14:58.600  2637  2637 I SystemServiceManager: Starting com.android.server.pm.ShortcutService$Lifecycle
01-01 11:14:58.607  2637  2637 I SystemServiceManager: Starting com.android.server.pm.LauncherAppsService
01-01 11:14:58.608  2637  2637 I SystemServiceManager: Starting com.android.server.media.projection.MediaProjectionManagerService
01-01 11:14:58.626  2637  2637 I SyncManager: No initial accounts
01-01 11:14:58.627  2637  2637 I SyncManager: No initial status
01-01 11:14:58.627  2637  2637 I SyncManager: No initial statistics
01-01 11:14:58.649  2637  2637 I SystemServiceManager: Starting com.android.server.MmsServiceBroker
01-01 11:14:58.651  2637  2637 I MKSystemServer: Attempting to start service org.mokee.platform.internal.MKStatusBarManagerService
01-01 11:14:58.655  2637  2637 I MKSystemServer: Starting service org.mokee.platform.internal.MKStatusBarManagerService
01-01 11:14:58.655  2637  2637 I SystemServiceManager: Starting org.mokee.platform.internal.MKStatusBarManagerService
01-01 11:14:58.657  2637  2637 I MKSystemServer: Attempting to start service org.mokee.platform.internal.ProfileManagerService
01-01 11:14:58.664  2637  2637 I MKSystemServer: Starting service org.mokee.platform.internal.ProfileManagerService
01-01 11:14:58.664  2637  2637 I SystemServiceManager: Starting org.mokee.platform.internal.ProfileManagerService
01-01 11:14:58.680  2637  2637 I MKSystemServer: Attempting to start service org.mokee.platform.internal.PartnerInterfaceService
01-01 11:14:58.682  2637  2637 I MKSystemServer: Starting service org.mokee.platform.internal.PartnerInterfaceService
01-01 11:14:58.682  2637  2637 I SystemServiceManager: Starting org.mokee.platform.internal.PartnerInterfaceService
01-01 11:14:58.683  2637  2637 I MKSystemServer: Attempting to start service org.mokee.platform.internal.MKTelephonyManagerService
01-01 11:14:58.685  2637  2637 I MKSystemServer: Starting service org.mokee.platform.internal.MKTelephonyManagerService
01-01 11:14:58.685  2637  2637 I SystemServiceManager: Starting org.mokee.platform.internal.MKTelephonyManagerService
01-01 11:14:58.686  2637  2637 I MKSystemServer: Attempting to start service org.mokee.platform.internal.MKHardwareService
01-01 11:14:58.693  2637  2637 I MKSystemServer: Starting service org.mokee.platform.internal.MKHardwareService
01-01 11:14:58.693  2637  2637 I SystemServiceManager: Starting org.mokee.platform.internal.MKHardwareService
01-01 11:14:58.694  2637  2637 I MKSystemServer: Attempting to start service org.mokee.platform.internal.PerformanceManagerService
01-01 11:14:58.699  2637  5717 I ServiceThread: Enabled StrictMode logging for PerformanceManager looper.
01-01 11:14:58.700  2637  2637 I MKSystemServer: Starting service org.mokee.platform.internal.PerformanceManagerService
01-01 11:14:58.700  2637  2637 I SystemServiceManager: Starting org.mokee.platform.internal.PerformanceManagerService
01-01 11:14:58.702  2637  5718 I ServiceThread: Enabled StrictMode logging for PerformanceManager looper.
01-01 11:14:58.703  2637  2637 I MKSystemServer: Attempting to start service org.mokee.platform.internal.ThemeManagerServiceBroker
01-01 11:14:58.708  2637  2637 E BrokerableMKSystemService: Setting brokered service connection org.mokee.platform.internal.ThemeManagerServiceBroker$2@94df66b
01-01 11:14:58.708  2637  2637 I MKSystemServer: Starting service org.mokee.platform.internal.ThemeManagerServiceBroker
01-01 11:14:58.708  2637  2637 I SystemServiceManager: Starting org.mokee.platform.internal.ThemeManagerServiceBroker
01-01 11:14:58.709  2637  2637 E BrokerableMKSystemService: Setting brokered service connection org.mokee.platform.internal.ThemeManagerServiceBroker$2@908b5c8
01-01 11:14:58.709  2637  2637 I MKSystemServer: Attempting to start service org.mokee.platform.internal.IconCacheManagerServiceBroker
01-01 11:14:58.710  2637  2637 E BrokerableMKSystemService: Setting brokered service connection org.mokee.platform.internal.IconCacheManagerServiceBroker$2@c88661
01-01 11:14:58.710  2637  2637 I MKSystemServer: Starting service org.mokee.platform.internal.IconCacheManagerServiceBroker
01-01 11:14:58.710  2637  2637 I SystemServiceManager: Starting org.mokee.platform.internal.IconCacheManagerServiceBroker
01-01 11:14:58.710  2637  2637 E BrokerableMKSystemService: Setting brokered service connection org.mokee.platform.internal.IconCacheManagerServiceBroker$2@e58f586
01-01 11:14:58.711  2637  2637 I MKSystemServer: Attempting to start service org.mokee.platform.internal.LiveLockScreenServiceBroker
01-01 11:14:58.713  2637  2637 E BrokerableMKSystemService: Setting brokered service connection org.mokee.platform.internal.LiveLockScreenServiceBroker$2@2538e47
01-01 11:14:58.713  2637  2637 I MKSystemServer: Starting service org.mokee.platform.internal.LiveLockScreenServiceBroker
01-01 11:14:58.713  2637  2637 I SystemServiceManager: Starting org.mokee.platform.internal.LiveLockScreenServiceBroker
01-01 11:14:58.713  2637  2637 E BrokerableMKSystemService: Setting brokered service connection org.mokee.platform.internal.LiveLockScreenServiceBroker$2@4d76674
01-01 11:14:58.714  2637  2637 I MKSystemServer: Attempting to start service org.mokee.platform.internal.WeatherManagerServiceBroker
01-01 11:14:58.714  2637  2637 I MKSystemServer: Starting service org.mokee.platform.internal.WeatherManagerServiceBroker
01-01 11:14:58.714  2637  2637 I SystemServiceManager: Starting org.mokee.platform.internal.WeatherManagerServiceBroker
01-01 11:14:58.715  2637  2637 I MKSystemServer: Attempting to start service org.mokee.platform.internal.display.LiveDisplayService
01-01 11:14:58.721  2637  5719 I ServiceThread: Enabled StrictMode logging for LiveDisplay looper.
01-01 11:14:58.723  2637  2637 I MKSystemServer: Starting service org.mokee.platform.internal.display.LiveDisplayService
01-01 11:14:58.723  2637  2637 I SystemServiceManager: Starting org.mokee.platform.internal.display.LiveDisplayService
01-01 11:14:58.724  2637  5720 I ServiceThread: Enabled StrictMode logging for LiveDisplay looper.
01-01 11:14:58.726  2637  2637 I MKSystemServer: Attempting to start service org.mokee.platform.internal.MKAudioServiceBroker
01-01 11:14:58.727  2637  2637 I MKSystemServer: Starting service org.mokee.platform.internal.MKAudioServiceBroker
01-01 11:14:58.727  2637  2637 I SystemServiceManager: Starting org.mokee.platform.internal.MKAudioServiceBroker
01-01 11:14:58.727  2637  2637 I SystemServiceManager: Starting com.android.server.retaildemo.RetailDemoModeService
01-01 11:14:58.729  2637  5721 I ServiceThread: Enabled StrictMode logging for RetailDemoModeService looper.
01-01 11:14:58.767  2637  2637 I LockSettingsService: Migrated lock settings to new location
01-01 11:14:58.773  2637  2637 I LockSettingsService: Migrated per-user lock settings to new location
01-01 11:14:58.781  2637  2637 I LockSettingsService: Migrated biometric weak to use the fallback instead
01-01 11:14:58.785  2637  2637 I LockSettingsService: Migrated lockscreen disabled flag
01-01 11:14:58.791  2637  2637 E LockSettingsStorage: Cannot read file java.io.FileNotFoundException: /data/system/gatekeeper.password.key: open failed: ENOENT (No such file or directory)
01-01 11:14:58.791  2637  2637 E LockSettingsStorage: Cannot read file java.io.FileNotFoundException: /data/system/password.key: open failed: ENOENT (No such file or directory)
01-01 11:14:58.792  2637  2637 E LockSettingsStorage: Cannot read file java.io.FileNotFoundException: /data/system/gatekeeper.pattern.key: open failed: ENOENT (No such file or directory)
01-01 11:14:58.792  2637  2637 E LockSettingsStorage: Cannot read file java.io.FileNotFoundException: /data/system/gatekeeper.gesture.key: open failed: ENOENT (No such file or directory)
01-01 11:14:58.793  2637  2637 E LockSettingsStorage: Cannot read file java.io.FileNotFoundException: /data/system/gesture.key: open failed: ENOENT (No such file or directory)
01-01 11:14:58.793  2637  2637 I SystemServiceManager: Starting phase 480
01-01 11:14:58.797  2637  2637 I SystemServiceManager: Starting phase 500
01-01 11:14:58.811  2637  2637 I WifiService: WifiService starting up with Wi-Fi disabled
01-01 11:14:58.838  2637  5703 D ConnectivityService: Got NetworkFactory Messenger for Ethernet
01-01 11:14:58.847  2637  2637 D ZenLog  : config: cleanUpZenRules,ZenModeConfig[user=0,allowCalls=true,allowRepeatCallers=false,allowMessages=false,allowCallsFrom=contacts,allowMessagesFrom=contacts,allowReminders=true,allowEvents=true,allowWhenScreenOff=true,allowWhenScreenOn=true,automaticRules={35c6aae7ee05413bb5d98b754aea6629=ZenRule[enabled=false,snoozing=false,name=周一至周五夜间,zenMode=ZEN_MODE_ALARMS,conditionId=condition://android/schedule?days=1.2.3.4.5&start=22.0&end=7.0&exitAtAlarm=false,condition=null,component=ComponentInfo{android/com.android.server.notification.ScheduleConditionProvider},id=35c6aae7ee05413bb5d98b754aea6629,creationTime=11697917,enabler=null], 974594b3273c4038b165802774e6bce2=ZenRule[enabled=false,snoozing=false,name=活动,zenMode=ZEN_MODE_ALARMS,conditionId=condition://android/event?userId=-10000&calendar=&reply=1,condition=null,component=ComponentInfo{android/com.android.server.notification.EventConditionProvider},id=974594b3273c4038b165802774e6bce2,creationTime=11697918,enabler=null], eb00798e153e421398ba78cc17e309b9=ZenRule[enabled=false,snoozing=false,name=周末,zenMode=ZEN_MODE_ALARMS,conditionId=condition://android/schedule?days=6.7&start=23.30&end=10.0&exitAtAlarm=false,condition=null,component=ComponentInfo{android/com.android.server.notification.ScheduleConditionProvider},id=eb00798e153e421398ba78cc17e309b9,creationTime=11697917,enabler=null]},manualRule=null],Diff[]
01-01 11:14:58.848  2637  2637 D ZenLog  : set_zen_mode: off,onSystemReady
01-01 11:14:58.850  2637  2637 W SoundTriggerHelper: listModules status=0, # of modules=0
01-01 11:14:59.048  2637  2637 D VoldConnector: SND -> {3 volume remount_uid 1001 none}
01-01 11:14:59.049   360   367 D vold    : Remounting 1001 as mode none
01-01 11:14:59.053  2637  3596 W KeyguardServiceDelegate: onScreenTurningOn(): no keyguard service!
01-01 11:14:59.057   360   367 D vold    : Found matching PID 452
01-01 11:14:59.057   360   367 W vold    : Skipping due to root namespace
01-01 11:14:59.057   360   367 D vold    : Found matching PID 453
01-01 11:14:59.057   360   367 W vold    : Skipping due to root namespace
01-01 11:14:59.057   360   367 D vold    : Found matching PID 456
01-01 11:14:59.057   360   367 W vold    : Skipping due to root namespace
01-01 11:14:59.057   360   367 D vold    : Found matching PID 489
01-01 11:14:59.057   360   367 W vold    : Skipping due to root namespace
01-01 11:14:59.058   360   367 D vold    : Found matching PID 604
01-01 11:14:59.058   360   367 W vold    : Skipping due to root namespace
01-01 11:14:59.058  2637  4787 D VoldConnector: RCV <- {200 3 Command succeeded}
01-01 11:14:59.059  2637  2637 D VoldConnector: SND -> {4 volume remount_uid 1001 none}
01-01 11:14:59.060   360   367 D vold    : Remounting 1001 as mode none
01-01 11:14:59.071   360   367 D vold    : Found matching PID 452
01-01 11:14:59.071   360   367 W vold    : Skipping due to root namespace
01-01 11:14:59.071   360   367 D vold    : Found matching PID 453
01-01 11:14:59.071   360   367 W vold    : Skipping due to root namespace
01-01 11:14:59.071   360   367 D vold    : Found matching PID 456
01-01 11:14:59.071   360   367 W vold    : Skipping due to root namespace
01-01 11:14:59.072   360   367 D vold    : Found matching PID 489
01-01 11:14:59.072   360   367 W vold    : Skipping due to root namespace
01-01 11:14:59.073   360   367 D vold    : Found matching PID 604
01-01 11:14:59.073   360   367 W vold    : Skipping due to root namespace
01-01 11:14:59.073  2637  4787 D VoldConnector: RCV <- {200 4 Command succeeded}
01-01 11:14:59.074  2637  2637 D VoldConnector: SND -> {5 volume remount_uid 1002 none}
01-01 11:14:59.075   360   367 D vold    : Remounting 1002 as mode none
01-01 11:14:59.081  2637  4787 D VoldConnector: RCV <- {200 5 Command succeeded}
01-01 11:14:59.082  2637  2637 D VoldConnector: SND -> {6 volume remount_uid 1002 none}
01-01 11:14:59.083   360   367 D vold    : Remounting 1002 as mode none
01-01 11:14:59.089  2637  4787 D VoldConnector: RCV <- {200 6 Command succeeded}
01-01 11:14:59.090  2637  2637 D VoldConnector: SND -> {7 volume remount_uid 1000 none}
01-01 11:14:59.091   360   367 D vold    : Remounting 1000 as mode none
01-01 11:14:59.096   360   367 D vold    : Found matching PID 430
01-01 11:14:59.096   360   367 W vold    : Skipping due to root namespace
01-01 11:14:59.096   360   367 D vold    : Found matching PID 431
01-01 11:14:59.096   360   367 W vold    : Skipping due to root namespace
01-01 11:14:59.096   360   367 D vold    : Found matching PID 433
01-01 11:14:59.097   360   367 W vold    : Skipping due to root namespace
01-01 11:14:59.097   360   367 D vold    : Found matching PID 434
01-01 11:14:59.097   360   367 W vold    : Skipping due to root namespace
01-01 11:14:59.097   360   367 D vold    : Found matching PID 443
01-01 11:14:59.097   360   367 W vold    : Skipping due to root namespace
01-01 11:14:59.097   360   367 D vold    : Found matching PID 454
01-01 11:14:59.097   360   367 W vold    : Skipping due to root namespace
01-01 11:14:59.097   360   367 D vold    : Found matching PID 460
01-01 11:14:59.097   360   367 W vold    : Skipping due to root namespace
01-01 11:14:59.097   360   367 D vold    : Found matching PID 464
01-01 11:14:59.097   360   367 W vold    : Skipping due to root namespace
01-01 11:14:59.097   360   367 D vold    : Found matching PID 466
01-01 11:14:59.097   360   367 W vold    : Skipping due to root namespace
01-01 11:14:59.097   360   367 D vold    : Found matching PID 494
01-01 11:14:59.098   360   367 W vold    : Skipping due to root namespace
01-01 11:14:59.098   360   367 D vold    : Found matching PID 495
01-01 11:14:59.098   360   367 W vold    : Skipping due to root namespace
01-01 11:14:59.098   360   367 D vold    : Found matching PID 498
01-01 11:14:59.098   360   367 W vold    : Skipping due to root namespace
01-01 11:14:59.098   360   367 D vold    : Found matching PID 501
01-01 11:14:59.098   360   367 W vold    : Skipping due to root namespace
01-01 11:14:59.098   360   367 D vold    : Found matching PID 503
01-01 11:14:59.098   360   367 W vold    : Skipping due to root namespace
01-01 11:14:59.098   360   367 D vold    : Found matching PID 504
01-01 11:14:59.098   360   367 W vold    : Skipping due to root namespace
01-01 11:14:59.098   360   367 D vold    : Found matching PID 507
01-01 11:14:59.098   360   367 W vold    : Skipping due to root namespace
01-01 11:14:59.098   360   367 D vold    : Found matching PID 537
01-01 11:14:59.098   360   367 W vold    : Skipping due to root namespace
01-01 11:14:59.098   360   367 D vold    : Found matching PID 578
01-01 11:14:59.098   360   367 W vold    : Skipping due to root namespace
01-01 11:14:59.098   360   367 D vold    : Found matching PID 698
01-01 11:14:59.098   360   367 W vold    : Skipping due to root namespace
01-01 11:14:59.098   360   367 D vold    : Found matching PID 2637
01-01 11:14:59.145  2637  4787 D VoldConnector: RCV <- {200 7 Command succeeded}
01-01 11:14:59.146  2637  2637 D VoldConnector: SND -> {8 volume remount_uid 1000 none}
01-01 11:14:59.146   360   367 D vold    : Remounting 1000 as mode none
01-01 11:14:59.151   360   367 D vold    : Found matching PID 430
01-01 11:14:59.151   360   367 W vold    : Skipping due to root namespace
01-01 11:14:59.151   360   367 D vold    : Found matching PID 431
01-01 11:14:59.152   360   367 W vold    : Skipping due to root namespace
01-01 11:14:59.152   360   367 D vold    : Found matching PID 433
01-01 11:14:59.152   360   367 W vold    : Skipping due to root namespace
01-01 11:14:59.152   360   367 D vold    : Found matching PID 434
01-01 11:14:59.152   360   367 W vold    : Skipping due to root namespace
01-01 11:14:59.152   360   367 D vold    : Found matching PID 443
01-01 11:14:59.152   360   367 W vold    : Skipping due to root namespace
01-01 11:14:59.152   360   367 D vold    : Found matching PID 454
01-01 11:14:59.152   360   367 W vold    : Skipping due to root namespace
01-01 11:14:59.152   360   367 D vold    : Found matching PID 460
01-01 11:14:59.152   360   367 W vold    : Skipping due to root namespace
01-01 11:14:59.152   360   367 D vold    : Found matching PID 464
01-01 11:14:59.152   360   367 W vold    : Skipping due to root namespace
01-01 11:14:59.152   360   367 D vold    : Found matching PID 466
01-01 11:14:59.152   360   367 W vold    : Skipping due to root namespace
01-01 11:14:59.152   360   367 D vold    : Found matching PID 494
01-01 11:14:59.152   360   367 W vold    : Skipping due to root namespace
01-01 11:14:59.152   360   367 D vold    : Found matching PID 495
01-01 11:14:59.152   360   367 W vold    : Skipping due to root namespace
01-01 11:14:59.152   360   367 D vold    : Found matching PID 498
01-01 11:14:59.152   360   367 W vold    : Skipping due to root namespace
01-01 11:14:59.152   360   367 D vold    : Found matching PID 501
01-01 11:14:59.152   360   367 W vold    : Skipping due to root namespace
01-01 11:14:59.153   360   367 D vold    : Found matching PID 503
01-01 11:14:59.153   360   367 W vold    : Skipping due to root namespace
01-01 11:14:59.153   360   367 D vold    : Found matching PID 504
01-01 11:14:59.153   360   367 W vold    : Skipping due to root namespace
01-01 11:14:59.153   360   367 D vold    : Found matching PID 507
01-01 11:14:59.153   360   367 W vold    : Skipping due to root namespace
01-01 11:14:59.153   360   367 D vold    : Found matching PID 537
01-01 11:14:59.153   360   367 W vold    : Skipping due to root namespace
01-01 11:14:59.153   360   367 D vold    : Found matching PID 578
01-01 11:14:59.153   360   367 W vold    : Skipping due to root namespace
01-01 11:14:59.153   360   367 D vold    : Found matching PID 698
01-01 11:14:59.153   360   367 W vold    : Skipping due to root namespace
01-01 11:14:59.153   360   367 D vold    : Found matching PID 2637
01-01 11:14:59.203  2637  4787 D VoldConnector: RCV <- {200 8 Command succeeded}
01-01 11:14:59.206  2637  2637 D VoldConnector: SND -> {9 volume remount_uid 2000 none}
01-01 11:14:59.207   360   367 D vold    : Remounting 2000 as mode none
01-01 11:14:59.213  2637  4787 D VoldConnector: RCV <- {200 9 Command succeeded}
01-01 11:14:59.214  2637  2637 D VoldConnector: SND -> {10 volume remount_uid 2000 none}
01-01 11:14:59.215   360   367 D vold    : Remounting 2000 as mode none
01-01 11:14:59.221  2637  4787 D VoldConnector: RCV <- {200 10 Command succeeded}
01-01 11:14:59.222  2637  2637 D VoldConnector: SND -> {11 volume remount_uid 10035 none}
01-01 11:14:59.222   360   367 D vold    : Remounting 10035 as mode none
01-01 11:14:59.228  2637  4787 D VoldConnector: RCV <- {200 11 Command succeeded}
01-01 11:14:59.229  2637  2637 D VoldConnector: SND -> {12 volume remount_uid 10035 none}
01-01 11:14:59.230   360   367 D vold    : Remounting 10035 as mode none
01-01 11:14:59.238  2637  4787 D VoldConnector: RCV <- {200 12 Command succeeded}
01-01 11:14:59.240  2637  2637 W VoiceInteractionManagerService: no available voice interaction services found for user 0
01-01 11:14:59.240  2637  2637 W VoiceInteractionManagerService: no available voice recognition services found for user 0
01-01 11:14:59.258  2637  2637 D VoldConnector: SND -> {13 volume remount_uid 10020 none}
01-01 11:14:59.258   360   367 D vold    : Remounting 10020 as mode none
01-01 11:14:59.265  2637  4787 D VoldConnector: RCV <- {200 13 Command succeeded}
01-01 11:14:59.267  2637  2637 D VoldConnector: SND -> {14 volume remount_uid 10009 none}
01-01 11:14:59.268   360   367 D vold    : Remounting 10009 as mode none
01-01 11:14:59.275  2637  4787 D VoldConnector: RCV <- {200 14 Command succeeded}
01-01 11:14:59.276  2637  2637 D VoldConnector: SND -> {15 volume remount_uid 10009 none}
01-01 11:14:59.276   360   367 D vold    : Remounting 10009 as mode none
01-01 11:14:59.282  2637  4787 D VoldConnector: RCV <- {200 15 Command succeeded}
01-01 11:14:59.284  2637  2637 D VoldConnector: SND -> {16 volume remount_uid 10010 none}
01-01 11:14:59.284   360   367 D vold    : Remounting 10010 as mode none
01-01 11:14:59.291  2637  4787 D VoldConnector: RCV <- {200 16 Command succeeded}
01-01 11:14:59.292  2637  2637 D VoldConnector: SND -> {17 volume remount_uid 10010 none}
01-01 11:14:59.292   360   367 D vold    : Remounting 10010 as mode none
01-01 11:14:59.299  2637  4787 D VoldConnector: RCV <- {200 17 Command succeeded}
01-01 11:14:59.305  2637  2637 D VoldConnector: SND -> {18 volume remount_uid 10002 none}
01-01 11:14:59.306   360   367 D vold    : Remounting 10002 as mode none
01-01 11:14:59.312  2637  4787 D VoldConnector: RCV <- {200 18 Command succeeded}
01-01 11:14:59.313  2637  2637 D VoldConnector: SND -> {19 volume remount_uid 10002 none}
01-01 11:14:59.314   360   367 D vold    : Remounting 10002 as mode none
01-01 11:14:59.320  2637  4787 D VoldConnector: RCV <- {200 19 Command succeeded}
01-01 11:14:59.323  2637  2637 D VoldConnector: SND -> {20 volume remount_uid 10034 none}
01-01 11:14:59.324   360   367 D vold    : Remounting 10034 as mode none
01-01 11:14:59.330  2637  4787 D VoldConnector: RCV <- {200 20 Command succeeded}
01-01 11:14:59.331  2637  2637 D VoldConnector: SND -> {21 volume remount_uid 10034 none}
01-01 11:14:59.332   360   367 D vold    : Remounting 10034 as mode none
01-01 11:14:59.339  2637  4787 D VoldConnector: RCV <- {200 21 Command succeeded}
01-01 11:14:59.342  2637  2637 D VoldConnector: SND -> {22 volume remount_uid 10046 none}
01-01 11:14:59.343   360   367 D vold    : Remounting 10046 as mode none
01-01 11:14:59.349  2637  4787 D VoldConnector: RCV <- {200 22 Command succeeded}
01-01 11:14:59.350  2637  2637 D VoldConnector: SND -> {23 volume remount_uid 10046 none}
01-01 11:14:59.350   360   367 D vold    : Remounting 10046 as mode none
01-01 11:14:59.357  2637  4787 D VoldConnector: RCV <- {200 23 Command succeeded}
01-01 11:14:59.359  2637  2637 D VoldConnector: SND -> {24 volume remount_uid 10028 none}
01-01 11:14:59.359   360   367 D vold    : Remounting 10028 as mode none
01-01 11:14:59.366  2637  4787 D VoldConnector: RCV <- {200 24 Command succeeded}
01-01 11:14:59.367  2637  2637 D VoldConnector: SND -> {25 volume remount_uid 10028 none}
01-01 11:14:59.369   360   367 D vold    : Remounting 10028 as mode none
01-01 11:14:59.376  2637  4787 D VoldConnector: RCV <- {200 25 Command succeeded}
01-01 11:14:59.379  2637  2637 V UserManagerService: Found /data/user_de/0 with serial number -1
01-01 11:14:59.379  2637  2637 D UserManagerService: Serial number missing on /data/user_de/0; assuming current is valid
01-01 11:14:59.379  2637  2637 V UserManagerService: Found /data/user/0 with serial number -1
01-01 11:14:59.379  2637  2637 D UserManagerService: Serial number missing on /data/user/0; assuming current is valid
01-01 11:14:59.379  2637  2637 V UserManagerService: Found /data/system_de/0 with serial number -1
01-01 11:14:59.379  2637  2637 D UserManagerService: Serial number missing on /data/system_de/0; assuming current is valid
01-01 11:14:59.386  2637  2637 I ActivityManager: System now ready
01-01 11:14:59.390  2637  2637 I SystemServer: Making services ready
01-01 11:14:59.390  2637  2637 I SystemServiceManager: Starting phase 550
01-01 11:14:59.394  2637  2637 D BluetoothManagerService: Bluetooth boot completed
01-01 11:14:59.394  2637  2637 D BluetoothManagerService: Auto-enabling Bluetooth.
01-01 11:14:59.394  2637  3593 D BluetoothManagerService: Message: 1
01-01 11:14:59.394  2637  3593 D BluetoothManagerService: MESSAGE_ENABLE: mBluetooth = null
01-01 11:14:59.466  2637  3593 W ActivityManager: Slow operation: 70ms so far, now at startProcess: returned from zygote!
01-01 11:14:59.466  2637  3593 W ActivityManager: Slow operation: 71ms so far, now at startProcess: done updating battery stats
01-01 11:14:59.466  2637  3593 W ActivityManager: Slow operation: 71ms so far, now at startProcess: building log message
01-01 11:14:59.466  2637  3593 I ActivityManager: Start proc 5740:com.android.bluetooth/1002 for service com.android.bluetooth/.btservice.AdapterService
01-01 11:14:59.466  2637  3593 W ActivityManager: Slow operation: 71ms so far, now at startProcess: starting to update pids map
01-01 11:14:59.466  2637  3593 W ActivityManager: Slow operation: 71ms so far, now at startProcess: done updating pids map
01-01 11:14:59.466  2637  3593 W ActivityManager: Slow operation: 71ms so far, now at startProcess: done starting proc!
01-01 11:14:59.477  2637  2637 E InputMethodManagerService: Ignoring updateSystemUiLocked due to an invalid token. uid:1000 token:null
01-01 11:14:59.564  2637  2637 W InputMethodManagerService: Reset the default IME as "Resource" is ready here.
01-01 11:14:59.741  2637  2637 I InputMethodManagerService: Default found, using com.google.android.inputmethod.pinyin/.PinyinIME
01-01 11:14:59.819  2637  2637 I ActivityManager: Start proc 5758:com.google.android.inputmethod.pinyin/u0a66 for service com.google.android.inputmethod.pinyin/.PinyinIME
01-01 11:14:59.819  2637  2637 V InputMethodManagerService: Adding window token: android.os.Binder@2c5e5ab
01-01 11:14:59.819  2637  4786 D MountService: Thinking about init, mSystemReady=true, mDaemonConnected=true
01-01 11:14:59.819  2637  4786 D MountService: Setting up emulation state, initlocked=false
01-01 11:14:59.819  2637  4786 D CryptdConnector: SND -> {2 cryptfs unlock_user_key 0 0 ! !}
01-01 11:14:59.820   360   368 D vold    : e4crypt_unlock_user_key 0 serial=0 token_present=0
01-01 11:14:59.820   360   368 E vold    : Failed to chmod /data/system_ce/0: No such file or directory
01-01 11:14:59.820   360   368 E vold    : Failed to chmod /data/misc_ce/0: No such file or directory
01-01 11:14:59.820  2637  4788 D CryptdConnector: RCV <- {200 2 Command succeeded}
01-01 11:14:59.820  2637  4786 D MountService: Thinking about reset, mSystemReady=true, mDaemonConnected=true
01-01 11:14:59.821  2637  4786 D VoldConnector: SND -> {26 volume reset}
01-01 11:14:59.821  2637  3587 I ActivityManager: Force stopping com.android.providers.media appid=10009 user=-1: vold reset
01-01 11:14:59.822  2637  4787 D VoldConnector: RCV <- {651 emulated 7}
01-01 11:14:59.823  2637  4787 D VoldConnector: RCV <- {659 emulated}
01-01 11:14:59.823  2637  4787 D VoldConnector: RCV <- {650 emulated 2 "" ""}
01-01 11:14:59.823  2637  4787 D VoldConnector: RCV <- {654 emulated emulated}
01-01 11:14:59.823  2637  4787 D VoldConnector: RCV <- {651 emulated 0}
01-01 11:14:59.823  2637  4787 D VoldConnector: RCV <- {200 26 Command succeeded}
01-01 11:14:59.825  2637  3592 V MountService: Found primary storage at VolumeInfo{emulated}:
01-01 11:14:59.825  2637  3592 V MountService:     type=EMULATED diskId=null partGuid=null mountFlags=0 mountUserId=-1 
01-01 11:14:59.825  2637  3592 V MountService:     state=UNMOUNTED 
01-01 11:14:59.825  2637  3592 V MountService:     fsType=null fsUuid=null fsLabel=null 
01-01 11:14:59.825  2637  3592 V MountService:     path=null internalPath=null 
01-01 11:14:59.825  2637  4786 D VoldConnector: SND -> {27 volume user_added 0 0}
01-01 11:14:59.826  2637  4787 D VoldConnector: RCV <- {200 27 Command succeeded}
01-01 11:14:59.827  2637  4786 D VoldConnector: SND -> {28 volume mount emulated 3 -1}
01-01 11:14:59.828   360   367 V vold    : Waiting for FUSE to spin up...
01-01 11:14:59.828  2637  4787 D VoldConnector: RCV <- {651 emulated 1}
01-01 11:14:59.829  2637  4787 D VoldConnector: RCV <- {656 emulated /data/media}
01-01 11:14:59.829  2637  4787 D VoldConnector: RCV <- {655 emulated /storage/emulated}
01-01 11:14:59.831  2637  2637 W TextServicesManagerService: no available spell checker services found
01-01 11:14:59.840  2637  5710 D BluetoothManagerService: Creating new ProfileServiceConnections object for profile: 1
01-01 11:14:59.841  2637  3593 D BluetoothManagerService: Message: 20
01-01 11:14:59.841  2637  3593 D BluetoothManagerService: Added callback: android.bluetooth.BluetoothAdapter$1@5aeca7f:true
01-01 11:14:59.841  2637  3593 D BluetoothManagerService: Message: 30
01-01 11:14:59.843  2637  3593 D BluetoothManagerService: Message: 30
01-01 11:14:59.850  2637  2637 D UsbAlsaManager: Adding ALSA device AlsaDevice: [card: 0, device: 0, type: 2]
01-01 11:14:59.850  2637  2637 D UsbAlsaManager: Adding ALSA device AlsaDevice: [card: 0, device: 0, type: 1]
01-01 11:14:59.850  2637  2637 D UsbAlsaManager: Adding ALSA device AlsaDevice: [card: 0, device: 1, type: 2]
01-01 11:14:59.850  2637  2637 D UsbAlsaManager: Adding ALSA device AlsaDevice: [card: 0, device: 1, type: 1]
01-01 11:14:59.850  2637  2637 D UsbAlsaManager: Adding ALSA device AlsaDevice: [card: 0, device: 2, type: 2]
01-01 11:14:59.850  2637  2637 D UsbAlsaManager: Adding ALSA device AlsaDevice: [card: 0, device: 2, type: 1]
01-01 11:14:59.850  2637  2637 D UsbAlsaManager: Adding ALSA device AlsaDevice: [card: 0, device: 3, type: 2]
01-01 11:14:59.851  2637  2637 D UsbAlsaManager: Adding ALSA device AlsaDevice: [card: 0, device: 3, type: 1]
01-01 11:14:59.851  2637  2637 D UsbAlsaManager: Adding ALSA device AlsaDevice: [card: 0, device: 4, type: 1]
01-01 11:14:59.851  2637  2637 D UsbAlsaManager: Adding ALSA device AlsaDevice: [card: 0, device: 5, type: 1]
01-01 11:14:59.851  2637  2637 D UsbAlsaManager: Adding ALSA device AlsaDevice: [card: 0, device: 6, type: 2]
01-01 11:14:59.851  2637  2637 D UsbAlsaManager: Adding ALSA device AlsaDevice: [card: 0, device: 6, type: 1]
01-01 11:14:59.851  2637  2637 D UsbAlsaManager: Adding ALSA device AlsaDevice: [card: 0, device: 7, type: 1]
01-01 11:14:59.851  2637  2637 D UsbAlsaManager: Adding ALSA device AlsaDevice: [card: 0, device: 8, type: 2]
01-01 11:14:59.851  2637  2637 D UsbAlsaManager: Adding ALSA device AlsaDevice: [card: 0, device: 10, type: 2]
01-01 11:14:59.851  2637  2637 D UsbAlsaManager: Adding ALSA device AlsaDevice: [card: 0, device: 10, type: 1]
01-01 11:14:59.851  2637  2637 D UsbAlsaManager: Adding ALSA device AlsaDevice: [card: 0, device: 11, type: 2]
01-01 11:14:59.851  2637  2637 D UsbAlsaManager: Adding ALSA device AlsaDevice: [card: 0, device: 12, type: 2]
01-01 11:14:59.851  2637  2637 D UsbAlsaManager: Adding ALSA device AlsaDevice: [card: 0, device: 12, type: 1]
01-01 11:14:59.851  2637  2637 D UsbAlsaManager: Adding ALSA device AlsaDevice: [card: 0, device: 13, type: 2]
01-01 11:14:59.851  2637  2637 D UsbAlsaManager: Adding ALSA device AlsaDevice: [card: 0, device: 13, type: 1]
01-01 11:14:59.851  2637  2637 D UsbAlsaManager: Adding ALSA device AlsaDevice: [card: 0, device: 14, type: 2]
01-01 11:14:59.851  2637  2637 D UsbAlsaManager: Adding ALSA device AlsaDevice: [card: 0, device: 14, type: 1]
01-01 11:14:59.851  2637  2637 D UsbAlsaManager: Adding ALSA device AlsaDevice: [card: 0, device: 15, type: 2]
01-01 11:14:59.851  2637  2637 D UsbAlsaManager: Adding ALSA device AlsaDevice: [card: 0, device: 15, type: 1]
01-01 11:14:59.851  2637  2637 D UsbAlsaManager: Adding ALSA device AlsaDevice: [card: 0, device: 16, type: 2]
01-01 11:14:59.851  2637  2637 D UsbAlsaManager: Adding ALSA device AlsaDevice: [card: 0, device: 16, type: 1]
01-01 11:14:59.851  2637  2637 D UsbAlsaManager: Adding ALSA device AlsaDevice: [card: 0, device: 17, type: 2]
01-01 11:14:59.851  2637  2637 D UsbAlsaManager: Adding ALSA device AlsaDevice: [card: 0, device: 17, type: 1]
01-01 11:14:59.851  2637  2637 D UsbAlsaManager: Adding ALSA device AlsaDevice: [card: 0, device: 18, type: 2]
01-01 11:14:59.851  2637  2637 D UsbAlsaManager: Adding ALSA device AlsaDevice: [card: 0, device: 18, type: 1]
01-01 11:14:59.851  2637  2637 D UsbAlsaManager: Adding ALSA device AlsaDevice: [card: 0, device: 19, type: 2]
01-01 11:14:59.851  2637  2637 D UsbAlsaManager: Adding ALSA device AlsaDevice: [card: 0, device: 20, type: 2]
01-01 11:14:59.851  2637  2637 D UsbAlsaManager: Adding ALSA device AlsaDevice: [card: 0, device: 21, type: 2]
01-01 11:14:59.851  2637  2637 D UsbAlsaManager: Adding ALSA device AlsaDevice: [card: 0, device: 22, type: 2]
01-01 11:14:59.851  2637  2637 D UsbAlsaManager: Adding ALSA device AlsaDevice: [card: 0, device: 23, type: 2]
01-01 11:14:59.851  2637  2637 D UsbAlsaManager: Adding ALSA device AlsaDevice: [card: 0, device: 25, type: 1]
01-01 11:14:59.851  2637  2637 D UsbAlsaManager: Adding ALSA device AlsaDevice: [card: 0, device: 26, type: 2]
01-01 11:14:59.861  2637  3593 D BluetoothManagerService: Message: 20
01-01 11:14:59.861  2637  3593 D BluetoothManagerService: Added callback: android.bluetooth.IBluetoothManagerCallback$Stub$Proxy@6817202:true
01-01 11:14:59.878   360   367 V vold    : Waiting for FUSE to spin up...
01-01 11:14:59.885  2637  2637 I ActivityManager: Start proc 5769:com.android.systemui/u0a35 for service com.android.systemui/.keyguard.KeyguardService
01-01 11:14:59.885  2637  2637 I BrokerableMKSystemService: Connecting to implementation
01-01 11:14:59.886  2637  2637 E BrokerableMKSystemService: Target component lacks mokee.permission.ACCESS_THEME_MANAGER service permission, failing ComponentInfo{org.mokee.themeservice/org.mokee.themeservice.ThemeManagerService}
01-01 11:14:59.886  2637  2637 I SystemServer: WebViewFactory preparation
01-01 11:14:59.929   360   367 V vold    : Waiting for FUSE to spin up...
01-01 11:14:59.933  2637  2637 I ActivityManager: Start proc 5779:WebViewLoader-armeabi-v7a/1037 [android.webkit.WebViewFactory$RelroFileCreator] for 
01-01 11:14:59.941  2637  3593 D BluetoothManagerService: Message: 400
01-01 11:14:59.948  2637  2637 I ActivityManager: Start proc 5786:WebViewLoader-arm64-v8a/1037 [android.webkit.WebViewFactory$RelroFileCreator] for 
01-01 11:14:59.954  2637  2637 D NetworkManagement: enabling bandwidth control
01-01 11:14:59.979   360   367 V vold    : Waiting for FUSE to spin up...
01-01 11:15:00.050  2637  4787 D VoldConnector: RCV <- {651 emulated 2}
01-01 11:15:00.051  2637  4787 D VoldConnector: RCV <- {200 28 Command succeeded}
01-01 11:15:00.054  2637  3588 W WindowManager: Keyguard drawn timeout. Setting mKeyguardDrawComplete
01-01 11:15:00.257  2637  2637 D NetworkPolicy: setRestrictBackgroundUL(): false
01-01 11:15:00.384  2637  2637 I SystemServiceManager: Starting phase 600
01-01 11:15:00.450  2637  2637 D GestureLauncherService: Gesture launcher mEmergencyNumber = 112 hits = 3
01-01 11:15:00.451  2637  2637 D SensorNotificationService: Cannot obtain dynamic meta sensor, not supported.
01-01 11:15:00.468  2637  2637 D BrokerableMKSystemService: Third party apps ready
01-01 11:15:00.468  2637  2637 I BrokerableMKSystemService: Connecting to implementation
01-01 11:15:00.468  2637  2637 E BrokerableMKSystemService: Target component lacks mokee.permission.ACCESS_THEME_MANAGER service permission, failing ComponentInfo{org.mokee.themeservice/org.mokee.themeservice.ThemeManagerService}
01-01 11:15:00.468  2637  2637 D BrokerableMKSystemService: Third party apps ready
01-01 11:15:00.468  2637  2637 I BrokerableMKSystemService: Connecting to implementation
01-01 11:15:00.469  2637  2637 E BrokerableMKSystemService: Target component lacks mokee.permission.ACCESS_THEME_MANAGER service permission, failing ComponentInfo{org.mokee.themeservice/org.mokee.themeservice.IconCacheManagerService}
01-01 11:15:00.471  2637  2637 D BrokerableMKSystemService: Third party apps ready
01-01 11:15:00.471  2637  2637 I BrokerableMKSystemService: Connecting to implementation
01-01 11:15:00.472  2637  2637 E BrokerableMKSystemService: No implementation service found
01-01 11:15:00.472  2637  2637 D BrokerableMKSystemService: Third party apps ready
01-01 11:15:00.472  2637  2637 I BrokerableMKSystemService: Connecting to implementation
01-01 11:15:00.473  2637  2637 W ContextImpl: Calling a method in the system process without a qualified user: android.app.ContextImpl.bindService:1421 org.mokee.platform.internal.BrokerableMKSystemService.tryConnecting:200 org.mokee.platform.internal.BrokerableMKSystemService.onBootPhase:128 org.mokee.platform.internal.MKAudioServiceBroker.onBootPhase:59 com.android.server.SystemServiceManager.startBootPhase:146 
01-01 11:15:00.492  2637  2637 I ActivityManager: Start proc 5865:org.mokee.mkaudio.service/u0a13 for service org.mokee.mkaudio.service/.MKAudioService
01-01 11:15:01.426  2637  2637 W LocationManagerService: no network location provider found
01-01 11:15:04.315  2637  2637 D ZenLog  : config: conditionChanged,ZenModeConfig[user=0,allowCalls=true,allowRepeatCallers=false,allowMessages=false,allowCallsFrom=contacts,allowMessagesFrom=contacts,allowReminders=true,allowEvents=true,allowWhenScreenOff=true,allowWhenScreenOn=true,automaticRules={35c6aae7ee05413bb5d98b754aea6629=ZenRule[enabled=false,snoozing=false,name=周一至周五夜间,zenMode=ZEN_MODE_ALARMS,conditionId=condition://android/schedule?days=1.2.3.4.5&start=22.0&end=7.0&exitAtAlarm=false,condition=Condition[id=condition://android/schedule?days=1.2.3.4.5&start=22.0&end=7.0&exitAtAlarm=false,summary=...,line1=...,line2=...,icon=0,state=STATE_TRUE,flags=2],component=ComponentInfo{android/com.android.server.notification.ScheduleConditionProvider},id=35c6aae7ee05413bb5d98b754aea6629,creationTime=11697917,enabler=null], 974594b3273c4038b165802774e6bce2=ZenRule[enabled=false,snoozing=false,name=活动,zenMode=ZEN_MODE_ALARMS,conditionId=condition://android/event?userId=-10000&calendar=&reply=1,condition=Condition[id=condition://android/event?userId=-10000&calendar=&reply=1,summary=...,line1=...,line2=...,icon=0,state=STATE_FALSE,flags=2],component=ComponentInfo{android/com.android.server.notification.EventConditionProvider},id=974594b3273c4038b165802774e6bce2,creationTime=11697918,enabler=null], eb00798e153e421398ba78cc17e309b9=ZenRule[enabled=false,snoozing=false,name=周末,zenMode=ZEN_MODE_ALARMS,conditionId=condition://android/schedule?days=6.7&start=23.30&end=10.0&exitAtAlarm=false,condition=Condition[id=condition://android/schedule?days=6.7&start=23.30&end=10.0&exitAtAlarm=false,summary=...,line1=...,line2=...,icon=0,state=STATE_FALSE,flags=2],component=ComponentInfo{android/com.android.server.notification.ScheduleConditionProvider},id=eb00798e153e421398ba78cc17e309b9,creationTime=11697917,enabler=null]},manualRule=null],Diff[automaticRule[974594b3273c4038b165802774e6bce2].condition:null->Condition[id=condition://android/event?userId=-10000&calendar=&reply=1,summary=...,line1=...,line2=...,icon=0,state=STATE_FALSE,flags=2]]
01-01 11:15:04.341  2637  2637 D BluetoothManagerService: Bluetooth Adapter name changed to Nubia NX529J
01-01 11:15:04.342  2637  2637 D BluetoothManagerService: Stored Bluetooth name: Nubia NX529J
01-01 11:15:04.343  2637  2637 D ZenLog  : set_zen_mode: off,conditionChanged
01-01 11:15:04.374  2637  3593 D BluetoothManagerService: Message: 60
01-01 11:15:04.374  2637  3593 D BluetoothManagerService: MESSAGE_BLUETOOTH_STATE_CHANGE: prevState = 14, newState =15
01-01 11:15:04.374  2637  3593 D BluetoothManagerService: bluetoothStateChangeHandler: 14 ->  15
01-01 11:15:04.374  2637  3593 D BluetoothManagerService: Bluetooth is in LE only mode
01-01 11:15:04.374  2637  3593 D BluetoothManagerService: Binding Bluetooth GATT service
01-01 11:15:04.400  2637  3593 D BluetoothManagerService: BLE State Change Intent: 14 -> 15
01-01 11:15:04.411  2637  2637 D BluetoothManagerService: BluetoothServiceConnection: com.android.bluetooth.gatt.GattService
01-01 11:15:04.413  2637  3593 D BluetoothManagerService: Message: 40
01-01 11:15:04.413  2637  3593 D BluetoothManagerService: MESSAGE_BLUETOOTH_SERVICE_CONNECTED: 2
01-01 11:15:04.414  2637  3593 D BluetoothManagerService: BluetoothGatt Service is Up
01-01 11:15:04.414  2637  3593 D BluetoothManagerService: isBleAppPresent() count: 0
01-01 11:15:04.427  2637  3593 D BluetoothManagerService: Persisting Bluetooth Setting: 1
01-01 11:15:04.427  2637  3593 D BluetoothManagerService: Message: 60
01-01 11:15:04.427  2637  3593 D BluetoothManagerService: MESSAGE_BLUETOOTH_STATE_CHANGE: prevState = 15, newState =11
01-01 11:15:04.427  2637  3593 D BluetoothManagerService: bluetoothStateChangeHandler: 15 ->  11
01-01 11:15:04.427  2637  3593 D BluetoothManagerService: BLE State Change Intent: 15 -> 11
