--------- beginning of system
01-01 11:13:13.302   360   360 I vold    : Vold 3.0 (the awakening) firing up
01-01 11:13:13.302   360   360 V vold    : Detected support for: exfat ext4 f2fs ntfs vfat
01-01 11:13:13.595   360   368 D vold    : e4crypt_init_user0
01-01 11:13:13.595   360   368 D vold    : e4crypt_prepare_user_storage for volume null, user 0, serial 0, flags 1
01-01 11:13:13.595   360   368 D vold    : Preparing: /data/system/users/0
01-01 11:13:13.595   360   368 D vold    : Preparing: /data/misc/profiles/cur/0
01-01 11:13:13.595   360   368 D vold    : Preparing: /data/misc/profiles/cur/0/foreign-dex
01-01 11:13:13.595   360   368 D vold    : Preparing: /data/system_de/0
01-01 11:13:13.596   360   368 D vold    : Preparing: /data/misc_de/0
01-01 11:13:13.596   360   368 D vold    : Preparing: /data/user_de/0
01-01 11:13:13.596   360   368 D vold    : e4crypt_unlock_user_key 0 serial=0 token_present=0
01-01 11:13:13.596   360   368 E vold    : Failed to chmod /data/system_ce/0: No such file or directory
01-01 11:13:13.596   360   368 E vold    : Failed to chmod /data/misc_ce/0: No such file or directory
01-01 11:13:14.242   447   447 I irsc_util: Starting irsc tool
01-01 11:13:14.252   447   447 I irsc_util: Num of entries:286
01-01 11:13:14.360   447   447 I irsc_util: Ending irsc tool
01-01 11:13:24.091  2637  2637 I InstallerConnection: connecting...
01-01 11:13:36.123  2637  2637 I InstallerConnection: disconnecting...
01-01 11:13:36.210  2637  2637 W SystemServer: System clock is before 1970; setting to 1970.
01-01 11:13:36.210  2637  2637 I SystemServer: Entered the Android system server!
01-01 11:13:36.246  2637  2637 I SystemServiceManager: Starting com.android.server.pm.Installer
01-01 11:13:36.246  2637  2637 I Installer: Waiting for installd to be ready.
01-01 11:13:36.246  2637  2637 I InstallerConnection: connecting...
01-01 11:13:36.247  2637  2637 I SystemServiceManager: Starting com.android.server.am.ActivityManagerService$Lifecycle
01-01 11:13:36.261  2637  2637 I ActivityManager: Memory class: 288
01-01 11:13:36.262  2637  3587 I ServiceThread: Enabled StrictMode logging for ActivityManager looper.
01-01 11:13:36.263  2637  3588 I ServiceThread: Enabled StrictMode logging for android.ui looper.
01-01 11:13:36.274  2637  2637 D BatteryStatsImpl: Reading daily items from /data/system/batterystats-daily.xml
01-01 11:13:36.328  2637  2637 I AppOps  : No existing app ops /data/system/appops.xml; starting empty
01-01 11:13:36.436  2637  2637 I IntentFirewall: Read new rules (A:0 B:0 S:0)
01-01 11:13:36.441  2637  3594 I ServiceThread: Enabled StrictMode logging for android.display looper.
01-01 11:13:36.453  2637  2637 D AppOps  : AppOpsService published
01-01 11:13:36.454  2637  2637 I SystemServiceManager: Starting com.android.server.power.PowerManagerService
01-01 11:13:36.455  2637  3596 I ServiceThread: Enabled StrictMode logging for PowerManagerService looper.
01-01 11:13:36.462  2637  2637 I SystemServiceManager: Starting com.android.server.lights.LightsService
01-01 11:13:36.465  2637  2637 I SystemServiceManager: Starting com.android.server.display.DisplayManagerService
01-01 11:13:36.470  2637  2637 I SystemServiceManager: Starting phase 100
01-01 11:13:36.471  2637  3594 I DisplayManagerService: Display device added: DisplayDeviceInfo{"内置屏幕": uniqueId="local:0", 1080 x 1920, modeId 1, defaultModeId 1, supportedModes [{id=1, width=1080, height=1920, fps=60.0}], colorMode 0, supportedColorModes [0], HdrCapabilities android.view.Display$HdrCapabilities@a69d6308, density 480, 464.949 x 468.923 dpi, appVsyncOff 1000000, presDeadline 16666667, touch INTERNAL, rotation 0, type BUILT_IN, state UNKNOWN, FLAG_DEFAULT_DISPLAY, FLAG_ROTATES_WITH_CONTENT, FLAG_SECURE, FLAG_SUPPORTS_PROTECTED_BUFFERS}
01-01 11:13:36.472  2637  3594 I DisplayManagerService: Display device changed state: "内置屏幕", ON
01-01 11:13:36.473  2637  2637 I SystemServer: StartPackageManagerService
01-01 11:13:36.484  2637  2637 W FileUtils: Failed to chmod(/data/system/packages.list): android.system.ErrnoException: chmod failed: ENOENT (No such file or directory)
01-01 11:13:36.579  2637  2637 D SELinuxMMAC: Using policy file /system/etc/security/mac_permissions.xml
01-01 11:13:36.584  2637  2637 I PackageManager: No settings file; creating initial state
01-01 11:13:40.463  2637  2637 W PackageManager: Library not found: /system/framework/org.apache.http.legacy.jar
01-01 11:13:44.474  2637  2637 W PackageManager: Library not found: /system/framework/org.apache.http.legacy.jar
01-01 11:13:45.285  2637  4393 W PackageManager: Failed to parse /system/framework/arm64: Missing base APK in /system/framework/arm64
01-01 11:13:45.290  2637  4395 I PackageManager: /system/framework/org.mokee.platform-res.apk changed; collecting certs
01-01 11:13:45.293  2637  4392 W PackageManager: Failed to parse /system/framework/arm: Missing base APK in /system/framework/arm
01-01 11:13:45.336  2637  4395 W PackageManager: Permission mokee.permission.READ_PHONE_LOCATION from package mokee.platform in an unknown group android.permission-group.SECURITY
01-01 11:13:45.336  2637  4395 W PackageManager: Permission mokee.permission.WRITE_PHONE_LOCATION from package mokee.platform in an unknown group android.permission-group.SECURITY
01-01 11:13:45.336  2637  4395 W PackageManager: Permission mokee.permission.WRITE_ALARMS from package mokee.platform in an unknown group android.permission-group.SYSTEM_CLOCK
01-01 11:13:45.336  2637  4395 W PackageManager: Permission mokee.permission.MANAGE_ALARMS from package mokee.platform in an unknown group android.permission-group.SYSTEM_CLOCK
01-01 11:13:45.336  2637  4395 W PackageManager: Permission mokee.permission.READ_ALARMS from package mokee.platform in an unknown group android.permission-group.SYSTEM_CLOCK
01-01 11:13:45.338  2637  4394 I PackageManager: /system/framework/framework-res.apk changed; collecting certs
01-01 11:13:45.672  2637  4393 I PackageManager: /system/priv-app/BackupRestoreConfirmation changed; collecting certs
01-01 11:13:45.681  2637  4392 I PackageManager: /system/priv-app/BlockedNumberProvider changed; collecting certs
01-01 11:13:45.683  2637  4395 I PackageManager: /system/priv-app/CNEService changed; collecting certs
01-01 11:13:45.694  2637  4395 W PackageManager: Failed to parse /system/priv-app/CNEService: Signature mismatch for shared user: SharedUserSetting{2983ad9 android.uid.system/1000}
01-01 11:13:45.705  2637  4393 I PackageManager: /system/priv-app/CallLogBackup changed; collecting certs
01-01 11:13:45.739  2637  4394 I PackageManager: /system/priv-app/CalendarProvider changed; collecting certs
01-01 11:13:45.742  2637  4397 I PackageManager: /system/priv-app/AudioFX changed; collecting certs
01-01 11:13:45.746  2637  4395 I PackageManager: /system/priv-app/CarrierConfig changed; collecting certs
01-01 11:13:45.758  2637  4392 I PackageManager: /system/priv-app/CellBroadcastReceiver changed; collecting certs
01-01 11:13:45.760  2637  4396 I PackageManager: /system/priv-app/Aegis changed; collecting certs
01-01 11:13:45.788  2637  4393 W PackageParser: No actions in intent filter at /system/priv-app/Contacts/Contacts.apk Binary XML file line #434
01-01 11:13:45.790  2637  4393 I PackageManager: /system/priv-app/Contacts changed; collecting certs
01-01 11:13:45.823  2637  4394 I PackageManager: /system/priv-app/ContactsProvider changed; collecting certs
01-01 11:13:45.883  2637  4397 I PackageManager: /system/priv-app/DefaultContainerService changed; collecting certs
01-01 11:13:45.887  2637  4392 I PackageManager: /system/priv-app/CtsShimPrivPrebuilt changed; collecting certs
01-01 11:13:45.920  2637  4394 I PackageManager: /system/priv-app/DocumentsUI changed; collecting certs
01-01 11:13:45.934  2637  4392 I PackageManager: /system/priv-app/DownloadProvider changed; collecting certs
01-01 11:13:45.944  2637  4397 I PackageManager: /system/priv-app/EmergencyInfo changed; collecting certs
01-01 11:13:45.948  2637  4396 I PackageManager: /system/priv-app/ExtServices changed; collecting certs
01-01 11:13:45.953  2637  4395 W PackageParser: No actions in intent filter at /system/priv-app/Dialer/Dialer.apk Binary XML file line #208
01-01 11:13:45.955  2637  4395 I PackageManager: /system/priv-app/Dialer changed; collecting certs
01-01 11:13:46.004  2637  4392 W PackageManager: Permission android.permission.DOWNLOAD_WITHOUT_NOTIFICATION from package com.android.providers.downloads in an unknown group android.permission-group.NETWORK
01-01 11:13:46.006  2637  4396 I PackageManager: /system/priv-app/ExternalStorageProvider changed; collecting certs
01-01 11:13:46.016  2637  4392 I PackageManager: /system/priv-app/FusedLocation changed; collecting certs
01-01 11:13:46.102  2637  4396 I PackageManager: /system/priv-app/InputDevices changed; collecting certs
01-01 11:13:46.137  2637  4392 I PackageManager: /system/priv-app/MKAudioService changed; collecting certs
01-01 11:13:46.154  2637  4397 I PackageManager: /system/priv-app/LiveLockScreenService changed; collecting certs
01-01 11:13:46.162  2637  4394 I PackageManager: /system/priv-app/MKCenter changed; collecting certs
01-01 11:13:46.184  2637  4392 I PackageManager: /system/priv-app/MKSettingsProvider changed; collecting certs
01-01 11:13:46.217  2637  4396 I PackageManager: /system/priv-app/MKParts changed; collecting certs
01-01 11:13:46.239  2637  4397 I PackageManager: /system/priv-app/ManagedProvisioning changed; collecting certs
01-01 11:13:46.295  2637  4392 I PackageManager: /system/priv-app/Masquerade changed; collecting certs
01-01 11:13:46.358  2637  4397 I PackageManager: /system/priv-app/MediaProvider changed; collecting certs
01-01 11:13:46.363  2637  4392 I PackageManager: /system/priv-app/MmsService changed; collecting certs
01-01 11:13:46.370  2637  4394 I PackageManager: /system/priv-app/MoKeePackageInstaller changed; collecting certs
01-01 11:13:46.455  2637  4396 I PackageManager: /system/priv-app/MoKeePay changed; collecting certs
01-01 11:13:46.458  2637  4397 I PackageManager: /system/priv-app/MtpDocumentsProvider changed; collecting certs
01-01 11:13:46.469  2637  4392 I PackageManager: /system/priv-app/MoKeeSetupWizard changed; collecting certs
01-01 11:13:46.533  2637  4396 I PackageManager: /system/priv-app/OneTimeInitializer changed; collecting certs
01-01 11:13:46.548  2637  4397 I PackageManager: /system/priv-app/Nox changed; collecting certs
01-01 11:13:46.615  2637  4396 I PackageManager: /system/priv-app/Provision changed; collecting certs
01-01 11:13:46.618  2637  4393 I PackageManager: /system/priv-app/ProxyHandler changed; collecting certs
01-01 11:13:46.660  2637  4397 W PackageManager: Permission com.android.launcher.permission.INSTALL_SHORTCUT from package com.mokee.nox in an unknown group android.permission-group.SYSTEM_TOOLS
01-01 11:13:46.660  2637  4397 W PackageManager: Permission com.android.launcher3.permission.READ_SETTINGS from package com.mokee.nox in an unknown group android.permission-group.SYSTEM_TOOLS
01-01 11:13:46.660  2637  4397 W PackageManager: Permission com.android.launcher3.permission.WRITE_SETTINGS from package com.mokee.nox in an unknown group android.permission-group.SYSTEM_TOOLS
01-01 11:13:46.686  2637  4393 I PackageManager: /system/priv-app/SettingsProvider changed; collecting certs
01-01 11:13:46.696  2637  4394 I PackageManager: /system/priv-app/Recorder changed; collecting certs
01-01 11:13:46.703  2637  4396 I PackageManager: /system/priv-app/QtiTetherService changed; collecting certs
01-01 11:13:46.751  2637  4397 W PackageParser: Ignoring duplicate uses-permissions/uses-permissions-sdk-m: android.permission.USE_CREDENTIALS in package: com.android.settings at: Binary XML file line #53
01-01 11:13:46.751  2637  4397 W PackageParser: Ignoring duplicate uses-permissions/uses-permissions-sdk-m: android.permission.READ_SYNC_SETTINGS in package: com.android.settings at: Binary XML file line #58
01-01 11:13:46.751  2637  4397 W PackageParser: Ignoring duplicate uses-permissions/uses-permissions-sdk-m: android.permission.WRITE_SYNC_SETTINGS in package: com.android.settings at: Binary XML file line #59
01-01 11:13:46.754  2637  4393 W PackageParser: Ignoring duplicate uses-permissions/uses-permissions-sdk-m: android.permission.INSTALL_GRANT_RUNTIME_PERMISSIONS in package: com.android.shell at: Binary XML file line #102
01-01 11:13:46.755  2637  4393 I PackageManager: /system/priv-app/Shell changed; collecting certs
01-01 11:13:46.763  2637  4396 I PackageManager: /system/priv-app/SharedStorageBackup changed; collecting certs
01-01 11:13:46.857  2637  4396 I PackageManager: /system/priv-app/Snap changed; collecting certs
01-01 11:13:46.859  2637  4394 I PackageManager: /system/priv-app/StatementService changed; collecting certs
01-01 11:13:46.883  2637  4393 W PackageParser: Ignoring duplicate uses-permissions/uses-permissions-sdk-m: android.permission.CONFIGURE_WIFI_DISPLAY in package: com.android.systemui at: Binary XML file line #117
01-01 11:13:46.884  2637  4395 I PackageManager: /system/priv-app/StorageManager changed; collecting certs
01-01 11:13:46.905  2637  4393 I PackageManager: /system/priv-app/SystemUI changed; collecting certs
01-01 11:13:46.999  2637  4394 I PackageManager: /system/priv-app/TeleService changed; collecting certs
01-01 11:13:47.001  2637  4397 I PackageManager: /system/priv-app/Settings changed; collecting certs
01-01 11:13:47.044  2637  4395 I PackageManager: /system/priv-app/Telecom changed; collecting certs
01-01 11:13:47.154  2637  4394 I PackageManager: /system/priv-app/TelephonyProvider changed; collecting certs
01-01 11:13:47.165  2637  4392 I PackageManager: /system/priv-app/VpnDialogs changed; collecting certs
01-01 11:13:47.167  2637  4395 I PackageManager: /system/priv-app/WallpaperCropper changed; collecting certs
01-01 11:13:47.202  2637  4396 W PackageParser: Unknown element under <application>: permission at /system/priv-app/Venus/Venus.apk Binary XML file line #255
01-01 11:13:47.202  2637  4396 W PackageParser: Unknown element under <application>: permission at /system/priv-app/Venus/Venus.apk Binary XML file line #258
01-01 11:13:47.213  2637  4396 I PackageManager: /system/priv-app/Venus changed; collecting certs
01-01 11:13:47.235  2637  4395 I PackageManager: /system/priv-app/com.qualcomm.location changed; collecting certs
01-01 11:13:47.238  2637  4394 I PackageManager: /system/priv-app/WeatherManagerService changed; collecting certs
01-01 11:13:47.245  2637  4392 I PackageManager: /system/priv-app/WeatherProvider changed; collecting certs
01-01 11:13:47.284  2637  4395 W PackageManager: Failed to parse /system/priv-app/com.qualcomm.location: Signature mismatch for shared user: SharedUserSetting{2983ad9 android.uid.system/1000}
01-01 11:13:47.307  2637  4395 I PackageManager: /system/priv-app/qcrilmsgtunnel changed; collecting certs
01-01 11:13:47.474  2637  4395 I PackageManager: /system/app/AntHalService changed; collecting certs
01-01 11:13:47.481  2637  4396 I PackageManager: /system/app/BasicDreams changed; collecting certs
01-01 11:13:47.502  2637  4394 I PackageManager: /system/app/AlipayAuthProvider changed; collecting certs
01-01 11:13:47.511  2637  4397 W PackageParser: No actions in intent filter at /system/app/Bluetooth/Bluetooth.apk Binary XML file line #227
01-01 11:13:47.515  2637  4397 I PackageManager: /system/app/Bluetooth changed; collecting certs
01-01 11:13:47.519  2637  4393 I PackageManager: /system/app/BluetoothMidiService changed; collecting certs
01-01 11:13:47.530  2637  4396 W PackageParser: No actions in intent filter at /system/app/BluetoothExt/BluetoothExt.apk Binary XML file line #139
01-01 11:13:47.531  2637  4396 W PackageParser: No actions in intent filter at /system/app/BluetoothExt/BluetoothExt.apk Binary XML file line #163
01-01 11:13:47.540  2637  4396 I PackageManager: /system/app/BluetoothExt changed; collecting certs
01-01 11:13:47.544  2637  4392 I PackageManager: /system/app/AmazeFileManager changed; collecting certs
01-01 11:13:47.546  2637  4395 I PackageManager: /system/app/BookmarkProvider changed; collecting certs
01-01 11:13:47.596  2637  4393 I PackageManager: /system/app/CaptivePortalLogin changed; collecting certs
01-01 11:13:47.604  2637  4394 I PackageManager: /system/app/Calendar changed; collecting certs
01-01 11:13:47.612  2637  4397 I PackageManager: /system/app/CertInstaller changed; collecting certs
01-01 11:13:47.658  2637  4393 I PackageManager: /system/app/DownloadProviderUi changed; collecting certs
01-01 11:13:47.661  2637  4397 I PackageManager: /system/app/CtsShimPrebuilt changed; collecting certs
01-01 11:13:47.678  2637  4395 W PackageParser: Ignoring duplicate uses-permissions/uses-permissions-sdk-m: android.permission.WRITE_SETTINGS in package: com.android.deskclock at: Binary XML file line #46
01-01 11:13:47.681  2637  4395 I PackageManager: /system/app/DeskClock changed; collecting certs
01-01 11:13:47.684  2637  4397 W PackageManager: Non-privileged app; cap priority to 0; package: com.android.cts.ctsshim activity: com.android.cts.ctsshim.InstallPriority origPrio: 100
01-01 11:13:47.684  2637  4397 W PackageManager: Non-privileged app; cap priority to 0; package: com.android.cts.ctsshim activity: com.android.cts.ctsshim.InstallPriority origPrio: 100
01-01 11:13:47.684  2637  4397 W PackageManager: Non-privileged app; cap priority to 0; package: com.android.cts.ctsshim activity: com.android.cts.ctsshim.InstallPriority origPrio: 100
01-01 11:13:47.684  2637  4397 W PackageManager: Non-privileged app; cap priority to 0; package: com.android.cts.ctsshim activity: com.android.cts.ctsshim.InstallPriority origPrio: 100
01-01 11:13:47.684  2637  4397 W PackageManager: Non-privileged app; cap priority to 0; package: com.android.cts.ctsshim activity: com.android.cts.ctsshim.InstallPriority origPrio: 100
01-01 11:13:47.707  2637  4396 I PackageManager: /system/app/Development changed; collecting certs
01-01 11:13:47.740  2637  4394 W PackageManager: Non-privileged app; cap priority to 0; package: com.android.calendar activity: com.android.calendar.GoogleCalendarUriIntentFilter origPrio: 50
01-01 11:13:47.744  2637  4397 I PackageManager: /system/app/EasterEgg changed; collecting certs
01-01 11:13:47.775  2637  4393 I PackageManager: /system/app/Eleven changed; collecting certs
01-01 11:13:47.779  2637  4396 I PackageManager: /system/app/ExactCalculator changed; collecting certs
01-01 11:13:47.806  2637  4397 I PackageManager: /system/app/Exchange2 changed; collecting certs
01-01 11:13:47.862  2637  4396 I PackageManager: /system/app/ExtShared changed; collecting certs
01-01 11:13:47.884  2637  4394 I PackageManager: /system/app/Email changed; collecting certs
01-01 11:13:47.927  2637  4396 I PackageManager: /system/app/HTMLViewer changed; collecting certs
01-01 11:13:47.983  2637  4395 I PackageManager: /system/app/KeyChain changed; collecting certs
01-01 11:13:47.992  2637  4397 I PackageManager: /system/app/GooglePinYin changed; collecting certs
01-01 11:13:48.023  2637  4393 I PackageManager: /system/app/GoogleIntl changed; collecting certs
01-01 11:13:48.033  2637  4396 I PackageManager: /system/app/LockClock changed; collecting certs
01-01 11:13:48.036  2637  4392 I PackageManager: /system/app/MoKeeWeatherProvider changed; collecting certs
01-01 11:13:48.055  2637  4395 I PackageManager: /system/app/LiveWallpapersPicker changed; collecting certs
01-01 11:13:48.170  2637  4396 I PackageManager: /system/app/PacProcessor changed; collecting certs
01-01 11:13:48.203  2637  4392 I PackageManager: /system/app/NubiaCamera changed; collecting certs
01-01 11:13:48.253  2637  4395 I PackageManager: /system/app/PhotoTable changed; collecting certs
01-01 11:13:48.271  2637  4396 I PackageManager: /system/app/PicoTts changed; collecting certs
01-01 11:13:48.322  2637  4394 W PackageManager: Permission com.android.email.permission.READ_ATTACHMENT from package com.android.email in an unknown group android.permission-group.MESSAGES
01-01 11:13:48.353  2637  4394 I PackageManager: /system/app/PrintRecommendationService changed; collecting certs
01-01 11:13:48.365  2637  4395 I PackageManager: /system/app/PrintSpooler changed; collecting certs
01-01 11:13:48.371  2637  4396 I PackageManager: /system/app/Profiles changed; collecting certs
01-01 11:13:48.423  2637  4394 I PackageManager: /system/app/Stk changed; collecting certs
01-01 11:13:48.429  2637  4395 I PackageManager: /system/app/Terminal changed; collecting certs
01-01 11:13:48.479  2637  4396 I PackageManager: /system/app/Substratum changed; collecting certs
01-01 11:13:48.500  2637  4394 I PackageManager: /system/app/TimeService changed; collecting certs
01-01 11:13:48.527  2637  4395 I PackageManager: /system/app/UserDictionaryProvider changed; collecting certs
01-01 11:13:48.591  2637  4394 I PackageManager: /system/app/WAPPushManager changed; collecting certs
01-01 11:13:48.626  2637  4395 I PackageManager: /system/app/WallpaperBackup changed; collecting certs
01-01 11:13:48.680  2637  4394 I PackageManager: /system/app/WallpaperPicker changed; collecting certs
01-01 11:13:48.735  2637  4395 W PackageParser: Ignoring duplicate uses-permissions/uses-permissions-sdk-m: android.permission.BLUETOOTH in package: com.mokee.yubrowser at: Binary XML file line #34
01-01 11:13:48.735  2637  4395 W PackageParser: Ignoring duplicate uses-permissions/uses-permissions-sdk-m: android.permission.BLUETOOTH_ADMIN in package: com.mokee.yubrowser at: Binary XML file line #35
01-01 11:13:48.779  2637  4392 I PackageManager: /system/app/webview changed; collecting certs
01-01 11:13:48.813  2637  4394 I PackageManager: /system/app/messaging changed; collecting certs
01-01 11:13:48.827  2637  4395 I PackageManager: /system/app/YuBrowser changed; collecting certs
01-01 11:13:49.597  2637  4395 W PackageManager: Permission com.mokee.yubrowser.permission.DEBUG from package com.mokee.yubrowser in an unknown group android.permission-group.DEVELOPMENT_TOOLS
01-01 11:13:49.859  2637  4396 I PackageManager: /system/vendor/app/imssettings changed; collecting certs
01-01 11:13:49.862  2637  4396 W PackageManager: Failed to parse /system/vendor/app/imssettings: Signature mismatch for shared user: SharedUserSetting{f9ad0b6 android.uid.phone/1001}
01-01 11:13:49.865  2637  4397 W PackageParser: Service exported request ignored due to singleUser: org.codeaurora.ims.ImsService at /system/vendor/app/ims/ims.apk Binary XML file line #38
01-01 11:13:49.865  2637  4397 I PackageManager: /system/vendor/app/ims changed; collecting certs
01-01 11:13:49.869  2637  4397 W PackageManager: Failed to parse /system/vendor/app/ims: Signature mismatch for shared user: SharedUserSetting{f9ad0b6 android.uid.phone/1001}
01-01 11:13:49.874  2637  2637 W PackageManager: Protected action; cap priority to 0; package: com.android.cts.priv.ctsshim activity: com.android.cts.priv.ctsshim.InstallPriority origPrio: 100
01-01 11:13:49.874  2637  2637 W PackageManager: Protected action; cap priority to 0; package: com.android.cts.priv.ctsshim activity: com.android.cts.priv.ctsshim.InstallPriority origPrio: 100
01-01 11:13:49.874  2637  2637 W PackageManager: Protected action; cap priority to 0; package: com.android.cts.priv.ctsshim activity: com.android.cts.priv.ctsshim.InstallPriority origPrio: 100
01-01 11:13:49.874  2637  2637 W PackageManager: Protected action; cap priority to 0; package: com.android.cts.priv.ctsshim activity: com.android.cts.priv.ctsshim.InstallPriority origPrio: 100
01-01 11:13:49.874  2637  2637 W PackageManager: Package org.codeaurora.bluetooth desires unavailable shared library com.quicinc.wbc; ignoring!
01-01 11:13:49.874  2637  2637 E PackageManager: updateAllSharedLibrariesLPw failed: Package com.android.dialer requires unavailable shared library com.qualcomm.qti.smartsearch; failing!
01-01 11:13:49.874  2637  2637 W PackageManager: Package org.mokee.venus desires unavailable shared library com.google.android.media.effects; ignoring!
01-01 11:13:49.874  2637  2637 W PackageManager: Package org.mokee.venus desires unavailable shared library com.google.android.media.effects; ignoring!
01-01 11:13:49.875  2637  2637 I PackageManager: Adjusting ABI for com.android.providers.downloads to arm64-v8a (requirer=com.android.mtp, scannedPackage=null)
01-01 11:13:49.876  2637  2637 I PackageManager: Adjusting ABI for com.android.providers.downloads.ui to arm64-v8a (requirer=com.android.mtp, scannedPackage=null)
01-01 11:13:49.876  2637  2637 I PackageManager: Adjusting ABI for com.android.providers.media to arm64-v8a (requirer=com.android.mtp, scannedPackage=null)
01-01 11:13:49.877  2637  2637 I PackageManager: Adjusting ABI for com.android.providers.settings to arm64-v8a (requirer=android, scannedPackage=null)
01-01 11:13:49.877  2637  2637 I PackageManager: Adjusting ABI for com.qualcomm.timeservice to arm64-v8a (requirer=android, scannedPackage=null)
01-01 11:13:49.878  2637  2637 I PackageManager: Adjusting ABI for com.qualcomm.qti.tetherservice to arm64-v8a (requirer=android, scannedPackage=null)
01-01 11:13:49.878  2637  2637 I PackageManager: Adjusting ABI for com.mokee.setupwizard to arm64-v8a (requirer=android, scannedPackage=null)
01-01 11:13:49.878  2637  2637 I PackageManager: Adjusting ABI for com.android.settings to arm64-v8a (requirer=android, scannedPackage=null)
01-01 11:13:49.879  2637  2637 I PackageManager: Adjusting ABI for com.android.location.fused to arm64-v8a (requirer=android, scannedPackage=null)
01-01 11:13:49.879  2637  2637 I PackageManager: Adjusting ABI for com.mokee.center to arm64-v8a (requirer=android, scannedPackage=null)
01-01 11:13:49.880  2637  2637 I PackageManager: Adjusting ABI for com.android.keychain to arm64-v8a (requirer=android, scannedPackage=null)
01-01 11:13:49.880  2637  2637 I PackageManager: Adjusting ABI for com.android.wallpaperbackup to arm64-v8a (requirer=android, scannedPackage=null)
01-01 11:13:49.881  2637  2637 I PackageManager: Adjusting ABI for org.mokee.mkparts to arm64-v8a (requirer=android, scannedPackage=null)
01-01 11:13:49.881  2637  2637 I PackageManager: Adjusting ABI for org.mokee.mksettings to arm64-v8a (requirer=android, scannedPackage=null)
01-01 11:13:49.881  2637  2637 I PackageManager: Adjusting ABI for com.dsi.ant.server to arm64-v8a (requirer=android, scannedPackage=null)
01-01 11:13:49.882  2637  2637 I PackageManager: Adjusting ABI for com.mokee.aegis to arm64-v8a (requirer=android, scannedPackage=null)
01-01 11:13:49.882  2637  2637 I PackageManager: Adjusting ABI for com.android.inputdevices to arm64-v8a (requirer=android, scannedPackage=null)
01-01 11:13:49.883  2637  2637 I PackageManager: Adjusting ABI for com.android.server.telecom to arm64-v8a (requirer=android, scannedPackage=null)
01-01 11:13:49.883  2637  2637 I PackageManager: Adjusting ABI for mokee.platform to arm64-v8a (requirer=android, scannedPackage=null)
01-01 11:13:49.884  2637  2637 I PackageManager: Adjusting ABI for com.android.development to arm64-v8a (requirer=android, scannedPackage=null)
01-01 11:13:49.886  2637  2637 I PackageManager: Time to scan packages: 13.299 seconds
01-01 11:13:49.887  2637  2637 W PackageManager: Not granting permission android.permission.INTERACT_ACROSS_USERS_FULL to package org.cyanogenmod.snap (protectionLevel=258 flags=0x3858bc45)
01-01 11:13:49.887  2637  2637 W PackageManager: Not granting permission android.permission.SET_ORIENTATION to package org.cyanogenmod.snap (protectionLevel=2 flags=0x3858bc45)
01-01 11:13:49.887  2637  2637 W PackageManager: Unknown permission com.google.android.googleapps.permission.GOOGLE_AUTH in package com.android.providers.calendar
01-01 11:13:49.887  2637  2637 W PackageManager: Unknown permission com.google.android.googleapps.permission.GOOGLE_AUTH.cl in package com.android.providers.calendar
01-01 11:13:49.888  2637  2637 W PackageManager: Unknown permission android.permission.MMS_PUSH in package org.codeaurora.bluetooth
01-01 11:13:49.888  2637  2637 W PackageManager: Unknown permission com.chrome.permission.DEVICE_EXTRAS in package com.mokee.yubrowser
01-01 11:13:49.888  2637  2637 W PackageManager: Unknown permission com.google.android.c2dm.permission.RECEIVE in package com.mokee.yubrowser
01-01 11:13:49.888  2637  2637 W PackageManager: Unknown permission android.permission.ACCESS_SUPERUSER in package projekt.substratum
01-01 11:13:49.888  2637  2637 W PackageManager: Not granting permission android.permission.CHANGE_CONFIGURATION to package projekt.substratum (protectionLevel=50 flags=0x3858be45)
01-01 11:13:49.888  2637  2637 W PackageManager: Unknown permission com.google.android.c2dm.permission.RECEIVE in package projekt.substratum
01-01 11:13:49.889  2637  2637 W PackageManager: Unknown permission com.android.launcher.permission.READ_SETTINGS in package com.mokee.nox
01-01 11:13:49.889  2637  2637 W PackageManager: Unknown permission com.android.launcher.permission.WRITE_SETTINGS in package com.mokee.nox
01-01 11:13:49.889  2637  2637 W PackageManager: Unknown permission com.google.android.googleapps.permission.GOOGLE_AUTH.mail in package com.android.calendar
01-01 11:13:49.889  2637  2637 W PackageManager: Unknown permission com.android.launcher.permission.READ_SETTINGS in package com.android.onetimeinitializer
01-01 11:13:49.889  2637  2637 W PackageManager: Unknown permission com.android.launcher.permission.WRITE_SETTINGS in package com.android.onetimeinitializer
01-01 11:13:49.890  2637  2637 W PackageManager: Not granting permission android.permission.DEVICE_POWER to package com.android.camera (protectionLevel=2 flags=0x3808bc45)
01-01 11:13:49.890  2637  2637 W PackageManager: Not granting permission android.permission.WRITE_MEDIA_STORAGE to package com.android.camera (protectionLevel=18 flags=0x3808bc45)
01-01 11:13:49.890  2637  2637 W PackageManager: Unknown permission android.permission.RECEIVE_USER_PRESENT in package org.mokee.mkparts
01-01 11:13:49.890  2637  2637 W PackageManager: Not granting permission android.permission.DELETE_PACKAGES to package com.svox.pico (protectionLevel=18 flags=0x3808be45)
01-01 11:13:49.890  2637  2637 W PackageManager: Unknown permission com.google.android.gallery3d.permission.PICASA_STORE in package com.android.dreams.phototable
01-01 11:13:49.891  2637  2637 W PackageManager: Unknown permission com.android.vending.BILLING in package org.mokee.filemanager
01-01 11:13:49.891  2637  2637 W PackageManager: Unknown permission com.google.android.googleapps.permission.GOOGLE_AUTH in package com.android.settings
01-01 11:13:49.891  2637  2637 W PackageManager: Unknown permission com.android.launcher.permission.READ_SETTINGS in package com.android.settings
01-01 11:13:49.891  2637  2637 W PackageManager: Unknown permission com.android.launcher.permission.WRITE_SETTINGS in package com.android.settings
01-01 11:13:49.891  2637  2637 W PackageManager: Not granting permission android.permission.REAL_GET_TASKS to package com.cyanogenmod.eleven (protectionLevel=18 flags=0x3818be65)
01-01 11:13:49.894  2637  2637 W PackageManager: Unknown permission mokee.permission.LEGALESE in package com.mokee.setupwizard
01-01 11:13:49.894  2637  2637 W PackageManager: Unknown permission com.google.android.permission.INSTALL_WEARABLE_PACKAGES in package com.mokee.packageinstaller
01-01 11:13:49.894  2637  2637 W PackageManager: Not granting permission android.permission.MANAGE_DOCUMENTS to package com.android.deskclock (protectionLevel=2 flags=0x3c49be45)
01-01 11:13:49.894  2637  2637 W PackageManager: Unknown permission com.android.deskclock.worldclock.permissions.WRITE_DATABASE in package com.android.deskclock
01-01 11:13:49.894  2637  2637 W PackageManager: Unknown permission org.codeaurora.permission.POWER_ON_ALERT in package com.android.deskclock
01-01 11:13:49.894  2637  2637 W PackageManager: Not granting permission android.permission.WRITE_SECURE_SETTINGS to package com.android.deskclock (protectionLevel=50 flags=0x3c49be45)
01-01 11:13:49.896  2637  2637 W PackageManager: Unknown permission com.google.android.gallery3d.permission.GALLERY_PROVIDER in package com.android.bluetooth
01-01 11:13:49.896  2637  2637 W PackageManager: Unknown permission com.google.android.googleapps.permission.ACCESS_GOOGLE_PASSWORD in package com.android.development
01-01 11:13:49.896  2637  2637 W PackageManager: Unknown permission com.google.android.googleapps.permission.GOOGLE_AUTH in package com.android.development
01-01 11:13:49.896  2637  2637 W PackageManager: Unknown permission com.google.android.googleapps.permission.GOOGLE_AUTH.ALL_SERVICES in package com.android.development
01-01 11:13:49.896  2637  2637 W PackageManager: Unknown permission com.google.android.googleapps.permission.GOOGLE_AUTH.YouTubeUser in package com.android.development
01-01 11:13:49.897  2637  2637 W PackageManager: Unknown permission com.google.android.providers.gsf.permission.READ_GSERVICES in package com.google.android.inputmethod.latin
01-01 11:13:49.897  2637  2637 V PackageManager: reconcileAppsData for null u0 0x3
01-01 11:13:49.898  2637  2637 W PackageManager: Destroying /data/user/0/media due to: com.android.server.pm.PackageManagerException: Package media is unknown
01-01 11:13:50.521  2637  2637 V PackageManager: reconcileAppsData finished 104 packages
01-01 11:13:50.522  2637  2637 V PackageManager: Disabling com.google.android.gsf/com.google.android.gsf.update.SystemUpdateActivity
01-01 11:13:50.522  2637  2637 W PackageManager: Unable to disable com.google.android.gsf/com.google.android.gsf.update.SystemUpdateActivity
01-01 11:13:50.522  2637  2637 V PackageManager: Disabling com.google.android.gsf/com.google.android.gsf.update.SystemUpdateService$Receiver
01-01 11:13:50.522  2637  2637 W PackageManager: Unable to disable com.google.android.gsf/com.google.android.gsf.update.SystemUpdateService$Receiver
01-01 11:13:50.522  2637  2637 V PackageManager: Disabling com.google.android.gsf/com.google.android.gsf.update.SystemUpdateService$SecretCodeReceiver
01-01 11:13:50.522  2637  2637 W PackageManager: Unable to disable com.google.android.gsf/com.google.android.gsf.update.SystemUpdateService$SecretCodeReceiver
01-01 11:13:50.522  2637  2637 V PackageManager: Disabling com.google.android.gsf/com.google.android.gsf.update.SystemUpdateServiceReceiver
01-01 11:13:50.522  2637  2637 W PackageManager: Unable to disable com.google.android.gsf/com.google.android.gsf.update.SystemUpdateServiceReceiver
01-01 11:13:50.522  2637  2637 V PackageManager: Disabling com.google.android.gms/com.google.android.gms.update.SystemUpdateActivity
01-01 11:13:50.522  2637  2637 W PackageManager: Unable to disable com.google.android.gms/com.google.android.gms.update.SystemUpdateActivity
01-01 11:13:50.522  2637  2637 V PackageManager: Disabling com.google.android.gms/com.google.android.gms.update.SystemUpdateService$Receiver
01-01 11:13:50.522  2637  2637 W PackageManager: Unable to disable com.google.android.gms/com.google.android.gms.update.SystemUpdateService$Receiver
01-01 11:13:50.522  2637  2637 V PackageManager: Disabling com.google.android.gms/com.google.android.gms.update.SystemUpdateService$ActiveReceiver
01-01 11:13:50.522  2637  2637 W PackageManager: Unable to disable com.google.android.gms/com.google.android.gms.update.SystemUpdateService$ActiveReceiver
01-01 11:13:50.522  2637  2637 V PackageManager: Disabling com.google.android.gms/com.google.android.gms.update.SystemUpdateService$SecretCodeReceiver
01-01 11:13:50.522  2637  2637 W PackageManager: Unable to disable com.google.android.gms/com.google.android.gms.update.SystemUpdateService$SecretCodeReceiver
01-01 11:13:50.522  2637  2637 V PackageManager: Disabling com.google.android.gms/com.google.android.gms.update.SystemUpdateServiceReceiver
01-01 11:13:50.522  2637  2637 W PackageManager: Unable to disable com.google.android.gms/com.google.android.gms.update.SystemUpdateServiceReceiver
01-01 11:13:50.522  2637  2637 V PackageManager: Enabling com.google.android.gsf/com.google.android.gsf.update.SystemUpdateService
01-01 11:13:50.522  2637  2637 W PackageManager: Unable to enable com.google.android.gsf/com.google.android.gsf.update.SystemUpdateService
01-01 11:13:50.522  2637  2637 V PackageManager: Enabling com.google.android.gms/com.google.android.gms.update.SystemUpdateService
01-01 11:13:50.522  2637  2637 W PackageManager: Unable to enable com.google.android.gms/com.google.android.gms.update.SystemUpdateService
01-01 11:14:20.779  2637  2637 D PackageManager: Ephemeral resolver NOT found; no matching intent filters
01-01 11:14:20.779  2637  2637 I PackageManager: Ephemeral deactivated; missing resolver and installer
01-01 11:14:20.830  2637  2637 I SystemServer: StartOtaDexOptService
01-01 11:14:20.831  2637  2637 I SystemServer: StartUserManagerService
01-01 11:14:20.831  2637  2637 I SystemServiceManager: Starting com.android.server.pm.UserManagerService$LifeCycle
01-01 11:14:22.953  2637  2637 I SystemServiceManager: Starting com.android.server.BatteryService
01-01 11:14:22.962  2637  3587 E KernelUidCpuTimeReader: Failed to read uid_cputime: /proc/uid_cputime/show_uid_stat (No such file or directory)
01-01 11:14:22.973  2637  2637 I SystemServiceManager: Starting com.android.server.usage.UsageStatsService
01-01 11:14:22.983  2637  2637 I SystemServiceManager: Starting com.android.server.webkit.WebViewUpdateService
01-01 11:14:22.987  2637  2637 I SystemServer: Reading configuration...
01-01 11:14:22.987  2637  2637 I SystemServer: StartSchedulingPolicyService
01-01 11:14:22.988  2637  2637 I SystemServiceManager: Starting com.android.server.telecom.TelecomLoaderService
01-01 11:14:22.988  2637  2637 I SystemServer: StartTelephonyRegistry
01-01 11:14:22.991  2637  2637 I SystemServer: StartEntropyMixer
01-01 11:14:22.993  2637  2637 W EntropyMixer: No existing entropy file -- first boot?
01-01 11:14:22.994  2637  2637 I EntropyMixer: Writing entropy...
01-01 11:14:23.001  2637  2637 I SystemServer: Camera Service
01-01 11:14:23.002  2637  2637 I SystemServiceManager: Starting com.android.server.camera.CameraService
01-01 11:14:23.003  2637  4765 I ServiceThread: Enabled StrictMode logging for CameraService_proxy looper.
01-01 11:14:23.005  2637  2637 I SystemServer: StartAccountManagerService
01-01 11:14:23.005  2637  2637 I SystemServiceManager: Starting com.android.server.accounts.AccountManagerService$Lifecycle
01-01 11:14:23.011  2637  2637 I SystemServer: StartContentService
01-01 11:14:23.011  2637  2637 I SystemServiceManager: Starting com.android.server.content.ContentService$Lifecycle
01-01 11:14:23.013  2637  2637 I SystemServer: InstallSystemProviders
01-01 11:14:23.048  2637  2637 D ActivityThread: Loading provider settings: com.android.providers.settings.SettingsProvider
01-01 11:14:23.095  2637  2637 I SettingsState: No settings state /data/system/users/0/settings_system.xml
01-01 11:14:23.104  2637  2637 I SettingsState: No settings state /data/system/users/0/settings_secure.xml
01-01 11:14:23.106  2637  2637 D SettingsProvider: Generated and saved new ANDROID_ID [ec32a933dfd6f0f] for user 0
01-01 11:14:23.109  2637  2637 I SettingsState: No settings state /data/system/users/0/settings_global.xml
01-01 11:14:23.136  2637  2637 I SystemServer: StartVibratorService
01-01 11:14:23.139  2637  2637 I SystemServer: StartConsumerIrService
01-01 11:14:23.140  2637  2637 I SystemServer: StartAlarmManagerService
01-01 11:14:23.140  2637  2637 I SystemServiceManager: Starting com.android.server.AlarmManagerService
01-01 11:14:23.146  2637  2637 I SystemServer: InitWatchdog
01-01 11:14:23.147  2637  2637 I SystemServer: StartInputManagerService
01-01 11:14:23.147  2637  2637 I InputManager: Initializing input manager, mUseDevInputEventForAudioJack=true
01-01 11:14:23.148  2637  2637 I SystemServer: StartWindowManagerService
01-01 11:14:23.163  2637  3594 I WindowManager: No existing display settings /data/system/display_settings.xml; starting empty
01-01 11:14:23.240  2637  2637 I SystemServer: StartVrManagerService
01-01 11:14:23.240  2637  2637 I SystemServiceManager: Starting com.android.server.vr.VrManagerService
01-01 11:14:23.244  2637  2637 I InputManager: Starting input manager
01-01 11:14:23.248  2637  2637 I SystemServiceManager: Starting com.android.server.BluetoothService
01-01 11:14:23.250  2637  2637 D BluetoothManagerService: Loading stored name and address
01-01 11:14:23.250  2637  2637 D BluetoothManagerService: Stored bluetooth Name=null,Address=null
01-01 11:14:23.250  2637  2637 D BluetoothManagerService: Bluetooth persisted state: 1
01-01 11:14:23.250  2637  2637 D BluetoothManagerService: Startup: Bluetooth persisted state is ON.
01-01 11:14:23.250  2637  2637 I SystemServer: ConnectivityMetricsLoggerService
01-01 11:14:23.251  2637  2637 I SystemServiceManager: Starting com.android.server.connectivity.MetricsLoggerService
01-01 11:14:23.251  2637  2637 I SystemServer: IpConnectivityMetrics
01-01 11:14:23.251  2637  2637 I SystemServiceManager: Starting com.android.server.connectivity.IpConnectivityMetrics
01-01 11:14:23.252  2637  2637 I SystemServer: PinnerService
01-01 11:14:23.252  2637  2637 I SystemServiceManager: Starting com.android.server.PinnerService
01-01 11:14:23.253  2637  2637 I SystemServiceManager: Starting com.android.server.InputMethodManagerService$Lifecycle
01-01 11:14:23.345  2637  2637 W InputMethodManagerService: No IME selected. Choose the most applicable IME.
01-01 11:14:23.346  2637  2637 I InputMethodManagerService: Default found, using com.google.android.inputmethod.latin/com.android.inputmethod.latin.LatinIME
01-01 11:14:23.348  2637  2637 I SystemServer: StartAccessibilityManagerService
01-01 11:14:23.355  2637  2637 I ActivityManager: Config changes=1df8 {1.0 ?mcc?mnc [zh_CN] ldltr sw360dp w360dp h640dp 480dpi nrml long port ?uimode ?night -touch -keyb/h/h -nav/h s.2}
01-01 11:14:23.361  2637  3594 I ActivityManager: Config changes=400 {1.0 ?mcc?mnc [zh_CN] ldltr sw360dp w360dp h616dp 480dpi nrml long port ?uimode ?night -touch -keyb/h/h -nav/h s.3}
01-01 11:14:23.374  2637  3586 I UsageStatsDatabase: Upgrading from version 0 to 3
01-01 11:14:23.374  2637  3586 I UsageStatsDatabase: Deleting all usage stats files
01-01 11:14:23.375  2637  3586 I UsageStatsService: User[0] Rollover scheduled @ 1970-01-02 03:14:23(98063369)
01-01 11:14:23.375  2637  3586 D UsageStatsService: Initializing defaults for system apps on user 0
01-01 11:14:23.378  2637  3586 E AppIdleHistory: Unable to read app idle file for user 0
01-01 11:14:23.382  2637  2637 I SystemServiceManager: Starting com.android.server.MountService$Lifecycle
01-01 11:14:23.392  2637  2637 I SystemServiceManager: Starting com.android.server.UiModeManagerService
01-01 11:14:23.394  2637  2637 I ActivityManager: Config changes=200 {1.0 ?mcc?mnc [zh_CN] ldltr sw360dp w360dp h616dp 480dpi nrml long port -touch -keyb/h/h -nav/h s.4}
01-01 11:14:23.415  2637  4786 D MountService: Thinking about init, mSystemReady=false, mDaemonConnected=true
01-01 11:14:23.415  2637  4786 D MountService: Thinking about reset, mSystemReady=false, mDaemonConnected=true
01-01 11:14:23.422  2637  4786 D MountService: Thinking about init, mSystemReady=false, mDaemonConnected=true
01-01 11:14:23.422  2637  4786 D MountService: Thinking about reset, mSystemReady=false, mDaemonConnected=true
01-01 11:14:23.423  2637  4786 D CryptdConnector: SND -> {1 cryptfs getfield SystemLocale}
01-01 11:14:23.424  2637  4788 D CryptdConnector: RCV <- {200 1 -1}
01-01 11:14:23.425  2637  4786 W MountService: No primary storage mounted!
01-01 11:14:23.425  2637  4786 D VoldConnector: SND -> {1 asec list}
01-01 11:14:23.426  2637  4787 D VoldConnector: RCV <- {200 1 asec operation succeeded}
01-01 11:14:23.428  2637  4786 W PackageManager: Not granting permission android.permission.INTERACT_ACROSS_USERS_FULL to package org.cyanogenmod.snap (protectionLevel=258 flags=0x38d8bc45)
01-01 11:14:23.428  2637  4786 W PackageManager: Not granting permission android.permission.SET_ORIENTATION to package org.cyanogenmod.snap (protectionLevel=2 flags=0x38d8bc45)
01-01 11:14:23.428  2637  4786 W PackageManager: Unknown permission com.google.android.googleapps.permission.GOOGLE_AUTH in package com.android.providers.calendar
01-01 11:14:23.428  2637  4786 W PackageManager: Unknown permission com.google.android.googleapps.permission.GOOGLE_AUTH.cl in package com.android.providers.calendar
01-01 11:14:23.428  2637  4786 W PackageManager: Unknown permission android.permission.MMS_PUSH in package org.codeaurora.bluetooth
01-01 11:14:23.428  2637  4786 W PackageManager: Unknown permission com.chrome.permission.DEVICE_EXTRAS in package com.mokee.yubrowser
01-01 11:14:23.428  2637  4786 W PackageManager: Unknown permission com.google.android.c2dm.permission.RECEIVE in package com.mokee.yubrowser
01-01 11:14:23.428  2637  4786 W PackageManager: Unknown permission android.permission.ACCESS_SUPERUSER in package projekt.substratum
01-01 11:14:23.429  2637  4786 W PackageManager: Not granting permission android.permission.CHANGE_CONFIGURATION to package projekt.substratum (protectionLevel=50 flags=0x38d8be45)
01-01 11:14:23.429  2637  4786 W PackageManager: Unknown permission com.google.android.c2dm.permission.RECEIVE in package projekt.substratum
01-01 11:14:23.429  2637  4786 W PackageManager: Unknown permission com.android.launcher.permission.READ_SETTINGS in package com.mokee.nox
01-01 11:14:23.429  2637  4786 W PackageManager: Unknown permission com.android.launcher.permission.WRITE_SETTINGS in package com.mokee.nox
01-01 11:14:23.429  2637  4786 W PackageManager: Unknown permission com.google.android.googleapps.permission.GOOGLE_AUTH.mail in package com.android.calendar
01-01 11:14:23.429  2637  4786 W PackageManager: Unknown permission com.android.launcher.permission.READ_SETTINGS in package com.android.onetimeinitializer
01-01 11:14:23.429  2637  4786 W PackageManager: Unknown permission com.android.launcher.permission.WRITE_SETTINGS in package com.android.onetimeinitializer
01-01 11:14:23.429  2637  4786 W PackageManager: Not granting permission android.permission.DEVICE_POWER to package com.android.camera (protectionLevel=2 flags=0x3888bc45)
01-01 11:14:23.429  2637  4786 W PackageManager: Not granting permission android.permission.WRITE_MEDIA_STORAGE to package com.android.camera (protectionLevel=18 flags=0x3888bc45)
01-01 11:14:23.430  2637  4786 W PackageManager: Unknown permission android.permission.RECEIVE_USER_PRESENT in package org.mokee.mkparts
01-01 11:14:23.430  2637  4786 W PackageManager: Not granting permission android.permission.DELETE_PACKAGES to package com.svox.pico (protectionLevel=18 flags=0x3888be45)
01-01 11:14:23.430  2637  4786 W PackageManager: Unknown permission com.google.android.gallery3d.permission.PICASA_STORE in package com.android.dreams.phototable
01-01 11:14:23.431  2637  4786 W PackageManager: Unknown permission com.android.vending.BILLING in package org.mokee.filemanager
01-01 11:14:23.431  2637  4786 W PackageManager: Unknown permission com.google.android.googleapps.permission.GOOGLE_AUTH in package com.android.settings
01-01 11:14:23.432  2637  4786 W PackageManager: Unknown permission com.android.launcher.permission.READ_SETTINGS in package com.android.settings
01-01 11:14:23.432  2637  4786 W PackageManager: Unknown permission com.android.launcher.permission.WRITE_SETTINGS in package com.android.settings
01-01 11:14:23.432  2637  4786 W PackageManager: Not granting permission android.permission.REAL_GET_TASKS to package com.cyanogenmod.eleven (protectionLevel=18 flags=0x3898be65)
01-01 11:14:23.434  2637  4786 W PackageManager: Unknown permission mokee.permission.LEGALESE in package com.mokee.setupwizard
01-01 11:14:23.434  2637  4786 W PackageManager: Unknown permission com.google.android.permission.INSTALL_WEARABLE_PACKAGES in package com.mokee.packageinstaller
01-01 11:14:23.434  2637  4786 W PackageManager: Not granting permission android.permission.MANAGE_DOCUMENTS to package com.android.deskclock (protectionLevel=2 flags=0x3cc9be45)
01-01 11:14:23.434  2637  4786 W PackageManager: Unknown permission com.android.deskclock.worldclock.permissions.WRITE_DATABASE in package com.android.deskclock
01-01 11:14:23.434  2637  4786 W PackageManager: Unknown permission org.codeaurora.permission.POWER_ON_ALERT in package com.android.deskclock
01-01 11:14:23.434  2637  4786 W PackageManager: Not granting permission android.permission.WRITE_SECURE_SETTINGS to package com.android.deskclock (protectionLevel=50 flags=0x3cc9be45)
01-01 11:14:23.435  2637  4786 W PackageManager: Unknown permission com.google.android.gallery3d.permission.GALLERY_PROVIDER in package com.android.bluetooth
01-01 11:14:23.436  2637  4786 W PackageManager: Unknown permission com.google.android.googleapps.permission.ACCESS_GOOGLE_PASSWORD in package com.android.development
01-01 11:14:23.436  2637  4786 W PackageManager: Unknown permission com.google.android.googleapps.permission.GOOGLE_AUTH in package com.android.development
01-01 11:14:23.436  2637  4786 W PackageManager: Unknown permission com.google.android.googleapps.permission.GOOGLE_AUTH.ALL_SERVICES in package com.android.development
01-01 11:14:23.436  2637  4786 W PackageManager: Unknown permission com.google.android.googleapps.permission.GOOGLE_AUTH.YouTubeUser in package com.android.development
01-01 11:14:23.436  2637  4786 W PackageManager: Unknown permission com.google.android.providers.gsf.permission.READ_GSERVICES in package com.google.android.inputmethod.latin
01-01 11:14:23.533  2637  4786 W MountService: No primary storage mounted!
01-01 11:14:23.533  2637  4786 D VoldConnector: SND -> {2 asec list}
01-01 11:14:23.534  2637  4787 D VoldConnector: RCV <- {200 2 asec operation succeeded}
