01-01 11:15:04.571  2637  3584 I ActivityManager: Start proc 6324:org.mokee.weather.provider/u0a33 for content provider org.mokee.weather.provider/org.cyanogenmod.weather.provider.WeatherContentProvider
01-01 11:15:04.743  2637  3593 D BluetoothManagerService: Message: 60
01-01 11:15:04.743  2637  3593 D BluetoothManagerService: MESSAGE_BLUETOOTH_STATE_CHANGE: prevState = 11, newState =12
01-01 11:15:04.743  2637  3593 D BluetoothManagerService: bluetoothStateChangeHandler: 11 ->  12
01-01 11:15:04.743  2637  3593 D BluetoothManagerService: Broadcasting onBluetoothStateChange(true) to 9 receivers.
01-01 11:15:04.757  2637  3593 D BluetoothManagerService: BLE State Change Intent: 11 -> 12
01-01 11:15:04.759  2637  2637 I Telecom : BluetoothPhoneService: queryPhoneState: BPSI.qPS@AAU
01-01 11:15:04.759  2637  2637 I Telecom : BluetoothPhoneService: updateHeadsetWithCallState numActive 0, numHeld 0, callState 6, ringing number [da39a3ee5e6b4b0d3255bfef95601890afd80709], ringing type 128: BPSI.qPS@AAU
01-01 11:15:06.155  2637  5692 D WifiService: New client listening to asynchronous messages
01-01 11:15:06.561  5769  6375 E ActivityThread: Failed to find provider info for com.android.contacts
01-01 11:15:08.533  2637  3594 W ActivityManager: Unable to mark boot complete for abi: arm64-v8a (Failed to execute markbootcomplete [arm64]: -1)
01-01 11:15:08.534  2637  3594 W ActivityManager: Unable to mark boot complete for abi: armeabi-v7a (Failed to execute markbootcomplete [arm]: -1)
01-01 11:15:08.535  2637  3594 I SystemServiceManager: Starting phase 1000
--------- beginning of main
01-01 11:15:08.628  2637  3594 D lights  : set_light_battery
01-01 11:15:08.628  2637  3594 D lights  : handle_speaker_light_locked
01-01 11:15:08.628  2637  3594 D lights  : set_speaker_light_locked run
01-01 11:15:08.628  2637  3594 D lights  : set_speaker_light_locked mode=0 brightnsS=226
01-01 11:15:08.717  2637  3594 I ActivityManager: Start proc 6434:android.ext.services/u0a8 for on-hold
01-01 11:15:08.718  2637  3594 D ActivityManager: Finishing user boot 0
01-01 11:15:08.720  2637  3594 D CryptdConnector: SND -> {3 cryptfs prepare_user_storage ! 0 0 2}
01-01 11:15:08.720   360   368 D vold    : e4crypt_prepare_user_storage for volume null, user 0, serial 0, flags 2
01-01 11:15:08.721   360   368 D vold    : Preparing: /data/system_ce/0
01-01 11:15:08.721   360   368 D vold    : Preparing: /data/misc_ce/0
01-01 11:15:08.721   360   368 D vold    : Preparing: /data/media/0
01-01 11:15:08.721   360   368 D vold    : Preparing: /data/data
01-01 11:15:08.721  2637  4788 D CryptdConnector: RCV <- {200 3 Command succeeded}
01-01 11:15:08.722  2637  3594 V UserManagerService: Found /data/user/0 with serial number 0
01-01 11:15:08.722  2637  3594 V UserManagerService: Found /data/system_ce/0 with serial number -1
01-01 11:15:08.722  2637  3594 D UserManagerService: Serial number missing on /data/system_ce/0; assuming current is valid
01-01 11:15:08.723  2637  3594 V PackageManager: reconcileAppsData for null u0 0x2
01-01 11:15:08.977  2637  3594 V PackageManager: reconcileAppsData finished 104 packages
01-01 11:15:08.977  2637  3594 D WindowManager: Sending cover change broadcast, mLidState=-1
01-01 11:15:08.978  2637  3587 W art     : Long monitor contention with owner android.display (3594) at void com.android.server.am.ActivityManagerService.finishBooting()(ActivityManagerService.java:7040) waiters=0 in void com.android.server.am.BroadcastQueue.processNextBroadcast(boolean) for 259ms
01-01 11:15:08.989  2637  3587 D BluetoothManagerService: User 0 unlocked
01-01 11:15:08.989  2637  3587 D MountService: onUnlockUser 0
01-01 11:15:08.989  2637  3587 D VoldConnector: SND -> {29 volume user_started 0}
01-01 11:15:08.990  2637  3593 D BluetoothManagerService: Message: 301
01-01 11:15:08.990  2637  3593 D BluetoothManagerService: MESSAGE_USER_UNLOCKED
01-01 11:15:08.990   360   367 D vold    : Linking /storage/emulated/0 to /mnt/user/0/primary
01-01 11:15:08.991  2637  4787 D VoldConnector: RCV <- {200 29 Command succeeded}
01-01 11:15:08.992  2637  5693 D WIFI    : Registering NetworkFactory
01-01 11:15:08.993  2637  5693 D WIFI_UT : Registering NetworkFactory
01-01 11:15:08.994  2637  5703 D ConnectivityService: Got NetworkFactory Messenger for WIFI
01-01 11:15:08.994  2637  5703 D ConnectivityService: Got NetworkFactory Messenger for WIFI_UT
01-01 11:15:09.005  2637  5693 D WIFI    : got request NetworkRequest [ REQUEST id=1, [ Capabilities: INTERNET&NOT_RESTRICTED&TRUSTED&NOT_VPN] ] with score 0
01-01 11:15:09.005  2637  5693 D WIFI_UT : got request NetworkRequest [ REQUEST id=1, [ Capabilities: INTERNET&NOT_RESTRICTED&TRUSTED&NOT_VPN] ] with score 0
01-01 11:15:09.014  2637  4786 D MountService: Volume emulated broadcasting mounted to UserHandle{0}
01-01 11:15:09.018  6434  6434 W System  : ClassLoader referenced unknown path: /system/priv-app/ExtServices/lib/arm64
01-01 11:15:09.019    45    45 I kworker/u16:2: type=1400 audit(0.0:75): avc: denied { setsched } for scontext=u:r:kernel:s0 tcontext=u:r:platform_app:s0:c512,c768 tclass=process permissive=1
01-01 11:15:09.019    45    45 I kworker/u16:2: type=1400 audit(0.0:76): avc: denied { setsched } for scontext=u:r:kernel:s0 tcontext=u:r:radio:s0 tclass=process permissive=1
01-01 11:15:09.019    45    45 I kworker/u16:2: type=1400 audit(0.0:77): avc: denied { setsched } for scontext=u:r:kernel:s0 tcontext=u:r:system_server:s0 tclass=process permissive=1
01-01 11:15:09.019    45    45 I kworker/u16:2: type=1400 audit(0.0:78): avc: denied { setsched } for scontext=u:r:kernel:s0 tcontext=u:r:system_app:s0 tclass=process permissive=1
01-01 11:15:09.019    45    45 I kworker/u16:2: type=1400 audit(0.0:79): avc: denied { setsched } for scontext=u:r:kernel:s0 tcontext=u:r:bluetooth:s0 tclass=process permissive=1
01-01 11:15:09.019    45    45 I kworker/u16:2: type=1400 audit(0.0:80): avc: denied { setsched } for scontext=u:r:kernel:s0 tcontext=u:r:priv_app:s0:c512,c768 tclass=process permissive=1
01-01 11:15:09.019    45    45 I kworker/u16:2: type=1400 audit(0.0:81): avc: denied { setsched } for scontext=u:r:kernel:s0 tcontext=u:r:mediaserver:s0 tclass=process permissive=1
01-01 11:15:09.019    45    45 I kworker/u16:2: type=1400 audit(0.0:82): avc: denied { setsched } for scontext=u:r:kernel:s0 tcontext=u:r:untrusted_app:s0:c512,c768 tclass=process permissive=1
01-01 11:15:09.019    45    45 I kworker/u16:2: type=1400 audit(0.0:83): avc: denied { setsched } for scontext=u:r:kernel:s0 tcontext=u:r:mediacodec:s0 tclass=process permissive=1
01-01 11:15:09.019    45    45 I kworker/u16:2: type=1400 audit(0.0:84): avc: denied { setsched } for scontext=u:r:kernel:s0 tcontext=u:r:sdcardd:s0 tclass=process permissive=1
01-01 11:15:09.019    45    45 I kworker/u16:2: type=1400 audit(0.0:85): avc: denied { setsched } for scontext=u:r:kernel:s0 tcontext=u:r:mediaextractor:s0 tclass=process permissive=1
01-01 11:15:09.019    45    45 I kworker/u16:2: type=1400 audit(0.0:86): avc: denied { setsched } for scontext=u:r:kernel:s0 tcontext=u:r:zygote:s0 tclass=process permissive=1
01-01 11:15:09.019    45    45 I kworker/u16:2: type=1400 audit(0.0:87): avc: denied { setsched } for scontext=u:r:kernel:s0 tcontext=u:r:audioserver:s0 tclass=process permissive=1
01-01 11:15:09.019    45    45 I kworker/u16:2: type=1400 audit(0.0:88): avc: denied { setsched } for scontext=u:r:kernel:s0 tcontext=u:r:mediadrmserver:s0 tclass=process permissive=1
01-01 11:15:09.019    45    45 I kworker/u16:2: type=1400 audit(0.0:89): avc: denied { setsched } for scontext=u:r:kernel:s0 tcontext=u:r:drmserver:s0 tclass=process permissive=1
01-01 11:15:09.019    45    45 I kworker/u16:2: type=1400 audit(0.0:90): avc: denied { setsched } for scontext=u:r:kernel:s0 tcontext=u:r:keystore:s0 tclass=process permissive=1
01-01 11:15:09.019    45    45 I kworker/u16:2: type=1400 audit(0.0:91): avc: denied { setsched } for scontext=u:r:kernel:s0 tcontext=u:r:vold:s0 tclass=process permissive=1
01-01 11:15:09.019    45    45 I kworker/u16:2: type=1400 audit(0.0:92): avc: denied { setsched } for scontext=u:r:kernel:s0 tcontext=u:r:fingerprintd:s0 tclass=process permissive=1
01-01 11:15:09.019    45    45 I kworker/u16:2: type=1400 audit(0.0:93): avc: denied { setsched } for scontext=u:r:kernel:s0 tcontext=u:r:netmgrd:s0 tclass=process permissive=1
01-01 11:15:09.019    45    45 I kworker/u16:2: type=1400 audit(0.0:94): avc: denied { setsched } for scontext=u:r:kernel:s0 tcontext=u:r:qti:s0 tclass=process permissive=1
01-01 11:15:09.019    45    45 I kworker/u16:2: type=1400 audit(0.0:95): avc: denied { setsched } for scontext=u:r:kernel:s0 tcontext=u:r:tee:s0 tclass=process permissive=1
01-01 11:15:09.019    45    45 I kworker/u16:2: type=1400 audit(0.0:96): avc: denied { setsched } for scontext=u:r:kernel:s0 tcontext=u:r:thermal-engine:s0 tclass=process permissive=1
01-01 11:15:09.019    45    45 I kworker/u16:2: type=1400 audit(0.0:97): avc: denied { setsched } for scontext=u:r:kernel:s0 tcontext=u:r:qmuxd:s0 tclass=process permissive=1
01-01 11:15:09.019    45    45 I kworker/u16:2: type=1400 audit(0.0:98): avc: denied { setsched } for scontext=u:r:kernel:s0 tcontext=u:r:per_mgr:s0 tclass=process permissive=1
01-01 11:15:09.019    45    45 I kworker/u16:2: type=1400 audit(0.0:99): avc: denied { setsched } for scontext=u:r:kernel:s0 tcontext=u:r:time_daemon:s0 tclass=process permissive=1
01-01 11:15:09.019    45    45 I kworker/u16:2: type=1400 audit(0.0:100): avc: denied { setsched } for scontext=u:r:kernel:s0 tcontext=u:r:rmt_storage:s0 tclass=process permissive=1
01-01 11:15:09.019    45    45 I kworker/u16:2: type=1400 audit(0.0:101): avc: denied { setsched } for scontext=u:r:kernel:s0 tcontext=u:r:ipacm:s0 tclass=process permissive=1
01-01 11:15:09.019    45    45 I kworker/u16:2: type=1400 audit(0.0:102): avc: denied { setsched } for scontext=u:r:kernel:s0 tcontext=u:r:ipacm-diag:s0 tclass=process permissive=1
01-01 11:15:09.019    45    45 I kworker/u16:2: type=1400 audit(0.0:103): avc: denied { setsched } for scontext=u:r:kernel:s0 tcontext=u:r:perfprofd:s0 tclass=process permissive=1
01-01 11:15:09.019    45    45 I kworker/u16:2: type=1400 audit(0.0:104): avc: denied { setsched } for scontext=u:r:kernel:s0 tcontext=u:r:gatekeeperd:s0 tclass=process permissive=1
01-01 11:15:09.019    45    45 I kworker/u16:2: type=1400 audit(0.0:105): avc: denied { setsched } for scontext=u:r:kernel:s0 tcontext=u:r:rfs_access:s0 tclass=process permissive=1
01-01 11:15:09.019    45    45 I kworker/u16:2: type=1400 audit(0.0:106): avc: denied { setsched } for scontext=u:r:kernel:s0 tcontext=u:r:servicemanager:s0 tclass=process permissive=1
01-01 11:15:09.032  2637  2637 I ActivityManager: Start proc 6467:com.android.deskclock/u0a49 for broadcast com.android.deskclock/.AlarmInitReceiver
01-01 11:15:09.034  2637  3594 D lights  : set_light_battery
01-01 11:15:09.035  2637  3594 D lights  : handle_speaker_light_locked
01-01 11:15:09.035  2637  3594 D lights  : set_speaker_light_locked run
01-01 11:15:09.035  2637  3594 D lights  : set_speaker_light_locked mode=0 brightnsS=0
01-01 11:15:09.090  6467  6467 W System  : ClassLoader referenced unknown path: /system/app/DeskClock/lib/arm64
01-01 11:15:09.105  2637  2637 I InputMethodManagerService: All the enabled IMEs are gone. Reset default enabled IMEs.
01-01 11:15:09.110  2637  3587 V BackupManagerService: No ancestral data
01-01 11:15:09.122  2637  3587 V BackupManagerService: Starting with transport com.google.android.gms/.backup.BackupTransportService
01-01 11:15:09.123  2637  3587 V BackupManagerService: Found transports: 1
01-01 11:15:09.123  2637  3586 W Searchables: No global search activity found
01-01 11:15:09.125  2637  3587 I BackupManagerService: Backup enable apparently not migrated
01-01 11:15:09.125  2637  3587 I BackupManagerService: Migrating enable state false
01-01 11:15:09.126  2637  3587 I BackupManagerService: Backup enabled => false
01-01 11:15:09.148  2637  2637 V BackupManagerService: Connected to transport ComponentInfo{android/com.android.internal.backup.LocalTransportService}
01-01 11:15:09.148  2637  2637 V BackupManagerService: Registering transport android/com.android.internal.backup.LocalTransportService::android/com.android.internal.backup.LocalTransport = android.app.backup.BackupTransport$TransportImpl@61043e5
01-01 11:15:09.151  2637  6489 V KeyValueBackupJob: Scheduling k/v pass in 243 minutes
01-01 11:15:09.181  2637  3587 W AppWidgetServiceImpl: Failed to read state: java.io.FileNotFoundException: /data/system/users/0/appwidgets.xml (No such file or directory)
01-01 11:15:09.182  2637  3587 V AppWidgetServiceImpl: Upgrading widget database from 0 to 1
01-01 11:15:09.182  2637  3587 W VoiceInteractionManagerService: no available voice interaction services found for user 0
01-01 11:15:09.182  2637  3587 W VoiceInteractionManagerService: no available voice recognition services found for user 0
01-01 11:15:09.183  2637  3587 I BrokerableMKSystemService: Connecting to implementation
01-01 11:15:09.184  2637  3587 W ContextImpl: Calling a method in the system process without a qualified user: android.app.ContextImpl.bindService:1421 org.mokee.platform.internal.BrokerableMKSystemService.tryConnecting:200 org.mokee.platform.internal.WeatherManagerServiceBroker.onUnlockUser:98 com.android.server.SystemServiceManager.unlockUser:182 com.android.server.am.ActivityManagerService$MainHandler.handleMessage:2062 
01-01 11:15:09.202  2637  3587 I ActivityManager: Start proc 6514:org.mokee.weatherservice/u0a32 for service org.mokee.weatherservice/.WeatherManagerService
01-01 11:15:09.202  2637  3588 I ActivityManager: Config changes=20 {1.0 ?mcc?mnc [zh_CN] ldltr sw360dp w360dp h616dp 480dpi nrml long port finger -keyb/v/h -nav/h s.6}
01-01 11:15:09.209  2637  6513 W ResourceType: No known package when getting value for resource number 0x7f020118
01-01 11:15:09.209  2637  6513 W ResourceType: No known package when getting value for resource number 0x7f0c04dc
01-01 11:15:09.210  2637  6513 W ResourceType: No known package when getting value for resource number 0x7f020117
01-01 11:15:09.210  2637  6513 W ResourceType: No known package when getting value for resource number 0x7f0c0a6b
01-01 11:15:09.210  2637  6513 W ResourceType: No known package when getting value for resource number 0x7f020116
01-01 11:15:09.210  2637  6513 W ResourceType: No known package when getting value for resource number 0x7f0c0925
01-01 11:15:09.233   434   434 E qdhwcomposer: qdcmApplyDefaultAfterBootAnimationDone: Not able to load libmm-qdcm.so
01-01 11:15:09.246  2637  6513 W ResourceType: No known package when getting value for resource number 0x7f020057
01-01 11:15:09.246  2637  6513 W ResourceType: No known package when getting value for resource number 0x7f08018f
01-01 11:15:09.246  2637  6513 W ResourceType: No known package when getting value for resource number 0x7f08018f
01-01 11:15:09.246  2637  6513 W ResourceType: No known package when getting value for resource number 0x7f080190
01-01 11:15:09.248  2637  3586 I ActivityManager: Start proc 6538:com.android.printspooler/u0a61 for service com.android.printspooler/.model.PrintSpoolerService
01-01 11:15:09.252  2637  3587 I ActivityManager: Loading recents for user 0 into memory.
01-01 11:15:09.254  2637  6513 W ResourceType: No known package when getting value for resource number 0x7f020022
01-01 11:15:09.254  2637  6513 W ResourceType: No known package when getting value for resource number 0x7f0b01dc
01-01 11:15:09.277  2637  3587 I ActivityManager: Start proc 6557:com.qualcomm.qti.tetherservice/1000 for added application com.qualcomm.qti.tetherservice
01-01 11:15:09.289  6555  6555 E ANDR-PERF-TARGET-INIT: Inside InitializeTarget
01-01 11:15:09.290  6555  6555 E ANDR-PERF-TARGET-INIT: Init msm8952
01-01 11:15:09.291  6555  6555 E ANDR-PERF-OPTSDATA: Error: Core ctl not present
01-01 11:15:09.291  6555  6555 E ANDR-PERF-OPTSDATA: Error: core_ctl not present or min/max cpu nodes initialization failed
01-01 11:15:09.301  6555  6572 E ANDR-PERF-MPCTL: Unable to open -1
01-01 11:15:09.302  6555  6571 E ANDR-PERF-MPCTL: perflock: Workload detect thread created
01-01 11:15:09.302  6555  6571 E ANDR-PERF-MPCTL: perflockERR: Unable to open iowait fd. Returned:-1
01-01 11:15:09.302  6555  6571 E ANDR-PERF-MPCTL: perflockERR: Unable to open mode fd. Returned:-1
01-01 11:15:09.302  6555  6571 E ANDR-PERF-MPCTL: perflock: No workload detection fd found
01-01 11:15:09.312  2637  3587 I ActivityManager: Start proc 6574:com.mokee.audiofx/u0a4 for added application com.mokee.audiofx
01-01 11:15:09.314  2637  3587 V ActivityManager: Installing ContentProviderInfo{name=com.google.android.apps.inputmethod.pinyin.user_dictionary className=com.google.android.apps.inputmethod.libs.dataservice.sync.StubProvider}
01-01 11:15:09.316  2637  3587 I PreBootBroadcaster: Pre-boot of {com.android.managedprovisioning/com.android.managedprovisioning.PreBootListener} for user 0
01-01 11:15:09.343  6574  6574 W System  : ClassLoader referenced unknown path: /system/priv-app/AudioFX/lib/arm64
01-01 11:15:09.359  6557  6557 W System  : ClassLoader referenced unknown path: /system/priv-app/QtiTetherService/lib/arm64
01-01 11:15:09.379  6514  6514 W System  : ClassLoader referenced unknown path: /system/priv-app/WeatherManagerService/lib/arm64
01-01 11:15:09.387  6557  6557 I QtiTetherService/TetherServiceApp: onCreate()
01-01 11:15:09.388  6557  6557 W ContextImpl: Calling a method in the system process without a qualified user: android.app.ContextImpl.startService:1357 android.content.ContextWrapper.startService:613 com.qualcomm.qti.tetherservice.TetherServiceApp.onCreate:30 android.app.Instrumentation.callApplicationOnCreate:1025 android.app.ActivityThread.handleBindApplication:5460 
01-01 11:15:09.391  6467  6467 I AlarmClock: AlarmInitReceiver android.intent.action.LOCKED_BOOT_COMPLETED
01-01 11:15:09.396  6155  6155 D FallbackHome: User unlocked and real home found; let's go!
01-01 11:15:09.400  6555  6570 E ANDR-PERF-RESOURCEQS: Failed to apply optimization [4, 1]
01-01 11:15:09.410  2637  3585 I ActivityManager: Start proc 6615:com.android.smspush/u0a63 for service com.android.smspush/.WapPushManager
01-01 11:15:09.414  2637  3584 I WindowManager: Screen frozen for +200ms due to AppWindowToken{4d38548 token=Token{a707b3a ActivityRecord{4e08265 u0 com.android.settings/.FallbackHome t2}}}
01-01 11:15:09.430  2637  3585 I ActivityManager: START u0 {act=android.intent.action.MAIN cat=[android.intent.category.HOME] flg=0x10000100 cmp=com.mokee.setupwizard/.ui.SetupWizardActivity} from uid 0 on display 0
01-01 11:15:09.430  6467  6467 D AlarmClock/Events: [Stopwatch] [Reset] [Reboot]
01-01 11:15:09.449  2637  3585 I ActivityManager: Start proc 6633:com.mokee.setupwizard/1000 for activity com.mokee.setupwizard/.ui.SetupWizardActivity
01-01 11:15:09.453  6557  6557 I QtiTetherService: onCreate()
01-01 11:15:09.475  6615  6615 W System  : ClassLoader referenced unknown path: /system/app/WAPPushManager/lib/arm64
01-01 11:15:09.481  2637  2637 I AccountManagerService: User 0 is unlocked - opening CE database
01-01 11:15:09.486  6557  6557 I libmdmdetect: ESOC framework not supported
01-01 11:15:09.487  6557  6557 I libmdmdetect: Found internal modem: modem
01-01 11:15:09.489  6557  6557 I QtiTetherService/IpaWrapper: stopAllOffload()
01-01 11:15:09.489  6557  6557 I libQtiTether: stopOffload called for upstream=* tether=* type=0
01-01 11:15:09.489  6557  6557 I libQtiTether: stopOffload(upstream=*, tether=*, type=0)
01-01 11:15:09.489  6557  6557 E libQtiTether: Socket creation failed: Permission denied
01-01 11:15:09.489  6557  6557 I libQtiTether: stopOffload called for upstream=* tether=* type=1
01-01 11:15:09.489  6557  6557 I libQtiTether: stopOffload(upstream=*, tether=*, type=1)
01-01 11:15:09.490  6557  6557 E libQtiTether: Socket creation failed: Permission denied
01-01 11:15:09.490  6557  6557 I QtiTetherService/NetdWrapper: stopRadish(): ndc qticonnectivity tether stop
01-01 11:15:09.499  2637  5711 I ActivityManager: Start proc 6651:com.android.keychain/1000 for service com.android.keychain/.KeyChainService
01-01 11:15:09.519  5769  5769 W KeyguardUpdateMonitor: invalid subId in handleSimStateChange()
01-01 11:15:09.524  6633  6633 W System  : ClassLoader referenced unknown path: /system/priv-app/MoKeeSetupWizard/lib/arm64
01-01 11:15:09.531  5769  5769 W KeyguardUpdateMonitor: invalid subId in handleSimStateChange()
01-01 11:15:09.537  6651  6651 W System  : ClassLoader referenced unknown path: /system/app/KeyChain/lib/arm64
01-01 11:15:09.564  6557  6557 I libQtiTether: getLibraryVersion called V1.1
01-01 11:15:09.564  6557  6557 I QtiTetherService/QmiNotifier: QmiNotifier created with library version V1.1
01-01 11:15:09.565  6557  6673 I QtiTetherService/QmiNotifier: Beginning runnable loop
01-01 11:15:09.565  6557  6673 I libQtiTether: InitNotifyCb()
01-01 11:15:09.566  6557  6557 I QtiTetherService/FrameworkAmbassador: Adding system service: qtitetherservice
01-01 11:15:09.567   433   433 E SELinux : avc:  denied  { add } for service=qtitetherservice pid=6557 uid=1000 scontext=u:r:system_app:s0 tcontext=u:object_r:qtitetherservice_service:s0 tclass=service_manager permissive=1
01-01 11:15:09.568  6557  6557 I QtiTetherService: Registered system service: qtitetherservice
01-01 11:15:09.569  6557  6673 E QC-QMI  : qmi_client [6557]: unable to bind to client socket, rc = -1 errno[13:Permission denied]
01-01 11:15:09.569  6557  6673 E QC-QMI  : qmi_qmux_if_pwr_up_init_ex:  Initialization failed, rc = -1
01-01 11:15:09.569  6557  6673 E QMI_FW  : QMUXD: WARNING qmi_qmux_if_pwr_up_init failed! rc=-1
01-01 11:15:09.569  6557  6673 I libQtiTether: qmiNotifyCb() INC
01-01 11:15:09.569  6557  6673 D libQtiTether: putEvent(1) write=0 read=0
01-01 11:15:09.569  6557  6673 I libQtiTether: getEvent()
01-01 11:15:09.569  6557  6673 D libQtiTether: getEvent() write=1 read=0
01-01 11:15:09.569  6557  6673 I QtiTetherService/TetherCommunication: Posting: TetherEvent -- ModemUp{}
01-01 11:15:09.569  6557  6673 I libQtiTether: InitErrorCb()
01-01 11:15:09.570  6557  6673 E QC-QMI  : qmi_client [6557]: unable to bind to client socket, rc = -1 errno[13:Permission denied]
01-01 11:15:09.570  6557  6673 E QC-QMI  : qmi_qmux_if_pwr_up_init_ex:  Initialization failed, rc = -1
01-01 11:15:09.570  6557  6673 E QMI_FW  : QMUXD: WARNING qmi_qmux_if_pwr_up_init failed! rc=-1
01-01 11:15:09.571  6557  6673 E QC-QMI  : qmi_client [6557]: unable to bind to client socket, rc = -1 errno[13:Permission denied]
01-01 11:15:09.571  6557  6673 E QC-QMI  : qmi_qmux_if_pwr_up_init_ex:  Initialization failed, rc = -1
01-01 11:15:09.571  6557  6673 E QMI_FW  : QMUXD: WARNING qmi_qmux_if_pwr_up_init failed! rc=-1
01-01 11:15:09.571  6557  6673 E QC-QMI  : qmi_client [6557]: unable to bind to client socket, rc = -1 errno[13:Permission denied]
01-01 11:15:09.571  6557  6673 E QC-QMI  : qmi_qmux_if_pwr_up_init_ex:  Initialization failed, rc = -1
01-01 11:15:09.571  6557  6673 E QMI_FW  : QMUXD: WARNING qmi_qmux_if_pwr_up_init failed! rc=-1
01-01 11:15:09.571  6557  6673 I libQtiTether: teardownNotifyCb()
01-01 11:15:09.579  2637  2637 I AccountManagerService: Creating CE database /data/system_ce/0/accounts_ce.db
01-01 11:15:09.579  6467  6631 I AlarmClock: Alarms Table created
01-01 11:15:09.581  6467  6631 I AlarmClock: Instance table created
01-01 11:15:09.581  6467  6631 I AlarmClock: Inserting default alarms
01-01 11:15:09.587  6557  6557 I QtiTetherService: onStartCommand()
01-01 11:15:09.587  6557  6557 I QtiTetherService: handleMessage(TetherEvent -- ModemUp{})
01-01 11:15:09.587  6557  6557 I QtiTetherService/IpaWrapper: notifyModemUp()
01-01 11:15:09.587  6557  6557 D QtiTetherService/IpaWrapper: getStats(true)
01-01 11:15:09.587  2637  6103 I PackageManager: Replacing preferred activity com.android.messaging/.ui.conversation.LaunchConversationActivity for user 0:
01-01 11:15:09.587  2637  6103 I PackageManager:   Action: "android.intent.action.SENDTO"
01-01 11:15:09.587  2637  6103 I PackageManager:   Category: "android.intent.category.DEFAULT"
01-01 11:15:09.587  2637  6103 I PackageManager:   Scheme: "sms"
01-01 11:15:09.587  2637  6103 I PackageManager:   AutoVerify=false
01-01 11:15:09.590  2637  3584 I PackageManager: Replacing preferred activity com.android.messaging/.ui.conversation.LaunchConversationActivity for user 0:
01-01 11:15:09.590  2637  3584 I PackageManager:   Action: "android.intent.action.SENDTO"
01-01 11:15:09.590  2637  3584 I PackageManager:   Category: "android.intent.category.DEFAULT"
01-01 11:15:09.590  2637  3584 I PackageManager:   Scheme: "smsto"
01-01 11:15:09.590  2637  3584 I PackageManager:   AutoVerify=false
01-01 11:15:09.592  2637  6106 I PackageManager: Replacing preferred activity com.android.messaging/.ui.conversation.LaunchConversationActivity for user 0:
01-01 11:15:09.592  2637  6106 I PackageManager:   Action: "android.intent.action.SENDTO"
01-01 11:15:09.592  2637  6106 I PackageManager:   Category: "android.intent.category.DEFAULT"
01-01 11:15:09.592  2637  6106 I PackageManager:   Scheme: "mms"
01-01 11:15:09.592  2637  6106 I PackageManager:   AutoVerify=false
01-01 11:15:09.596  2637  6150 I PackageManager: Replacing preferred activity com.android.messaging/.ui.conversation.LaunchConversationActivity for user 0:
01-01 11:15:09.596  2637  6150 I PackageManager:   Action: "android.intent.action.SENDTO"
01-01 11:15:09.596  2637  6150 I PackageManager:   Category: "android.intent.category.DEFAULT"
01-01 11:15:09.596  2637  6150 I PackageManager:   Scheme: "mmsto"
01-01 11:15:09.596  2637  6150 I PackageManager:   AutoVerify=false
01-01 11:15:09.602  5769  5769 D PhoneStatusBar: disable: < EXPAND* ICONS* ALERTS* system_info back HOME* RECENT* clock SEARCH* quick_settings >
01-01 11:15:09.603  5769  5769 D PhoneStatusBar: heads up is disabled
01-01 11:15:09.603  5769  5769 D PhoneStatusBar: dismissing any existing heads up notification on disable event
01-01 11:15:09.653  6467  6631 V AlarmClock: AlarmInitReceiver finished
01-01 11:15:09.667  2637  3584 I ActivityManager: Start proc 6683:android.process.media/u0a9 for broadcast com.android.providers.downloads/.DownloadReceiver
01-01 11:15:09.683  2637  2637 I BrokerableMKSystemService: Implementation service connected
01-01 11:15:09.703  2637  2637 I DefaultPermGrantPolicy: Granting permissions to default sms app for user:0
01-01 11:15:09.712  6683  6683 W System  : ClassLoader referenced unknown path: /system/priv-app/DownloadProvider/lib/arm64
01-01 11:15:09.738  6683  6683 W System  : ClassLoader referenced unknown path: /system/priv-app/MediaProvider/lib/arm64
01-01 11:15:09.740  6683  6683 D ApplicationLoaders: ignored Vulkan layer search path /system/priv-app/MediaProvider/lib/arm64:/system/priv-app/MediaProvider/MediaProvider.apk!/lib/arm64-v8a:/system/lib64:/vendor/lib64 for namespace 0x7fa11ed0f0
01-01 11:15:09.744  6557  6673 I libQtiTether: getEvent()
01-01 11:15:09.744  6557  6673 D libQtiTether: getEvent() write=1 read=1
01-01 11:15:09.759  6098  6098 D PhoneSwitcherNetworkRequstListener: Registering NetworkFactory
01-01 11:15:09.760  2637  5703 D ConnectivityService: Got NetworkFactory Messenger for PhoneSwitcherNetworkRequstListener
01-01 11:15:09.770  2637  5703 D ConnectivityService: Got NetworkFactory Messenger for TelephonyNetworkFactory[0]
01-01 11:15:09.771  2637  5703 D ConnectivityService: Got NetworkFactory Messenger for TelephonyNetworkFactory[1]
01-01 11:15:09.791  6633  6633 W GooglePlayServicesUtil: Google Play services is missing.
01-01 11:15:09.810  6683  6683 I DownloadManager: Upgrading downloads database from version 0 to version 110, which will destroy all old data
01-01 11:15:09.811  2637  3584 I ActivityManager: Start proc 6717:android.process.acore/u0a1 for content provider com.android.providers.contacts/.ContactsProvider2
01-01 11:15:09.815  6098  6098 D CarrierConfigLoader: CarrierConfigLoader has started
01-01 11:15:09.817  2637  3593 D BluetoothManagerService: Message: 20
01-01 11:15:09.818  2637  3593 D BluetoothManagerService: Added callback: android.bluetooth.IBluetoothManagerCallback$Stub$Proxy@607f27b:true
01-01 11:15:09.820  2637  3593 D BluetoothManagerService: Message: 30
01-01 11:15:09.848  6098  6098 I Telephony: TtyManager: updateUiTtyMode -1 -> 0
01-01 11:15:09.852  6633  6633 W ContextImpl: Calling a method in the system process without a qualified user: android.app.ContextImpl.bindService:1421 android.content.ContextWrapper.bindService:636 android.speech.tts.TextToSpeech.connectToEngine:810 android.speech.tts.TextToSpeech.initTts:780 android.speech.tts.TextToSpeech.<init>:733 
01-01 11:15:09.853  6717  6717 W System  : ClassLoader referenced unknown path: /system/priv-app/ContactsProvider/lib/arm64
01-01 11:15:09.866  2637  3585 I ActivityManager: Start proc 6738:com.svox.pico/u0a58 for service com.svox.pico/.PicoService
01-01 11:15:09.867  6633  6633 I TextToSpeech: Sucessfully bound to com.svox.pico
01-01 11:15:09.869  6098  6098 I Telephony: TtyManager: updateUiTtyMode -1 -> 0
01-01 11:15:09.875  6633  6633 E MediaPlayer-JNI: JNIMediaPlayerFactory: bIsQCMediaPlayerPresent 0
01-01 11:15:09.875  6633  6633 E MediaPlayer-JNI: JNIMediaPlayerFactory: bIsQCMediaPlayerPresent 0
01-01 11:15:09.884  6633  6633 W MediaPlayer: Couldn't open content://settings/system/notification_sound_cache: java.io.FileNotFoundException: No such file or directory
01-01 11:15:09.884  6633  6633 W MediaPlayer: Couldn't open null: java.lang.NullPointerException: uri
01-01 11:15:09.890   486  5871 E MediaPlayerService: Couldn't open fd for content://settings/system/notification_sound
01-01 11:15:09.890  6633  6633 E MediaPlayer: Unable to create media player
01-01 11:15:09.892  6633  6633 D Ringtone: Problem opening; delegating to remote player
01-01 11:15:09.896  6633  6633 E MediaPlayer-JNI: JNIMediaPlayerFactory: bIsQCMediaPlayerPresent 0
01-01 11:15:09.896  6633  6633 E MediaPlayer-JNI: JNIMediaPlayerFactory: bIsQCMediaPlayerPresent 0
01-01 11:15:09.900  6633  6633 W MediaPlayer: Couldn't open content://settings/system/notification_sound_cache: java.io.FileNotFoundException: No such file or directory
01-01 11:15:09.901  6633  6633 W MediaPlayer: Couldn't open null: java.lang.NullPointerException: uri
01-01 11:15:09.905   486  5874 E MediaPlayerService: Couldn't open fd for content://settings/system/notification_sound
01-01 11:15:09.906  6633  6633 E MediaPlayer: Unable to create media player
01-01 11:15:09.907  6633  6633 D Ringtone: Problem opening; delegating to remote player
01-01 11:15:09.922  2637  3593 D BluetoothManagerService: Message: 400
01-01 11:15:09.922  6098  6133 D BluetoothHeadset: Proxy object connected
01-01 11:15:09.933  6717  6717 I ContactsPerf: VoicemailContentProvider.onCreate start
01-01 11:15:09.937  6717  6717 I ContactsPerf: VoicemailContentProvider.onCreate finish
01-01 11:15:09.950  6717  6717 W System  : ClassLoader referenced unknown path: /system/priv-app/BlockedNumberProvider/lib/arm64
01-01 11:15:09.951  6717  6717 D ApplicationLoaders: ignored Vulkan layer search path /system/priv-app/BlockedNumberProvider/lib/arm64:/system/lib64:/vendor/lib64 for namespace 0x7fa11ed0f0
01-01 11:15:09.964  6717  6717 W System  : ClassLoader referenced unknown path: /system/app/UserDictionaryProvider/lib/arm64
01-01 11:15:09.965  6717  6717 D ApplicationLoaders: ignored Vulkan layer search path /system/app/UserDictionaryProvider/lib/arm64:/system/lib64:/vendor/lib64 for namespace 0x7fa11ed160
01-01 11:15:09.982  6738  6738 V SynthProxy: About to load libttspico.so, applyFilter=true
01-01 11:15:09.985  6717  6717 D StrictMode: StrictMode policy violation; ~duration=80 ms: android.os.StrictMode$StrictModeDiskWriteViolation: policy=65565 violation=1
01-01 11:15:09.985  6717  6717 D StrictMode: 	at android.os.StrictMode$AndroidBlockGuardPolicy.onWriteToDisk(StrictMode.java:1253)
01-01 11:15:09.985  6717  6717 D StrictMode: 	at libcore.io.BlockGuardOs.mkdir(BlockGuardOs.java:173)
01-01 11:15:09.985  6717  6717 D StrictMode: 	at android.system.Os.mkdir(Os.java:282)
01-01 11:15:09.985  6717  6717 D StrictMode: 	at android.app.ContextImpl.ensurePrivateDirExists(ContextImpl.java:514)
01-01 11:15:09.985  6717  6717 D StrictMode: 	at android.app.ContextImpl.getPreferencesDir(ContextImpl.java:468)
01-01 11:15:09.985  6717  6717 D StrictMode: 	at android.app.ContextImpl.getSharedPreferencesPath(ContextImpl.java:627)
01-01 11:15:09.985  6717  6717 D StrictMode: 	at android.app.ContextImpl.getSharedPreferences(ContextImpl.java:345)
01-01 11:15:09.985  6717  6717 D StrictMode: 	at android.content.ContextWrapper.getSharedPreferences(ContextWrapper.java:164)
01-01 11:15:09.985  6717  6717 D StrictMode: 	at android.preference.PreferenceManager.getDefaultSharedPreferences(PreferenceManager.java:487)
01-01 11:15:09.985  6717  6717 D StrictMode: 	at com.android.providers.contacts.FastScrollingIndexCache.getInstance(FastScrollingIndexCache.java:95)
01-01 11:15:09.985  6717  6717 D StrictMode: 	at com.android.providers.contacts.ContactsProvider2.initialize(ContactsProvider2.java:1600)
01-01 11:15:09.985  6717  6717 D StrictMode: 	at com.android.providers.contacts.ContactsProvider2.onCreate(ContactsProvider2.java:1575)
01-01 11:15:09.985  6717  6717 D StrictMode: 	at android.content.ContentProvider.attachInfo(ContentProvider.java:1751)
01-01 11:15:09.985  6717  6717 D StrictMode: 	at android.content.ContentProvider.attachInfo(ContentProvider.java:1726)
01-01 11:15:09.985  6717  6717 D StrictMode: 	at android.app.ActivityThread.installProvider(ActivityThread.java:5910)
01-01 11:15:09.985  6717  6717 D StrictMode: 	at android.app.ActivityThread.installContentProviders(ActivityThread.java:5502)
01-01 11:15:09.985  6717  6717 D StrictMode: 	at android.app.ActivityThread.handleBindApplication(ActivityThread.java:5441)
01-01 11:15:09.985  6717  6717 D StrictMode: 	at android.app.ActivityThread.-wrap2(ActivityThread.java)
01-01 11:15:09.985  6717  6717 D StrictMode: 	at android.app.ActivityThread$H.handleMessage(ActivityThread.java:1556)
01-01 11:15:09.985  6717  6717 D StrictMode: 	at android.os.Handler.dispatchMessage(Handler.java:102)
01-01 11:15:09.985  6717  6717 D StrictMode: 	at android.os.Looper.loop(Looper.java:154)
01-01 11:15:09.985  6717  6717 D StrictMode: 	at android.app.ActivityThread.main(ActivityThread.java:6176)
01-01 11:15:09.985  6717  6717 D StrictMode: 	at java.lang.reflect.Method.invoke(Native Method)
01-01 11:15:09.985  6717  6717 D StrictMode: 	at com.android.internal.os.ZygoteInit$MethodAndArgsCaller.run(ZygoteInit.java:888)
01-01 11:15:09.985  6717  6717 D StrictMode: 	at com.android.internal.os.ZygoteInit.main(ZygoteInit.java:778)
01-01 11:15:09.985  6717  6717 D StrictMode: StrictMode policy violation; ~duration=79 ms: android.os.StrictMode$StrictModeDiskWriteViolation: policy=65565 violation=1
01-01 11:15:09.985  6717  6717 D StrictMode: 	at android.os.StrictMode$AndroidBlockGuardPolicy.onWriteToDisk(StrictMode.java:1253)
01-01 11:15:09.985  6717  6717 D StrictMode: 	at libcore.io.BlockGuardOs.chmod(BlockGuardOs.java:73)
01-01 11:15:09.985  6717  6717 D StrictMode: 	at android.system.Os.chmod(Os.java:68)
01-01 11:15:09.985  6717  6717 D StrictMode: 	at android.app.ContextImpl.ensurePrivateDirExists(ContextImpl.java:515)
01-01 11:15:09.985  6717  6717 D StrictMode: 	at android.app.ContextImpl.getPreferencesDir(ContextImpl.java:468)
01-01 11:15:09.985  6717  6717 D StrictMode: 	at android.app.ContextImpl.getSharedPreferencesPath(ContextImpl.java:627)
01-01 11:15:09.985  6717  6717 D StrictMode: 	at android.app.ContextImpl.getSharedPreferences(ContextImpl.java:345)
01-01 11:15:09.985  6717  6717 D StrictMode: 	at android.content.ContextWrapper.getSharedPreferences(ContextWrapper.java:164)
01-01 11:15:09.985  6717  6717 D StrictMode: 	at android.preference.PreferenceManager.getDefaultSharedPreferences(PreferenceManager.java:487)
01-01 11:15:09.985  6717  6717 D StrictMode: 	at com.android.providers.contacts.FastScrollingIndexCache.getInstance(FastScrollingIndexCache.java:95)
01-01 11:15:09.985  6717  6717 D StrictMode: 	at com.android.providers.contacts.ContactsProvider2.initialize(ContactsProvider2.java:1600)
01-01 11:15:09.985  6717  6717 D StrictMode: 	at com.android.providers.contacts.ContactsProvider2.onCreate(ContactsProvider2.java:1575)
01-01 11:15:09.985  6717  6717 D StrictMode: 	at android.content.ContentProvider.attachInfo(ContentProvider.java:1751)
01-01 11:15:09.985  6717  6717 D StrictMode: 	at android.content.ContentProvider.attachInfo(ContentProvider.java:1726)
01-01 11:15:09.985  6717  6717 D StrictMode: 	at android.app.ActivityThread.installProvider(ActivityThread.java:5910)
01-01 11:15:09.985  6717  6717 D StrictMode: 	at android.app.ActivityThread.installContentProviders(ActivityThread.java:5502)
01-01 11:15:09.985  6717  6717 D StrictMode: 	at android.app.ActivityThread.handleBindApplication(ActivityThread.java:5441)
01-01 11:15:09.985  6717  6717 D StrictMode: 	at android.app.ActivityThread.-wrap2(ActivityThread.java)
01-01 11:15:09.985  6717  6717 D StrictMode: 	at android.app.ActivityThread$H.handleMessage(ActivityThread.java:1556)
01-01 11:15:09.985  6717  6717 D StrictMode: 	at android.os.Handler.dispatchMessage(Handler.java:102)
01-01 11:15:09.985  6717  6717 D StrictMode: 	at android.os.Looper.loop(Looper.java:154)
01-01 11:15:09.985  6717  6717 D StrictMode: 	at android.app.ActivityThread.main(ActivityThread.java:6176)
01-01 11:15:09.985  6717  6717 D StrictMode: 	at java.lang.reflect.Method.invoke(Native Method)
01-01 11:15:09.985  6717  6717 D StrictMode: 	at com.android.internal.os.ZygoteInit$MethodAndArgsCaller.run(ZygoteInit.java:888)
01-01 11:15:09.985  6717  6717 D StrictMode: 	at com.android.internal.os.ZygoteInit.main(ZygoteInit.java:778)
01-01 11:15:09.991  6683  6683 I MediaProvider: Upgrading media database from version 0 to 800, which will destroy all old data
01-01 11:15:10.026  6717  6763 I ContactsDatabaseHelper: Bootstrapping database version: 1111
01-01 11:15:10.079  6633  6823 I Adreno  : QUALCOMM build                   : 8e7f1f6, I3fd0b1e797
01-01 11:15:10.079  6633  6823 I Adreno  : Build Date                       : 09/08/16
01-01 11:15:10.079  6633  6823 I Adreno  : OpenGL ES Shader Compiler Version: XE031.07.00.00
01-01 11:15:10.079  6633  6823 I Adreno  : Local Branch                     : mybranch21764823
01-01 11:15:10.079  6633  6823 I Adreno  : Remote Branch                    : quic/LA.BR.1.3.3_rb1.25
01-01 11:15:10.079  6633  6823 I Adreno  : Remote Branch                    : NONE
01-01 11:15:10.079  6633  6823 I Adreno  : Reconstruct Branch               : NOTHING
01-01 11:15:10.088  6633  6823 I OpenGLRenderer: Initialized EGL, version 1.4
01-01 11:15:10.088  6633  6823 D OpenGLRenderer: Swap behavior 1
01-01 11:15:10.108  6633  6633 I TextToSpeech: Connected to ComponentInfo{com.svox.pico/com.svox.pico.PicoService}
01-01 11:15:10.118  6633  6829 I TextToSpeech: Set up connection to ComponentInfo{com.svox.pico/com.svox.pico.PicoService}
01-01 11:15:10.131  6717  6763 I ContactsProviderV1: Bootstrapping database legacy support
01-01 11:15:10.163  6683  6683 D MediaProvider: Adjusting external storage paths to: /storage/emulated/0
01-01 11:15:10.240  6683  6683 E SQLiteLog: (1) no such table: album_info
01-01 11:15:10.329  2637  3594 I ActivityManager: Displayed com.mokee.setupwizard/.ui.SetupWizardActivity: +892ms
01-01 11:15:10.333  6098  6098 D PhoneSwitcherNetworkRequstListener: got request NetworkRequest [ REQUEST id=1, [ Capabilities: INTERNET&NOT_RESTRICTED&TRUSTED&NOT_VPN] ] with score 0
01-01 11:15:10.333  6683  6683 D MediaScannerReceiver: action: android.intent.action.MEDIA_MOUNTED path: /storage/emulated/0
01-01 11:15:10.334  6098  6098 D TelephonyDebugService: TelephonyDebugService()
01-01 11:15:10.357  2637  3584 I ActivityManager: Start proc 6859:com.android.cellbroadcastreceiver/u0a3 for broadcast com.android.cellbroadcastreceiver/.CellBroadcastReceiver
01-01 11:15:10.390  6098  6098 D CarrierConfigLoader: mHandler: 12 phoneId: 0
01-01 11:15:10.390  6098  6098 D CarrierConfigLoader: Build fingerprint changed. old: null new: NX529J-userdebug 7.1.1 N6F26Q f051597dae test-keys
01-01 11:15:10.408  6859  6859 W System  : ClassLoader referenced unknown path: /system/priv-app/CellBroadcastReceiver/lib/arm64
01-01 11:15:10.452  6155  6155 I art     : Starting a blocking GC Explicit
01-01 11:15:10.463  2637  2637 I GnssLocationProvider: WakeLock acquired by sendMessage(12, 0, null)
01-01 11:15:10.487  6155  6155 I art     : Explicit concurrent mark sweep GC freed 6990(649KB) AllocSpace objects, 0(0B) LOS objects, 66% free, 1044KB/3MB, paused 250us total 35.606ms
01-01 11:15:10.490  6155  6155 I art     : Starting a blocking GC Explicit
01-01 11:15:10.492  2637  3586 I GnssLocationProvider: WakeLock released by handleMessage(12, 0, null)
01-01 11:15:10.508  5769  5769 W KeyguardUpdateMonitor: invalid subId in handleServiceStateChange()
01-01 11:15:10.510  6155  6155 I art     : Explicit concurrent mark sweep GC freed 288(11KB) AllocSpace objects, 0(0B) LOS objects, 66% free, 1034KB/3MB, paused 329us total 20.393ms
01-01 11:15:10.566  6717  6787 W art     : Long monitor contention with owner ContactsProviderWorker (6763) at int android.database.sqlite.SQLiteConnection.nativeExecuteForChangedRowCount(long, long)(SQLiteConnection.java:-2) waiters=0 in android.database.sqlite.SQLiteDatabase android.database.sqlite.SQLiteOpenHelper.getWritableDatabase() for 503ms
01-01 11:15:10.567  6717  6787 I CallLogDatabaseHelper: Migrating from old tables...
01-01 11:15:10.568  6717  6787 I CallLogDatabaseHelper: Source tables don't exist.
01-01 11:15:10.587  5769  5769 W KeyguardUpdateMonitor: invalid subId in handleSimStateChange()
01-01 11:15:10.593  5769  5769 W KeyguardUpdateMonitor: invalid subId in handleSimStateChange()
01-01 11:15:10.632  6098  6098 W Telephony: TelecomAccountRegistry: Failed to get status , slotId: 0 Exception: java.lang.NullPointerException: Attempt to invoke interface method 'int org.codeaurora.internal.IExtTelephony.getCurrentUiccCardProvisioningStatus(int)' on a null object reference
01-01 11:15:10.633  6098  6098 W Telephony: TelecomAccountRegistry: Failed to get status , slotId: 1 Exception: java.lang.NullPointerException: Attempt to invoke interface method 'int org.codeaurora.internal.IExtTelephony.getCurrentUiccCardProvisioningStatus(int)' on a null object reference
01-01 11:15:10.635  6098  6098 E PhoneInterfaceManager: [PhoneIntfMgr] getIccId: No UICC
01-01 11:15:10.642  6717  6787 I CallLogDatabaseHelper: Migrating from old tables...
01-01 11:15:10.644  6717  6787 I CallLogDatabaseHelper: Source tables don't exist.
01-01 11:15:10.652  2637  6150 I Telecom : PhoneAccountRegistrar: New phone account registered: [[ ] PhoneAccount: ComponentInfo{com.android.phone/com.android.services.telephony.TelephonyConnectionService}, [e0184adedf913b076626646d3f52c3b49c39ad6d], UserHandle{0} Capabilities: CallProvider MultiUser PlaceEmerg SimSub  Schemes: tel voicemail  Extras: null GroupId: [da39a3ee5e6b4b0d3255bfef95601890afd80709]]: TSI.rPA@AAs
01-01 11:15:10.656  2637  6150 I Telecom : : Sending phone-account registered intent as user: TSI.rPA@AAs
01-01 11:15:10.658  6098  6098 I Telephony: AccountEntry: Registered phoneAccount: [[ ] PhoneAccount: ComponentInfo{com.android.phone/com.android.services.telephony.TelephonyConnectionService}, [e0184adedf913b076626646d3f52c3b49c39ad6d], UserHandle{0} Capabilities: CallProvider MultiUser PlaceEmerg SimSub  Schemes: tel voicemail  Extras: null GroupId: [da39a3ee5e6b4b0d3255bfef95601890afd80709]] with handle: ComponentInfo{com.android.phone/com.android.services.telephony.TelephonyConnectionService}, [e0184adedf913b076626646d3f52c3b49c39ad6d], UserHandle{0}
01-01 11:15:10.659  6098  6098 I Telephony: PstnIncomingCallNotifier: Registering: Handler (com.android.internal.telephony.GsmCdmaPhone) {ec877d3}
01-01 11:15:10.663  5758  5758 I ContactsDataManager: onContentChanged()
01-01 11:15:10.664  5758  5758 I ShortcutsDataManager: onContentChanged()
01-01 11:15:10.666  5758  5758 I ContactsDataManager: onContentChanged()
01-01 11:15:10.666  5758  5758 I ShortcutsDataManager: onContentChanged()
01-01 11:15:10.667  2637  6600 I Telecom : PhoneAccountRegistrar: getUserSelVoicePhoneAccount, voice subId = -1: TSI.gUSOPA@AA0
01-01 11:15:10.667  2637  6600 I Telecom : PhoneAccountRegistrar: getUserSelVoicePhoneAccount, emergency account : TSI.gUSOPA@AA0
01-01 11:15:10.670  5758  5758 I GoogleInputMethod: performUserUnlock() : isUserInitiallyUnlocked = false
01-01 11:15:10.676  6155  6155 D SimSelectNotification:  no of slots 2 provision = false
01-01 11:15:10.682  6098  6098 E PhoneInterfaceManager: [PhoneIntfMgr] getIccId: No UICC
01-01 11:15:10.690  2637  3584 I ActivityManager: Start proc 6928:com.android.managedprovisioning/u0a15 for broadcast com.android.managedprovisioning/.PreBootListener
01-01 11:15:10.694  2637  3585 I Telecom : PhoneAccountRegistrar: [ComponentInfo{com.android.phone/com.android.services.telephony.TelephonyConnectionService}, [e0184adedf913b076626646d3f52c3b49c39ad6d], UserHandle{0}(icon: Icon(typ=BITMAP size=57x72) -> Icon(typ=BITMAP size=57x72))]: TSI.rPA@AA4
01-01 11:15:10.698  2637  3585 I Telecom : : Sending phone-account registered intent as user: TSI.rPA@AA4
01-01 11:15:10.704  5769  5769 W KeyguardUpdateMonitor: invalid subId in handleSimStateChange()
01-01 11:15:10.708  5769  5769 W KeyguardUpdateMonitor: invalid subId in handleSimStateChange()
01-01 11:15:10.719  6717  6763 I ContactLocale: AddressBook Labels [[zh_CN]]: […, A, B, C, D, E, F, G, H, I, J, K, L, M, N, O, P, Q, R, S, T, U, V, W, X, Y, Z, Α, Β, Γ, Δ, Ε, Ζ, Η, Θ, Ι, Κ, Λ, Μ, Ν, Ξ, Ο, Π, Ρ, Σ, Τ, Υ, Φ, Χ, Ψ, Ω, …, А, Б, В, Г, Д, Ђ, Е, Є, Ж, З, И, І, Й, Ј, К, Л, Љ, М, Н, Њ, О, П, Р, С, Т, Ћ, У, Ф, Х, Ц, Ч, Џ, Ш, Щ, Ю, Я, …, א, ב, ג, ד, ה, ו, ז, ח, ט, י, כ, ל, מ, נ, ס, ע, פ, צ, ק, ר, ש, ת, …, ا, ب, ت, ث, ج, ح, خ, د, ذ, ر, ز, س, ش, ص, ض, ط, ظ, ع, غ, ف, ق, ك, ل, م, ن, ه, و, ي, …, ก, ข, ฃ, ค, ฅ, ฆ, ง, จ, ฉ, ช, ซ, ฌ, ญ, ฎ, ฏ, ฐ, ฑ, ฒ, ณ, ด, ต, ถ, ท, ธ, น, บ, ป, ผ, ฝ, พ, ฟ, ภ, ม, ย, ร, ฤ, ล, ฦ, ว, ศ, ษ, ส, ห, ฬ, อ, ฮ, …, ㄱ, ㄴ, ㄷ, ㄹ, ㅁ, ㅂ, ㅅ, ㅇ, ㅈ, ㅊ, ㅋ, ㅌ, ㅍ, ㅎ, …, あ, か, さ, た, な, は, ま, や, ら, わ, #, …]
01-01 11:15:10.719  2637  2637 I GnssLocationProvider: WakeLock acquired by sendMessage(12, 0, null)
01-01 11:15:10.741  5769  5769 W KeyguardUpdateMonitor: invalid subId in handleServiceStateChange()
01-01 11:15:10.747  6928  6928 W System  : ClassLoader referenced unknown path: /system/priv-app/ManagedProvisioning/lib/arm64
01-01 11:15:10.751  6098  6098 I Telephony: PstnIncomingCallNotifier: Unregistering: Handler (com.android.internal.telephony.GsmCdmaPhone) {ec877d3}
01-01 11:15:10.752  6098  6098 W Telephony: TelecomAccountRegistry: Failed to get status , slotId: 0 Exception: java.lang.NullPointerException: Attempt to invoke interface method 'int org.codeaurora.internal.IExtTelephony.getCurrentUiccCardProvisioningStatus(int)' on a null object reference
01-01 11:15:10.753  6098  6098 W Telephony: TelecomAccountRegistry: Failed to get status , slotId: 1 Exception: java.lang.NullPointerException: Attempt to invoke interface method 'int org.codeaurora.internal.IExtTelephony.getCurrentUiccCardProvisioningStatus(int)' on a null object reference
01-01 11:15:10.755  6098  6098 E PhoneInterfaceManager: [PhoneIntfMgr] getIccId: No UICC
01-01 11:15:10.760  2637  3586 I GnssLocationProvider: WakeLock released by handleMessage(12, 0, null)
01-01 11:15:10.766  2637  6150 I Telecom : PhoneAccountRegistrar: [ComponentInfo{com.android.phone/com.android.services.telephony.TelephonyConnectionService}, [e0184adedf913b076626646d3f52c3b49c39ad6d], UserHandle{0}(icon: Icon(typ=BITMAP size=57x72) -> Icon(typ=BITMAP size=57x72))]: TSI.rPA@AA8
01-01 11:15:10.769  2637  6150 I Telecom : : Sending phone-account registered intent as user: TSI.rPA@AA8
01-01 11:15:10.771  6098  6098 I Telephony: AccountEntry: Registered phoneAccount: [[ ] PhoneAccount: ComponentInfo{com.android.phone/com.android.services.telephony.TelephonyConnectionService}, [e0184adedf913b076626646d3f52c3b49c39ad6d], UserHandle{0} Capabilities: CallProvider MultiUser PlaceEmerg SimSub  Schemes: tel voicemail  Extras: null GroupId: [da39a3ee5e6b4b0d3255bfef95601890afd80709]] with handle: ComponentInfo{com.android.phone/com.android.services.telephony.TelephonyConnectionService}, [e0184adedf913b076626646d3f52c3b49c39ad6d], UserHandle{0}
01-01 11:15:10.771  6098  6098 I Telephony: PstnIncomingCallNotifier: Registering: Handler (com.android.internal.telephony.GsmCdmaPhone) {ec877d3}
01-01 11:15:10.776  2637  3584 I PreBootBroadcaster: Pre-boot of {com.android.providers.calendar/com.android.providers.calendar.CalendarUpgradeReceiver} for user 0
01-01 11:15:10.779  2637  2637 D ZenLog  : disable_effects: 0|android|0|PreBootBroadcaster|1000,booleanState
01-01 11:15:10.784  2637  6150 I Telecom : PhoneAccountRegistrar: getUserSelVoicePhoneAccount, voice subId = -1: TSI.gUSOPA@ABE
01-01 11:15:10.784  2637  6150 I Telecom : PhoneAccountRegistrar: getUserSelVoicePhoneAccount, emergency account : TSI.gUSOPA@ABE
01-01 11:15:10.786  6098  6098 E PhoneInterfaceManager: [PhoneIntfMgr] getIccId: No UICC
01-01 11:15:10.795  2637  6600 I Telecom : PhoneAccountRegistrar: [ComponentInfo{com.android.phone/com.android.services.telephony.TelephonyConnectionService}, [e0184adedf913b076626646d3f52c3b49c39ad6d], UserHandle{0}(icon: Icon(typ=BITMAP size=57x72) -> Icon(typ=BITMAP size=57x72))]: TSI.rPA@ABI
01-01 11:15:10.798  2637  6600 I Telecom : : Sending phone-account registered intent as user: TSI.rPA@ABI
01-01 11:15:10.803  6155  6155 D SimSelectNotification:  no of slots 2 provision = false
