02-02 23:21:20.172  6098  7668 D IccSmsInterfaceManager: [IccSmsInterfaceManager] Calling setGsmBroadcastConfig with 4 configurations
02-02 23:21:21.853  2637  3587 I ActivityManager: Waited long enough for: ServiceRecord{1732bf6 u0 com.android.calendar/.alerts.InitAlarmsService}
02-02 23:21:22.119  2637  3585 I ActivityManager: Killing 6324:org.mokee.weather.provider/u0a33 (adj 906): empty #17
02-02 23:21:22.126  2637  3587 I ActivityManager: Waited long enough for: ServiceRecord{2ee0001 u0 com.android.email/.service.LegacyImapSyncAdapterService}
02-02 23:21:22.194  2637  6106 D ActivityManager: cleanUpApplicationRecord -- 6324
02-02 23:21:22.587  6098  7668 D IccSmsInterfaceManager: [IccSmsInterfaceManager] Added GSM cell broadcast subscription for MID range 4371 to 4372 from client com.android.cellbroadcastreceiver
02-02 23:21:22.587  6098  7668 D IccSmsInterfaceManager: [IccSmsInterfaceManager] Calling setCellBroadcastActivation(true)
02-02 23:21:22.603  6098  6891 D IccSmsInterfaceManager: [IccSmsInterfaceManager] Calling setGsmBroadcastConfig with 4 configurations
02-02 23:21:23.125   597   597 I MSM-irqbalance: Decided to move IRQ222 from CPU6 to CPU5
02-02 23:21:23.442  2637  3587 I ActivityManager: Waited long enough for: ServiceRecord{747d97 u0 com.mokee.aegis/.service.ManageHibernateService}
02-02 23:21:23.950  2637  3587 I ActivityManager: Waited long enough for: ServiceRecord{18efdb4 u0 com.qualcomm.qcrilmsgtunnel/.QcrilMsgTunnelService}
02-02 23:21:24.371  2637  3587 I ActivityManager: Waited long enough for: ServiceRecord{76c284d u0 projekt.substratum/.services.ThemeService}
02-02 23:21:25.019  6098  6891 D IccSmsInterfaceManager: [IccSmsInterfaceManager] Added GSM cell broadcast subscription for MID range 4373 to 4378 from client com.android.cellbroadcastreceiver
02-02 23:21:25.019  6098  6891 D IccSmsInterfaceManager: [IccSmsInterfaceManager] Calling setCellBroadcastActivation(true)
02-02 23:21:25.033  6098  7671 D IccSmsInterfaceManager: [IccSmsInterfaceManager] Calling setGsmBroadcastConfig with 4 configurations
02-02 23:21:25.163  2637  3587 I ActivityManager: Waited long enough for: ServiceRecord{a14bc12 u0 com.android.cellbroadcastreceiver/.CellBroadcastConfigService}
02-02 23:21:27.453  6098  7671 D IccSmsInterfaceManager: [IccSmsInterfaceManager] Added GSM cell broadcast subscription for MID range 4379 to 4379 from client com.android.cellbroadcastreceiver
02-02 23:21:27.453  6098  7671 D IccSmsInterfaceManager: [IccSmsInterfaceManager] Calling setCellBroadcastActivation(true)
02-02 23:21:27.469  6098  7670 D IccSmsInterfaceManager: [IccSmsInterfaceManager] Failed to remove GSM cell broadcast subscription for MID range 4380 to 4382 from client com.android.cellbroadcastreceiver
02-02 23:21:27.477  6098  7668 D IccSmsInterfaceManager: [IccSmsInterfaceManager] Calling setGsmBroadcastConfig with 4 configurations
02-02 23:21:29.882  6098  7668 D IccSmsInterfaceManager: [IccSmsInterfaceManager] Added GSM cell broadcast subscription for MID range 4383 to 4383 from client com.android.cellbroadcastreceiver
02-02 23:21:29.882  6098  7668 D IccSmsInterfaceManager: [IccSmsInterfaceManager] Calling setCellBroadcastActivation(true)
02-02 23:21:29.894  6098  7421 D IccSmsInterfaceManager: [IccSmsInterfaceManager] Calling setGsmBroadcastConfig with 5 configurations
02-02 23:21:30.162  2637  6150 W ActivityManager: Finishing task with all activities already finished
02-02 23:21:30.162  2637  6150 W ActivityManager: Duplicate finish request for ActivityRecord{7131a32 u0 com.android.stk/.StkDialogActivity t4 f}
02-02 23:21:30.939  6683  6870 V MediaScanner: pruneDeadThumbnailFiles... android.content.ContentProviderClient$CursorWrapperInner@9955c9e
02-02 23:21:30.940  6683  6870 V MediaScanner: /pruneDeadThumbnailFiles... android.content.ContentProviderClient$CursorWrapperInner@9955c9e
02-02 23:21:31.084  6683  6870 I MediaProvider: Upgrading media database from version 0 to 800, which will destroy all old data
02-02 23:21:31.117  6683  6692 I art     : Do partial code cache collection, code=50KB, data=54KB
02-02 23:21:31.117  6683  6692 I art     : After code cache collection, code=50KB, data=54KB
02-02 23:21:31.117  6683  6692 I art     : Increasing code cache capacity to 256KB
02-02 23:21:31.169  6683  6870 D MediaProvider: Adjusting external storage paths to: /storage/emulated/0
02-02 23:21:31.202  6683  6870 E SQLiteLog: (1) no such table: files
02-02 23:21:31.219  6683  6870 W MediaScanner: forcing rescan of /system/media/audio/alarms/AngelsHarp.oggsince ringtone setting didn't finish
02-02 23:21:31.305  6683  6870 W MediaProvider: Missing volume for /system; assuming invalid
02-02 23:21:31.309  6683  6870 W MediaProvider: Missing volume for /system/media; assuming invalid
02-02 23:21:31.312  6683  6870 W MediaProvider: Missing volume for /system/media/audio; assuming invalid
02-02 23:21:31.316  6683  6870 W MediaProvider: Missing volume for /system/media/audio/alarms; assuming invalid
02-02 23:21:31.379  6683  6870 W MediaProvider: Missing volume for /system/media/audio/alarms/AngelsHarp.ogg; assuming invalid
02-02 23:21:31.397  6467  6467 I AlarmClock: Detected change to system default alarm ringtone; clearing caches
02-02 23:21:31.418  6683  6870 I MediaScanner: forcing rescan of /system/media/audio/alarms/Atlas.ogg since build fingerprint changed
02-02 23:21:31.484   486  5871 E MetadataRetrieverClient: failed to extract an album art
02-02 23:21:31.497  6683  6870 I MediaScanner: forcing rescan of /system/media/audio/alarms/Atria.ogg since build fingerprint changed
02-02 23:21:31.566  6683  6870 I MediaScanner: forcing rescan of /system/media/audio/alarms/Avior.ogg since build fingerprint changed
02-02 23:21:31.611  6683  6870 I MediaScanner: forcing rescan of /system/media/audio/alarms/Awakening.ogg since build fingerprint changed
02-02 23:21:31.665  6683  6870 I MediaScanner: forcing rescan of /system/media/audio/alarms/Beep.ogg since build fingerprint changed
02-02 23:21:31.690  6683  6870 I MediaScanner: forcing rescan of /system/media/audio/alarms/Carina.ogg since build fingerprint changed
02-02 23:21:31.739  6683  6870 I MediaScanner: forcing rescan of /system/media/audio/alarms/Church.ogg since build fingerprint changed
02-02 23:21:31.775  6683  6870 I MediaScanner: forcing rescan of /system/media/audio/alarms/Crescendo.ogg since build fingerprint changed
02-02 23:21:31.797  6683  6870 I MediaScanner: forcing rescan of /system/media/audio/alarms/Dalia.ogg since build fingerprint changed
02-02 23:21:31.840  6683  6870 I MediaScanner: forcing rescan of /system/media/audio/alarms/DeepOcean.ogg since build fingerprint changed
02-02 23:21:31.883  6683  6870 I MediaScanner: forcing rescan of /system/media/audio/alarms/GentleNight.ogg since build fingerprint changed
02-02 23:21:31.938  6683  6870 I MediaScanner: forcing rescan of /system/media/audio/alarms/Happy.ogg since build fingerprint changed
02-02 23:21:31.975  6683  6870 I MediaScanner: forcing rescan of /system/media/audio/alarms/Hurry.ogg since build fingerprint changed
02-02 23:21:32.014  6683  6870 I MediaScanner: forcing rescan of /system/media/audio/alarms/Lanx.ogg since build fingerprint changed
02-02 23:21:32.045  6683  6870 I MediaScanner: forcing rescan of /system/media/audio/alarms/Live.ogg since build fingerprint changed
02-02 23:21:32.097  6683  6870 I MediaScanner: forcing rescan of /system/media/audio/alarms/Lux.ogg since build fingerprint changed
02-02 23:21:32.127  6683  6870 I MediaScanner: forcing rescan of /system/media/audio/alarms/Lyra.ogg since build fingerprint changed
02-02 23:21:32.157  6683  6870 I MediaScanner: forcing rescan of /system/media/audio/alarms/Meadow.ogg since build fingerprint changed
02-02 23:21:32.193  6683  6870 I MediaScanner: forcing rescan of /system/media/audio/alarms/PastTime.ogg since build fingerprint changed
02-02 23:21:32.223  6683  6870 I MediaScanner: forcing rescan of /system/media/audio/alarms/Playful.ogg since build fingerprint changed
02-02 23:21:32.256  6683  6870 I MediaScanner: forcing rescan of /system/media/audio/alarms/Primus.ogg since build fingerprint changed
02-02 23:21:32.296  6683  6870 I MediaScanner: forcing rescan of /system/media/audio/alarms/Sky.ogg since build fingerprint changed
02-02 23:21:32.325  6683  6870 I MediaScanner: forcing rescan of /system/media/audio/alarms/Spica.ogg since build fingerprint changed
02-02 23:21:32.363  6683  6870 I MediaScanner: forcing rescan of /system/media/audio/alarms/SummerDay.ogg since build fingerprint changed
02-02 23:21:32.396  6683  6870 I MediaScanner: forcing rescan of /system/media/audio/alarms/Sunrise.ogg since build fingerprint changed
02-02 23:21:32.436  6098  7421 D IccSmsInterfaceManager: [IccSmsInterfaceManager] Added GSM cell broadcast subscription for MID range 4384 to 4385 from client com.android.cellbroadcastreceiver
02-02 23:21:32.436  6098  7421 D IccSmsInterfaceManager: [IccSmsInterfaceManager] Calling setCellBroadcastActivation(true)
02-02 23:21:32.447  6098  7669 D IccSmsInterfaceManager: [IccSmsInterfaceManager] Calling setGsmBroadcastConfig with 5 configurations
02-02 23:21:32.465  6683  6870 I MediaScanner: forcing rescan of /system/media/audio/alarms/Tribal.ogg since build fingerprint changed
02-02 23:21:32.538  6683  6870 I MediaScanner: forcing rescan of /system/media/audio/alarms/Vega.ogg since build fingerprint changed
02-02 23:21:32.597  6683  6870 I MediaScanner: forcing rescan of /system/media/audio/alarms/Virgo.ogg since build fingerprint changed
02-02 23:21:32.636  6683  6870 I MediaScanner: forcing rescan of /system/media/audio/notifications/Ariel.ogg since build fingerprint changed
02-02 23:21:32.662  6683  6870 I MediaScanner: forcing rescan of /system/media/audio/notifications/Blip.ogg since build fingerprint changed
02-02 23:21:32.698  6683  6870 I MediaScanner: forcing rescan of /system/media/audio/notifications/Carme.ogg since build fingerprint changed
02-02 23:21:32.718  6683  6870 I MediaScanner: forcing rescan of /system/media/audio/notifications/Ceres.ogg since build fingerprint changed
02-02 23:21:32.740  6683  6870 I MediaScanner: forcing rescan of /system/media/audio/notifications/Chime.ogg since build fingerprint changed
02-02 23:21:32.774  6683  6870 I MediaScanner: forcing rescan of /system/media/audio/notifications/Elara.ogg since build fingerprint changed
02-02 23:21:32.792  6683  6870 I MediaScanner: forcing rescan of /system/media/audio/notifications/Element.ogg since build fingerprint changed
02-02 23:21:32.816  6683  6870 I MediaScanner: forcing rescan of /system/media/audio/notifications/Europa.ogg since build fingerprint changed
02-02 23:21:32.833  6683  6870 W MediaScanner: forcing rescan of /system/media/audio/notifications/Hello.oggsince ringtone setting didn't finish
02-02 23:21:32.858  6683  6870 W MediaProvider: Missing volume for /system/media/audio/notifications; assuming invalid
02-02 23:21:32.875  6683  6870 W MediaProvider: Missing volume for /system/media/audio/alarms/Atlas.ogg; assuming invalid
02-02 23:21:32.880  6683  6870 W MediaProvider: Missing volume for /system/media/audio/alarms/Atria.ogg; assuming invalid
02-02 23:21:32.885  6683  6870 W MediaProvider: Missing volume for /system/media/audio/alarms/Avior.ogg; assuming invalid
02-02 23:21:32.890  6683  6870 W MediaProvider: Missing volume for /system/media/audio/alarms/Awakening.ogg; assuming invalid
02-02 23:21:32.894  6683  6870 W MediaProvider: Missing volume for /system/media/audio/alarms/Beep.ogg; assuming invalid
02-02 23:21:32.898  6683  6870 W MediaProvider: Missing volume for /system/media/audio/alarms/Carina.ogg; assuming invalid
02-02 23:21:32.903  6683  6870 W MediaProvider: Missing volume for /system/media/audio/alarms/Church.ogg; assuming invalid
02-02 23:21:32.908  6683  6870 W MediaProvider: Missing volume for /system/media/audio/alarms/Crescendo.ogg; assuming invalid
02-02 23:21:32.912  6683  6870 W MediaProvider: Missing volume for /system/media/audio/alarms/Dalia.ogg; assuming invalid
02-02 23:21:32.917  6683  6870 W MediaProvider: Missing volume for /system/media/audio/alarms/DeepOcean.ogg; assuming invalid
02-02 23:21:32.921  6683  6870 W MediaProvider: Missing volume for /system/media/audio/alarms/GentleNight.ogg; assuming invalid
02-02 23:21:32.925  6683  6870 W MediaProvider: Missing volume for /system/media/audio/alarms/Happy.ogg; assuming invalid
02-02 23:21:32.930  6683  6870 W MediaProvider: Missing volume for /system/media/audio/alarms/Hurry.ogg; assuming invalid
02-02 23:21:32.934  6683  6870 W MediaProvider: Missing volume for /system/media/audio/alarms/Lanx.ogg; assuming invalid
02-02 23:21:32.939  6683  6870 W MediaProvider: Missing volume for /system/media/audio/alarms/Live.ogg; assuming invalid
02-02 23:21:32.943  6683  6870 W MediaProvider: Missing volume for /system/media/audio/alarms/Lux.ogg; assuming invalid
02-02 23:21:32.947  6683  6870 W MediaProvider: Missing volume for /system/media/audio/alarms/Lyra.ogg; assuming invalid
02-02 23:21:32.952  6683  6870 W MediaProvider: Missing volume for /system/media/audio/alarms/Meadow.ogg; assuming invalid
02-02 23:21:32.956  6683  6870 W MediaProvider: Missing volume for /system/media/audio/alarms/PastTime.ogg; assuming invalid
02-02 23:21:32.960  6683  6870 W MediaProvider: Missing volume for /system/media/audio/alarms/Playful.ogg; assuming invalid
02-02 23:21:32.965  6683  6870 W MediaProvider: Missing volume for /system/media/audio/alarms/Primus.ogg; assuming invalid
02-02 23:21:32.969  6683  6870 W MediaProvider: Missing volume for /system/media/audio/alarms/Sky.ogg; assuming invalid
02-02 23:21:32.974  6683  6870 W MediaProvider: Missing volume for /system/media/audio/alarms/Spica.ogg; assuming invalid
02-02 23:21:32.978  6683  6870 W MediaProvider: Missing volume for /system/media/audio/alarms/SummerDay.ogg; assuming invalid
02-02 23:21:32.983  6683  6870 W MediaProvider: Missing volume for /system/media/audio/alarms/Sunrise.ogg; assuming invalid
02-02 23:21:32.987  6683  6870 W MediaProvider: Missing volume for /system/media/audio/alarms/Tribal.ogg; assuming invalid
02-02 23:21:32.991  6683  6870 W MediaProvider: Missing volume for /system/media/audio/alarms/Vega.ogg; assuming invalid
02-02 23:21:32.996  6683  6870 W MediaProvider: Missing volume for /system/media/audio/alarms/Virgo.ogg; assuming invalid
02-02 23:21:33.004  6683  6870 W MediaProvider: Missing volume for /system/media/audio/notifications/Ariel.ogg; assuming invalid
02-02 23:21:33.008  6683  6870 W MediaProvider: Missing volume for /system/media/audio/notifications/Blip.ogg; assuming invalid
02-02 23:21:33.012  6683  6870 W MediaProvider: Missing volume for /system/media/audio/notifications/Carme.ogg; assuming invalid
02-02 23:21:33.017  6683  6870 W MediaProvider: Missing volume for /system/media/audio/notifications/Ceres.ogg; assuming invalid
02-02 23:21:33.021  6683  6870 W MediaProvider: Missing volume for /system/media/audio/notifications/Chime.ogg; assuming invalid
02-02 23:21:33.028  6683  6870 W MediaProvider: Missing volume for /system/media/audio/notifications/Elara.ogg; assuming invalid
02-02 23:21:33.031   486  5871 E MetadataRetrieverClient: failed to extract an album art
02-02 23:21:33.034  6683  6870 W MediaProvider: Missing volume for /system/media/audio/notifications/Element.ogg; assuming invalid
02-02 23:21:33.038  6683  6870 W MediaProvider: Missing volume for /system/media/audio/notifications/Europa.ogg; assuming invalid
02-02 23:21:33.072  6683  6870 W MediaProvider: Missing volume for /system/media/audio/notifications/Hello.ogg; assuming invalid
02-02 23:21:33.102  6683  6870 I MediaScanner: forcing rescan of /system/media/audio/notifications/Iapetus.ogg since build fingerprint changed
02-02 23:21:33.125   597   597 I MSM-irqbalance: Decided to move IRQ155 from CPU4 to CPU5
02-02 23:21:33.186  6683  6870 I MediaScanner: forcing rescan of /system/media/audio/notifications/Organic.ogg since build fingerprint changed
02-02 23:21:33.214  6683  6870 I MediaScanner: forcing rescan of /system/media/audio/notifications/Rhea.ogg since build fingerprint changed
02-02 23:21:33.244  6683  6870 I MediaScanner: forcing rescan of /system/media/audio/notifications/Salacia.ogg since build fingerprint changed
02-02 23:21:33.278  6683  6870 I MediaScanner: forcing rescan of /system/media/audio/notifications/Tethys.ogg since build fingerprint changed
02-02 23:21:33.304  6683  6870 I MediaScanner: forcing rescan of /system/media/audio/notifications/Titan.ogg since build fingerprint changed
02-02 23:21:33.327  6683  6870 I MediaScanner: forcing rescan of /system/media/audio/ringtones/Awake.ogg since build fingerprint changed
02-02 23:21:33.406  6683  6870 I MediaScanner: forcing rescan of /system/media/audio/ringtones/Callisto.ogg since build fingerprint changed
02-02 23:21:33.498  6683  6870 I MediaScanner: forcing rescan of /system/media/audio/ringtones/Complex.ogg since build fingerprint changed
02-02 23:21:33.567  6683  6870 I MediaScanner: forcing rescan of /system/media/audio/ringtones/Ganymede.ogg since build fingerprint changed
02-02 23:21:33.619  6683  6870 W MediaScanner: forcing rescan of /system/media/audio/ringtones/Hello.oggsince ringtone setting didn't finish
02-02 23:21:33.794  6683  6870 W MediaProvider: Missing volume for /system/media/audio/ringtones; assuming invalid
02-02 23:21:33.803  6683  6870 W MediaProvider: Missing volume for /system/media/audio/notifications/Iapetus.ogg; assuming invalid
02-02 23:21:33.808  6683  6870 W MediaProvider: Missing volume for /system/media/audio/notifications/Organic.ogg; assuming invalid
02-02 23:21:33.812  6683  6870 W MediaProvider: Missing volume for /system/media/audio/notifications/Rhea.ogg; assuming invalid
02-02 23:21:33.816  6683  6870 W MediaProvider: Missing volume for /system/media/audio/notifications/Salacia.ogg; assuming invalid
02-02 23:21:33.820  6683  6870 W MediaProvider: Missing volume for /system/media/audio/notifications/Tethys.ogg; assuming invalid
02-02 23:21:33.825  6683  6870 W MediaProvider: Missing volume for /system/media/audio/notifications/Titan.ogg; assuming invalid
02-02 23:21:33.835  6683  6870 W MediaProvider: Missing volume for /system/media/audio/ringtones/Awake.ogg; assuming invalid
02-02 23:21:33.839  6683  6870 W MediaProvider: Missing volume for /system/media/audio/ringtones/Callisto.ogg; assuming invalid
02-02 23:21:33.843  6683  6870 W MediaProvider: Missing volume for /system/media/audio/ringtones/Complex.ogg; assuming invalid
02-02 23:21:33.847  6683  6870 W MediaProvider: Missing volume for /system/media/audio/ringtones/Ganymede.ogg; assuming invalid
02-02 23:21:33.862  6683  6870 W MediaProvider: Missing volume for /system/media/audio/ringtones/Hello.ogg; assuming invalid
02-02 23:21:33.904  6683  6870 I MediaScanner: forcing rescan of /system/media/audio/ringtones/Keys.ogg since build fingerprint changed
02-02 23:21:34.051   486  5874 E MetadataRetrieverClient: failed to extract an album art
02-02 23:21:34.155  6683  6870 I MediaScanner: forcing rescan of /system/media/audio/ringtones/Luna.ogg since build fingerprint changed
02-02 23:21:34.198  6683  6870 I MediaScanner: forcing rescan of /system/media/audio/ringtones/Momentum.ogg since build fingerprint changed
02-02 23:21:34.257  6683  6870 I MediaScanner: forcing rescan of /system/media/audio/ringtones/Natural.ogg since build fingerprint changed
02-02 23:21:34.323  6683  6870 I MediaScanner: forcing rescan of /system/media/audio/ringtones/Onward.ogg since build fingerprint changed
02-02 23:21:34.400  6683  6870 I MediaScanner: forcing rescan of /system/media/audio/ringtones/Organic.ogg since build fingerprint changed
02-02 23:21:34.462  6683  6870 I MediaScanner: forcing rescan of /system/media/audio/ringtones/Phobos.ogg since build fingerprint changed
02-02 23:21:34.495  6683  6870 I MediaScanner: forcing rescan of /system/media/audio/ringtones/Pyxis.ogg since build fingerprint changed
02-02 23:21:34.537  6683  6870 I MediaScanner: forcing rescan of /system/media/audio/ringtones/RobotsforEveryone.ogg since build fingerprint changed
02-02 23:21:34.581  6683  6870 I MediaScanner: forcing rescan of /system/media/audio/ringtones/Sedna.ogg since build fingerprint changed
02-02 23:21:34.627  6683  6870 I MediaScanner: forcing rescan of /system/media/audio/ringtones/Simple.ogg since build fingerprint changed
02-02 23:21:34.715  6683  6870 I MediaScanner: forcing rescan of /system/media/audio/ringtones/Strings.ogg since build fingerprint changed
02-02 23:21:34.785  6683  6870 I MediaScanner: forcing rescan of /system/media/audio/ringtones/Titania.ogg since build fingerprint changed
02-02 23:21:34.831  6683  6870 I MediaScanner: forcing rescan of /system/media/audio/ringtones/Triton.ogg since build fingerprint changed
02-02 23:21:34.847  6098  7669 D IccSmsInterfaceManager: [IccSmsInterfaceManager] Added GSM cell broadcast subscription for MID range 4386 to 4391 from client com.android.cellbroadcastreceiver
02-02 23:21:34.847  6098  7669 D IccSmsInterfaceManager: [IccSmsInterfaceManager] Calling setCellBroadcastActivation(true)
02-02 23:21:34.854  6098  7671 D IccSmsInterfaceManager: [IccSmsInterfaceManager] Calling setGsmBroadcastConfig with 5 configurations
02-02 23:21:34.885  6683  6870 I MediaScanner: forcing rescan of /system/media/audio/ringtones/Umbriel.ogg since build fingerprint changed
02-02 23:21:35.498  6683  6870 W MediaScanner: Error opening directory '/oem/media/', skipping: No such file or directory.
02-02 23:21:35.500  6683  6870 W MediaProvider: Missing volume for /system/media/audio/ui; assuming invalid
02-02 23:21:35.503  6683  6870 W MediaProvider: Missing volume for /system/media/location; assuming invalid
02-02 23:21:35.513  6683  6870 W MediaProvider: Missing volume for /system/media/bootanimation.zip; assuming invalid
02-02 23:21:35.516  6683  6870 W MediaProvider: Missing volume for /system/media/location/mokee-phonelocation.dat; assuming invalid
02-02 23:21:35.529  6683  6870 W MediaProvider: Missing volume for /system/media/audio/ringtones/Keys.ogg; assuming invalid
02-02 23:21:35.535  6683  6870 W MediaProvider: Missing volume for /system/media/audio/ringtones/Luna.ogg; assuming invalid
02-02 23:21:35.539  6683  6870 W MediaProvider: Missing volume for /system/media/audio/ringtones/Momentum.ogg; assuming invalid
02-02 23:21:35.545  6683  6870 W MediaProvider: Missing volume for /system/media/audio/ringtones/Natural.ogg; assuming invalid
02-02 23:21:35.550  6683  6870 W MediaProvider: Missing volume for /system/media/audio/ringtones/Onward.ogg; assuming invalid
02-02 23:21:35.555  6683  6870 W MediaProvider: Missing volume for /system/media/audio/ringtones/Organic.ogg; assuming invalid
02-02 23:21:35.559  6683  6870 W MediaProvider: Missing volume for /system/media/audio/ringtones/Phobos.ogg; assuming invalid
02-02 23:21:35.564  6683  6870 W MediaProvider: Missing volume for /system/media/audio/ringtones/Pyxis.ogg; assuming invalid
02-02 23:21:35.569  6683  6870 W MediaProvider: Missing volume for /system/media/audio/ringtones/RobotsforEveryone.ogg; assuming invalid
02-02 23:21:35.574  6683  6870 W MediaProvider: Missing volume for /system/media/audio/ringtones/Sedna.ogg; assuming invalid
02-02 23:21:35.578  6683  6870 W MediaProvider: Missing volume for /system/media/audio/ringtones/Simple.ogg; assuming invalid
02-02 23:21:35.583  6683  6870 W MediaProvider: Missing volume for /system/media/audio/ringtones/Strings.ogg; assuming invalid
02-02 23:21:35.588  6683  6870 W MediaProvider: Missing volume for /system/media/audio/ringtones/Titania.ogg; assuming invalid
02-02 23:21:35.592  6683  6870 W MediaProvider: Missing volume for /system/media/audio/ringtones/Triton.ogg; assuming invalid
02-02 23:21:35.597  6683  6870 W MediaProvider: Missing volume for /system/media/audio/ringtones/Umbriel.ogg; assuming invalid
02-02 23:21:35.605  6683  6870 W MediaProvider: Missing volume for /system/media/audio/ui/Dock.ogg; assuming invalid
02-02 23:21:35.609  6683  6870 W MediaProvider: Missing volume for /system/media/audio/ui/Effect_Tick.ogg; assuming invalid
02-02 23:21:35.614  6683  6870 W MediaProvider: Missing volume for /system/media/audio/ui/KeypressDelete.ogg; assuming invalid
02-02 23:21:35.619  6683  6870 W MediaProvider: Missing volume for /system/media/audio/ui/KeypressInvalid.ogg; assuming invalid
02-02 23:21:35.624  6683  6870 W MediaProvider: Missing volume for /system/media/audio/ui/KeypressReturn.ogg; assuming invalid
02-02 23:21:35.628  6683  6870 W MediaProvider: Missing volume for /system/media/audio/ui/KeypressSpacebar.ogg; assuming invalid
02-02 23:21:35.629   486  5871 E MetadataRetrieverClient: failed to extract an album art
02-02 23:21:35.633  6683  6870 W MediaProvider: Missing volume for /system/media/audio/ui/KeypressStandard.ogg; assuming invalid
02-02 23:21:35.638  6683  6870 W MediaProvider: Missing volume for /system/media/audio/ui/Lock.ogg; assuming invalid
02-02 23:21:35.642  6683  6870 W MediaProvider: Missing volume for /system/media/audio/ui/LowBattery.ogg; assuming invalid
02-02 23:21:35.645  6683  6870 W MediaProvider: Missing volume for /system/media/audio/ui/NFCFailure.ogg; assuming invalid
02-02 23:21:35.649  6683  6870 W MediaProvider: Missing volume for /system/media/audio/ui/NFCInitiated.ogg; assuming invalid
02-02 23:21:35.652  6683  6870 W MediaProvider: Missing volume for /system/media/audio/ui/NFCSuccess.ogg; assuming invalid
02-02 23:21:35.656  6683  6870 W MediaProvider: Missing volume for /system/media/audio/ui/NFCTransferComplete.ogg; assuming invalid
02-02 23:21:35.660  6683  6870 W MediaProvider: Missing volume for /system/media/audio/ui/NFCTransferInitiated.ogg; assuming invalid
02-02 23:21:35.664  6683  6870 W MediaProvider: Missing volume for /system/media/audio/ui/Trusted.ogg; assuming invalid
02-02 23:21:35.667  6683  6870 W MediaProvider: Missing volume for /system/media/audio/ui/Undock.ogg; assuming invalid
02-02 23:21:35.671  6683  6870 W MediaProvider: Missing volume for /system/media/audio/ui/Unlock.ogg; assuming invalid
02-02 23:21:35.676  6683  6870 W MediaProvider: Missing volume for /system/media/audio/ui/VideoRecord.ogg; assuming invalid
02-02 23:21:35.681  6683  6870 W MediaProvider: Missing volume for /system/media/audio/ui/VideoStop.ogg; assuming invalid
02-02 23:21:35.685  6683  6870 W MediaProvider: Missing volume for /system/media/audio/ui/WirelessChargingStarted.ogg; assuming invalid
02-02 23:21:35.688  6683  6870 W MediaProvider: Missing volume for /system/media/audio/ui/audio_end.ogg; assuming invalid
02-02 23:21:35.692  6683  6870 W MediaProvider: Missing volume for /system/media/audio/ui/audio_initiate.ogg; assuming invalid
02-02 23:21:35.696  6683  6870 W MediaProvider: Missing volume for /system/media/audio/ui/camera_click.ogg; assuming invalid
02-02 23:21:35.699  6683  6870 W MediaProvider: Missing volume for /system/media/audio/ui/camera_focus.ogg; assuming invalid
02-02 23:21:36.912  6971  7181 D InitAlarmsService: Clearing and rescheduling alarms.
02-02 23:21:36.926  2637  6527 I ActivityManager: Killing 6997:com.android.exchange/u0a47 (adj 906): empty #17
02-02 23:21:36.929  2637  6600 I ActivityManager: Killing 7274:com.android.onetimeinitializer/u0a18 (adj 906): empty #17
02-02 23:21:36.994  2637  6103 D ActivityManager: cleanUpApplicationRecord -- 6997
02-02 23:21:37.043  2637  6595 D ActivityManager: cleanUpApplicationRecord -- 7274
02-02 23:21:37.264  6098  7671 D IccSmsInterfaceManager: [IccSmsInterfaceManager] Added GSM cell broadcast subscription for MID range 4392 to 4392 from client com.android.cellbroadcastreceiver
02-02 23:21:37.264  6098  7671 D IccSmsInterfaceManager: [IccSmsInterfaceManager] Calling setCellBroadcastActivation(true)
02-02 23:21:37.277  6098  6612 D IccSmsInterfaceManager: [IccSmsInterfaceManager] Failed to remove GSM cell broadcast subscription for MID range 4393 to 4395 from client com.android.cellbroadcastreceiver
02-02 23:21:37.284  6098  7700 D IccSmsInterfaceManager: [IccSmsInterfaceManager] Calling setGsmBroadcastConfig with 5 configurations
02-02 23:21:39.694  6098  7700 D IccSmsInterfaceManager: [IccSmsInterfaceManager] Added GSM cell broadcast subscription for MID range 50 to 50 from client com.android.cellbroadcastreceiver
02-02 23:21:39.694  6098  7700 D IccSmsInterfaceManager: [IccSmsInterfaceManager] Calling setCellBroadcastActivation(true)
02-02 23:21:39.706  6098  7668 D IccSmsInterfaceManager: [IccSmsInterfaceManager] Calling setGsmBroadcastConfig with 6 configurations
02-02 23:21:41.764  6098  7668 D IccSmsInterfaceManager: [IccSmsInterfaceManager] Added GSM cell broadcast subscription for MID range 60 to 60 from client com.android.cellbroadcastreceiver
02-02 23:21:41.764  6098  7668 D IccSmsInterfaceManager: [IccSmsInterfaceManager] Calling setCellBroadcastActivation(true)
02-02 23:21:41.774  7619  7665 D CellBroadcastOtherChannelsManager: No additional channels configured. subId = 1
02-02 23:21:41.775  7619  7665 D CellBroadcastConfigService: Disable CellBroadcast on sub 2
02-02 23:21:41.789  6098  6891 D IccSmsInterfaceManager: [IccSmsInterfaceManager] Failed to remove cdma broadcast subscription for MID range 4096 to 4096 from client com.android.cellbroadcastreceiver
02-02 23:21:41.796  6098  7669 D IccSmsInterfaceManager: [IccSmsInterfaceManager] Failed to remove cdma broadcast subscription for MID range 4097 to 4097 from client com.android.cellbroadcastreceiver
02-02 23:21:41.803  6098  6141 D IccSmsInterfaceManager: [IccSmsInterfaceManager] Failed to remove cdma broadcast subscription for MID range 4098 to 4098 from client com.android.cellbroadcastreceiver
02-02 23:21:41.811  6098  7670 D IccSmsInterfaceManager: [IccSmsInterfaceManager] Failed to remove cdma broadcast subscription for MID range 4099 to 4099 from client com.android.cellbroadcastreceiver
02-02 23:21:41.819  6098  7421 D IccSmsInterfaceManager: [IccSmsInterfaceManager] Failed to remove cdma broadcast subscription for MID range 4100 to 4100 from client com.android.cellbroadcastreceiver
02-02 23:21:41.826  6098  6133 D IccSmsInterfaceManager: [IccSmsInterfaceManager] Failed to remove GSM cell broadcast subscription for MID range 4352 to 4354 from client com.android.cellbroadcastreceiver
02-02 23:21:41.834  6098  7668 D IccSmsInterfaceManager: [IccSmsInterfaceManager] Failed to remove GSM cell broadcast subscription for MID range 4356 to 4356 from client com.android.cellbroadcastreceiver
02-02 23:21:41.841  6098  6892 D IccSmsInterfaceManager: [IccSmsInterfaceManager] Failed to remove GSM cell broadcast subscription for MID range 4355 to 4355 from client com.android.cellbroadcastreceiver
02-02 23:21:41.848  6098  7671 D IccSmsInterfaceManager: [IccSmsInterfaceManager] Failed to remove GSM cell broadcast subscription for MID range 4370 to 4370 from client com.android.cellbroadcastreceiver
02-02 23:21:41.856  6098  6612 D IccSmsInterfaceManager: [IccSmsInterfaceManager] Failed to remove GSM cell broadcast subscription for MID range 4371 to 4372 from client com.android.cellbroadcastreceiver
02-02 23:21:41.864  6098  7700 D IccSmsInterfaceManager: [IccSmsInterfaceManager] Failed to remove GSM cell broadcast subscription for MID range 4373 to 4378 from client com.android.cellbroadcastreceiver
02-02 23:21:41.871  6098  6891 D IccSmsInterfaceManager: [IccSmsInterfaceManager] Failed to remove GSM cell broadcast subscription for MID range 4379 to 4379 from client com.android.cellbroadcastreceiver
02-02 23:21:41.879  6098  7669 D IccSmsInterfaceManager: [IccSmsInterfaceManager] Failed to remove GSM cell broadcast subscription for MID range 4380 to 4382 from client com.android.cellbroadcastreceiver
02-02 23:21:41.888  6098  6141 D IccSmsInterfaceManager: [IccSmsInterfaceManager] Failed to remove GSM cell broadcast subscription for MID range 4383 to 4383 from client com.android.cellbroadcastreceiver
02-02 23:21:41.900  6098  7670 D IccSmsInterfaceManager: [IccSmsInterfaceManager] Failed to remove GSM cell broadcast subscription for MID range 4384 to 4385 from client com.android.cellbroadcastreceiver
02-02 23:21:41.909  6098  7421 D IccSmsInterfaceManager: [IccSmsInterfaceManager] Failed to remove GSM cell broadcast subscription for MID range 4386 to 4391 from client com.android.cellbroadcastreceiver
02-02 23:21:41.915  6098  6133 D IccSmsInterfaceManager: [IccSmsInterfaceManager] Failed to remove GSM cell broadcast subscription for MID range 4392 to 4392 from client com.android.cellbroadcastreceiver
02-02 23:21:41.922  6098  7668 D IccSmsInterfaceManager: [IccSmsInterfaceManager] Failed to remove GSM cell broadcast subscription for MID range 4393 to 4395 from client com.android.cellbroadcastreceiver
02-02 23:21:41.929  6098  6892 D IccSmsInterfaceManager: [IccSmsInterfaceManager] Calling setGsmBroadcastConfig with 1 configurations
02-02 23:21:42.175  6098  6892 D IccSmsInterfaceManager: [IccSmsInterfaceManager] Added GSM cell broadcast subscription for MID range 50 to 50 from client com.android.cellbroadcastreceiver
02-02 23:21:42.175  6098  6892 D IccSmsInterfaceManager: [IccSmsInterfaceManager] Calling setCellBroadcastActivation(true)
02-02 23:21:42.185  6098  7671 D IccSmsInterfaceManager: [IccSmsInterfaceManager] Calling setGsmBroadcastConfig with 2 configurations
02-02 23:21:42.432  6098  7671 D IccSmsInterfaceManager: [IccSmsInterfaceManager] Added GSM cell broadcast subscription for MID range 60 to 60 from client com.android.cellbroadcastreceiver
02-02 23:21:42.432  6098  7671 D IccSmsInterfaceManager: [IccSmsInterfaceManager] Calling setCellBroadcastActivation(true)
02-02 23:21:42.442  7619  7665 D CellBroadcastOtherChannelsManager: No additional channels configured. subId = 2
02-02 23:21:42.444  7619  7665 D CellBroadcastConfigService: Enable CellBroadcast on sub 1
02-02 23:21:42.459  6098  7670 D IccSmsInterfaceManager: [IccSmsInterfaceManager] Calling setCdmaBroadcastConfig with 1 configurations
02-02 23:21:42.464  6098  7670 D IccSmsInterfaceManager: [IccSmsInterfaceManager] Failed to add cdma broadcast subscription for MID range 4096 to 4096 from client com.android.cellbroadcastreceiver
02-02 23:21:42.470  6098  7421 D IccSmsInterfaceManager: [IccSmsInterfaceManager] Calling setCdmaBroadcastConfig with 1 configurations
02-02 23:21:42.474  6098  7421 D IccSmsInterfaceManager: [IccSmsInterfaceManager] Failed to add cdma broadcast subscription for MID range 4097 to 4097 from client com.android.cellbroadcastreceiver
02-02 23:21:42.483  6098  6133 D IccSmsInterfaceManager: [IccSmsInterfaceManager] Calling setCdmaBroadcastConfig with 1 configurations
02-02 23:21:42.487  6098  6133 D IccSmsInterfaceManager: [IccSmsInterfaceManager] Failed to add cdma broadcast subscription for MID range 4098 to 4098 from client com.android.cellbroadcastreceiver
02-02 23:21:42.494  6098  7668 D IccSmsInterfaceManager: [IccSmsInterfaceManager] Calling setCdmaBroadcastConfig with 1 configurations
02-02 23:21:42.497  6098  7668 D IccSmsInterfaceManager: [IccSmsInterfaceManager] Failed to add cdma broadcast subscription for MID range 4099 to 4099 from client com.android.cellbroadcastreceiver
02-02 23:21:42.504  6098  6892 D IccSmsInterfaceManager: [IccSmsInterfaceManager] Failed to remove cdma broadcast subscription for MID range 4100 to 4100 from client com.android.cellbroadcastreceiver
02-02 23:21:42.512  6098  7671 D IccSmsInterfaceManager: [IccSmsInterfaceManager] Added GSM cell broadcast subscription for MID range 4352 to 4354 from client com.android.cellbroadcastreceiver
02-02 23:21:42.512  6098  7671 D IccSmsInterfaceManager: [IccSmsInterfaceManager] Calling setCellBroadcastActivation(true)
02-02 23:21:42.524  6098  6612 D IccSmsInterfaceManager: [IccSmsInterfaceManager] Added GSM cell broadcast subscription for MID range 4356 to 4356 from client com.android.cellbroadcastreceiver
02-02 23:21:42.524  6098  6612 D IccSmsInterfaceManager: [IccSmsInterfaceManager] Calling setCellBroadcastActivation(true)
02-02 23:21:42.535  6098  7700 D IccSmsInterfaceManager: [IccSmsInterfaceManager] Failed to remove GSM cell broadcast subscription for MID range 4355 to 4355 from client com.android.cellbroadcastreceiver
02-02 23:21:42.542  6098  6891 D IccSmsInterfaceManager: [IccSmsInterfaceManager] Added GSM cell broadcast subscription for MID range 4370 to 4370 from client com.android.cellbroadcastreceiver
02-02 23:21:42.543  6098  6891 D IccSmsInterfaceManager: [IccSmsInterfaceManager] Calling setCellBroadcastActivation(true)
02-02 23:21:42.556  6098  7669 D IccSmsInterfaceManager: [IccSmsInterfaceManager] Added GSM cell broadcast subscription for MID range 4371 to 4372 from client com.android.cellbroadcastreceiver
02-02 23:21:42.556  6098  7669 D IccSmsInterfaceManager: [IccSmsInterfaceManager] Calling setCellBroadcastActivation(true)
02-02 23:21:42.570  6098  6141 D IccSmsInterfaceManager: [IccSmsInterfaceManager] Added GSM cell broadcast subscription for MID range 4373 to 4378 from client com.android.cellbroadcastreceiver
02-02 23:21:42.570  6098  6141 D IccSmsInterfaceManager: [IccSmsInterfaceManager] Calling setCellBroadcastActivation(true)
02-02 23:21:42.584  6098  7670 D IccSmsInterfaceManager: [IccSmsInterfaceManager] Added GSM cell broadcast subscription for MID range 4379 to 4379 from client com.android.cellbroadcastreceiver
02-02 23:21:42.584  6098  7670 D IccSmsInterfaceManager: [IccSmsInterfaceManager] Calling setCellBroadcastActivation(true)
02-02 23:21:42.596  6098  7421 D IccSmsInterfaceManager: [IccSmsInterfaceManager] Failed to remove GSM cell broadcast subscription for MID range 4380 to 4382 from client com.android.cellbroadcastreceiver
02-02 23:21:42.603  6098  6133 D IccSmsInterfaceManager: [IccSmsInterfaceManager] Added GSM cell broadcast subscription for MID range 4383 to 4383 from client com.android.cellbroadcastreceiver
02-02 23:21:42.603  6098  6133 D IccSmsInterfaceManager: [IccSmsInterfaceManager] Calling setCellBroadcastActivation(true)
02-02 23:21:42.617  6098  7668 D IccSmsInterfaceManager: [IccSmsInterfaceManager] Added GSM cell broadcast subscription for MID range 4384 to 4385 from client com.android.cellbroadcastreceiver
02-02 23:21:42.617  6098  7668 D IccSmsInterfaceManager: [IccSmsInterfaceManager] Calling setCellBroadcastActivation(true)
02-02 23:21:42.631  6098  6892 D IccSmsInterfaceManager: [IccSmsInterfaceManager] Added GSM cell broadcast subscription for MID range 4386 to 4391 from client com.android.cellbroadcastreceiver
02-02 23:21:42.631  6098  6892 D IccSmsInterfaceManager: [IccSmsInterfaceManager] Calling setCellBroadcastActivation(true)
02-02 23:21:42.644  6098  7671 D IccSmsInterfaceManager: [IccSmsInterfaceManager] Added GSM cell broadcast subscription for MID range 4392 to 4392 from client com.android.cellbroadcastreceiver
02-02 23:21:42.644  6098  7671 D IccSmsInterfaceManager: [IccSmsInterfaceManager] Calling setCellBroadcastActivation(true)
02-02 23:21:42.657  6098  6612 D IccSmsInterfaceManager: [IccSmsInterfaceManager] Failed to remove GSM cell broadcast subscription for MID range 4393 to 4395 from client com.android.cellbroadcastreceiver
02-02 23:21:42.666  6098  7700 D IccSmsInterfaceManager: [IccSmsInterfaceManager] Added GSM cell broadcast subscription for MID range 50 to 50 from client com.android.cellbroadcastreceiver
02-02 23:21:42.666  6098  7700 D IccSmsInterfaceManager: [IccSmsInterfaceManager] Calling setCellBroadcastActivation(true)
02-02 23:21:42.678  6098  6891 D IccSmsInterfaceManager: [IccSmsInterfaceManager] Added GSM cell broadcast subscription for MID range 60 to 60 from client com.android.cellbroadcastreceiver
02-02 23:21:42.678  6098  6891 D IccSmsInterfaceManager: [IccSmsInterfaceManager] Calling setCellBroadcastActivation(true)
02-02 23:21:42.683  7619  7665 D CellBroadcastConfigService: Disable CellBroadcast on sub 2
02-02 23:21:42.693  6098  7700 D IccSmsInterfaceManager: [IccSmsInterfaceManager] Failed to remove cdma broadcast subscription for MID range 4096 to 4096 from client com.android.cellbroadcastreceiver
02-02 23:21:42.699  6098  6891 D IccSmsInterfaceManager: [IccSmsInterfaceManager] Failed to remove cdma broadcast subscription for MID range 4097 to 4097 from client com.android.cellbroadcastreceiver
02-02 23:21:42.706  6098  7669 D IccSmsInterfaceManager: [IccSmsInterfaceManager] Failed to remove cdma broadcast subscription for MID range 4098 to 4098 from client com.android.cellbroadcastreceiver
02-02 23:21:42.714  6098  6141 D IccSmsInterfaceManager: [IccSmsInterfaceManager] Failed to remove cdma broadcast subscription for MID range 4099 to 4099 from client com.android.cellbroadcastreceiver
02-02 23:21:42.721  6098  7670 D IccSmsInterfaceManager: [IccSmsInterfaceManager] Failed to remove cdma broadcast subscription for MID range 4100 to 4100 from client com.android.cellbroadcastreceiver
02-02 23:21:42.729  6098  7421 D IccSmsInterfaceManager: [IccSmsInterfaceManager] Failed to remove GSM cell broadcast subscription for MID range 4352 to 4354 from client com.android.cellbroadcastreceiver
02-02 23:21:42.736  6098  6133 D IccSmsInterfaceManager: [IccSmsInterfaceManager] Failed to remove GSM cell broadcast subscription for MID range 4356 to 4356 from client com.android.cellbroadcastreceiver
02-02 23:21:42.743  6098  7668 D IccSmsInterfaceManager: [IccSmsInterfaceManager] Failed to remove GSM cell broadcast subscription for MID range 4355 to 4355 from client com.android.cellbroadcastreceiver
02-02 23:21:42.750  6098  6892 D IccSmsInterfaceManager: [IccSmsInterfaceManager] Failed to remove GSM cell broadcast subscription for MID range 4370 to 4370 from client com.android.cellbroadcastreceiver
02-02 23:21:42.758  6098  7671 D IccSmsInterfaceManager: [IccSmsInterfaceManager] Failed to remove GSM cell broadcast subscription for MID range 4371 to 4372 from client com.android.cellbroadcastreceiver
02-02 23:21:42.767  6098  6612 D IccSmsInterfaceManager: [IccSmsInterfaceManager] Failed to remove GSM cell broadcast subscription for MID range 4373 to 4378 from client com.android.cellbroadcastreceiver
02-02 23:21:42.772  6098  7700 D IccSmsInterfaceManager: [IccSmsInterfaceManager] Failed to remove GSM cell broadcast subscription for MID range 4379 to 4379 from client com.android.cellbroadcastreceiver
02-02 23:21:42.784  6098  6891 D IccSmsInterfaceManager: [IccSmsInterfaceManager] Failed to remove GSM cell broadcast subscription for MID range 4380 to 4382 from client com.android.cellbroadcastreceiver
02-02 23:21:42.789  6098  7669 D IccSmsInterfaceManager: [IccSmsInterfaceManager] Failed to remove GSM cell broadcast subscription for MID range 4383 to 4383 from client com.android.cellbroadcastreceiver
02-02 23:21:42.793  6098  6141 D IccSmsInterfaceManager: [IccSmsInterfaceManager] Failed to remove GSM cell broadcast subscription for MID range 4384 to 4385 from client com.android.cellbroadcastreceiver
02-02 23:21:42.799  6098  7670 D IccSmsInterfaceManager: [IccSmsInterfaceManager] Failed to remove GSM cell broadcast subscription for MID range 4386 to 4391 from client com.android.cellbroadcastreceiver
02-02 23:21:42.804  6098  7421 D IccSmsInterfaceManager: [IccSmsInterfaceManager] Failed to remove GSM cell broadcast subscription for MID range 4392 to 4392 from client com.android.cellbroadcastreceiver
02-02 23:21:42.809  6098  6133 D IccSmsInterfaceManager: [IccSmsInterfaceManager] Failed to remove GSM cell broadcast subscription for MID range 4393 to 4395 from client com.android.cellbroadcastreceiver
02-02 23:21:42.815  6098  7668 D IccSmsInterfaceManager: [IccSmsInterfaceManager] Added GSM cell broadcast subscription for MID range 50 to 50 from client com.android.cellbroadcastreceiver
02-02 23:21:42.815  6098  7668 D IccSmsInterfaceManager: [IccSmsInterfaceManager] Calling setCellBroadcastActivation(true)
02-02 23:21:42.825  6098  6892 D IccSmsInterfaceManager: [IccSmsInterfaceManager] Added GSM cell broadcast subscription for MID range 60 to 60 from client com.android.cellbroadcastreceiver
02-02 23:21:42.825  6098  6892 D IccSmsInterfaceManager: [IccSmsInterfaceManager] Calling setCellBroadcastActivation(true)
02-02 23:21:42.833  2637  6600 I ActivityManager: Killing 7307:com.google.android.inputmethod.latin/u0a68 (adj 906): empty #17
02-02 23:21:42.914  2637  3584 D ActivityManager: cleanUpApplicationRecord -- 7307
02-02 23:21:46.220  2637  3584 I ActivityManager: Killing 7383:com.mokee.nox/u0a22 (adj 906): empty #17
02-02 23:21:46.314  2637  6106 D ActivityManager: cleanUpApplicationRecord -- 7383
02-02 23:21:59.126  2637  4773 D lights  : set_light_buttons brightness: 200,lcd_on: -1676025630, btn_state: 0,is_charging: 0
02-02 23:21:59.126  2637  4773 D lights  : open button lights!!
02-02 23:21:59.131  6555  6570 E ANDR-PERF-RESOURCEQS: Failed to apply optimization [4, 1]
02-02 23:21:59.182  2637  4773 D LightsService: Excessive delay setting light: 55ms
02-02 23:21:59.226   478   478 I AudioPolicyManagerCustom: FLAG None hence request for a primary output
02-02 23:21:59.227   478  7398 I AudioPolicyManagerCustom: FLAG None hence request for a primary output
02-02 23:21:59.229   478   478 I AudioPolicyManagerCustom: Direct PCM is disabled for this request
02-02 23:21:59.234  2637  3584 D WifiService: setWifiEnabled: true pid=6633, uid=1000
02-02 23:21:59.235  2637  5693 E WifiMonitor: killSupplicant p2ptrue init.svc.wpa_supplicant=unknown init.svc.p2p_supplicant=unknown
02-02 23:21:59.254  2637  6595 I ActivityManager: START u0 {act=com.android.net.wifi.SETUP_WIFI_NETWORK cmp=com.android.settings/.wifi.WifiSetupActivity (has extras)} from uid 1000 on display 0
02-02 23:21:59.387  2637  5693 D WifiHW  : finit_module for "/system/lib/modules/wlan.ko" failed: Exec format error
02-02 23:21:59.387  2637  5693 E WifiStateMachine: Failed to load driver
02-02 23:21:59.389  2637  2637 E WifiController: WifiControllerWifi turn on failed
02-02 23:21:59.480   478  1075 D audio_hw_primary: start_output_stream: enter: stream(0xf64ef200)usecase(1: low-latency-playback) devices(0x2)
02-02 23:21:59.480   478  1075 D audio_hw_primary: select_devices: out_snd_device(2: speaker) in_snd_device(0: )
02-02 23:21:59.480   478  1075 I msm8916_platform: platform_check_and_set_codec_backend_cfg: Usecase bitwidth 16, samplerate 48000, backend_idx 0
02-02 23:21:59.480   478  1075 I msm8916_platform: platform_check_codec_backend_cfg Codec selected backend: 0 current bit width: 16 and sample rate: 48000
02-02 23:21:59.480   478  1075 D msm8916_platform: platform_check_codec_backend_cfg: resetting sample_rate back to default, backend_idx: 0
02-02 23:21:59.480   478  1075 I msm8916_platform: platform_check_codec_backend_cfg Codec selected backend: 0 updated bit width: 16 and sample rate: 48000
02-02 23:21:59.480   478  1075 D hardware_info: hw_info_append_hw_type : device_name = speaker
02-02 23:21:59.480   478  1075 D audio_hw_primary: enable_snd_device: snd_device(2: speaker)
02-02 23:21:59.490   478  1075 I audio_hw_primary: select_devices Selected apptype: 69937
02-02 23:21:59.490   478  1075 I audio_hw_utils: audio_extn_utils_send_app_type_cfg app_type 69937, acdb_dev_id 14, sample_rate 48000
02-02 23:21:59.490   478  1075 D ACDB-LOADER: ACDB -> send_audio_cal, acdb_id = 14, path =  0
02-02 23:21:59.490   478  1075 D ACDB-LOADER: ACDB -> send_asm_topology
02-02 23:21:59.490   478  1075 D ACDB-LOADER: ACDB -> ACDB_CMD_GET_AUDPROC_STREAM_TOPOLOGY_ID
02-02 23:21:59.490   478  1075 D ACDB-LOADER: ACDB -> send_adm_topology
02-02 23:21:59.491   478  1075 D ACDB-LOADER: ACDB -> ACDB_CMD_GET_AUDPROC_COMMON_TOPOLOGY_ID
02-02 23:21:59.491   478  1075 D ACDB-LOADER: ACDB -> send_audtable
02-02 23:21:59.491   478  1075 D ACDB-LOADER: ACDB -> ACDB_CMD_GET_AUDPROC_COMMON_TABLE_SIZE
02-02 23:21:59.491   478  1075 D         : Failed to fetch the lookup information of the device 0000000E 
02-02 23:21:59.491   478  1075 E ACDB-LOADER: Error: ACDB_CMD_GET_AUDPROC_COMMON_TABLE_SIZE Returned = -19
02-02 23:21:59.491   478  1075 D ACDB-LOADER: ACDB -> ACDB_CMD_GET_AUDPROC_COMMON_TABLE
02-02 23:21:59.491   478  1075 D         : Failed to fetch the lookup information of the device 0000000E 
02-02 23:21:59.491   478  1075 E ACDB-LOADER: Error: ACDB audproc returned = -19
02-02 23:21:59.491   478  1075 D ACDB-LOADER: ACDB -> AUDIO_SET_AUDPROC_CAL
02-02 23:21:59.491   478  1075 D ACDB-LOADER: ACDB -> send_audvoltable
02-02 23:21:59.491   478  1075 D ACDB-LOADER: ACDB -> ACDB_CMD_GET_AUDPROC_GAIN_DEP_STEP_TABLE
02-02 23:21:59.491   478  1075 D         : Failed to fetch the lookup information of the device 0000000E 
02-02 23:21:59.491   478  1075 E ACDB-LOADER: Error: ACDB AudProc vol returned = -19
02-02 23:21:59.491   478  1075 D ACDB-LOADER: ACDB -> AUDIO_SET_AUDPROC_VOL_CAL
02-02 23:21:59.491   478  1075 D ACDB-LOADER: ACDB -> send_audstrmtable
02-02 23:21:59.491   478  1075 D ACDB-LOADER: ACDB -> ACDB_CMD_GET_AUDPROC_STREAM_TABLE_V2
02-02 23:21:59.491   478  1075 D ACDB-LOADER: ACDB -> audstrm_cal->cal_type.cal_data.cal_size = 32
02-02 23:21:59.491   478  1075 D ACDB-LOADER: ACDB -> send_afe_topology
02-02 23:21:59.491   478  1075 D ACDB-LOADER: ACDB -> ACDB_CMD_GET_AFE_TOPOLOGY_ID
02-02 23:21:59.491   478  1075 D ACDB-LOADER: ACDB -> GET_AFE_TOPOLOGY_ID for adcd_id 14, Topology Id 1025e
02-02 23:21:59.491   478  1075 D ACDB-LOADER: ACDB -> send_afe_cal
02-02 23:21:59.491   478  1075 D ACDB-LOADER: ACDB -> ACDB_CMD_GET_AFE_COMMON_TABLE
02-02 23:21:59.491   478  1075 D ACDB-LOADER: ACDB -> AUDIO_SET_AFE_CAL
02-02 23:21:59.491   478  1075 D ACDB-LOADER: ACDB -> send_hw_delay : acdb_id = 14 path = 0
02-02 23:21:59.491   478  1075 D ACDB-LOADER: ACDB -> ACDB_AVSYNC_INFO: ACDB_CMD_GET_DEVICE_PROPERTY
02-02 23:21:59.491   478  1075 D audio_hw_primary: enable_audio_route: apply mixer and update path: low-latency-playback
02-02 23:21:59.492   478  1075 D audio_hw_primary: select_devices: done
02-02 23:21:59.506   478  1075 D msm8916_platform: platform_set_channel_map mixer_ctl_name:Playback Channel Map12
