12-10 15:05:12.196  1213  3836 I BroadcastQueue: Resuming delayed broadcast
12-10 15:05:12.250  1213  4329 D ActivityManager: cleanUpApplicationRecord -- 3863
12-10 15:05:12.709  5271  5285 D QcrilMsgTunnelSocket: readRilMessage: Buffer = [B@f4df5ad HexData = [010000000404000014000000514f454d484f4f4bf2030800040000000010c010]
12-10 15:05:12.711  5271  5285 D QcrilMsgTunnelSocket: Rcvd UNSOL response with 28 bytes data for SUB0
12-10 15:05:12.711  5271  5285 D QcrilMsgTunnelSocket: Response ID 525298 is not served in this process.
12-10 15:05:12.711  5271  5285 D QcrilMsgTunnelSocket: To broadcast an Intent via the notifier to external apps
12-10 15:05:12.711  5271  5271 D QcrilMsgTunnelIfaceManager: handleMessage what = 0
12-10 15:05:12.728  4273  4273 V ConfigResourceUtil: resourceName = config_spn_display_control resourceId = 2130837514resourceValue = false
12-10 15:05:12.732  1213  1226 D GpsLocationProvider: received SIM change, new known MCC/MNC: []
12-10 15:05:12.738  5359  5432 W MessagingApp: PhoneUtils.getForLMR1(): invalid subId = -1
12-10 15:05:12.740  5359  5433 W MessagingApp: PhoneUtils.getForLMR1(): invalid subId = -1
12-10 15:05:12.743  4273  5394 E PhoneInterfaceManager: [PhoneIntfMgr] getIccId: ICC ID is null or empty.
12-10 15:05:12.748  5010  5010 D CellBroadcastReceiver: onReceive Intent { act=android.intent.action.SERVICE_STATE flg=0x10 cmp=com.android.cellbroadcastreceiver/.CellBroadcastReceiver (has extras) }
12-10 15:05:12.748  5010  5010 D CellBroadcastReceiver: Intent ACTION_SERVICE_STATE_CHANGED
12-10 15:05:12.748  5010  5010 D CellBroadcastReceiver: subscriptionId = -2
12-10 15:05:12.754  4273  4287 E PhoneInterfaceManager: [PhoneIntfMgr] getIccId: ICC ID is null or empty.
12-10 15:05:12.754  4273  5393 E PhoneInterfaceManager: [PhoneIntfMgr] getIccId: ICC ID is null or empty.
12-10 15:05:12.754  3806  3806 D CarrierText: onSimStateChanged: SimMissing
12-10 15:05:12.757  4273  4273 E PhoneInterfaceManager: [PhoneIntfMgr] getIccId: ICC ID is null or empty.
12-10 15:05:12.758  5359  5432 W MessagingApp: PhoneUtils.getForLMR1(): invalid subId = -1
12-10 15:05:12.760  4273  4288 E PhoneInterfaceManager: [PhoneIntfMgr] getIccId: ICC ID is null or empty.
12-10 15:05:12.762  4273  4273 I Telephony: PstnIncomingCallNotifier: Unregistering: Handler (com.android.internal.telephony.gsm.GSMPhone) {4bd20e5}
12-10 15:05:12.764  3806  3806 W KeyguardUpdateMonitor: invalid subId in handleServiceStateChange()
12-10 15:05:12.764  5359  5433 W MessagingApp: PhoneUtils.getForLMR1(): invalid subId = -1
12-10 15:05:12.768  4273  4273 W Telephony: TelecomAccountRegistry: Failed to get primary stack id
12-10 15:05:12.770  4273  4273 E PhoneInterfaceManager: [PhoneIntfMgr] getIccId: No UICC
12-10 15:05:12.770  4273  5437 E PhoneInterfaceManager: [PhoneIntfMgr] getIccId: ICC ID is null or empty.
12-10 15:05:12.774  5359  5432 W MessagingApp: canonicalizeMccMnc: invalid mccmnc:null ,null
12-10 15:05:12.785  1213  4329 I Telecom : PhoneAccountRegistrar: [ComponentInfo{com.android.phone/com.android.services.telephony.TelephonyConnectionService}, [e0184adedf913b076626646d3f52c3b49c39ad6d], UserHandle{0}(icon: Icon(typ=BITMAP size=57x72) -> Icon(typ=BITMAP size=57x72))]
12-10 15:05:12.793  1213  1225 D MmsServiceBroker: getCarrierConfigValues() by com.android.messaging
12-10 15:05:12.793  4273  4652 D MmsService: getCarrierConfigValues
12-10 15:05:12.794  4273  4652 I MmsService: mms config for sub 1: Bundle[{httpSocketTimeout=60000, aliasMinChars=2, smsToMmsTextThreshold=-1, enableSMSDeliveryReports=true, maxMessageTextSize=-1, supportMmsContentDisposition=true, enabledTransID=false, aliasEnabled=false, supportHttpCharsetHeader=false, allowAttachAudio=true, smsToMmsTextLengthThreshold=-1, recipientLimit=2147483647, uaProfTagName=x-wap-profile, aliasMaxChars=48, maxImageHeight=480, enableMMSDeliveryReports=false, userAgent=, config_cellBroadcastAppLinks=true, maxSubjectLength=40, httpParams=, enableGroupMms=true, emailGatewayNumber=, maxMessageSize=307200, naiSuffix=, enableMMSReadReports=false, maxImageWidth=640, uaProfUrl=, enabledMMS=true, enabledNotifyWapMMSC=false, sendMultipartSmsAsSeparateMessages=false, enableMultipartSMS=true}]
12-10 15:05:12.794  5359  5432 I MessagingApp: Carrier configs loaded: Bundle[{httpSocketTimeout=60000, aliasMinChars=2, smsToMmsTextThreshold=-1, enableSMSDeliveryReports=true, maxMessageTextSize=-1, supportMmsContentDisposition=true, enabledTransID=false, aliasEnabled=false, supportHttpCharsetHeader=false, allowAttachAudio=true, smsToMmsTextLengthThreshold=-1, recipientLimit=2147483647, uaProfTagName=x-wap-profile, aliasMaxChars=48, maxImageHeight=480, enableMMSDeliveryReports=false, userAgent=, config_cellBroadcastAppLinks=true, maxSubjectLength=40, httpParams=, enableGroupMms=true, emailGatewayNumber=, maxMessageSize=307200, naiSuffix=, enableMMSReadReports=false, maxImageWidth=640, uaProfUrl=, enabledMMS=true, enabledNotifyWapMMSC=false, sendMultipartSmsAsSeparateMessages=false, enableMultipartSMS=true}] from resources+system for subId=1
12-10 15:05:12.796  1213  4329 I Telecom : : Sending phone-account registered intent as user
12-10 15:05:12.798  4273  4273 I Telephony: AccountEntry: Registered phoneAccount: [[ ] PhoneAccount: ComponentInfo{com.android.phone/com.android.services.telephony.TelephonyConnectionService}, [e0184adedf913b076626646d3f52c3b49c39ad6d], UserHandle{0} Capabilities: 54 Schemes: tel voicemail ] with handle: ComponentInfo{com.android.phone/com.android.services.telephony.TelephonyConnectionService}, [e0184adedf913b076626646d3f52c3b49c39ad6d], UserHandle{0}
12-10 15:05:12.798  4273  4273 I Telephony: PstnIncomingCallNotifier: Registering: Handler (com.android.internal.telephony.gsm.GSMPhone) {4bd20e5}
12-10 15:05:12.805  1213  3894 I Telecom : PhoneAccountRegistrar: getUserSelVoicePhoneAccount, voice subId = -1
12-10 15:05:12.805  1213  3894 I Telecom : PhoneAccountRegistrar: getUserSelVoicePhoneAccount, emergency account 
12-10 15:05:12.808  5359  5433 W MessagingApp: PhoneUtils.getForLMR1(): invalid subId = -1
12-10 15:05:12.809  5359  5433 W MessagingApp: PhoneUtils.getForLMR1(): invalid subId = -1
12-10 15:05:12.810  4273  5438 I MmsService: MmsConfigManager loads in background mcc/mnc: 0/0
12-10 15:05:12.810  5359  5433 W MessagingApp: PhoneUtils.getSelfRawNumber: subInfo is null for -1
12-10 15:05:12.812  5359  5433 W MessagingApp: PhoneUtils.getForLMR1(): invalid subId = -1
12-10 15:05:12.816  4273  5438 E PhoneInterfaceManager: [PhoneIntfMgr] getIccId: ICC ID is null or empty.
12-10 15:05:12.821  5359  5433 W MessagingApp: PhoneUtils.getForLMR1(): invalid subId = -1
12-10 15:05:12.826  4273  4652 E PhoneInterfaceManager: [PhoneIntfMgr] getIccId: ICC ID is null or empty.
12-10 15:05:12.834  4273  4287 E PhoneInterfaceManager: [PhoneIntfMgr] getIccId: ICC ID is null or empty.
12-10 15:05:13.230   602   602 I MSM-irqbalance: Discovered a new IRQ: 215
12-10 15:05:13.232   602   602 I MSM-irqbalance: Decided to move IRQ215 from CPU0 [P:0] to CPU4 [P:1] (banned)
12-10 15:05:14.002   510   996 E QC-time-services: Daemon:tod_update_ind_cb: Got Update from modem msg_id 39
12-10 15:05:14.053  1213  3836 D QC-time-services: Lib:time_genoff_operation: pargs->base = 2
12-10 15:05:14.053  1213  3836 D QC-time-services: Lib:time_genoff_operation: pargs->operation = 0
12-10 15:05:14.053  1213  3836 D QC-time-services: Lib:time_genoff_operation: pargs->ts_val = 1481353514
12-10 15:05:14.053  1213  3836 D QC-time-services: Lib:time_genoff_operation: Send to server  passed!!
12-10 15:05:14.054   510   766 D QC-time-services: Daemon: Connection accepted:time_genoff
12-10 15:05:14.054   510  5532 D QC-time-services: Daemon:Received base = 2, unit = 1, operation = 0,value = 1481353514000
12-10 15:05:14.054   510  5532 D QC-time-services: Daemon:genoff_opr: Base = 2, val = 1481353514000, operation = 0
12-10 15:05:14.054   510  5532 D QC-time-services: Daemon:rtc_get: Time read from RTC -- MM/DD/YY HH:MM:SS1/25/70 9:50:22
12-10 15:05:14.055   510  5532 D QC-time-services: Daemon:Value read from RTC seconds = 4787422000
12-10 15:05:14.055   510  5532 D QC-time-services: Daemon:new time 1481353514000 
12-10 15:05:14.055   510  5532 D QC-time-services: Daemon: delta 1476566092000 genoff 1476566092000 
12-10 15:05:14.055   510  5532 D QC-time-services: Daemon:genoff_persistent_update: Writing genoff = 1476566092000 to memory
12-10 15:05:14.055   510  5532 D QC-time-services: Daemon:Opening File: /data/time/ats_2
12-10 15:05:14.055   510  5532 D QC-time-services: Daemon:time_persistent_memory_opr:Genoff write operation 
12-10 15:05:14.076   510  5532 D QC-time-services: Updating the TOD offset
12-10 15:05:14.076   510  5532 D QC-time-services: Daemon:genoff_persistent_update: Writing genoff = 1476566092000 to memory
12-10 15:05:14.076   510  5532 D QC-time-services: Daemon:Opening File: /data/time/ats_1
12-10 15:05:14.076   510  5532 D QC-time-services: Daemon:time_persistent_memory_opr:Genoff write operation 
12-10 15:05:14.080   510  5532 E QC-time-services: Daemon:Update to modem bit set
12-10 15:05:14.080   510  5532 D QC-time-services: Daemon:genoff_send_modem: Sending data to MODEM !
12-10 15:05:14.080   510  5532 D QC-time-services: Daemon: Base = 2, Value being sent to MODEM = 1160601292000
12-10 15:05:14.080  1213  3836 E QC-time-services: Receive Passed == base = 2, unit = 1, operation = 0, result = 0
12-10 15:05:14.080  1213  3836 W AlarmManagerService: Unable to set rtc to 1481353514: Invalid argument
12-10 15:05:14.081   510   996 E QC-time-services: Daemon:tod_update_ind_cb: Got Update from modem msg_id 40
12-10 15:05:14.081   510   766 E QC-time-services: Daemon: Time-services: Waiting to acceptconnection
12-10 15:05:14.084  1213  4411 E IzatSvc_OSObserver: I/LocTech-Label :: OSOBSERVER :: Data Items In
12-10 15:05:14.084  1213  4411 E IzatSvc_OSObserver: I/LocTech-Value :: Data Item Value: IS_TIME_CHANGED: true
12-10 15:05:14.084  1213  4219 E LocSvc_api_v02: I/---> locClientSendReq line 2020 QMI_LOC_INJECT_TIME_ZONE_INFO_REQ_V02
12-10 15:05:14.087  1213  4219 E LocSvc_LBSApiV02: E/virtual void lbs_core::LBSApiV02::timeInfoInject(long int, int, int):943]: Error : st = 2, ind.status = 1822634960
12-10 15:05:14.103  1213  1226 D GpsLocationProvider: received SIM change, new known MCC/MNC: [46001]
12-10 15:05:14.103  1213  1226 D GpsLocationProvider: Reset GPS properties, previous size = 16
12-10 15:05:14.103  1213  1226 D GpsLocationProvider: GpsParamsResource: SUPL_HOST=supl.google.com
12-10 15:05:14.103  1213  1226 D GpsLocationProvider: GpsParamsResource: SUPL_PORT=7275
12-10 15:05:14.103  1213  1226 D GpsLocationProvider: GpsParamsResource: NTP_SERVER=north-america.pool.ntp.org
12-10 15:05:14.103  1213  1226 D GpsLocationProvider: GpsParamsResource: SUPL_VER=0x20000
12-10 15:05:14.103  1213  1226 D GpsLocationProvider: GpsParamsResource: SUPL_MODE=1
12-10 15:05:14.104  1213  1226 D GpsLocationProvider: GPS properties reloaded, size = 16
12-10 15:05:14.104  1213  1226 E LocSvc_eng: I/===> int loc_eng_set_server_proxy(loc_eng_data_s_type&, LocServerType, const char*, int) line 2587 
12-10 15:05:14.104  1213  4219 E LocSvc_api_v02: I/---> locClientSendReq line 2020 QMI_LOC_SET_SERVER_REQ_V02
12-10 15:05:14.107  1213  1226 D GpsLocationProvider: GPS configuration:
12-10 15:05:14.107  1213  1226 D GpsLocationProvider:  #Sat Dec 10 15:05:14 GMT+08:00 2016
12-10 15:05:14.107  1213  1226 D GpsLocationProvider: SUPL_HOST=supl.google.com
12-10 15:05:14.107  1213  1226 D GpsLocationProvider: SUPL_PORT=7276
12-10 15:05:14.107  1213  1226 D GpsLocationProvider: XTRA_VERSION_CHECK=0
12-10 15:05:14.107  1213  1226 D GpsLocationProvider: DEBUG_LEVEL=3
12-10 15:05:14.107  1213  1226 D GpsLocationProvider: SUPL_ES=1
12-10 15:05:14.107  1213  1226 D GpsLocationProvider: NMEA_PROVIDER=0
12-10 15:05:14.107  1213  1226 D GpsLocationProvider: CAPABILITIES=0x31
12-10 15:05:14.107  1213  1226 D GpsLocationProvider: SUPL_VER=0x20000
12-10 15:05:14.107  1213  1226 D GpsLocationProvider: ERR_ESTIMATE=0
12-10 15:05:14.107  1213  1226 D GpsLocationProvider: A_GLONASS_POS_PROTOCOL_SELECT=0
12-10 15:05:14.107  1213  1226 D GpsLocationProvider: INTERMEDIATE_POS=0
12-10 15:05:14.107  1213  1226 D GpsLocationProvider: SGLTE_TARGET=0
12-10 15:05:14.107  1213  1226 D GpsLocationProvider: LPP_PROFILE=0
12-10 15:05:14.107  1213  1226 D GpsLocationProvider: USE_EMERGENCY_PDN_FOR_EMERGENCY_SUPL=1
12-10 15:05:14.107  1213  1226 D GpsLocationProvider: NTP_SERVER=asia.pool.ntp.org
12-10 15:05:14.107  1213  1226 D GpsLocationProvider: SUPL_MODE=1
12-10 15:05:14.107  1213  1226 E LocSvc_eng: I/===> void loc_eng_configuration_update(loc_eng_data_s_type&, const char*, int32_t) line 2712 
12-10 15:05:14.107  1213  1226 D GpsLocationProvider: final config = #Sat Dec 10 15:05:14 GMT+08:00 2016
12-10 15:05:14.107  1213  1226 D GpsLocationProvider: SUPL_HOST=supl.google.com
12-10 15:05:14.107  1213  1226 D GpsLocationProvider: SUPL_PORT=7276
12-10 15:05:14.107  1213  1226 D GpsLocationProvider: XTRA_VERSION_CHECK=0
12-10 15:05:14.107  1213  1226 D GpsLocationProvider: DEBUG_LEVEL=3
12-10 15:05:14.107  1213  1226 D GpsLocationProvider: SUPL_ES=1
12-10 15:05:14.107  1213  1226 D GpsLocationProvider: NMEA_PROVIDER=0
12-10 15:05:14.107  1213  1226 D GpsLocationProvider: CAPABILITIES=0x31
12-10 15:05:14.107  1213  1226 D GpsLocationProvider: SUPL_VER=0x20000
12-10 15:05:14.107  1213  1226 D GpsLocationProvider: ERR_ESTIMATE=0
12-10 15:05:14.107  1213  1226 D GpsLocationProvider: A_GLONASS_POS_PROTOCOL_SELECT=0
12-10 15:05:14.107  1213  1226 D GpsLocationProvider: INTERMEDIATE_POS=0
12-10 15:05:14.107  1213  1226 D GpsLocationProvider: SGLTE_TARGET=0
12-10 15:05:14.107  1213  1226 D GpsLocationProvider: LPP_PROFILE=0
12-10 15:05:14.107  1213  1226 D GpsLocationProvider: USE_EMERGENCY_PDN_FOR_EMERGENCY_SUPL=1
12-10 15:05:14.107  1213  1226 D GpsLocationProvider: NTP_SERVER=asia.pool.ntp.org
12-10 15:05:14.107  1213  1226 D GpsLocationProvider: SUPL_MODE=1
12-10 15:05:14.107  1213  4360 E LocSvc_ApiV02: I/<--- void globalRespCb(locClientHandleType, uint32_t, locClientRespIndUnionType, void*) line 115 QMI_LOC_SET_SERVER_REQ_V02
12-10 15:05:14.117  3806  3806 W KeyguardUpdateMonitor: invalid subId in handleSimStateChange()
12-10 15:05:14.119  4273  4273 V ConfigResourceUtil: resourceName = config_spn_display_control resourceId = 2130837514resourceValue = false
12-10 15:05:14.124  1213  4329 D AlarmManagerService: Kernel timezone updated to -480 minutes west of GMT
12-10 15:05:14.125   506   506 I ServiceManager: Waiting for service AtCmdFwd...
12-10 15:05:14.132  4273  5437 E PhoneInterfaceManager: [PhoneIntfMgr] getIccId: ICC ID is null or empty.
12-10 15:05:14.137  3806  3806 W KeyguardUpdateMonitor: invalid subId in handleServiceStateChange()
12-10 15:05:14.159  1213  4329 I ActivityManager: Start proc 5551:com.qualcomm.timeservice/1000 for broadcast com.qualcomm.timeservice/.TimeServiceBroadcastReceiver
12-10 15:05:14.162   506   506 I ServiceManager: Waiting for service AtCmdFwd...
12-10 15:05:14.217  1213  3836 D lights  : set_speaker_light_buttons brightness: 0
12-10 15:05:14.218  5551  5551 W System  : ClassLoader referenced unknown path: /system/app/TimeService/lib/arm64
12-10 15:05:14.231  5551  5551 D TimeService: Receivedandroid.intent.action.TIME_SET intent. Current Time is 1481353514230
12-10 15:05:14.231  5551  5551 D         : TimeServiceNative: User Time to be set is 1481353514231
12-10 15:05:14.231  5551  5551 D QC-time-services: Lib:time_genoff_operation: pargs->base = 2
12-10 15:05:14.231  5551  5551 D QC-time-services: Lib:time_genoff_operation: pargs->operation = 0
12-10 15:05:14.231  5551  5551 D QC-time-services: Lib:time_genoff_operation: pargs->ts_val = 1481353514231
12-10 15:05:14.231  5551  5551 D QC-time-services: Lib:time_genoff_operation: Send to server  passed!!
12-10 15:05:14.231   510   766 D QC-time-services: Daemon: Connection accepted:time_genoff
12-10 15:05:14.231   510  5566 D QC-time-services: Daemon:Received base = 2, unit = 1, operation = 0,value = 1481353514231
12-10 15:05:14.231   510  5566 D QC-time-services: Daemon:genoff_opr: Base = 2, val = 1481353514231, operation = 0
12-10 15:05:14.231   510  5566 D QC-time-services: Daemon:rtc_get: Time read from RTC -- MM/DD/YY HH:MM:SS1/25/70 9:50:22
12-10 15:05:14.232   510  5566 D QC-time-services: Daemon:Value read from RTC seconds = 4787422000
12-10 15:05:14.232   510  5566 D QC-time-services: Daemon:new time 1481353514231 
12-10 15:05:14.232   510  5566 D QC-time-services: Daemon: delta 1476566092231 genoff 1476566092231 
12-10 15:05:14.232   510  5566 D QC-time-services: Daemon:genoff_persistent_update: Writing genoff = 1476566092231 to memory
12-10 15:05:14.232   510  5566 D QC-time-services: Daemon:Opening File: /data/time/ats_2
12-10 15:05:14.232   510  5566 D QC-time-services: Daemon:time_persistent_memory_opr:Genoff write operation 
12-10 15:05:14.242  1213  4286 I ActivityManager: START u0 {dat=stk://com.android.stk/dialog/1481353514241 flg=0x10840000 cmp=com.android.stk/.StkDialogActivity (has extras)} from uid 1001 on display 0
12-10 15:05:14.255   510  5566 D QC-time-services: Updating the TOD offset
12-10 15:05:14.256   510  5566 D QC-time-services: Daemon:genoff_persistent_update: Writing genoff = 1476566092231 to memory
12-10 15:05:14.256   510  5566 D QC-time-services: Daemon:Opening File: /data/time/ats_1
12-10 15:05:14.256   510  5566 D QC-time-services: Daemon:time_persistent_memory_opr:Genoff write operation 
12-10 15:05:14.258   510  5566 E QC-time-services: Daemon:Update to modem bit set
12-10 15:05:14.258  5551  5551 E QC-time-services: Receive Passed == base = 2, unit = 1, operation = 0, result = 0
12-10 15:05:14.258   510  5566 D QC-time-services: Daemon:genoff_send_modem: Sending data to MODEM !
12-10 15:05:14.258   510  5566 D QC-time-services: Daemon: Base = 2, Value being sent to MODEM = 1160601292231
12-10 15:05:14.258   510   996 E QC-time-services: Daemon:tod_update_ind_cb: Got Update from modem msg_id 40
12-10 15:05:14.258   510   766 E QC-time-services: Daemon: Time-services: Waiting to acceptconnection
12-10 15:05:14.271  1213  1225 I ActivityManager: Killing 3897:org.cyanogenmod.themes.provider/u0a21 (adj 15): empty #17
12-10 15:05:14.370  1213  3837 D ActivityManager: cleanUpApplicationRecord -- 3897
12-10 15:05:14.397  4273  5574 D OpenGLRenderer: Use EGL_SWAP_BEHAVIOR_PRESERVED: true
12-10 15:05:14.408  4273  4273 E PhoneInterfaceManager: [PhoneIntfMgr] getIccId: No UICC
12-10 15:05:14.452  4273  5574 I Adreno  : QUALCOMM build                   : 4e65137, I041b18199e
12-10 15:05:14.452  4273  5574 I Adreno  : Build Date                       : 01/21/16
12-10 15:05:14.452  4273  5574 I Adreno  : OpenGL ES Shader Compiler Version: XE031.05.11.05
12-10 15:05:14.452  4273  5574 I Adreno  : Local Branch                     : 
12-10 15:05:14.452  4273  5574 I Adreno  : Remote Branch                    : 
12-10 15:05:14.452  4273  5574 I Adreno  : Remote Branch                    : 
12-10 15:05:14.452  4273  5574 I Adreno  : Reconstruct Branch               : 
12-10 15:05:14.459  5010  5010 D CellBroadcastReceiver: onReceive Intent { act=android.intent.action.SERVICE_STATE flg=0x10 cmp=com.android.cellbroadcastreceiver/.CellBroadcastReceiver (has extras) }
12-10 15:05:14.459  5010  5010 D CellBroadcastReceiver: Intent ACTION_SERVICE_STATE_CHANGED
12-10 15:05:14.459  5010  5010 D CellBroadcastReceiver: subscriptionId = -2
12-10 15:05:14.460  4273  5574 I OpenGLRenderer: Initialized EGL, version 1.4
12-10 15:05:14.617  1213  1232 I ActivityManager: Displayed com.android.stk/.StkDialogActivity: +348ms (total +354ms)
12-10 15:05:14.815  5271  5285 D QcrilMsgTunnelSocket: readRilMessage: Buffer = [B@f4df5ad HexData = [010000000404000011000000514f454d484f4f4bef0308000100000002]
12-10 15:05:14.815  5271  5285 D QcrilMsgTunnelSocket: Rcvd UNSOL response with 28 bytes data for SUB0
12-10 15:05:14.816  5271  5285 D QcrilMsgTunnelSocket: Response ID 525295 is not served in this process.
12-10 15:05:14.816  5271  5285 D QcrilMsgTunnelSocket: To broadcast an Intent via the notifier to external apps
12-10 15:05:14.816  5271  5271 D QcrilMsgTunnelIfaceManager: handleMessage what = 0
12-10 15:05:14.823  1213  4313 I BroadcastQueue: Delay finish: com.android.providers.calendar/.CalendarProviderBroadcastReceiver
12-10 15:05:14.834  3806  3806 W KeyguardUpdateMonitor: invalid subId in handleSimStateChange()
12-10 15:05:14.834  1213  1226 D GpsLocationProvider: received SIM change, new known MCC/MNC: []
12-10 15:05:14.837  1213  3836 I BroadcastQueue: Resuming delayed broadcast
12-10 15:05:14.841  4273  4273 E PhoneInterfaceManager: [PhoneIntfMgr] getIccId: No UICC
12-10 15:05:14.845  4273  4652 E PhoneInterfaceManager: [PhoneIntfMgr] getIccId: ICC ID is null or empty.
12-10 15:05:14.876  4273  4273 V ConfigResourceUtil: resourceName = config_spn_display_control resourceId = 2130837514resourceValue = false
12-10 15:05:14.880  1213  1226 D GpsLocationProvider: received SIM change, new known MCC/MNC: []
12-10 15:05:14.887  4273  5437 E PhoneInterfaceManager: [PhoneIntfMgr] getIccId: ICC ID is null or empty.
12-10 15:05:14.891  4273  4273 D MccTable: updateMccMncConfiguration mccmnc='46001' fromServiceState=true
12-10 15:05:14.891  5359  5493 W MessagingApp: PhoneUtils.getForLMR1(): invalid subId = -1
12-10 15:05:14.894  5359  5492 W MessagingApp: PhoneUtils.getForLMR1(): invalid subId = -1
12-10 15:05:14.894  4273  4273 D MccTable: updateMccMncConfiguration defaultMccMnc=
12-10 15:05:14.894  4273  4273 D MccTable: updateMccMncConfiguration: mcc=460, mnc=1
12-10 15:05:14.895  4273  4273 D MccTable: WIFI_COUNTRY_CODE set to cn
12-10 15:05:14.895  1213  3837 I WifiService: WifiService trying to set country code to cn with persist set to true
12-10 15:05:14.897  5271  5285 D QcrilMsgTunnelSocket: readRilMessage: Buffer = [B@f4df5ad HexData = [010000000404000011000000514f454d484f4f4bfa0308000100000000]
12-10 15:05:14.897  5271  5285 D QcrilMsgTunnelSocket: Rcvd UNSOL response with 28 bytes data for SUB0
12-10 15:05:14.898  5271  5285 D QcrilMsgTunnelSocket: Response ID 525306 is not served in this process.
12-10 15:05:14.898  5271  5285 D QcrilMsgTunnelSocket: To broadcast an Intent via the notifier to external apps
12-10 15:05:14.898  3806  3806 D CarrierText: onSimStateChanged: Normal
12-10 15:05:14.899  4273  4287 E PhoneInterfaceManager: [PhoneIntfMgr] getIccId: ICC ID is null or empty.
12-10 15:05:14.902  5271  5271 D QcrilMsgTunnelIfaceManager: handleMessage what = 0
12-10 15:05:14.903   466   852 D QC-time-services: Lib:time_genoff_operation: pargs->base = 12
12-10 15:05:14.903   466   852 D QC-time-services: Lib:time_genoff_operation: pargs->operation = 0
12-10 15:05:14.903   466   852 D QC-time-services: Lib:time_genoff_operation: pargs->ts_val = 1481353514000
12-10 15:05:14.904   466   852 D QC-time-services: Lib:time_genoff_operation: Send to server  passed!!
12-10 15:05:14.904   510   766 D QC-time-services: Daemon: Connection accepted:time_genoff
12-10 15:05:14.904   510  5494 D QC-time-services: Daemon:Received base = 12, unit = 1, operation = 0,value = 1481353514000
12-10 15:05:14.904   510  5494 D QC-time-services: Daemon:genoff_opr: Base = 12, val = 1481353514000, operation = 0
12-10 15:05:14.904   510  5494 D QC-time-services: Daemon:rtc_get: Time read from RTC -- MM/DD/YY HH:MM:SS1/25/70 9:50:22
12-10 15:05:14.904  4273  5393 E PhoneInterfaceManager: [PhoneIntfMgr] getIccId: ICC ID is null or empty.
12-10 15:05:14.904   510  5494 D QC-time-services: Daemon:Value read from RTC seconds = 4787422000
12-10 15:05:14.904   510  5494 D QC-time-services: Daemon:new time 1481353514000 
12-10 15:05:14.904   510  5494 D QC-time-services: Daemon: delta 1476566092000 genoff 1476566092000 
12-10 15:05:14.904   510  5494 D QC-time-services: Daemon:genoff_persistent_update: Writing genoff = 1476566092000 to memory
12-10 15:05:14.904   510  5494 D QC-time-services: Daemon:Opening File: /data/time/ats_12
12-10 15:05:14.904   510  5494 D QC-time-services: Daemon:time_persistent_memory_opr:Genoff write operation 
12-10 15:05:14.907  1213  3894 D AlarmManagerService: Kernel timezone updated to -480 minutes west of GMT
12-10 15:05:14.908  4273  5394 E PhoneInterfaceManager: [PhoneIntfMgr] getIccId: ICC ID is null or empty.
12-10 15:05:14.913  5359  5492 W MessagingApp: PhoneUtils.getForLMR1(): invalid subId = -1
12-10 15:05:14.916  5359  5493 W MessagingApp: PhoneUtils.getForLMR1(): invalid subId = -1
12-10 15:05:14.917  3806  3806 D PhoneStatusBar: disable: < expand ICONS alerts SYSTEM_INFO back HOME RECENT clock SEARCH quick_settings >
12-10 15:05:14.922  5010  5010 D CellBroadcastReceiver: onReceive Intent { act=android.intent.action.SERVICE_STATE flg=0x10 cmp=com.android.cellbroadcastreceiver/.CellBroadcastReceiver (has extras) }
12-10 15:05:14.922  5010  5010 D CellBroadcastReceiver: Intent ACTION_SERVICE_STATE_CHANGED
12-10 15:05:14.922  5010  5010 D CellBroadcastReceiver: subscriptionId = -2
12-10 15:05:14.924  4273  5393 E PhoneInterfaceManager: [PhoneIntfMgr] getIccId: ICC ID is null or empty.
12-10 15:05:14.932   466   852 E QC-time-services: Receive Passed == base = 12, unit = 1, operation = 0, result = 0
12-10 15:05:14.932   466   852 D QC-time-services: Lib:time_genoff_operation: pargs->base = 13
12-10 15:05:14.932   466   852 D QC-time-services: Lib:time_genoff_operation: pargs->operation = 0
12-10 15:05:14.932   466   852 D QC-time-services: Lib:time_genoff_operation: pargs->ts_val = 1481353514000
12-10 15:05:14.932   510   766 E QC-time-services: Daemon: Time-services: Waiting to acceptconnection
12-10 15:05:14.932   466   852 D QC-time-services: Lib:time_genoff_operation: Send to server  passed!!
12-10 15:05:14.932   510   766 D QC-time-services: Daemon: Connection accepted:time_genoff
12-10 15:05:14.933   510  5502 D QC-time-services: Daemon:Received base = 13, unit = 1, operation = 0,value = 1481353514000
12-10 15:05:14.933   510  5502 D QC-time-services: Daemon:genoff_opr: Base = 13, val = 1481353514000, operation = 0
12-10 15:05:14.933   510  5502 D QC-time-services: Daemon:rtc_get: Time read from RTC -- MM/DD/YY HH:MM:SS1/25/70 9:50:22
12-10 15:05:14.933   510  5502 D QC-time-services: Daemon:Value read from RTC seconds = 4787422000
12-10 15:05:14.933   510  5502 D QC-time-services: Daemon:new time 1481353514000 
12-10 15:05:14.933   510  5502 D QC-time-services: Daemon: delta 1476566092000 genoff 1476566092000 
12-10 15:05:14.933   510  5502 D QC-time-services: Daemon:genoff_persistent_update: Writing genoff = 1476566092000 to memory
12-10 15:05:14.933   510  5502 D QC-time-services: Daemon:Opening File: /data/time/ats_13
12-10 15:05:14.933   510  5502 D QC-time-services: Daemon:time_persistent_memory_opr:Genoff write operation 
12-10 15:05:14.935  5359  5492 W MessagingApp: canonicalizeMccMnc: invalid mccmnc:null ,null
12-10 15:05:14.940  4273  4273 E PhoneInterfaceManager: [PhoneIntfMgr] getIccId: ICC ID is null or empty.
12-10 15:05:14.940  3806  3806 W KeyguardUpdateMonitor: invalid subId in handleServiceStateChange()
12-10 15:05:14.942  1213  3894 D MmsServiceBroker: getCarrierConfigValues() by com.android.messaging
12-10 15:05:14.943  4273  5394 D MmsService: getCarrierConfigValues
12-10 15:05:14.943  4273  4273 I Telephony: PstnIncomingCallNotifier: Unregistering: Handler (com.android.internal.telephony.gsm.GSMPhone) {4bd20e5}
12-10 15:05:14.943  4273  5394 I MmsService: mms config for sub 1: Bundle[{httpSocketTimeout=60000, aliasMinChars=2, smsToMmsTextThreshold=-1, enableSMSDeliveryReports=true, maxMessageTextSize=-1, supportMmsContentDisposition=true, enabledTransID=false, aliasEnabled=false, supportHttpCharsetHeader=false, allowAttachAudio=true, smsToMmsTextLengthThreshold=-1, recipientLimit=2147483647, uaProfTagName=x-wap-profile, aliasMaxChars=48, maxImageHeight=480, enableMMSDeliveryReports=false, userAgent=, config_cellBroadcastAppLinks=true, maxSubjectLength=40, httpParams=, enableGroupMms=true, emailGatewayNumber=, maxMessageSize=307200, naiSuffix=, enableMMSReadReports=false, maxImageWidth=640, uaProfUrl=, enabledMMS=true, enabledNotifyWapMMSC=false, sendMultipartSmsAsSeparateMessages=false, enableMultipartSMS=true}]
12-10 15:05:14.944  5359  5492 I MessagingApp: Carrier configs loaded: Bundle[{httpSocketTimeout=60000, aliasMinChars=2, smsToMmsTextThreshold=-1, enableSMSDeliveryReports=true, maxMessageTextSize=-1, supportMmsContentDisposition=true, enabledTransID=false, aliasEnabled=false, supportHttpCharsetHeader=false, allowAttachAudio=true, smsToMmsTextLengthThreshold=-1, recipientLimit=2147483647, uaProfTagName=x-wap-profile, aliasMaxChars=48, maxImageHeight=480, enableMMSDeliveryReports=false, userAgent=, config_cellBroadcastAppLinks=true, maxSubjectLength=40, httpParams=, enableGroupMms=true, emailGatewayNumber=, maxMessageSize=307200, naiSuffix=, enableMMSReadReports=false, maxImageWidth=640, uaProfUrl=, enabledMMS=true, enabledNotifyWapMMSC=false, sendMultipartSmsAsSeparateMessages=false, enableMultipartSMS=true}] from resources+system for subId=1
12-10 15:05:14.945  4273  4273 W Telephony: TelecomAccountRegistry: Failed to get primary stack id
12-10 15:05:14.946  4273  4273 E PhoneInterfaceManager: [PhoneIntfMgr] getIccId: No UICC
12-10 15:05:14.952  1213  3894 I Telecom : PhoneAccountRegistrar: [ComponentInfo{com.android.phone/com.android.services.telephony.TelephonyConnectionService}, [e0184adedf913b076626646d3f52c3b49c39ad6d], UserHandle{0}(icon: Icon(typ=BITMAP size=57x72) -> Icon(typ=BITMAP size=57x72))]
12-10 15:05:14.962   466   852 E QC-time-services: Receive Passed == base = 13, unit = 1, operation = 0, result = 0
12-10 15:05:14.962   510   766 E QC-time-services: Daemon: Time-services: Waiting to acceptconnection
12-10 15:05:14.964  5359  5493 W MessagingApp: PhoneUtils.getForLMR1(): invalid subId = -1
12-10 15:05:14.965  5359  5493 W MessagingApp: PhoneUtils.getForLMR1(): invalid subId = -1
12-10 15:05:14.967  1213  3894 I Telecom : : Sending phone-account registered intent as user
12-10 15:05:14.967  5359  5493 W MessagingApp: PhoneUtils.getSelfRawNumber: subInfo is null for -1
12-10 15:05:14.969  5359  5493 W MessagingApp: PhoneUtils.getForLMR1(): invalid subId = -1
12-10 15:05:14.969  4273  4273 I Telephony: AccountEntry: Registered phoneAccount: [[ ] PhoneAccount: ComponentInfo{com.android.phone/com.android.services.telephony.TelephonyConnectionService}, [e0184adedf913b076626646d3f52c3b49c39ad6d], UserHandle{0} Capabilities: 54 Schemes: tel voicemail ] with handle: ComponentInfo{com.android.phone/com.android.services.telephony.TelephonyConnectionService}, [e0184adedf913b076626646d3f52c3b49c39ad6d], UserHandle{0}
12-10 15:05:14.969  4273  4273 I Telephony: PstnIncomingCallNotifier: Registering: Handler (com.android.internal.telephony.gsm.GSMPhone) {4bd20e5}
12-10 15:05:14.983  5359  5493 W MessagingApp: PhoneUtils.getForLMR1(): invalid subId = -1
12-10 15:05:14.986  1213  3894 I Telecom : PhoneAccountRegistrar: getUserSelVoicePhoneAccount, voice subId = -1
12-10 15:05:14.986  1213  3894 I Telecom : PhoneAccountRegistrar: getUserSelVoicePhoneAccount, emergency account 
12-10 15:05:14.987  4273  5515 I MmsService: MmsConfigManager loads in background mcc/mnc: 0/0
12-10 15:05:14.994  4273  5394 E PhoneInterfaceManager: [PhoneIntfMgr] getIccId: ICC ID is null or empty.
12-10 15:05:14.996  5271  5285 D QcrilMsgTunnelSocket: readRilMessage: Buffer = [B@f4df5ad HexData = [010000000404000011000000514f454d484f4f4bf10308000100000004]
12-10 15:05:14.996  5271  5285 D QcrilMsgTunnelSocket: Rcvd UNSOL response with 28 bytes data for SUB0
12-10 15:05:14.996  5271  5285 D QcrilMsgTunnelSocket: Response ID 525297 is not served in this process.
12-10 15:05:14.996  5271  5285 D QcrilMsgTunnelSocket: To broadcast an Intent via the notifier to external apps
12-10 15:05:14.996  4273  5515 E PhoneInterfaceManager: [PhoneIntfMgr] getIccId: ICC ID is null or empty.
12-10 15:05:14.996  5271  5271 D QcrilMsgTunnelIfaceManager: handleMessage what = 0
12-10 15:05:15.012  1213  4329 D AlarmManagerService: Kernel timezone updated to -480 minutes west of GMT
12-10 15:05:15.012  4273  4652 E PhoneInterfaceManager: [PhoneIntfMgr] getIccId: ICC ID is null or empty.
12-10 15:05:15.016  1213  3836 D AlarmManagerService: Setting time of day to sec=1481353514
12-10 15:05:15.162   506   506 I ServiceManager: Waiting for service AtCmdFwd...
12-10 15:05:15.200  4273  4273 D MccTable: updateMccMncConfiguration mccmnc='46001' fromServiceState=false
12-10 15:05:15.202  4273  4273 D MccTable: updateMccMncConfiguration defaultMccMnc=
12-10 15:05:15.202  4273  4273 D MccTable: updateMccMncConfiguration: mcc=460, mnc=1
12-10 15:05:15.202  4273  4273 D MccTable: updateMccMncConfiguration updateConfig config={1.0 460mcc1mnc ?locale ?layoutDir ?swdp ?wdp ?hdp ?density ?lsize ?long ?orien ?uimode ?night ?touch ?keyb/?/? ?nav/? themeResource=null}
12-10 15:05:15.202  1213  4279 I ActivityManager: Config changes=3 {1.0 460mcc1mnc zh_CN ldltr sw360dp w360dp h616dp 480dpi nrml long port finger -keyb/v/h -nav/h s.7 themeResource=null}
12-10 15:05:15.216   451   697 D PermissionCache: checking android.permission.READ_FRAME_BUFFER for uid=1000 => granted (156 us)
12-10 15:05:15.314  1213  1232 I WindowManager: Screen frozen for +107ms due to Window{2e80cbc u0 KeyguardBottomArea}
12-10 15:05:15.363  4273  4273 I art     : Starting a blocking GC Explicit
12-10 15:05:15.401  4273  4273 I art     : Explicit concurrent mark sweep GC freed 67020(6MB) AllocSpace objects, 43(1004KB) LOS objects, 40% free, 16MB/26MB, paused 692us total 37.463ms
12-10 15:05:15.408  4273  4273 I art     : Starting a blocking GC Explicit
12-10 15:05:15.429  4273  4273 I art     : Explicit concurrent mark sweep GC freed 4703(213KB) AllocSpace objects, 2(40KB) LOS objects, 40% free, 15MB/26MB, paused 616us total 20.709ms
12-10 15:05:15.429  4273  4273 I art     : Starting a blocking GC Explicit
12-10 15:05:15.449  4273  4273 I art     : Explicit concurrent mark sweep GC freed 3(96B) AllocSpace objects, 0(0B) LOS objects, 40% free, 15MB/26MB, paused 662us total 19.964ms
12-10 15:05:16.018  5289  5396 I GlobalDismissManager: no sender configured
12-10 15:05:16.018  5289  5396 D AlertService: Beginning updateAlertNotification
12-10 15:05:16.025  5289  5396 D AlertService: No fired or scheduled alerts
12-10 15:05:16.030  5289  5396 D AlertService: Scheduling next alarm with AlarmScheduler. sEventReminderReceived: null
12-10 15:05:16.036  5289  5396 D AlarmScheduler: No events found starting within 1 week.
12-10 15:05:16.162   506   506 I ServiceManager: Waiting for service AtCmdFwd...
12-10 15:05:16.242  5567  5567 I /system/bin/perfd: type=1400 audit(0.0:73): avc: denied { write } for comm=504F5349582074696D65722031 name="mpctl" dev="mmcblk0p41" ino=3440714 scontext=u:r:init:s0 tcontext=u:object_r:mpctl_socket:s0 tclass=sock_file permissive=1
12-10 15:05:16.644  1213  1226 D GpsLocationProvider: received SIM change, new known MCC/MNC: [46001]
12-10 15:05:16.654  5359  5641 W MessagingApp: PhoneUtils.getForLMR1(): invalid subId = -1
12-10 15:05:16.656  5359  5642 W MessagingApp: PhoneUtils.getForLMR1(): invalid subId = -1
12-10 15:05:16.673  4273  4273 I Telephony: PstnIncomingCallNotifier: Unregistering: Handler (com.android.internal.telephony.gsm.GSMPhone) {4bd20e5}
12-10 15:05:16.674  5359  5641 W MessagingApp: PhoneUtils.getForLMR1(): invalid subId = -1
12-10 15:05:16.675  4273  4273 W Telephony: TelecomAccountRegistry: Failed to get primary stack id
12-10 15:05:16.678  4273  4273 E PhoneInterfaceManager: [PhoneIntfMgr] getIccId: No UICC
12-10 15:05:16.688  5359  5642 W MessagingApp: PhoneUtils.getForLMR1(): invalid subId = -1
12-10 15:05:16.689  1213  4315 I Telecom : PhoneAccountRegistrar: [ComponentInfo{com.android.phone/com.android.services.telephony.TelephonyConnectionService}, [e0184adedf913b076626646d3f52c3b49c39ad6d], UserHandle{0}(addr: tel:************** -> tel:)(icon: Icon(typ=BITMAP size=57x72) -> Icon(typ=BITMAP size=57x72))(subAddr: tel:************** -> tel:)]
12-10 15:05:16.701  5359  5641 W MessagingApp: canonicalizeMccMnc: invalid mccmnc:null ,null
12-10 15:05:16.712  1213  4315 I Telecom : : Sending phone-account registered intent as user
12-10 15:05:16.715  4273  4273 I Telephony: AccountEntry: Registered phoneAccount: [[ ] PhoneAccount: ComponentInfo{com.android.phone/com.android.services.telephony.TelephonyConnectionService}, [e0184adedf913b076626646d3f52c3b49c39ad6d], UserHandle{0} Capabilities: 54 Schemes: tel voicemail ] with handle: ComponentInfo{com.android.phone/com.android.services.telephony.TelephonyConnectionService}, [e0184adedf913b076626646d3f52c3b49c39ad6d], UserHandle{0}
12-10 15:05:16.715  4273  4273 I Telephony: PstnIncomingCallNotifier: Registering: Handler (com.android.internal.telephony.gsm.GSMPhone) {4bd20e5}
12-10 15:05:16.717  1213  4286 D MmsServiceBroker: getCarrierConfigValues() by com.android.messaging
12-10 15:05:16.717  4273  4287 D MmsService: getCarrierConfigValues
12-10 15:05:16.718  4273  4287 I MmsService: mms config for sub 1: Bundle[{httpSocketTimeout=60000, aliasMinChars=2, smsToMmsTextThreshold=-1, enableSMSDeliveryReports=true, maxMessageTextSize=-1, supportMmsContentDisposition=true, enabledTransID=false, aliasEnabled=false, supportHttpCharsetHeader=false, allowAttachAudio=true, smsToMmsTextLengthThreshold=-1, recipientLimit=2147483647, uaProfTagName=x-wap-profile, aliasMaxChars=48, maxImageHeight=480, enableMMSDeliveryReports=false, userAgent=, config_cellBroadcastAppLinks=true, maxSubjectLength=40, httpParams=, enableGroupMms=true, emailGatewayNumber=, maxMessageSize=307200, naiSuffix=, enableMMSReadReports=false, maxImageWidth=640, uaProfUrl=, enabledMMS=true, enabledNotifyWapMMSC=false, sendMultipartSmsAsSeparateMessages=false, enableMultipartSMS=true}]
12-10 15:05:16.718  5359  5641 I MessagingApp: Carrier configs loaded: Bundle[{httpSocketTimeout=60000, aliasMinChars=2, smsToMmsTextThreshold=-1, enableSMSDeliveryReports=true, maxMessageTextSize=-1, supportMmsContentDisposition=true, enabledTransID=false, aliasEnabled=false, supportHttpCharsetHeader=false, allowAttachAudio=true, smsToMmsTextLengthThreshold=-1, recipientLimit=2147483647, uaProfTagName=x-wap-profile, aliasMaxChars=48, maxImageHeight=480, enableMMSDeliveryReports=false, userAgent=, config_cellBroadcastAppLinks=true, maxSubjectLength=40, httpParams=, enableGroupMms=true, emailGatewayNumber=, maxMessageSize=307200, naiSuffix=, enableMMSReadReports=false, maxImageWidth=640, uaProfUrl=, enabledMMS=true, enabledNotifyWapMMSC=false, sendMultipartSmsAsSeparateMessages=false, enableMultipartSMS=true}] from resources+system for subId=1
12-10 15:05:16.725  1213  3837 I Telecom : PhoneAccountRegistrar: getUserSelVoicePhoneAccount, voice subId = -1
12-10 15:05:16.726  1213  3837 I Telecom : PhoneAccountRegistrar: getUserSelVoicePhoneAccount, emergency account 
12-10 15:05:16.728  4273  5643 I MmsService: MmsConfigManager loads in background mcc/mnc: 460/1
12-10 15:05:16.737  5359  5642 W MessagingApp: PhoneUtils.getForLMR1(): invalid subId = -1
12-10 15:05:16.739  5359  5642 W MessagingApp: PhoneUtils.getForLMR1(): invalid subId = -1
12-10 15:05:16.740  4273  4273 V ConfigResourceUtil: resourceName = config_spn_display_control resourceId = 2130837514resourceValue = false
12-10 15:05:16.740  5359  5642 W MessagingApp: PhoneUtils.getSelfRawNumber: subInfo is null for -1
12-10 15:05:16.742  5359  5642 W MessagingApp: PhoneUtils.getForLMR1(): invalid subId = -1
12-10 15:05:16.744  1213  1226 D GpsLocationProvider: received SIM change, new known MCC/MNC: [46001]
12-10 15:05:16.746  5359  5378 W MessagingApp: PhoneUtils.getForLMR1(): invalid subId = -1
12-10 15:05:16.751  5359  5376 W MessagingApp: PhoneUtils.getForLMR1(): invalid subId = -1
12-10 15:05:16.759  4273  4273 V OtaStartupReceiver: onOtaspChanged: mOtaspMode=3
12-10 15:05:16.761  5010  5010 D CellBroadcastReceiver: onReceive Intent { act=android.intent.action.internal_sim_state_changed flg=0x24000010 cmp=com.android.cellbroadcastreceiver/.CellBroadcastReceiver (has extras) }
12-10 15:05:16.763  4273  4273 I Telephony: PstnIncomingCallNotifier: Unregistering: Handler (com.android.internal.telephony.gsm.GSMPhone) {4bd20e5}
12-10 15:05:16.767  4273  4273 W Telephony: TelecomAccountRegistry: Failed to get primary stack id
12-10 15:05:16.768  5359  5642 W MessagingApp: PhoneUtils.getForLMR1(): invalid subId = -1
12-10 15:05:16.768  4273  4273 E PhoneInterfaceManager: [PhoneIntfMgr] getIccId: No UICC
12-10 15:05:16.771  5359  5378 W MessagingApp: PhoneUtils.getForLMR1(): invalid subId = -1
12-10 15:05:16.775  1213  3837 I Telecom : PhoneAccountRegistrar: [ComponentInfo{com.android.phone/com.android.services.telephony.TelephonyConnectionService}, [e0184adedf913b076626646d3f52c3b49c39ad6d], UserHandle{0}(icon: Icon(typ=BITMAP size=57x72) -> Icon(typ=BITMAP size=57x72))]
12-10 15:05:16.789  1213  3837 I Telecom : : Sending phone-account registered intent as user
12-10 15:05:16.792  4273  4273 I Telephony: AccountEntry: Registered phoneAccount: [[ ] PhoneAccount: ComponentInfo{com.android.phone/com.android.services.telephony.TelephonyConnectionService}, [e0184adedf913b076626646d3f52c3b49c39ad6d], UserHandle{0} Capabilities: 54 Schemes: tel voicemail ] with handle: ComponentInfo{com.android.phone/com.android.services.telephony.TelephonyConnectionService}, [e0184adedf913b076626646d3f52c3b49c39ad6d], UserHandle{0}
12-10 15:05:16.793  4273  4273 I Telephony: PstnIncomingCallNotifier: Registering: Handler (com.android.internal.telephony.gsm.GSMPhone) {4bd20e5}
12-10 15:05:16.793  5359  5378 W MessagingApp: canonicalizeMccMnc: invalid mccmnc:null ,null
12-10 15:05:16.799  1213  1225 D MmsServiceBroker: getCarrierConfigValues() by com.android.messaging
12-10 15:05:16.799  4273  5394 D MmsService: getCarrierConfigValues
12-10 15:05:16.799  4273  5394 I MmsService: mms config for sub 1: Bundle[{httpSocketTimeout=60000, aliasMinChars=2, smsToMmsTextThreshold=-1, enableSMSDeliveryReports=true, maxMessageTextSize=-1, supportMmsContentDisposition=true, enabledTransID=false, aliasEnabled=false, supportHttpCharsetHeader=false, allowAttachAudio=true, smsToMmsTextLengthThreshold=-1, recipientLimit=2147483647, uaProfTagName=x-wap-profile, aliasMaxChars=48, maxImageHeight=480, enableMMSDeliveryReports=false, userAgent=, config_cellBroadcastAppLinks=true, maxSubjectLength=40, httpParams=, enableGroupMms=true, emailGatewayNumber=, maxMessageSize=307200, naiSuffix=, enableMMSReadReports=false, maxImageWidth=640, uaProfUrl=, enabledMMS=true, enabledNotifyWapMMSC=false, sendMultipartSmsAsSeparateMessages=false, enableMultipartSMS=true}]
12-10 15:05:16.802  5359  5378 I MessagingApp: Carrier configs loaded: Bundle[{httpSocketTimeout=60000, aliasMinChars=2, smsToMmsTextThreshold=-1, enableSMSDeliveryReports=true, maxMessageTextSize=-1, supportMmsContentDisposition=true, enabledTransID=false, aliasEnabled=false, supportHttpCharsetHeader=false, allowAttachAudio=true, smsToMmsTextLengthThreshold=-1, recipientLimit=2147483647, uaProfTagName=x-wap-profile, aliasMaxChars=48, maxImageHeight=480, enableMMSDeliveryReports=false, userAgent=, config_cellBroadcastAppLinks=true, maxSubjectLength=40, httpParams=, enableGroupMms=true, emailGatewayNumber=, maxMessageSize=307200, naiSuffix=, enableMMSReadReports=false, maxImageWidth=640, uaProfUrl=, enabledMMS=true, enabledNotifyWapMMSC=false, sendMultipartSmsAsSeparateMessages=false, enableMultipartSMS=true}] from resources+system for subId=1
12-10 15:05:16.804  1213  4315 I Telecom : PhoneAccountRegistrar: getUserSelVoicePhoneAccount, voice subId = -1
12-10 15:05:16.804  1213  4315 I Telecom : PhoneAccountRegistrar: getUserSelVoicePhoneAccount, emergency account 
12-10 15:05:16.805  4273  5645 I MmsService: MmsConfigManager loads in background mcc/mnc: 460/1
12-10 15:05:16.808  5359  5376 W MessagingApp: PhoneUtils.getForLMR1(): invalid subId = -1
12-10 15:05:16.842  1213  1226 D GpsLocationProvider: received SIM change, new known MCC/MNC: [46001]
12-10 15:05:16.843  3806  3806 W KeyguardUpdateMonitor: invalid subId in handleSimStateChange()
12-10 15:05:16.845  4273  4273 D CarrierConfigLoader: update config for phoneId: 0 simState: LOADED
12-10 15:05:16.845  4273  4273 D CarrierServiceBindHelper: update binding for phoneId: 0 simState: LOADED
12-10 15:05:16.865  5010  5644 D CellBroadcastConfigService: enabling emergency cell broadcast channels
12-10 15:05:16.873  4273  4273 E PhoneInterfaceManager: [PhoneIntfMgr] getIccId: No UICC
12-10 15:05:16.879  4273  4273 D CarrierConfigLoader: mHandler: 7 phoneId: 0
12-10 15:05:16.887  4273  4273 D CarrierConfigLoader: Loaded config from XML. package=com.android.carrierconfig phoneId=0
12-10 15:05:16.903  4273  4273 D CarrierServiceBindHelper: mHandler: 0
12-10 15:05:16.903  4273  4273 D CarrierServiceBindHelper: Binding to phoneId: 0
12-10 15:05:16.908  4273  4273 D CarrierServiceBindHelper: No carrier app for: 0
12-10 15:05:16.909  4273  4273 D CarrierConfigLoader: mHandler: 5 phoneId: 0
12-10 15:05:16.915  5359  5359 I MessagingApp: Carrier config changed. Reloading MMS config.
12-10 15:05:16.922  5359  5379 W MessagingApp: PhoneUtils.getForLMR1(): invalid subId = -1
12-10 15:05:16.928  4273  4273 W OmtpVvmCarrierConfigHelper: Invalid subscriptionId or subscriptionId not provided in intent.
12-10 15:05:16.930  1213  1213 I Telecom : PhoneAccountRegistrar: SimCallManager queried, returning: null
12-10 15:05:16.939  5359  5376 W MessagingApp: PhoneUtils.getForLMR1(): invalid subId = -1
12-10 15:05:16.940  5359  5376 W MessagingApp: PhoneUtils.getForLMR1(): invalid subId = -1
12-10 15:05:16.943  5359  5376 W MessagingApp: PhoneUtils.getSelfRawNumber: subInfo is null for -1
12-10 15:05:16.944  5359  5376 W MessagingApp: PhoneUtils.getForLMR1(): invalid subId = -1
12-10 15:05:16.959  5010  5644 D CellBroadcastConfigService: enabled emergency cell broadcast channels
12-10 15:05:16.959  5359  5376 W MessagingApp: PhoneUtils.getForLMR1(): invalid subId = -1
12-10 15:05:16.964  5359  5376 W MessagingApp: PhoneUtils.getSelfRawNumber: subInfo is null for 1
12-10 15:05:16.971  5010  5644 D CellBroadcastConfigService: disabling cell broadcast channel 50
12-10 15:05:16.976  5010  5644 D CellBroadcastConfigService: disabling cell broadcast channel 60
12-10 15:05:16.980  5010  5644 D CellBroadcastConfigService: disabled cell broadcast channel 60
12-10 15:05:16.983  5010  5644 D CellBroadcastConfigService: disabling channels 919-928
12-10 15:05:16.991  5010  5644 D CellBroadcastConfigService: disabling cell broadcast ETWS test messages
12-10 15:05:17.060  5359  5642 W MessagingApp: PhoneUtils.getForLMR1(): invalid subId = -1
12-10 15:05:17.070  5271  5285 D QcrilMsgTunnelSocket: readRilMessage: Buffer = [B@f4df5ad HexData = [010000000404000011000000514f454d484f4f4bf10308000100000001]
12-10 15:05:17.070  5271  5285 D QcrilMsgTunnelSocket: Rcvd UNSOL response with 28 bytes data for SUB0
12-10 15:05:17.070  5271  5285 D QcrilMsgTunnelSocket: Response ID 525297 is not served in this process.
12-10 15:05:17.070  5271  5285 D QcrilMsgTunnelSocket: To broadcast an Intent via the notifier to external apps
12-10 15:05:17.070  5271  5271 D QcrilMsgTunnelIfaceManager: handleMessage what = 0
12-10 15:05:17.124  1213  4279 D CountryDetector: The first listener is added
12-10 15:05:17.163   506   506 I ServiceManager: Waiting for service AtCmdFwd...
12-10 15:05:17.268   602   602 I MSM-irqbalance: Decided to move IRQ57 from CPU4 to CPU5
12-10 15:05:17.325  1213  1232 I art     : Starting a blocking GC Explicit
12-10 15:05:17.381  4273  4273 D MccTable: updateMccMncConfiguration mccmnc='46001' fromServiceState=false
12-10 15:05:17.383  4273  4273 D MccTable: updateMccMncConfiguration defaultMccMnc=46001
12-10 15:05:17.383  4273  4273 D MccTable: updateMccMncConfiguration: mcc=460, mnc=1
12-10 15:05:17.383  4273  4273 D MccTable: updateMccMncConfiguration updateConfig config={1.0 460mcc1mnc ?locale ?layoutDir ?swdp ?wdp ?hdp ?density ?lsize ?long ?orien ?uimode ?night ?touch ?keyb/?/? ?nav/? themeResource=null}
12-10 15:05:17.396  1213  4411 W ActivityManager: Unable to start service Intent { act=com.android.location.XT.IXTSrv pkg=com.qualcomm.location.XT } U=0: not found
12-10 15:05:17.432  1213  1232 I art     : Explicit concurrent mark sweep GC freed 59317(7MB) AllocSpace objects, 58(2MB) LOS objects, 33% free, 23MB/35MB, paused 1.769ms total 106.144ms
12-10 15:05:17.495  1213  1226 D GpsLocationProvider: received SIM change, new known MCC/MNC: [46001]
12-10 15:05:17.520  4273  4273 I Telephony: PstnIncomingCallNotifier: Unregistering: Handler (com.android.internal.telephony.gsm.GSMPhone) {4bd20e5}
12-10 15:05:17.536  4273  4273 W Telephony: TelecomAccountRegistry: Failed to get status for, slotId: 0 Exception: java.lang.NullPointerException: Attempt to invoke interface method 'int com.android.internal.telephony.IExtTelephony.getCurrentUiccCardProvisioningStatus(int)' on a null object reference
12-10 15:05:17.551  5359  5432 W MessagingApp: canonicalizeMccMnc: invalid mccmnc:null ,null
12-10 15:05:17.562  1213  4329 D MmsServiceBroker: getCarrierConfigValues() by com.android.messaging
12-10 15:05:17.562  4273  5394 D MmsService: getCarrierConfigValues
