12-10 15:05:17.563  4273  5394 I MmsService: mms config for sub 1: Bundle[{httpSocketTimeout=60000, aliasMinChars=2, smsToMmsTextThreshold=-1, enableSMSDeliveryReports=true, maxMessageTextSize=-1, supportMmsContentDisposition=true, enabledTransID=false, aliasEnabled=false, supportHttpCharsetHeader=false, allowAttachAudio=true, smsToMmsTextLengthThreshold=-1, recipientLimit=2147483647, uaProfTagName=x-wap-profile, aliasMaxChars=48, maxImageHeight=480, enableMMSDeliveryReports=false, userAgent=, config_cellBroadcastAppLinks=true, maxSubjectLength=40, httpParams=, enableGroupMms=true, emailGatewayNumber=, maxMessageSize=307200, naiSuffix=, enableMMSReadReports=false, maxImageWidth=640, uaProfUrl=, enabledMMS=true, enabledNotifyWapMMSC=false, sendMultipartSmsAsSeparateMessages=false, enableMultipartSMS=true}]
12-10 15:05:17.564  5359  5432 I MessagingApp: Carrier configs loaded: Bundle[{httpSocketTimeout=60000, aliasMinChars=2, smsToMmsTextThreshold=-1, enableSMSDeliveryReports=true, maxMessageTextSize=-1, supportMmsContentDisposition=true, enabledTransID=false, aliasEnabled=false, supportHttpCharsetHeader=false, allowAttachAudio=true, smsToMmsTextLengthThreshold=-1, recipientLimit=2147483647, uaProfTagName=x-wap-profile, aliasMaxChars=48, maxImageHeight=480, enableMMSDeliveryReports=false, userAgent=, config_cellBroadcastAppLinks=true, maxSubjectLength=40, httpParams=, enableGroupMms=true, emailGatewayNumber=, maxMessageSize=307200, naiSuffix=, enableMMSReadReports=false, maxImageWidth=640, uaProfUrl=, enabledMMS=true, enabledNotifyWapMMSC=false, sendMultipartSmsAsSeparateMessages=false, enableMultipartSMS=true}] from resources+system for subId=1
12-10 15:05:17.571  1213  4279 I Telecom : PhoneAccountRegistrar: New phone account registered: [[ ] PhoneAccount: ComponentInfo{com.android.phone/com.android.services.telephony.TelephonyConnectionService}, [356a192b7913b04c54574d18c28d46e6395428ab], UserHandle{0} Capabilities: 54 Schemes: tel voicemail ]
12-10 15:05:17.601  1213  4279 I Telecom : : Sending phone-account registered intent as user
12-10 15:05:17.604  4273  4273 I Telephony: AccountEntry: Registered phoneAccount: [[ ] PhoneAccount: ComponentInfo{com.android.phone/com.android.services.telephony.TelephonyConnectionService}, [356a192b7913b04c54574d18c28d46e6395428ab], UserHandle{0} Capabilities: 54 Schemes: tel voicemail ] with handle: ComponentInfo{com.android.phone/com.android.services.telephony.TelephonyConnectionService}, [356a192b7913b04c54574d18c28d46e6395428ab], UserHandle{0}
12-10 15:05:17.604  4273  4273 I Telephony: PstnIncomingCallNotifier: Registering: Handler (com.android.internal.telephony.gsm.GSMPhone) {4bd20e5}
12-10 15:05:17.608  4273  4273 W Telephony: TelecomAccountRegistry: Failed to get primary stack id
12-10 15:05:17.614  4273  4273 I Telephony: TelecomAccountRegistry: Unregistering phone account ComponentInfo{com.android.phone/com.android.services.telephony.TelephonyConnectionService}, [e0184adedf913b076626646d3f52c3b49c39ad6d], UserHandle{0}.
12-10 15:05:17.639  1213  4286 I Telecom : : Sending phone-account unregistered intent as user
12-10 15:05:17.643  1213  3836 I Telecom : PhoneAccountRegistrar: getUserSelVoicePhoneAccount, voice subId = 1
12-10 15:05:17.643  1213  3836 I Telecom : PhoneAccountRegistrar: getUserSelectedVoicePhoneAccount, voice subId = 1 subId = 1 mId = 1
12-10 15:05:17.767  1213  1226 D GpsLocationProvider: received SIM change, new known MCC/MNC: [46001]
12-10 15:05:17.773  4273  4273 V ConfigResourceUtil: resourceName = config_spn_display_control resourceId = 2130837514resourceValue = false
12-10 15:05:17.798  1213  1226 D GpsLocationProvider: received SIM change, new known MCC/MNC: [46001]
12-10 15:05:17.807  5359  5492 W MessagingApp: canonicalizeMccMnc: invalid mccmnc:null ,null
12-10 15:05:17.817  1213  1224 D MmsServiceBroker: getCarrierConfigValues() by com.android.messaging
12-10 15:05:17.817  4273  4652 D MmsService: getCarrierConfigValues
12-10 15:05:17.817  4273  4652 I MmsService: mms config for sub 1: Bundle[{httpSocketTimeout=60000, aliasMinChars=2, smsToMmsTextThreshold=-1, enableSMSDeliveryReports=true, maxMessageTextSize=-1, supportMmsContentDisposition=true, enabledTransID=false, aliasEnabled=false, supportHttpCharsetHeader=false, allowAttachAudio=true, smsToMmsTextLengthThreshold=-1, recipientLimit=2147483647, uaProfTagName=x-wap-profile, aliasMaxChars=48, maxImageHeight=480, enableMMSDeliveryReports=false, userAgent=, config_cellBroadcastAppLinks=true, maxSubjectLength=40, httpParams=, enableGroupMms=true, emailGatewayNumber=, maxMessageSize=307200, naiSuffix=, enableMMSReadReports=false, maxImageWidth=640, uaProfUrl=, enabledMMS=true, enabledNotifyWapMMSC=false, sendMultipartSmsAsSeparateMessages=false, enableMultipartSMS=true}]
12-10 15:05:17.818  5359  5492 I MessagingApp: Carrier configs loaded: Bundle[{httpSocketTimeout=60000, aliasMinChars=2, smsToMmsTextThreshold=-1, enableSMSDeliveryReports=true, maxMessageTextSize=-1, supportMmsContentDisposition=true, enabledTransID=false, aliasEnabled=false, supportHttpCharsetHeader=false, allowAttachAudio=true, smsToMmsTextLengthThreshold=-1, recipientLimit=2147483647, uaProfTagName=x-wap-profile, aliasMaxChars=48, maxImageHeight=480, enableMMSDeliveryReports=false, userAgent=, config_cellBroadcastAppLinks=true, maxSubjectLength=40, httpParams=, enableGroupMms=true, emailGatewayNumber=, maxMessageSize=307200, naiSuffix=, enableMMSReadReports=false, maxImageWidth=640, uaProfUrl=, enabledMMS=true, enabledNotifyWapMMSC=false, sendMultipartSmsAsSeparateMessages=false, enableMultipartSMS=true}] from resources+system for subId=1
12-10 15:05:17.832  4273  4273 I Telephony: PstnIncomingCallNotifier: Unregistering: Handler (com.android.internal.telephony.gsm.GSMPhone) {4bd20e5}
12-10 15:05:17.844  4273  4273 W Telephony: TelecomAccountRegistry: Failed to get status for, slotId: 0 Exception: java.lang.NullPointerException: Attempt to invoke interface method 'int com.android.internal.telephony.IExtTelephony.getCurrentUiccCardProvisioningStatus(int)' on a null object reference
12-10 15:05:17.849  5359  5641 W MessagingApp: canonicalizeMccMnc: invalid mccmnc:null ,null
12-10 15:05:17.853  1213  4313 D MmsServiceBroker: getCarrierConfigValues() by com.android.messaging
12-10 15:05:17.853  4273  5394 D MmsService: getCarrierConfigValues
12-10 15:05:17.853  4273  5394 I MmsService: mms config for sub 1: Bundle[{httpSocketTimeout=60000, aliasMinChars=2, smsToMmsTextThreshold=-1, enableSMSDeliveryReports=true, maxMessageTextSize=-1, supportMmsContentDisposition=true, enabledTransID=false, aliasEnabled=false, supportHttpCharsetHeader=false, allowAttachAudio=true, smsToMmsTextLengthThreshold=-1, recipientLimit=2147483647, uaProfTagName=x-wap-profile, aliasMaxChars=48, maxImageHeight=480, enableMMSDeliveryReports=false, userAgent=, config_cellBroadcastAppLinks=true, maxSubjectLength=40, httpParams=, enableGroupMms=true, emailGatewayNumber=, maxMessageSize=307200, naiSuffix=, enableMMSReadReports=false, maxImageWidth=640, uaProfUrl=, enabledMMS=true, enabledNotifyWapMMSC=false, sendMultipartSmsAsSeparateMessages=false, enableMultipartSMS=true}]
12-10 15:05:17.854  5359  5641 I MessagingApp: Carrier configs loaded: Bundle[{httpSocketTimeout=60000, aliasMinChars=2, smsToMmsTextThreshold=-1, enableSMSDeliveryReports=true, maxMessageTextSize=-1, supportMmsContentDisposition=true, enabledTransID=false, aliasEnabled=false, supportHttpCharsetHeader=false, allowAttachAudio=true, smsToMmsTextLengthThreshold=-1, recipientLimit=2147483647, uaProfTagName=x-wap-profile, aliasMaxChars=48, maxImageHeight=480, enableMMSDeliveryReports=false, userAgent=, config_cellBroadcastAppLinks=true, maxSubjectLength=40, httpParams=, enableGroupMms=true, emailGatewayNumber=, maxMessageSize=307200, naiSuffix=, enableMMSReadReports=false, maxImageWidth=640, uaProfUrl=, enabledMMS=true, enabledNotifyWapMMSC=false, sendMultipartSmsAsSeparateMessages=false, enableMultipartSMS=true}] from resources+system for subId=1
12-10 15:05:17.865  1213  3894 I Telecom : PhoneAccountRegistrar: [ComponentInfo{com.android.phone/com.android.services.telephony.TelephonyConnectionService}, [356a192b7913b04c54574d18c28d46e6395428ab], UserHandle{0}(icon: Icon(typ=BITMAP size=72x72) -> Icon(typ=BITMAP size=72x72))]
12-10 15:05:17.878  1213  3894 I Telecom : : Sending phone-account registered intent as user
12-10 15:05:17.880  4273  4273 I Telephony: AccountEntry: Registered phoneAccount: [[ ] PhoneAccount: ComponentInfo{com.android.phone/com.android.services.telephony.TelephonyConnectionService}, [356a192b7913b04c54574d18c28d46e6395428ab], UserHandle{0} Capabilities: 54 Schemes: tel voicemail ] with handle: ComponentInfo{com.android.phone/com.android.services.telephony.TelephonyConnectionService}, [356a192b7913b04c54574d18c28d46e6395428ab], UserHandle{0}
12-10 15:05:17.880  4273  4273 I Telephony: PstnIncomingCallNotifier: Registering: Handler (com.android.internal.telephony.gsm.GSMPhone) {4bd20e5}
12-10 15:05:17.884  4273  4273 W Telephony: TelecomAccountRegistry: Failed to get primary stack id
12-10 15:05:17.890  1213  4315 I Telecom : PhoneAccountRegistrar: getUserSelVoicePhoneAccount, voice subId = 1
12-10 15:05:17.890  1213  4315 I Telecom : PhoneAccountRegistrar: getUserSelectedVoicePhoneAccount, voice subId = 1 subId = 1 mId = 1
12-10 15:05:17.908  4273  5659 I MmsService: MmsConfigManager loads in background mcc/mnc: 460/1
12-10 15:05:17.914  1213  4286 I Telecom : PhoneAccountRegistrar: [ComponentInfo{com.android.phone/com.android.services.telephony.TelephonyConnectionService}, [356a192b7913b04c54574d18c28d46e6395428ab], UserHandle{0}(icon: Icon(typ=BITMAP size=72x72) -> Icon(typ=BITMAP size=72x72))]
12-10 15:05:17.926  1213  4286 I Telecom : : Sending phone-account registered intent as user
12-10 15:05:17.963  4273  4273 I Telephony: PstnIncomingCallNotifier: Unregistering: Handler (com.android.internal.telephony.gsm.GSMPhone) {4bd20e5}
12-10 15:05:17.975  4273  4273 W Telephony: TelecomAccountRegistry: Failed to get status for, slotId: 0 Exception: java.lang.NullPointerException: Attempt to invoke interface method 'int com.android.internal.telephony.IExtTelephony.getCurrentUiccCardProvisioningStatus(int)' on a null object reference
12-10 15:05:17.996  1213  3894 I Telecom : PhoneAccountRegistrar: [ComponentInfo{com.android.phone/com.android.services.telephony.TelephonyConnectionService}, [356a192b7913b04c54574d18c28d46e6395428ab], UserHandle{0}(icon: Icon(typ=BITMAP size=72x72) -> Icon(typ=BITMAP size=72x72))]
12-10 15:05:18.002   694   694 I thermal-engine: type=1400 audit(0.0:74): avc: denied { write } for name="property_service" dev="tmpfs" ino=11607 scontext=u:r:init:s0 tcontext=u:object_r:property_socket:s0 tclass=sock_file permissive=1
12-10 15:05:18.010  1213  3894 I Telecom : : Sending phone-account registered intent as user
12-10 15:05:18.012  4273  4273 I Telephony: AccountEntry: Registered phoneAccount: [[ ] PhoneAccount: ComponentInfo{com.android.phone/com.android.services.telephony.TelephonyConnectionService}, [356a192b7913b04c54574d18c28d46e6395428ab], UserHandle{0} Capabilities: 54 Schemes: tel voicemail ] with handle: ComponentInfo{com.android.phone/com.android.services.telephony.TelephonyConnectionService}, [356a192b7913b04c54574d18c28d46e6395428ab], UserHandle{0}
12-10 15:05:18.012  4273  4273 I Telephony: PstnIncomingCallNotifier: Registering: Handler (com.android.internal.telephony.gsm.GSMPhone) {4bd20e5}
12-10 15:05:18.017  4273  4273 W Telephony: TelecomAccountRegistry: Failed to get primary stack id
12-10 15:05:18.024  1213  4313 I Telecom : PhoneAccountRegistrar: getUserSelVoicePhoneAccount, voice subId = 1
12-10 15:05:18.024  1213  4313 I Telecom : PhoneAccountRegistrar: getUserSelectedVoicePhoneAccount, voice subId = 1 subId = 1 mId = 1
12-10 15:05:18.027  4273  5660 I MmsService: MmsConfigManager loads in background mcc/mnc: 460/1
12-10 15:05:18.036  4273  4273 I Telephony: PstnIncomingCallNotifier: Unregistering: Handler (com.android.internal.telephony.gsm.GSMPhone) {4bd20e5}
12-10 15:05:18.048  4273  4273 W Telephony: TelecomAccountRegistry: Failed to get status for, slotId: 0 Exception: java.lang.NullPointerException: Attempt to invoke interface method 'int com.android.internal.telephony.IExtTelephony.getCurrentUiccCardProvisioningStatus(int)' on a null object reference
12-10 15:05:18.065  1213  1225 I Telecom : PhoneAccountRegistrar: [ComponentInfo{com.android.phone/com.android.services.telephony.TelephonyConnectionService}, [356a192b7913b04c54574d18c28d46e6395428ab], UserHandle{0}(icon: Icon(typ=BITMAP size=72x72) -> Icon(typ=BITMAP size=72x72))]
12-10 15:05:18.077  1213  1225 I Telecom : : Sending phone-account registered intent as user
12-10 15:05:18.079  4273  4273 I Telephony: AccountEntry: Registered phoneAccount: [[ ] PhoneAccount: ComponentInfo{com.android.phone/com.android.services.telephony.TelephonyConnectionService}, [356a192b7913b04c54574d18c28d46e6395428ab], UserHandle{0} Capabilities: 54 Schemes: tel voicemail ] with handle: ComponentInfo{com.android.phone/com.android.services.telephony.TelephonyConnectionService}, [356a192b7913b04c54574d18c28d46e6395428ab], UserHandle{0}
12-10 15:05:18.079  4273  4273 I Telephony: PstnIncomingCallNotifier: Registering: Handler (com.android.internal.telephony.gsm.GSMPhone) {4bd20e5}
12-10 15:05:18.082  4273  4273 W Telephony: TelecomAccountRegistry: Failed to get primary stack id
12-10 15:05:18.089  1213  1224 I Telecom : PhoneAccountRegistrar: getUserSelVoicePhoneAccount, voice subId = 1
12-10 15:05:18.089  1213  1224 I Telecom : PhoneAccountRegistrar: getUserSelectedVoicePhoneAccount, voice subId = 1 subId = 1 mId = 1
12-10 15:05:18.091  4273  5661 I MmsService: MmsConfigManager loads in background mcc/mnc: 460/1
12-10 15:05:18.096  1213  3836 I Telecom : PhoneAccountRegistrar: [ComponentInfo{com.android.phone/com.android.services.telephony.TelephonyConnectionService}, [356a192b7913b04c54574d18c28d46e6395428ab], UserHandle{0}(icon: Icon(typ=BITMAP size=72x72) -> Icon(typ=BITMAP size=72x72))]
12-10 15:05:18.108  1213  3836 I Telecom : : Sending phone-account registered intent as user
12-10 15:05:18.116  1213  4286 I Telecom : PhoneAccountRegistrar: [ComponentInfo{com.android.phone/com.android.services.telephony.TelephonyConnectionService}, [356a192b7913b04c54574d18c28d46e6395428ab], UserHandle{0}(icon: Icon(typ=BITMAP size=72x72) -> Icon(typ=BITMAP size=72x72))]
12-10 15:05:18.132  1213  4286 I Telecom : : Sending phone-account registered intent as user
12-10 15:05:18.139  1213  4329 I Telecom : PhoneAccountRegistrar: [ComponentInfo{com.android.phone/com.android.services.telephony.TelephonyConnectionService}, [356a192b7913b04c54574d18c28d46e6395428ab], UserHandle{0}(icon: Icon(typ=BITMAP size=72x72) -> Icon(typ=BITMAP size=72x72))]
12-10 15:05:18.153  1213  4329 I Telecom : : Sending phone-account registered intent as user
12-10 15:05:18.160  4273  4695 D DcSwitchStateMachine-0: EVENT_DATA_ALLOWED success
12-10 15:05:18.160  4273  4695 D DcSwitchStateMachine-0: AttachingState: Already attached, move to ATTACHED state
12-10 15:05:18.163   506   506 W Atfwd_Sendcmd: AtCmdFwd service not published, waiting... retryCnt : 3
12-10 15:05:18.241  4126  4126 I chatty  : uid=1010(wifi) /system/bin/wpa_supplicant expire 71 lines
12-10 15:05:18.281   715  5671 E QC-QMI  : qmi_client [715] 87: failed to locate client data
12-10 15:05:18.282   569   569 E QC-QMI  : qmuxd: RX on fd=25 returned error=0 errno[2:No such file or directory]
12-10 15:05:18.282   569   569 E QC-QMI  : QMUX qmux_client_id=87 not found in qmux client list, unable to remove
12-10 15:05:18.287   715  5679 E QC-QMI  : qmi_client [715] 88: failed to locate client data
12-10 15:05:18.287   569   569 E QC-QMI  : qmuxd: RX on fd=25 returned error=0 errno[2:No such file or directory]
12-10 15:05:18.287   569   569 E QC-QMI  : QMUX qmux_client_id=88 not found in qmux client list, unable to remove
12-10 15:05:18.293   715  5686 E QC-QMI  : qmi_client [715] 89: failed to locate client data
12-10 15:05:18.294   569   569 E QC-QMI  : qmuxd: RX on fd=25 returned error=0 errno[2:No such file or directory]
12-10 15:05:18.294   569   569 E QC-QMI  : QMUX qmux_client_id=89 not found in qmux client list, unable to remove
12-10 15:05:18.302   715  5693 E QC-QMI  : qmi_client [715] 8a: failed to locate client data
12-10 15:05:18.303   569   569 E QC-QMI  : qmuxd: RX on fd=25 returned error=0 errno[2:No such file or directory]
12-10 15:05:18.303   569   569 E QC-QMI  : QMUX qmux_client_id=8a not found in qmux client list, unable to remove
12-10 15:05:18.308   715  5701 E QC-QMI  : qmi_client [715] 8b: failed to locate client data
12-10 15:05:18.309   569   569 E QC-QMI  : qmuxd: RX on fd=25 returned error=0 errno[2:No such file or directory]
12-10 15:05:18.309   569   569 E QC-QMI  : QMUX qmux_client_id=8b not found in qmux client list, unable to remove
12-10 15:05:18.314   715  5708 E QC-QMI  : qmi_client [715] 8c: failed to locate client data
12-10 15:05:18.314   569   569 E QC-QMI  : qmuxd: RX on fd=25 returned error=0 errno[2:No such file or directory]
12-10 15:05:18.314   569   569 E QC-QMI  : QMUX qmux_client_id=8c not found in qmux client list, unable to remove
12-10 15:05:18.453  1213  4315 D ConnectivityService: setProvNotificationVisible: E visible=false networkType=0 action=com.android.internal.telephony.PROVISION0
12-10 15:05:18.454  1213  4315 D ConnectivityService: setProvNotificationVisibleIntent SIGN_IN visible=false networkType=MOBILE extraInfo=null highPriority=false
12-10 15:05:18.457  1213  3894 D ConnectivityService: registerNetworkAgent NetworkAgentInfo{ ni{[type: MOBILE[LTE], state: CONNECTED/CONNECTED, reason: connected, extra: 3gnet, roaming: false, failover: false, isAvailable: true]}  network{100}  lp{{InterfaceName: rmnet_data0 LinkAddresses: [172.31.143.73/30,]  Routes: [0.0.0.0/0 -> 172.31.143.74 rmnet_data0,] DnsAddresses: [218.106.127.114,218.104.111.122,] Domains: null MTU: 1500 TcpBufferSizes: 2097152,4194304,8388608,262144,524288,1048576}}  nc{[ Transports: CELLULAR Capabilities: SUPL&INTERNET&NOT_RESTRICTED&TRUSTED&NOT_VPN LinkUpBandwidth>=51200Kbps LinkDnBandwidth>=102400Kbps Specifier: <1>]}  Score{10}  everValidated{false}  lastValidated{false}  created{false} lingering{false} explicitlySelected{false} acceptUnvalidated{false} everCaptivePortalDetected{false} lastCaptivePortalDetected{false} }
12-10 15:05:18.458  1213  3724 D ConnectivityService: NetworkAgentInfo [MOBILE (LTE) - 100] EVENT_NETWORK_INFO_CHANGED, going from null to CONNECTED
12-10 15:05:18.459  1213  3724 D ConnectivityService: Adding iface rmnet_data0 to network 100
12-10 15:05:18.496  1213  3724 D ConnectivityService: Setting MTU size: rmnet_data0, 1500
12-10 15:05:18.498  1213  3724 D ConnectivityService: Adding Route [0.0.0.0/0 -> 172.31.143.74 rmnet_data0] to network 100
12-10 15:05:18.500  1213  3724 D ConnectivityService: Setting Dns servers for network 100 to [/218.106.127.114, /218.104.111.122]
12-10 15:05:18.508  1213  3724 D ConnectivityService: notifyType IP_CHANGED for NetworkAgentInfo [MOBILE (LTE) - 100]
12-10 15:05:18.515  1213  3724 D ConnectivityService: scheduleUnvalidatedPrompt 100
12-10 15:05:18.515  1213  3724 D ConnectivityService: updateSignalStrengthThresholds: CONNECT, sending [] to NetworkAgentInfo [MOBILE (LTE) - 100]
12-10 15:05:18.516  1213  3724 D ConnectivityService: rematch for NetworkAgentInfo [MOBILE (LTE) - 100]
12-10 15:05:18.516  1213  3724 D ConnectivityService:    accepting network in place of null
12-10 15:05:18.517  1213  3724 D ConnectivityService: Switching to new default network: NetworkAgentInfo{ ni{[type: MOBILE[LTE], state: CONNECTED/CONNECTED, reason: connected, extra: 3gnet, roaming: false, failover: false, isAvailable: true]}  network{100}  lp{{InterfaceName: rmnet_data0 LinkAddresses: [172.31.143.73/30,]  Routes: [0.0.0.0/0 -> 172.31.143.74 rmnet_data0,] DnsAddresses: [218.106.127.114,218.104.111.122,] Domains: null MTU: 1500 TcpBufferSizes: 2097152,4194304,8388608,262144,524288,1048576}}  nc{[ Transports: CELLULAR Capabilities: SUPL&INTERNET&NOT_RESTRICTED&TRUSTED&NOT_VPN LinkUpBandwidth>=51200Kbps LinkDnBandwidth>=102400Kbps Specifier: <1>]}  Score{10}  everValidated{false}  lastValidated{false}  created{true} lingering{false} explicitlySelected{false} acceptUnvalidated{false} everCaptivePortalDetected{false} lastCaptivePortalDetected{false} }
12-10 15:05:18.556   463  1206 V IdletimerController: runCmd(/system/bin/ip6tables -w -t raw -A idletimer_raw_PREROUTING -i rmnet_data0 -j IDLETIMER --timeout 10 --label 0 --send_nl_msg 1) res_ipv4=0, res_ipv6=0
12-10 15:05:18.576  1213  5729 D NetworkMonitor/NetworkAgentInfo [MOBILE (LTE) - 100]: Checking http://connectivitycheck.gstatic.com/generate_204 on 3gnet, connectivitycheck.gstatic.com=216.58.200.46,2404:6800:4008:800::200e
12-10 15:05:18.577  1213  5729 W System  : ClassLoader referenced unknown path: /system/framework/tcmclient.jar
12-10 15:05:18.606   463  1206 V IdletimerController: runCmd(/system/bin/ip6tables -w -t mangle -A idletimer_mangle_POSTROUTING -o rmnet_data0 -j IDLETIMER --timeout 10 --label 0 --send_nl_msg 1) res_ipv4=0, res_ipv6=0
12-10 15:05:18.609  1213  3724 D ConnectivityService: Setting tx/rx TCP buffers to 2097152,4194304,8388608,262144,524288,1048576
12-10 15:05:18.615  1213  3724 D CSLegacyTypeTracker: Sending CONNECTED broadcast for type 0 NetworkAgentInfo [MOBILE (LTE) - 100] isDefaultNetwork=true
12-10 15:05:18.615  1213  3724 D ConnectivityService: sendStickyBroadcast: action=android.net.conn.CONNECTIVITY_CHANGE
12-10 15:05:18.617  1213  1231 D Tethering: MasterInitialState.processMessage what=3
12-10 15:05:18.619  1213  3724 D ConnectivityService: notifyType PRECHECK for NetworkAgentInfo [MOBILE (LTE) - 100]
12-10 15:05:18.621  5205  5205 I UpdateCheckReceiver: Got connectivity change, has connection: true
12-10 15:05:18.621  5205  5205 I UpdateCheckReceiver: Scheduling future, repeating update checks.
12-10 15:05:18.623  1213  5741 E GpsXtraDownloader: No XTRA servers were specified in the GPS configuration
12-10 15:05:18.635  4754  4754 D WeatherUpdateService: onCreate
12-10 15:05:18.645  1213  4329 I ActivityManager: Start proc 5745:com.zhiyoo/u0a69 for broadcast com.zhiyoo/.app.SensitiveReceiver
12-10 15:05:18.652  4754  4754 D WeatherUpdateService: Service started, but shouldn't update ... stopping
12-10 15:05:18.654  4754  4754 D WeatherUpdateService: onDestroy
12-10 15:05:18.944   463  1206 I iptables: iptables: Index of insertion too big.
12-10 15:05:18.946   463  1206 I iptables: iptables terminated by exit(1)
12-10 15:05:18.946   463  1206 E BandwidthController: runIptablesCmd(): res=1 status=256 failed /system/bin/iptables -w -I bw_FORWARD 2 -i rmnet_data0 --jump bw_costly_rmnet_data0
12-10 15:05:18.961   463  1206 I ip6tables: ip6tables: Index of insertion too big.
12-10 15:05:18.966   463  1206 I ip6tables: ip6tables terminated by exit(1)
12-10 15:05:18.966   463  1206 E BandwidthController: runIptablesCmd(): res=1 status=256 failed /system/bin/ip6tables -w -I bw_FORWARD 2 -i rmnet_data0 --jump bw_costly_rmnet_data0
12-10 15:05:19.018   463  1206 E BandwidthController: Failed set quota rule
12-10 15:05:19.018   463  1206 E BandwidthController: No such iface rmnet_data0 to delete
12-10 15:05:19.020  1213  3720 E NetworkPolicy: problem setting interface quota
12-10 15:05:19.020  1213  3720 E NetworkPolicy: java.lang.IllegalStateException: command '38 bandwidth setiquota rmnet_data0 9223372036854775807' failed with '400 38 Bandwidth command failed'
12-10 15:05:19.020  1213  3720 E NetworkPolicy: 	at com.android.server.NetworkManagementService.setInterfaceQuota(NetworkManagementService.java:1717)
12-10 15:05:19.020  1213  3720 E NetworkPolicy: 	at com.android.server.net.NetworkPolicyManagerService.setInterfaceQuota(NetworkPolicyManagerService.java:2567)
12-10 15:05:19.020  1213  3720 E NetworkPolicy: 	at com.android.server.net.NetworkPolicyManagerService.updateNetworkRulesLocked(NetworkPolicyManagerService.java:1314)
12-10 15:05:19.020  1213  3720 E NetworkPolicy: 	at com.android.server.net.NetworkPolicyManagerService$14.onReceive(NetworkPolicyManagerService.java:1138)
12-10 15:05:19.020  1213  3720 E NetworkPolicy: 	at android.app.LoadedApk$ReceiverDispatcher$Args.run(LoadedApk.java:882)
12-10 15:05:19.020  1213  3720 E NetworkPolicy: 	at android.os.Handler.handleCallback(Handler.java:739)
12-10 15:05:19.020  1213  3720 E NetworkPolicy: 	at android.os.Handler.dispatchMessage(Handler.java:95)
12-10 15:05:19.020  1213  3720 E NetworkPolicy: 	at android.os.Looper.loop(Looper.java:148)
12-10 15:05:19.020  1213  3720 E NetworkPolicy: 	at android.os.HandlerThread.run(HandlerThread.java:61)
12-10 15:05:19.020  1213  3720 E NetworkPolicy: Caused by: com.android.server.NativeDaemonConnector$NativeDaemonFailureException: command '38 bandwidth setiquota rmnet_data0 9223372036854775807' failed with '400 38 Bandwidth command failed'
12-10 15:05:19.020  1213  3720 E NetworkPolicy: 	at com.android.server.NativeDaemonConnector.executeForList(NativeDaemonConnector.java:444)
12-10 15:05:19.020  1213  3720 E NetworkPolicy: 	at com.android.server.NativeDaemonConnector.execute(NativeDaemonConnector.java:345)
12-10 15:05:19.020  1213  3720 E NetworkPolicy: 	at com.android.server.NativeDaemonConnector.execute(NativeDaemonConnector.java:340)
12-10 15:05:19.020  1213  3720 E NetworkPolicy: 	at com.android.server.NetworkManagementService.setInterfaceQuota(NetworkManagementService.java:1714)
12-10 15:05:19.020  1213  3720 E NetworkPolicy: 	... 8 more
12-10 15:05:19.031  1213  1228 W art     : Long monitor contention event with owner method=boolean android.os.BinderProxy.transactNative(int, android.os.Parcel, android.os.Parcel, int) from Binder.java:4294967294 waiters=0 for 412ms
12-10 15:05:19.059  5745  5745 D AndFix  : vm is: art , apilevel is: 23
12-10 15:05:19.161  1213  1225 W ActivityManager: Unable to start service Intent { cmp=cn.goapk.market/com.anzhi.market.app.HandleService } U=0: not found
12-10 15:05:19.182  5786  5786 I ps      : type=1400 audit(0.0:75): avc: denied { getattr } for path="/proc/1" dev="proc" ino=11602 scontext=u:r:untrusted_app:s0:c512,c768 tcontext=u:r:init:s0 tclass=dir permissive=1
12-10 15:05:19.182  5786  5786 I ps      : type=1400 audit(0.0:76): avc: denied { search } for name="1" dev="proc" ino=11602 scontext=u:r:untrusted_app:s0:c512,c768 tcontext=u:r:init:s0 tclass=dir permissive=1
12-10 15:05:19.182  5786  5786 I ps      : type=1400 audit(0.0:77): avc: denied { read } for name="cmdline" dev="proc" ino=11985 scontext=u:r:untrusted_app:s0:c512,c768 tcontext=u:r:init:s0 tclass=file permissive=1
12-10 15:05:19.182  5786  5786 I ps      : type=1400 audit(0.0:78): avc: denied { open } for path="/proc/1/cmdline" dev="proc" ino=11985 scontext=u:r:untrusted_app:s0:c512,c768 tcontext=u:r:init:s0 tclass=file permissive=1
12-10 15:05:19.182  5786  5786 I ps      : type=1400 audit(0.0:79): avc: denied { getattr } for path="/proc/2" dev="proc" ino=12456 scontext=u:r:untrusted_app:s0:c512,c768 tcontext=u:r:kernel:s0 tclass=dir permissive=1
12-10 15:05:19.182  5786  5786 I ps      : type=1400 audit(0.0:80): avc: denied { search } for name="2" dev="proc" ino=12456 scontext=u:r:untrusted_app:s0:c512,c768 tcontext=u:r:kernel:s0 tclass=dir permissive=1
12-10 15:05:19.182  5786  5786 I ps      : type=1400 audit(0.0:81): avc: denied { read } for name="cmdline" dev="proc" ino=12753 scontext=u:r:untrusted_app:s0:c512,c768 tcontext=u:r:kernel:s0 tclass=file permissive=1
12-10 15:05:19.182  5786  5786 I ps      : type=1400 audit(0.0:82): avc: denied { open } for path="/proc/2/cmdline" dev="proc" ino=12753 scontext=u:r:untrusted_app:s0:c512,c768 tcontext=u:r:kernel:s0 tclass=file permissive=1
12-10 15:05:19.183  1213  1234 I PowerManagerService: Going to sleep due to screen timeout (uid 1000)...
12-10 15:05:19.203  1213  1234 I Adreno  : QUALCOMM build                   : 4e65137, I041b18199e
12-10 15:05:19.203  1213  1234 I Adreno  : Build Date                       : 01/21/16
12-10 15:05:19.203  1213  1234 I Adreno  : OpenGL ES Shader Compiler Version: XE031.05.11.05
12-10 15:05:19.203  1213  1234 I Adreno  : Local Branch                     : 
12-10 15:05:19.203  1213  1234 I Adreno  : Remote Branch                    : 
12-10 15:05:19.203  1213  1234 I Adreno  : Remote Branch                    : 
12-10 15:05:19.203  1213  1234 I Adreno  : Reconstruct Branch               : 
12-10 15:05:19.212  5786  5786 I ps      : type=1400 audit(0.0:83): avc: denied { getattr } for path="/proc/323" dev="proc" ino=3357 scontext=u:r:untrusted_app:s0:c512,c768 tcontext=u:r:ueventd:s0 tclass=dir permissive=1
12-10 15:05:19.212  5786  5786 I ps      : type=1400 audit(0.0:84): avc: denied { search } for name="323" dev="proc" ino=3357 scontext=u:r:untrusted_app:s0:c512,c768 tcontext=u:r:ueventd:s0 tclass=dir permissive=1
12-10 15:05:19.212  5786  5786 I ps      : type=1400 audit(0.0:85): avc: denied { read } for name="cmdline" dev="proc" ino=13249 scontext=u:r:untrusted_app:s0:c512,c768 tcontext=u:r:ueventd:s0 tclass=file permissive=1
12-10 15:05:19.212  5786  5786 I ps      : type=1400 audit(0.0:86): avc: denied { open } for path="/proc/323/cmdline" dev="proc" ino=13249 scontext=u:r:untrusted_app:s0:c512,c768 tcontext=u:r:ueventd:s0 tclass=file permissive=1
12-10 15:05:19.212  5786  5786 I ps      : type=1400 audit(0.0:87): avc: denied { getattr } for path="/proc/384" dev="proc" ino=10269 scontext=u:r:untrusted_app:s0:c512,c768 tcontext=u:r:logd:s0 tclass=dir permissive=1
12-10 15:05:19.212  5786  5786 I ps      : type=1400 audit(0.0:88): avc: denied { search } for name="384" dev="proc" ino=10269 scontext=u:r:untrusted_app:s0:c512,c768 tcontext=u:r:logd:s0 tclass=dir permissive=1
12-10 15:05:19.212  5786  5786 I ps      : type=1400 audit(0.0:89): avc: denied { read } for name="cmdline" dev="proc" ino=10285 scontext=u:r:untrusted_app:s0:c512,c768 tcontext=u:r:logd:s0 tclass=file permissive=1
12-10 15:05:19.212  5786  5786 I ps      : type=1400 audit(0.0:90): avc: denied { open } for path="/proc/384/cmdline" dev="proc" ino=10285 scontext=u:r:untrusted_app:s0:c512,c768 tcontext=u:r:logd:s0 tclass=file permissive=1
12-10 15:05:19.212  5786  5786 I ps      : type=1400 audit(0.0:91): avc: denied { getattr } for path="/proc/390" dev="proc" ino=3508 scontext=u:r:untrusted_app:s0:c512,c768 tcontext=u:r:vold:s0 tclass=dir permissive=1
12-10 15:05:19.212  5786  5786 I ps      : type=1400 audit(0.0:92): avc: denied { search } for name="390" dev="proc" ino=3508 scontext=u:r:untrusted_app:s0:c512,c768 tcontext=u:r:vold:s0 tclass=dir permissive=1
12-10 15:05:19.212  5786  5786 I ps      : type=1400 audit(0.0:93): avc: denied { read } for name="cmdline" dev="proc" ino=10291 scontext=u:r:untrusted_app:s0:c512,c768 tcontext=u:r:vold:s0 tclass=file permissive=1
12-10 15:05:19.212  5786  5786 I ps      : type=1400 audit(0.0:94): avc: denied { open } for path="/proc/390/cmdline" dev="proc" ino=10291 scontext=u:r:untrusted_app:s0:c512,c768 tcontext=u:r:vold:s0 tclass=file permissive=1
12-10 15:05:19.222  5786  5786 I ps      : type=1400 audit(0.0:95): avc: denied { getattr } for path="/proc/448" dev="proc" ino=3944 scontext=u:r:untrusted_app:s0:c512,c768 tcontext=u:r:healthd:s0 tclass=dir permissive=1
12-10 15:05:19.222  5786  5786 I ps      : type=1400 audit(0.0:96): avc: denied { search } for name="448" dev="proc" ino=3944 scontext=u:r:untrusted_app:s0:c512,c768 tcontext=u:r:healthd:s0 tclass=dir permissive=1
12-10 15:05:19.222  5786  5786 I ps      : type=1400 audit(0.0:97): avc: denied { read } for name="cmdline" dev="proc" ino=13307 scontext=u:r:untrusted_app:s0:c512,c768 tcontext=u:r:healthd:s0 tclass=file permissive=1
12-10 15:05:19.222  5786  5786 I ps      : type=1400 audit(0.0:98): avc: denied { open } for path="/proc/448/cmdline" dev="proc" ino=13307 scontext=u:r:untrusted_app:s0:c512,c768 tcontext=u:r:healthd:s0 tclass=file permissive=1
12-10 15:05:19.222  5786  5786 I ps      : type=1400 audit(0.0:99): avc: denied { getattr } for path="/proc/449" dev="proc" ino=10414 scontext=u:r:untrusted_app:s0:c512,c768 tcontext=u:r:lmkd:s0 tclass=dir permissive=1
12-10 15:05:19.222  5786  5786 I ps      : type=1400 audit(0.0:100): avc: denied { search } for name="449" dev="proc" ino=10414 scontext=u:r:untrusted_app:s0:c512,c768 tcontext=u:r:lmkd:s0 tclass=dir permissive=1
12-10 15:05:19.222  5786  5786 I ps      : type=1400 audit(0.0:101): avc: denied { read } for name="cmdline" dev="proc" ino=12018 scontext=u:r:untrusted_app:s0:c512,c768 tcontext=u:r:lmkd:s0 tclass=file permissive=1
12-10 15:05:19.222  5786  5786 I ps      : type=1400 audit(0.0:102): avc: denied { open } for path="/proc/449/cmdline" dev="proc" ino=12018 scontext=u:r:untrusted_app:s0:c512,c768 tcontext=u:r:lmkd:s0 tclass=file permissive=1
12-10 15:05:19.222  5786  5786 I ps      : type=1400 audit(0.0:103): avc: denied { getattr } for path="/proc/450" dev="proc" ino=10425 scontext=u:r:untrusted_app:s0:c512,c768 tcontext=u:r:servicemanager:s0 tclass=dir permissive=1
12-10 15:05:19.222  5786  5786 I ps      : type=1400 audit(0.0:104): avc: denied { search } for name="450" dev="proc" ino=10425 scontext=u:r:untrusted_app:s0:c512,c768 tcontext=u:r:servicemanager:s0 tclass=dir permissive=1
12-10 15:05:19.245  5745  5782 D PlayerUiUtile: nativeLibraryDir: /system/app/zhiyoo/lib/arm
12-10 15:05:19.266  1213  3836 I ActivityManager: Killing 4521:com.cyanogenmod.eleven/u0a40 (adj 15): empty #17
12-10 15:05:19.293  5745  5781 W NativeCrashHandler: Load library failed.
12-10 15:05:19.349  1213  1224 D ActivityManager: cleanUpApplicationRecord -- 4521
12-10 15:05:19.371  5745  5781 V Anzhi_plugin_base: lock
12-10 15:05:19.422  5745  5781 I Anzhi_plugin_base: load plguin class: com.anzhi.plugin.push.AppUpdatePushService
12-10 15:05:19.422  5745  5781 I Anzhi_plugin_base: /data/user/0/com.zhiyoo/app_plugin/com.anzhi.plugin.push.apk
12-10 15:05:19.437  5745  5781 I Anzhi_plugin_base: setApplicationContext com.zhiyoo.app.BBSApplication@55baac0
12-10 15:05:19.438  5745  5781 I Anzhi_plugin_base: setResources android.content.res.Resources@1f8e19f
12-10 15:05:19.438  5745  5781 V Anzhi_plugin_base: unlock
12-10 15:05:19.450  5745  5794 W System  : ClassLoader referenced unknown path: /system/framework/tcmclient.jar
12-10 15:05:19.450  5745  5793 E AnzhiUserCennter----anzhidb: db:ucenter Path /storage/emulated/0/usercenter
12-10 15:05:19.459  5745  5793 E AnzhiUserCennter----UserTable: /storage/emulated/0/usercenter/ucenter
12-10 15:05:19.461  5745  5782 D MediaPlayerDelegate: constructor function
12-10 15:05:19.487  5745  5793 E AnzhiUserCennter----UserTable: /storage/emulated/0/usercenter/ucenter
12-10 15:05:19.489  5745  5782 E MediaPlayer-JNI: JNIMediaPlayerFactory: bIsQCMediaPlayerPresent 0
12-10 15:05:19.489  5745  5782 E MediaPlayer-JNI: JNIMediaPlayerFactory: bIsQCMediaPlayerPresent 0
12-10 15:05:19.517  5745  5782 D clientId: client_id: deb188863209ff9b
12-10 15:05:19.521  5745  5782 D clientSecret: client_secret: cf186b22b6d8089bbe3fd98e80b7d555
12-10 15:05:19.523  5745  5782 D NetWorkState: Availabel
12-10 15:05:19.535  5745  5809 D VersionUpdateTask: version update url: https://api.youku.com/sdk/version_update?client_id=deb188863209ff9b&version=15101520&category=play&type=android
12-10 15:05:19.548  5745  5782 W linker  : /system/app/zhiyoo/lib/arm/libluajava.so has text relocations. This is wasting memory and prevents security hardening. Please fix.
12-10 15:05:19.618  5745  5793 W System  : Ignoring header Cookie because its value was null.
12-10 15:05:19.757  1213  1234 V KeyguardServiceDelegate: onScreenTurnedOff()
12-10 15:05:19.766  1213  1234 E libEGL  : call to OpenGL ES API with no current context (logged once per thread)
12-10 15:05:19.767   451   451 D SurfaceFlinger: Set power mode=0, type=0 flinger=0x5579070550
12-10 15:05:19.767  1213  1232 I DisplayManagerService: Display device changed state: "", OFF
12-10 15:05:19.767   451   451 D qdhwcomposer: hwc_setPowerMode: Setting mode 0 on display: 0
12-10 15:05:19.816  5745  5793 I WebViewFactory: Loading com.android.webview version 51.0.2704.106 (code 1)
12-10 15:05:19.876  5745  5793 W System  : ClassLoader referenced unknown path: /system/app/webview/lib/arm
12-10 15:05:19.935   451   978 I qdhwcomposer: handle_blank_event: dpy:0 panel power state: 0
12-10 15:05:19.958  5745  5793 I cr_LibraryLoader: Time to load native libraries: 47 ms (timestamps 5154-5201)
12-10 15:05:19.960  5745  5793 I cr_LibraryLoader: Expected native library version number "51.0.2704.106", actual native library version number "51.0.2704.106"
12-10 15:05:20.004  5745  5809 D VersionUpdateTask: responde code: 200
12-10 15:05:20.006  5745  5809 D VersionUpdateTask: get player custom jsonString: 1
12-10 15:05:20.007  5745  5745 D VersionUpdateTask: version update url response result: 1
12-10 15:05:20.075   451   451 D qdhwcomposer: hwc_setPowerMode: Done setting mode 0 on display 0
12-10 15:05:20.076  1213  3800 D SurfaceControl: Excessive delay in setPowerMode(): 309ms
12-10 15:05:20.076  1213  1234 I QTI PowerHAL: Got set_interactive hint
12-10 15:05:20.081  1213  1234 I PowerManagerService: Sleeping (uid 1000)...
12-10 15:05:20.086   468  3766 V SRS_Proc: ParamSet string: screen_state=on
12-10 15:05:20.086  1213  3722 D WifiConfigStore: Retrieve network priorities after PNO.
12-10 15:05:20.086   468  3766 D audio_hw_primary: adev_set_parameters: enter: screen_state=on
12-10 15:05:20.087   468  3766 E bt_a2dp_hw: adev_set_parameters: ERROR: set param called even when stream out is null
12-10 15:05:20.088  1213  3722 E native  : do suspend false
12-10 15:05:20.090  1213  3722 D WifiConfigStore: No blacklist allowed without epno enabled
12-10 15:05:20.096  3806  3806 D PhoneStatusBar: disable: < expand ICONS alerts SYSTEM_INFO back HOME RECENT clock SEARCH quick_settings >
12-10 15:05:20.097  1213  4124 I WifiHAL : event received NL80211_CMD_VENDOR, vendor_id = 0x1374, subcmd = 0x11
12-10 15:05:20.098  1213  4124 I WifiHAL : event received NL80211_CMD_VENDOR, vendor_id = 0x1374, subcmd = 0x12
12-10 15:05:20.098  1213  4124 I WifiHAL : event received NL80211_CMD_VENDOR, vendor_id = 0x1374, subcmd = 0x13
12-10 15:05:20.104  1213  4411 E IzatSvc_OSObserver: I/LocTech-Label :: OSOBSERVER :: Data Items In
12-10 15:05:20.104  1213  4411 E IzatSvc_OSObserver: I/LocTech-Value :: Data Item Value: IS_SCREEN_ON: true
12-10 15:05:20.104  1213  4430 E LocSvc_libulp: I/int ulp_msg_process_system_update(UlpSystemEvent): systemEvent:0 
12-10 15:05:20.118   468  3767 V SRS_Proc: ParamSet string: screen_state=off
12-10 15:05:20.118   468  3767 D audio_hw_primary: adev_set_parameters: enter: screen_state=off
12-10 15:05:20.118  1213  3722 D WifiConfigStore: Retrieve network priorities before PNO. Max priority: 1
12-10 15:05:20.118   468  3767 E bt_a2dp_hw: adev_set_parameters: ERROR: set param called even when stream out is null
12-10 15:05:20.123  1213  4411 E IzatSvc_OSObserver: I/LocTech-Label :: OSOBSERVER :: Data Items In
12-10 15:05:20.124  1213  4411 E IzatSvc_OSObserver: I/LocTech-Value :: Data Item Value: IS_SCREEN_ON: false
12-10 15:05:20.130  1213  4124 I WifiHAL : event received NL80211_CMD_VENDOR, vendor_id = 0x1374, subcmd = 0x11
12-10 15:05:20.130  1213  4124 I WifiHAL : event received NL80211_CMD_VENDOR, vendor_id = 0x1374, subcmd = 0x12
12-10 15:05:20.130  1213  4124 I WifiHAL : event received NL80211_CMD_VENDOR, vendor_id = 0x1374, subcmd = 0x13
12-10 15:05:20.137  1213  4124 E WifiHAL : Received LOG message with insufficent length: 3852
12-10 15:05:20.137  1213  4124 E WifiHAL : Received LOG message with insufficent length: 3852
12-10 15:05:20.137  1213  4124 E WifiHAL : Received LOG message with insufficent length: 3852
12-10 15:05:20.137  1213  4124 E WifiHAL : Received LOG message with insufficent length: 3852
12-10 15:05:20.138  1213  4124 E WifiHAL : Received LOG message with insufficent length: 3852
12-10 15:05:20.138  1213  4124 E WifiHAL : Received LOG message with insufficent length: 3852
12-10 15:05:20.138  1213  4124 E WifiHAL : Received LOG message with insufficent length: 3852
12-10 15:05:20.138  1213  4124 E WifiHAL : Received LOG message with insufficent length: 3852
12-10 15:05:20.138  1213  4124 E WifiHAL : Received LOG message with insufficent length: 3852
12-10 15:05:20.138  1213  4124 E WifiHAL : Received LOG message with insufficent length: 3852
12-10 15:05:20.138  1213  4124 E WifiHAL : Received LOG message with insufficent length: 3852
12-10 15:05:20.138  1213  4124 E WifiHAL : Received LOG message with insufficent length: 3852
12-10 15:05:20.138  1213  4124 E WifiHAL : Received LOG message with insufficent length: 3852
12-10 15:05:20.138  1213  4124 E WifiHAL : Received LOG message with insufficent length: 3852
12-10 15:05:20.138  1213  4124 E WifiHAL : Received LOG message with insufficent length: 3852
12-10 15:05:20.138  1213  4124 E WifiHAL : Received LOG message with insufficent length: 3852
12-10 15:05:20.139  1213  4124 E WifiHAL : Received LOG message with insufficent length: 3852
12-10 15:05:20.139  1213  4124 E WifiHAL : Received LOG message with insufficent length: 3852
12-10 15:05:20.139  1213  4124 E WifiHAL : Received LOG message with insufficent length: 3852
12-10 15:05:20.139  1213  4124 E WifiHAL : Received LOG message with insufficent length: 3852
12-10 15:05:20.139  1213  4124 E WifiHAL : Received LOG message with insufficent length: 3852
12-10 15:05:20.139  1213  4124 E WifiHAL : Received LOG message with insufficent length: 3852
12-10 15:05:20.139  1213  4124 E WifiHAL : Received LOG message with insufficent length: 1716
12-10 15:05:20.151  1213  3722 E native  : do suspend true
12-10 15:05:20.442  1213  3722 D WifiStateMachine: Disconnected CMD_START_SCAN source -2 2, 5 -> obsolete
12-10 15:05:20.541  1213  4124 E WifiHAL : Received LOG message with insufficent length: 3852
12-10 15:05:20.541  1213  4124 E WifiHAL : Received LOG message with insufficent length: 3852
12-10 15:05:20.541  1213  4124 E WifiHAL : Received LOG message with insufficent length: 3852
12-10 15:05:20.541  1213  4124 E WifiHAL : Received LOG message with insufficent length: 3852
12-10 15:05:20.541  1213  4124 E WifiHAL : Received LOG message with insufficent length: 3852
12-10 15:05:20.541  1213  4124 E WifiHAL : Received LOG message with insufficent length: 3852
12-10 15:05:20.541  1213  4124 E WifiHAL : Received LOG message with insufficent length: 3852
12-10 15:05:20.542  1213  4124 E WifiHAL : Received LOG message with insufficent length: 3852
12-10 15:05:20.542  1213  4124 E WifiHAL : Received LOG message with insufficent length: 3852
12-10 15:05:20.542  1213  4124 E WifiHAL : Received LOG message with insufficent length: 3852
12-10 15:05:20.542  1213  4124 E WifiHAL : Received LOG message with insufficent length: 3852
12-10 15:05:20.542  1213  4124 E WifiHAL : Received LOG message with insufficent length: 2588
12-10 15:05:20.542  1213  4124 E WifiHAL : Received LOG message with insufficent length: 3852
12-10 15:05:20.542  1213  4124 E WifiHAL : Received LOG message with insufficent length: 3852
12-10 15:05:20.542  1213  4124 E WifiHAL : Received LOG message with insufficent length: 3852
12-10 15:05:20.542  1213  4124 E WifiHAL : Received LOG message with insufficent length: 3852
12-10 15:05:20.542  1213  4124 E WifiHAL : Received LOG message with insufficent length: 3852
12-10 15:05:20.542  1213  4124 E WifiHAL : Received LOG message with insufficent length: 3852
12-10 15:05:20.542  1213  4124 E WifiHAL : Received LOG message with insufficent length: 3852
12-10 15:05:20.542  1213  4124 E WifiHAL : Received LOG message with insufficent length: 3852
12-10 15:05:20.542  1213  4124 E WifiHAL : Received LOG message with insufficent length: 3852
12-10 15:05:20.542  1213  4124 E WifiHAL : Received LOG message with insufficent length: 872
12-10 15:05:20.555  1213  1227 I ActivityManager: Waited long enough for: ServiceRecord{19a2b37 u0 com.android.providers.media/.MediaScannerService}
12-10 15:05:20.588  1213  3722 D WifiStateMachine: Disconnected CMD_START_SCAN source -2 4, 5 -> obsolete
12-10 15:05:20.794  5225  5225 W ContextImpl: Calling a method in the system process without a qualified user: android.app.ContextImpl.startService:1231 android.content.ContextWrapper.startService:587 android.content.ContextWrapper.startService:587 org.cyanogenmod.providers.datausage.DataUsageAppInstallReceiver.onReceive:47 android.app.ActivityThread.handleReceiver:2759 
12-10 15:05:20.801  1213  3714 I InputReader: Reconfiguring input devices.  changes=0x00000010
12-10 15:05:20.834  1213  1225 I BroadcastQueue: Delay finish: com.android.gallery3d/.app.PackagesMonitor
12-10 15:05:20.852  1213  1224 I BroadcastQueue: Resuming delayed broadcast
12-10 15:05:20.869  1213  1226 W Searchables: No global search activity found
12-10 15:05:21.157  1213  4124 E WifiHAL : Received LOG message with insufficent length: 3852
12-10 15:05:21.157  1213  4124 E WifiHAL : Received LOG message with insufficent length: 3852
12-10 15:05:21.157  1213  4124 E WifiHAL : Received LOG message with insufficent length: 3852
12-10 15:05:21.157  1213  4124 E WifiHAL : Received LOG message with insufficent length: 3852
12-10 15:05:21.157  1213  4124 E WifiHAL : Received LOG message with insufficent length: 3852
12-10 15:05:21.157  1213  4124 E WifiHAL : Received LOG message with insufficent length: 3852
12-10 15:05:21.158  1213  4124 E WifiHAL : Received LOG message with insufficent length: 3852
12-10 15:05:21.158  1213  4124 E WifiHAL : Received LOG message with insufficent length: 3852
12-10 15:05:21.158  1213  4124 E WifiHAL : Received LOG message with insufficent length: 3852
12-10 15:05:21.158  1213  4124 E WifiHAL : Received LOG message with insufficent length: 3852
12-10 15:05:21.158  1213  4124 E WifiHAL : Received LOG message with insufficent length: 3852
12-10 15:05:21.158  1213  4124 E WifiHAL : Received LOG message with insufficent length: 3852
12-10 15:05:21.158  1213  4124 E WifiHAL : Received LOG message with insufficent length: 3852
12-10 15:05:21.158  1213  4124 E WifiHAL : Received LOG message with insufficent length: 3852
12-10 15:05:21.158  1213  4124 E WifiHAL : Received LOG message with insufficent length: 3852
12-10 15:05:21.158  1213  4124 E WifiHAL : Received LOG message with insufficent length: 3852
12-10 15:05:21.158  1213  4124 E WifiHAL : Received LOG message with insufficent length: 3852
12-10 15:05:21.158  1213  4124 E WifiHAL : Received LOG message with insufficent length: 3852
12-10 15:05:21.159  1213  4124 E WifiHAL : Received LOG message with insufficent length: 3852
12-10 15:05:21.159  1213  4124 E WifiHAL : Received LOG message with insufficent length: 3852
12-10 15:05:21.159  1213  4124 E WifiHAL : Received LOG message with insufficent length: 3324
12-10 15:05:21.314  4126  4126 D wpa_supplicant: wlan0: State: SCANNING -> DISCONNECTED
12-10 15:05:21.314  4126  4126 D wpa_supplicant: nl80211: Set wlan0 operstate 0->0 (DORMANT)
12-10 15:05:21.314  4126  4126 D wpa_supplicant: netlink: Operstate: ifindex=22 linkmode=-1 (no change), operstate=5 (IF_OPER_DORMANT)
12-10 15:05:21.314  4126  4126 D wpa_supplicant: CTRL-DEBUG: ctrl_sock-sendmsg: sock=11 sndbuf=212992 outq=768 send_len=67
12-10 15:05:21.315  4126  4126 D wpa_supplicant: CTRL_IFACE monitor sent successfully to /data/misc/wifi/sockets/wpa_ctrl_1213-2\x00
12-10 15:05:21.315  4126  4126 D wpa_supplicant: p2p0: Updating scan results from sibling
12-10 15:05:21.315  4126  4126 D wpa_supplicant: nl80211: Received scan results (1 BSSes)
12-10 15:05:21.315  4126  4126 D wpa_supplicant: p2p0: BSS: Start scan result update 1
12-10 15:05:21.315  4126  4126 D wpa_supplicant: p2p0: BSS: Add new id 0 BSSID 1c:60:de:9e:ee:08 SSID 'MERCURY_EE08'
12-10 15:05:21.315  4126  4126 D wpa_supplicant: CTRL-DEBUG: ctrl_sock-sendmsg: sock=11 sndbuf=212992 outq=1536 send_len=40
12-10 15:05:21.315  4126  4126 D wpa_supplicant: CTRL_IFACE monitor sent successfully to /data/misc/wifi/sockets/wpa_ctrl_1213-2\x00
12-10 15:05:21.315  4126  4126 D wpa_supplicant: BSS: last_scan_res_used=1/32
12-10 15:05:21.315  4126  4126 D wpa_supplicant: p2p0: New scan results available (own=0 ext=0)
12-10 15:05:21.315  4126  4126 D wpa_supplicant: CTRL-DEBUG: ctrl_sock-sendmsg: sock=11 sndbuf=212992 outq=2304 send_len=24
12-10 15:05:21.315  4126  4126 D wpa_supplicant: CTRL_IFACE monitor sent successfully to /data/misc/wifi/sockets/wpa_ctrl_1213-2\x00
12-10 15:05:21.315  4126  4126 D wpa_supplicant: p2p0: No suitable network found
12-10 15:05:21.320  4126  4126 D wpa_supplicant: CTRL-DEBUG: global_ctrl_sock-sendto: sock=11 sndbuf=212992 outq=0 send_len=3652
12-10 15:05:21.321  4126  4126 D wpa_supplicant: CTRL-DEBUG: global_ctrl_sock-sendto: sock=11 sndbuf=212992 outq=0 send_len=626
12-10 15:05:21.330  4126  4126 D wpa_supplicant: EAPOL: EAP Session-Id not available
12-10 15:05:21.330  4126  4126 D wpa_supplicant: CTRL-DEBUG: global_ctrl_sock-sendto: sock=11 sndbuf=212992 outq=0 send_len=128
12-10 15:05:21.331  1213  3722 D WifiStateMachine: shouldSwitchNetwork  txSuccessRate=0.00 rxSuccessRate=0.00 delta 1000 -> 1000
12-10 15:05:21.333  1213  3722 D WifiStateMachine: CMD_AUTO_CONNECT sup state ScanState my state DisconnectedState nid=0 roam=3
12-10 15:05:21.333  1213  3722 E WifiConfigStore: saveWifiConfigBSSID Setting BSSID for "MERCURY_EE08"-WPA_PSK to any
12-10 15:05:21.334  4126  4126 D wpa_supplicant: wlan0: Control interface command 'SET_NETWORK [REMOVED]'
12-10 15:05:21.334  4126  4126 D wpa_supplicant: CTRL_IFACE: SET_NETWORK id=0 name='bssid'
12-10 15:05:21.334  4126  4126 D wpa_supplicant: CTRL_IFACE: value - hexdump(len=3): [REMOVED]
12-10 15:05:21.334  4126  4126 D wpa_supplicant: BSSID any
12-10 15:05:21.334  4126  4126 D wpa_supplicant: CTRL-DEBUG: global_ctrl_sock-sendto: sock=11 sndbuf=212992 outq=0 send_len=3
