12-10 15:05:07.460   508  4823 D mm-camera: mct: mct_pipeline_stop_session_thread: Stop module name: pproc - E
12-10 15:05:07.461   508  4824 D mm-camera: mct: mct_pipeline_stop_session_thread: Stop module name: imglib - X
12-10 15:05:07.461   508   508 D mm-camera: mct: mct_pipeline_stop_session: left modules: 3
12-10 15:05:07.461   508  4823 D mm-camera: cpp_module_stop_session:562, info: stopping session 2 ...
12-10 15:05:07.461   508  4791 D mm-camera: cpp_thread_process_pipe_message:652, CPP_THREAD_MSG_ABORT: cpp_thread exiting..
12-10 15:05:07.463   508  4823 D mm-camera: cpp_module_stop_session:611, info: session 2 stopped.
12-10 15:05:07.463   508  4815 D mm-camera: mct: mct_pipeline_stop_session_thread: Stop module name: sensor - X
12-10 15:05:07.464   508   508 D mm-camera: mct: mct_pipeline_stop_session: left modules: 2
12-10 15:05:07.464   508  4822 E mm-camera-CORE: gyro_port_deinit:1386  gyro_port_deinit: Error in android Deinit
12-10 15:05:07.464   508  4822 D mm-camera: mct: mct_pipeline_stop_session_thread: Stop module name: stats - X
12-10 15:05:07.464   508   508 D mm-camera: mct: mct_pipeline_stop_session: left modules: 1
12-10 15:05:07.464   508  4823 D mm-camera: c2d_module_stop_session:385, info: stopping session 2 ...
12-10 15:05:07.464   508  4792 D mm-camera: c2d_thread_process_pipe_message:844, C2D_THREAD_MSG_ABORT: c2d_thread exiting..
12-10 15:05:07.464   508  4787 I mm-camera-sensor: sensor_thread_func:154sensor_thread_func:Sensor thread is exiting
12-10 15:05:07.465   508  4823 D mm-camera: c2d_module_stop_session:430, info: session 2 stopped.
12-10 15:05:07.465   508  4823 E mm-camera-pp: [INFO] base_module_stop_session:98, E, session=2
12-10 15:05:07.465   508  4823 E mm-camera-eztune: [INFO] eztune_module_stop_session:49, E, session=2
12-10 15:05:07.465   508  4823 E cac3    :  [cac3latency] cac3_destroy_buffers: 0 ms 
12-10 15:05:07.465   508  4823 D mm-camera: mct: mct_pipeline_stop_session_thread: Stop module name: pproc - X
12-10 15:05:07.465   508   508 D mm-camera: mct: mct_pipeline_stop_session: left modules: 0
12-10 15:05:07.465   508   508 D mm-camera: mct: mct_pipeline_stop_session - X
12-10 15:05:07.465   508   508 D mm-camera: mct: mct_pipeline_destroy E: session:2 
12-10 15:05:07.465   508   508 D mm-camera: mct: mct_pipeline_destroy X: Pipeline destroyed successfully
12-10 15:05:07.465   508   508 D mm-camera: mct: mct_controller_destroy: X Successfully closed mct_controller
12-10 15:05:07.471  4611  4735 W art     : Long monitor contention event with owner method=boolean libcore.io.Posix.access(java.lang.String, int) from Posix.java:4294967294 waiters=1 for 222ms
12-10 15:05:07.482  1213  3836 W ActivityManager: Unable to start service Intent { cmp=com.android.email/.service.AttachmentService } U=0: not found
12-10 15:05:07.482  1213  3837 W ActivityManager: Unable to start service Intent { cmp=com.android.email/.service.AttachmentService } U=0: not found
12-10 15:05:07.495  1213  1232 I ActivityManager: Displayed com.cyanogenmod.trebuchet/com.android.launcher3.Launcher: +1s587ms
12-10 15:05:07.512  4611  4623 W art     : Long monitor contention event with owner method=boolean libcore.io.Posix.access(java.lang.String, int) from Posix.java:4294967294 waiters=5 for 160ms
12-10 15:05:07.525  1213  3837 W ActivityManager: Unable to start service Intent { cmp=com.android.email/.service.AttachmentService } U=0: not found
12-10 15:05:07.525  1213  3837 W ActivityManager: Unable to start service Intent { cmp=com.android.email/.service.AttachmentService } U=0: not found
12-10 15:05:07.528  4611  4825 I Email   : Observing account changes for notifications
12-10 15:05:07.532  4541  4541 I Exchange: EasService.onCreate
12-10 15:05:07.540  1213  4313 I ActivityManager: Start proc 4831:org.cyanogenmod.weather.provider/u0a27 for content provider org.cyanogenmod.weather.provider/.WeatherContentProvider
12-10 15:05:07.555  1213  4329 W SettingsProvider: You shouldn't keep your settings in the secure settings. This will soon become an error.
12-10 15:05:07.562  4541  4838 I Exchange: RestartPingTask
12-10 15:05:07.573  4611  4737 W art     : Long monitor contention event with owner method=boolean android.os.BinderProxy.transactNative(int, android.os.Parcel, android.os.Parcel, int) from Binder.java:4294967294 waiters=1 for 282ms
12-10 15:05:07.583  1213  4329 W SettingsProvider: You shouldn't keep your settings in the secure settings. This will soon become an error.
12-10 15:05:07.584  1213  4286 W SettingsProvider: You shouldn't keep your settings in the secure settings. This will soon become an error.
12-10 15:05:07.588  4541  4541 I Exchange: RestartPingsTask did not start any pings.
12-10 15:05:07.591  4541  4541 I Exchange: PSS stopIfIdle
12-10 15:05:07.591  4541  4541 I Exchange: PSS has no active accounts; stopping service.
12-10 15:05:07.599  4831  4831 W System  : ClassLoader referenced unknown path: /system/priv-app/WeatherProvider/lib/arm64
12-10 15:05:07.627  3806  3806 W QSTileHost: Error creating tile for spec: live_display
12-10 15:05:07.627  3806  3806 W QSTileHost: java.lang.IllegalArgumentException: Bad tile spec: live_display
12-10 15:05:07.627  3806  3806 W QSTileHost: 	at com.android.systemui.statusbar.phone.QSTileHost.createTile(QSTileHost.java:382)
12-10 15:05:07.627  3806  3806 W QSTileHost: 	at com.android.systemui.statusbar.phone.QSTileHost.onTuningChanged(QSTileHost.java:325)
12-10 15:05:07.627  3806  3806 W QSTileHost: 	at com.android.systemui.tuner.TunerService.addTunableByProvider(TunerService.java:114)
12-10 15:05:07.627  3806  3806 W QSTileHost: 	at com.android.systemui.statusbar.phone.QSTileHost.<init>(QSTileHost.java:153)
12-10 15:05:07.627  3806  3806 W QSTileHost: 	at com.android.systemui.statusbar.phone.PhoneStatusBar.makeStatusBarView(PhoneStatusBar.java:1189)
12-10 15:05:07.627  3806  3806 W QSTileHost: 	at com.android.systemui.statusbar.phone.PhoneStatusBar.addStatusBarWindow(PhoneStatusBar.java:3463)
12-10 15:05:07.627  3806  3806 W QSTileHost: 	at com.android.systemui.statusbar.phone.PhoneStatusBar.createAndAddWindows(PhoneStatusBar.java:3459)
12-10 15:05:07.627  3806  3806 W QSTileHost: 	at com.android.systemui.statusbar.BaseStatusBar.start(BaseStatusBar.java:631)
12-10 15:05:07.627  3806  3806 W QSTileHost: 	at com.android.systemui.statusbar.phone.PhoneStatusBar.start(PhoneStatusBar.java:818)
12-10 15:05:07.627  3806  3806 W QSTileHost: 	at com.android.systemui.statusbar.SystemBars.createStatusBarFromConfig(SystemBars.java:106)
12-10 15:05:07.627  3806  3806 W QSTileHost: 	at com.android.systemui.statusbar.SystemBars.onNoService(SystemBars.java:58)
12-10 15:05:07.627  3806  3806 W QSTileHost: 	at com.android.systemui.statusbar.ServiceMonitor.startService(ServiceMonitor.java:230)
12-10 15:05:07.627  3806  3806 W QSTileHost: 	at com.android.systemui.statusbar.ServiceMonitor.-wrap5(ServiceMonitor.java)
12-10 15:05:07.627  3806  3806 W QSTileHost: 	at com.android.systemui.statusbar.ServiceMonitor$1.handleMessage(ServiceMonitor.java:73)
12-10 15:05:07.627  3806  3806 W QSTileHost: 	at android.os.Handler.dispatchMessage(Handler.java:102)
12-10 15:05:07.627  3806  3806 W QSTileHost: 	at android.os.Looper.loop(Looper.java:148)
12-10 15:05:07.627  3806  3806 W QSTileHost: 	at android.app.ActivityThread.main(ActivityThread.java:5461)
12-10 15:05:07.627  3806  3806 W QSTileHost: 	at java.lang.reflect.Method.invoke(Native Method)
12-10 15:05:07.627  3806  3806 W QSTileHost: 	at com.android.internal.os.ZygoteInit$MethodAndArgsCaller.run(ZygoteInit.java:726)
12-10 15:05:07.627  3806  3806 W QSTileHost: 	at com.android.internal.os.ZygoteInit.main(ZygoteInit.java:616)
12-10 15:05:07.634  4273  4273 I Telephony: TtyManager: updateUiTtyMode -1 -> 0
12-10 15:05:07.650  1213  1227 V KeyguardServiceDelegate: *** Keyguard started
12-10 15:05:07.650  1213  1213 V KeyguardServiceDelegate: *** Keyguard connected (yay!)
12-10 15:05:07.661  1213  1227 V KeyguardServiceDelegate: onStartedWakingUp()
12-10 15:05:07.663  1213  1227 V KeyguardServiceDelegate: onScreenTurnedOn(showListener = com.android.server.policy.PhoneWindowManager$2@1a49de6)
12-10 15:05:07.664  1213  1227 V KeyguardServiceDelegate: onScreenTurnedOn()
12-10 15:05:07.664  4273  4273 I Telephony: TtyManager: updateUiTtyMode -1 -> 0
12-10 15:05:07.674  4291  4291 D Launcher: bindAppWidget: AppWidget(id=2)
12-10 15:05:07.674  4291  4291 D Launcher: bindAppWidget: id=2 belongs to component ComponentInfo{com.cyanogenmod.lockclock/com.cyanogenmod.lockclock.ClockWidgetProvider}
12-10 15:05:07.679   778   778 I thermal-engine: type=1400 audit(0.0:65): avc: denied { write } for name="property_service" dev="tmpfs" ino=11607 scontext=u:r:init:s0 tcontext=u:object_r:property_socket:s0 tclass=sock_file permissive=1
12-10 15:05:07.689   778   778 I thermal-engine: type=1400 audit(0.0:66): avc: denied { ioctl } for path="/dev/msm_thermal_query" dev="tmpfs" ino=11977 ioctlcmd=ca02 scontext=u:r:init:s0 tcontext=u:object_r:thermal_device:s0 tclass=chr_file permissive=1
12-10 15:05:07.690  3806  3806 W CustomTileListenerService[]: CustomTile listener service not yet bound.
12-10 15:05:07.692  4273  4273 V ConfigResourceUtil: resourceName = config_spn_display_control resourceId = 2130837514resourceValue = false
12-10 15:05:07.695  4541  4541 I Exchange: onDestroy
12-10 15:05:07.711  1213  1226 D GpsLocationProvider: received SIM change, new known MCC/MNC: []
12-10 15:05:07.722   475   475 E pttSocketApp:          aniAsfIpc.c:979 Error(105):Recv failed, ipcPtr [0x84e7e180], sd 4
12-10 15:05:07.722   475   475 E pttSocketApp:       pttSocketApp.c:1041 IPC Recv failed
12-10 15:05:07.722   475   475 E WLAN_PSA: NL MSG RCV err -1 105
12-10 15:05:07.723  3806  3806 W Resources: Drawable com.android.systemui:drawable/ic_battery_circle has unresolved theme attributes! Consider using Resources.getDrawable(int, Theme) or Context.getDrawable(int).
12-10 15:05:07.723  3806  3806 W Resources: java.lang.RuntimeException
12-10 15:05:07.723  3806  3806 W Resources: 	at android.content.res.Resources.getDrawable(Resources.java:799)
12-10 15:05:07.723  3806  3806 W Resources: 	at com.android.systemui.BatteryMeterView$AllInOneBatteryMeterDrawable.loadBatteryDrawables(BatteryMeterView.java:637)
12-10 15:05:07.723  3806  3806 W Resources: 	at com.android.systemui.BatteryMeterView$AllInOneBatteryMeterDrawable.<init>(BatteryMeterView.java:492)
12-10 15:05:07.723  3806  3806 W Resources: 	at com.android.systemui.BatteryMeterView.createBatteryMeterDrawable(BatteryMeterView.java:264)
12-10 15:05:07.723  3806  3806 W Resources: 	at com.android.systemui.BatteryMeterView.setMode(BatteryMeterView.java:366)
12-10 15:05:07.723  3806  3806 W Resources: 	at com.android.systemui.BatteryMeterView.onBatteryStyleChanged(BatteryMeterView.java:336)
12-10 15:05:07.723  3806  3806 W Resources: 	at com.android.systemui.statusbar.policy.BatteryController.addStateChangedCallback(BatteryController.java:100)
12-10 15:05:07.723  3806  3806 W Resources: 	at com.android.systemui.BatteryMeterView.setBatteryStateRegistar(BatteryMeterView.java:283)
12-10 15:05:07.723  3806  3806 W Resources: 	at com.android.systemui.statusbar.phone.StatusBarHeaderView.setBatteryController(StatusBarHeaderView.java:350)
12-10 15:05:07.723  3806  3806 W Resources: 	at com.android.systemui.statusbar.phone.PhoneStatusBar.makeStatusBarView(PhoneStatusBar.java:1297)
12-10 15:05:07.723  3806  3806 W Resources: 	at com.android.systemui.statusbar.phone.PhoneStatusBar.addStatusBarWindow(PhoneStatusBar.java:3463)
12-10 15:05:07.723  3806  3806 W Resources: 	at com.android.systemui.statusbar.phone.PhoneStatusBar.createAndAddWindows(PhoneStatusBar.java:3459)
12-10 15:05:07.723  3806  3806 W Resources: 	at com.android.systemui.statusbar.BaseStatusBar.start(BaseStatusBar.java:631)
12-10 15:05:07.723  3806  3806 W Resources: 	at com.android.systemui.statusbar.phone.PhoneStatusBar.start(PhoneStatusBar.java:818)
12-10 15:05:07.723  3806  3806 W Resources: 	at com.android.systemui.statusbar.SystemBars.createStatusBarFromConfig(SystemBars.java:106)
12-10 15:05:07.723  3806  3806 W Resources: 	at com.android.systemui.statusbar.SystemBars.onNoService(SystemBars.java:58)
12-10 15:05:07.723  3806  3806 W Resources: 	at com.android.systemui.statusbar.ServiceMonitor.startService(ServiceMonitor.java:230)
12-10 15:05:07.723  3806  3806 W Resources: 	at com.android.systemui.statusbar.ServiceMonitor.-wrap5(ServiceMonitor.java)
12-10 15:05:07.723  3806  3806 W Resources: 	at com.android.systemui.statusbar.ServiceMonitor$1.handleMessage(ServiceMonitor.java:73)
12-10 15:05:07.723  3806  3806 W Resources: 	at android.os.Handler.dispatchMessage(Handler.java:102)
12-10 15:05:07.723  3806  3806 W Resources: 	at android.os.Looper.loop(Looper.java:148)
12-10 15:05:07.723  3806  3806 W Resources: 	at android.app.ActivityThread.main(ActivityThread.java:5461)
12-10 15:05:07.723  3806  3806 W Resources: 	at java.lang.reflect.Method.invoke(Native Method)
12-10 15:05:07.723  3806  3806 W Resources: 	at com.android.internal.os.ZygoteInit$MethodAndArgsCaller.run(ZygoteInit.java:726)
12-10 15:05:07.723  3806  3806 W Resources: 	at com.android.internal.os.ZygoteInit.main(ZygoteInit.java:616)
12-10 15:05:07.727  3806  3806 D BatteryMeterView: mTextGravity=17
12-10 15:05:07.728  3806  3806 D BatteryMeterView: mTextGravity=17
12-10 15:05:07.729  3806  3806 D BatteryMeterView: mTextGravity=17
12-10 15:05:07.731  1213  1225 D CryptdConnector: SND -> {2 cryptfs getpw}
12-10 15:05:07.731   390   396 D VoldCryptCmdListener: cryptfs getpw
12-10 15:05:07.732   390   396 I Ext4Crypt: ext4 crypto complete called on /data
12-10 15:05:07.732   390   396 I Ext4Crypt: No master key, so not ext4enc
12-10 15:05:07.732   390   396 I Ext4Crypt: ext4 crypto complete called on /data
12-10 15:05:07.732   390   396 I Ext4Crypt: No master key, so not ext4enc
12-10 15:05:07.732  1213  3717 D CryptdConnector: RCV <- {200 2 -1}
12-10 15:05:07.732  1213  1225 D CryptdConnector: SND -> {3 cryptfs clearpw}
12-10 15:05:07.733   390   396 D VoldCryptCmdListener: cryptfs clearpw
12-10 15:05:07.733   390   396 I Ext4Crypt: ext4 crypto complete called on /data
12-10 15:05:07.733   390   396 I Ext4Crypt: No master key, so not ext4enc
12-10 15:05:07.733  1213  3717 D CryptdConnector: RCV <- {200 3 0}
12-10 15:05:07.741  4655  4861 W System  : ClassLoader referenced unknown path: /system/framework/tcmclient.jar
12-10 15:05:07.746  4273  4652 E PhoneInterfaceManager: [PhoneIntfMgr] getIccId: No UICC
12-10 15:05:07.768  3806  4410 D OpenGLRenderer: profile bars disabled
12-10 15:05:07.769  3806  4410 D OpenGLRenderer: ambientRatio = 1.50
12-10 15:05:07.790   451  3573 D PermissionCache: checking android.permission.ACCESS_SURFACE_FLINGER for uid=10025 => granted (704 us)
12-10 15:05:07.803  3806  3806 D PhoneStatusBar: disable: < expand icons alerts system_info back home recent clock search quick_settings >
12-10 15:05:07.889  4291  4291 D Launcher: bound widget id=2 in 216ms
12-10 15:05:07.900  3806  3806 D PhoneStatusBar: heads up is enabled
12-10 15:05:07.903  4291  4291 D Launcher: bindAppWidget: AppWidget(id=3)
12-10 15:05:07.903  4291  4291 D Launcher: bindAppWidget: id=3 belongs to component ComponentInfo{com.cyanogenmod.eleven/com.cyanogenmod.eleven.appwidgets.AppWidgetLarge}
12-10 15:05:07.955  4634  4634 W WakefulBroadcastReceiver: No active wake lock id #1
12-10 15:05:07.955  4291  4291 D Launcher: bound widget id=3 in 52ms
12-10 15:05:07.955  4291  4670 V RenderScript: 0x5575b4bcf0 Launching thread(s), CPUs 8
12-10 15:05:07.960  4291  4291 D android.widget.GridLayout: vertical constraints: y2-y0>=396, y2-y0<=384, y2-y1<=156 are inconsistent; permanently removing: y2-y0<=384. 
12-10 15:05:07.972  4754  4754 D WeatherUpdateService: onCreate
12-10 15:05:07.976  4754  4754 D WeatherUpdateService: Service started, but shouldn't update ... stopping
12-10 15:05:07.980  4754  4754 D WeatherUpdateService: onDestroy
12-10 15:05:08.007  3806  3806 D PhoneStatusBar: disable: < EXPAND* icons alerts system_info BACK* HOME* RECENT* clock SEARCH* quick_settings >
12-10 15:05:08.018  1213  3789 V KeyValueBackupJob: Scheduling k/v pass in 243 minutes
12-10 15:05:08.030  3806  3806 I Choreographer: Skipped 99 frames!  The application may be doing too much work on its main thread.
12-10 15:05:08.050  3806  3806 D ViewRootImpl: changeCanvasOpacity: opaque=true
12-10 15:05:08.111  4291  4291 W BRVScrubberSections: Found letter index 24 which is greater than 2
12-10 15:05:08.230   602   602 I MSM-irqbalance: Discovered a new IRQ: 177
12-10 15:05:08.230   602   602 I MSM-irqbalance: Discovered a new IRQ: 178
12-10 15:05:08.232   602   602 I MSM-irqbalance: Decided to move IRQ177 from CPU0 [P:0] to CPU4 [P:1] (banned)
12-10 15:05:08.232   602   602 I MSM-irqbalance: Decided to move IRQ178 from CPU0 [P:0] to CPU7 [P:1] (banned)
12-10 15:05:08.277  3897  4011 W MessageQueue: Handler (android.view.Choreographer$FrameHandler) {69e94c1} sending message to a Handler on a dead thread
12-10 15:05:08.277  3897  4011 W MessageQueue: java.lang.IllegalStateException: Handler (android.view.Choreographer$FrameHandler) {69e94c1} sending message to a Handler on a dead thread
12-10 15:05:08.277  3897  4011 W MessageQueue: 	at android.os.MessageQueue.enqueueMessage(MessageQueue.java:543)
12-10 15:05:08.277  3897  4011 W MessageQueue: 	at android.os.Handler.enqueueMessage(Handler.java:631)
12-10 15:05:08.277  3897  4011 W MessageQueue: 	at android.os.Handler.sendMessageAtTime(Handler.java:600)
12-10 15:05:08.277  3897  4011 W MessageQueue: 	at android.view.Choreographer$FrameDisplayEventReceiver.onVsync(Choreographer.java:838)
12-10 15:05:08.277  3897  4011 W MessageQueue: 	at android.view.DisplayEventReceiver.dispatchVsync(DisplayEventReceiver.java:141)
12-10 15:05:08.277  3897  4011 W MessageQueue: 	at android.os.MessageQueue.nativePollOnce(Native Method)
12-10 15:05:08.277  3897  4011 W MessageQueue: 	at android.os.MessageQueue.next(MessageQueue.java:323)
12-10 15:05:08.277  3897  4011 W MessageQueue: 	at android.os.Looper.loop(Looper.java:135)
12-10 15:05:08.277  3897  4011 W MessageQueue: 	at android.os.HandlerThread.run(HandlerThread.java:61)
12-10 15:05:08.284  4273  4273 D TelephonyDebugService: TelephonyDebugService()
12-10 15:05:08.296  1213  3723 D WifiService: New client listening to asynchronous messages
12-10 15:05:08.301  4273  4273 E PhoneInterfaceManager: [PhoneIntfMgr] getIccId: No UICC
12-10 15:05:08.302  4273  4273 D CarrierConfigLoader: mHandler: 12 phoneId: 0
12-10 15:05:08.313  3806  4410 I Adreno  : QUALCOMM build                   : 4e65137, I041b18199e
12-10 15:05:08.313  3806  4410 I Adreno  : Build Date                       : 01/21/16
12-10 15:05:08.313  3806  4410 I Adreno  : OpenGL ES Shader Compiler Version: XE031.05.11.05
12-10 15:05:08.313  3806  4410 I Adreno  : Local Branch                     : 
12-10 15:05:08.313  3806  4410 I Adreno  : Remote Branch                    : 
12-10 15:05:08.313  3806  4410 I Adreno  : Remote Branch                    : 
12-10 15:05:08.313  3806  4410 I Adreno  : Reconstruct Branch               : 
12-10 15:05:08.334  3806  4410 I OpenGLRenderer: Initialized EGL, version 1.4
12-10 15:05:08.353  1213  3723 D WifiService: New client listening to asynchronous messages
12-10 15:05:08.356  4273  4273 E PhoneInterfaceManager: [PhoneIntfMgr] getIccId: ICC ID is null or empty.
12-10 15:05:08.370  4273  4273 W Telephony: TelecomAccountRegistry: Failed to get primary stack id
12-10 15:05:08.373  4273  4273 E PhoneInterfaceManager: [PhoneIntfMgr] getIccId: No UICC
12-10 15:05:08.386  1213  1224 I Telecom : PhoneAccountRegistrar: New phone account registered: [[ ] PhoneAccount: ComponentInfo{com.android.phone/com.android.services.telephony.TelephonyConnectionService}, [e0184adedf913b076626646d3f52c3b49c39ad6d], UserHandle{0} Capabilities: 54 Schemes: tel voicemail ]
12-10 15:05:08.404  1213  1224 I Telecom : : Sending phone-account registered intent as user
12-10 15:05:08.410  4273  4273 I Telephony: AccountEntry: Registered phoneAccount: [[ ] PhoneAccount: ComponentInfo{com.android.phone/com.android.services.telephony.TelephonyConnectionService}, [e0184adedf913b076626646d3f52c3b49c39ad6d], UserHandle{0} Capabilities: 54 Schemes: tel voicemail ] with handle: ComponentInfo{com.android.phone/com.android.services.telephony.TelephonyConnectionService}, [e0184adedf913b076626646d3f52c3b49c39ad6d], UserHandle{0}
12-10 15:05:08.413  4273  4273 I Telephony: PstnIncomingCallNotifier: Registering: Handler (com.android.internal.telephony.gsm.GSMPhone) {4bd20e5}
12-10 15:05:08.423  4273  4273 I Telephony: TelecomAccountRegistry: Unregistering phone account ComponentInfo{com.android.phone/com.android.services.telephony.TelephonyConnectionService}, [356a192b7913b04c54574d18c28d46e6395428ab], UserHandle{0}.
12-10 15:05:08.440  3806  3806 D PhoneStatusBar: disable: < EXPAND ICONS* alerts SYSTEM_INFO* BACK HOME RECENT clock SEARCH quick_settings >
12-10 15:05:08.452  1213  4329 I Telecom : : Sending phone-account unregistered intent as user
12-10 15:05:08.456  1213  3836 I Telecom : PhoneAccountRegistrar: getUserSelVoicePhoneAccount, voice subId = -1
12-10 15:05:08.457  1213  3836 I Telecom : PhoneAccountRegistrar: getUserSelVoicePhoneAccount, emergency account 
12-10 15:05:08.505   468  3767 V SRS_Proc: ParamSet string: A2dpSuspended=false
12-10 15:05:08.505   468  3767 D audio_hw_primary: adev_set_parameters: enter: A2dpSuspended=false
12-10 15:05:08.505   468  3767 E bt_a2dp_hw: adev_set_parameters: ERROR: set param called even when stream out is null
12-10 15:05:08.509  3806  3806 D PhoneStatusBar: disable: < EXPAND ICONS alerts SYSTEM_INFO BACK HOME RECENT clock SEARCH quick_settings >
12-10 15:05:08.529  1213  1213 D WifiService: resetting networks because SIM was removed
12-10 15:05:08.529  1213  1213 D WifiService: resetting country code because SIM is removed
12-10 15:05:08.530  1213  1226 D GpsLocationProvider: received SIM change, new known MCC/MNC: []
12-10 15:05:08.541  1213  4313 V KeyguardServiceDelegate: **** SHOWN CALLED ****
12-10 15:05:08.543  4273  4273 E PhoneInterfaceManager: [PhoneIntfMgr] getIccId: No UICC
12-10 15:05:08.544  4273  4288 E PhoneInterfaceManager: [PhoneIntfMgr] getIccId: ICC ID is null or empty.
12-10 15:05:08.549  4273  4273 D CarrierConfigLoader: update config for phoneId: 1 simState: ABSENT
12-10 15:05:08.550  4273  4273 D CarrierServiceBindHelper: update binding for phoneId: 1 simState: ABSENT
12-10 15:05:08.550  4273  4273 D CarrierConfigLoader: mHandler: 0 phoneId: 1
12-10 15:05:08.550  4273  4273 D CarrierServiceBindHelper: mHandler: 1
12-10 15:05:08.550  4273  4273 D CarrierServiceBindHelper: Unbinding for phoneId: 1
12-10 15:05:08.554  1213  4315 V KeyguardServiceDelegate: **** SHOWN CALLED ****
12-10 15:05:08.591  1213  1225 I ActivityManager: Start proc 5010:com.android.cellbroadcastreceiver/u0a5 for broadcast com.android.cellbroadcastreceiver/.CellBroadcastReceiver
12-10 15:05:08.632  5010  5010 W System  : ClassLoader referenced unknown path: /system/priv-app/CellBroadcastReceiver/lib/arm64
12-10 15:05:08.642  5010  5010 D CellBroadcastReceiver: onReceive Intent { act=android.intent.action.SERVICE_STATE flg=0x10 cmp=com.android.cellbroadcastreceiver/.CellBroadcastReceiver (has extras) }
12-10 15:05:08.642  5010  5010 D CellBroadcastReceiver: Intent ACTION_SERVICE_STATE_CHANGED
12-10 15:05:08.642  5010  5010 D CellBroadcastReceiver: subscriptionId = -2
12-10 15:05:08.660  4273  5025 D SIP     : [SipSharedPreferences] isReceivingCallsEnabled, option not set; use default value, exception: android.provider.Settings$SettingNotFoundException: sip_receive_calls
12-10 15:05:08.665  4273  4273 E PhoneInterfaceManager: [PhoneIntfMgr] getIccId: No UICC
12-10 15:05:08.667  4273  4273 I SimChangeReceiver: Sim removed, removing inactive accounts
12-10 15:05:08.949   694   694 I thermal-engine: type=1400 audit(0.0:67): avc: denied { write } for name="property_service" dev="tmpfs" ino=11607 scontext=u:r:init:s0 tcontext=u:object_r:property_socket:s0 tclass=sock_file permissive=1
12-10 15:05:09.240  3806  3806 I Choreographer: Skipped 71 frames!  The application may be doing too much work on its main thread.
12-10 15:05:09.392   451   712 I SurfaceFlinger: Boot is finished (25484 ms)
12-10 15:05:09.419  3806  3806 W KeyguardUpdateMonitor: invalid subId in handleSimStateChange()
12-10 15:05:09.419  3806  3806 W KeyguardUpdateMonitor: invalid subId in handleSimStateChange()
12-10 15:05:09.432  4273  4652 E PhoneInterfaceManager: [PhoneIntfMgr] getIccId: ICC ID is null or empty.
12-10 15:05:09.438  3806  3806 D CarrierText: onSimStateChanged: SimNotReady
12-10 15:05:09.451   985  1008 D BootAnimation: Use save memory method, maybe small fps in actual.
12-10 15:05:09.458  3806  3806 W KeyguardUpdateMonitor: invalid subId in handleServiceStateChange()
12-10 15:05:09.459  3806  3806 D PhoneStatusBar: disable: < expand* ICONS alerts SYSTEM_INFO back* HOME RECENT clock SEARCH quick_settings >
12-10 15:05:09.547  3806  3806 D PhoneStatusBar: disable: < expand ICONS alerts SYSTEM_INFO back HOME RECENT clock SEARCH quick_settings >
12-10 15:05:09.578  3806  3806 W KeyguardUpdateMonitor: invalid subId in handleSimStateChange()
12-10 15:05:10.088   985  1008 D BootAnimation: playing boot audio here
12-10 15:05:10.088   985  1008 W BootAnimation: Audio service is not initiated.
12-10 15:05:10.122   451   451 D modemanager: Mode Manager retrieved panel name: sharp_nt35595_1080p_5p0_command_mode_dsi_panel
12-10 15:05:10.122   451   451 D modemanager: Mode Manager could not locate/access OEM Calibration file
12-10 15:05:10.145  1213  1232 I SystemServiceManager: Starting phase 1000
12-10 15:05:10.145  1213  1232 E QCOM PowerHAL: Failed to acquire lock.
12-10 15:05:10.146  1213  1232 D lights  : set_speaker_light_buttons brightness: 200
12-10 15:05:10.175  1213  1232 D lights  : set_light_battery
12-10 15:05:10.175  1213  1232 D lights  : set_speaker_light_locked mode=0 brightnsS=149
12-10 15:05:10.190  1213  1232 W ContextImpl: Calling a method in the system process without a qualified user: android.app.ContextImpl.sendBroadcast:788 org.cyanogenmod.platform.internal.CMHardwareService.onBootPhase:429 com.android.server.SystemServiceManager.startBootPhase:135 com.android.server.am.ActivityManagerService.finishBooting:6688 com.android.server.am.ActivityManagerService.bootAnimationComplete:6755 
12-10 15:05:10.220  1213  1232 D lights  : set_light_battery
12-10 15:05:10.220  1213  1232 D lights  : set_speaker_light_locked mode=0 brightnsS=0
12-10 15:05:10.328  1213  5120 I RecoverySystem: No recovery log file
12-10 15:05:10.341  1213  3836 I ActivityManager: Start proc 5122:com.android.dialer/u0a28 for broadcast com.android.dialer/.calllog.CallLogReceiver
12-10 15:05:10.355  1213  5120 I BootReceiver: Copying audit failures to DropBox
12-10 15:05:10.355  1213  5120 I BootReceiver: Checking for fsck errors
12-10 15:05:10.390  1213  3894 D lights  : set_light_battery
12-10 15:05:10.390  1213  3894 D lights  : set_speaker_light_locked mode=0 brightnsS=149
12-10 15:05:10.394  1213  5117 I ActivityManager: Start proc 5134:com.android.keychain/1000 for service com.android.keychain/.KeyChainService
12-10 15:05:10.429  5134  5134 W System  : ClassLoader referenced unknown path: /system/app/KeyChain/lib/arm64
12-10 15:05:10.435  5122  5122 W System  : ClassLoader referenced unknown path: /system/priv-app/Dialer/lib/arm64
12-10 15:05:10.558  5122  5122 W MOD.CyanogenAmbientUtil: Cyanogen Ambient package is missing! Version 1050100 is required.
12-10 15:05:10.558  5122  5122 E MOD.AmbientApiClientImp: This application will not run unless you install Ambient services
12-10 15:05:10.559  5122  5122 W PhoneCommon.AmbientSingletonHolder: Connection failed: com.cyanogen.ambient.common.ConnectionResult@dab465c
12-10 15:05:10.568  5122  5122 W Ambient : AmbientApiClient is not connected. Please ensure connection before calling any APIs.
12-10 15:05:10.568  5122  5122 W Ambient : java.lang.Exception
12-10 15:05:10.568  5122  5122 W Ambient : 	at com.cyanogen.ambient.common.api.internal.AbstractAsynchronousApi.execute(AbstractAsynchronousApi.java:18)
12-10 15:05:10.568  5122  5122 W Ambient : 	at com.cyanogen.ambient.incall.internal.InCallApiImpl.getInstalledPlugins(InCallApiImpl.java:88)
12-10 15:05:10.568  5122  5122 W Ambient : 	at com.android.phone.common.incall.api.InCallQueries.updateCallPlugins(InCallQueries.java:45)
12-10 15:05:10.568  5122  5122 W Ambient : 	at com.android.phone.common.incall.DialerDataSubscription.onRefreshRequested(DialerDataSubscription.java:91)
12-10 15:05:10.568  5122  5122 W Ambient : 	at com.android.phone.common.ambient.AmbientDataSubscription.refresh(AmbientDataSubscription.java:308)
12-10 15:05:10.568  5122  5122 W Ambient : 	at com.android.phone.common.incall.DialerDataSubscription.init(DialerDataSubscription.java:86)
12-10 15:05:10.568  5122  5122 W Ambient : 	at com.android.dialer.DialerApplication.onCreate(DialerApplication.java:57)
12-10 15:05:10.568  5122  5122 W Ambient : 	at android.app.Instrumentation.callApplicationOnCreate(Instrumentation.java:1014)
12-10 15:05:10.568  5122  5122 W Ambient : 	at android.app.ActivityThread.handleBindApplication(ActivityThread.java:4751)
12-10 15:05:10.568  5122  5122 W Ambient : 	at android.app.ActivityThread.-wrap1(ActivityThread.java)
12-10 15:05:10.568  5122  5122 W Ambient : 	at android.app.ActivityThread$H.handleMessage(ActivityThread.java:1424)
12-10 15:05:10.568  5122  5122 W Ambient : 	at android.os.Handler.dispatchMessage(Handler.java:102)
12-10 15:05:10.568  5122  5122 W Ambient : 	at android.os.Looper.loop(Looper.java:148)
12-10 15:05:10.568  5122  5122 W Ambient : 	at android.app.ActivityThread.main(ActivityThread.java:5461)
12-10 15:05:10.568  5122  5122 W Ambient : 	at java.lang.reflect.Method.invoke(Native Method)
12-10 15:05:10.568  5122  5122 W Ambient : 	at com.android.internal.os.ZygoteInit$MethodAndArgsCaller.run(ZygoteInit.java:726)
12-10 15:05:10.568  5122  5122 W Ambient : 	at com.android.internal.os.ZygoteInit.main(ZygoteInit.java:616)
12-10 15:05:10.574  1213  1226 D GpsLocationProvider: received SIM change, new known MCC/MNC: []
12-10 15:05:10.574  3806  3806 W KeyguardUpdateMonitor: invalid subId in handleSimStateChange()
12-10 15:05:10.576  4273  4273 D CarrierConfigLoader: update config for phoneId: 0 simState: UNKNOWN
12-10 15:05:10.576  4273  4273 D CarrierServiceBindHelper: update binding for phoneId: 0 simState: UNKNOWN
12-10 15:05:10.576  4273  4273 D CarrierConfigLoader: mHandler: 0 phoneId: 0
12-10 15:05:10.576  4273  4273 D CarrierServiceBindHelper: mHandler: 1
12-10 15:05:10.576  4273  4273 D CarrierServiceBindHelper: Unbinding for phoneId: 0
12-10 15:05:10.583  4273  4287 E PhoneInterfaceManager: [PhoneIntfMgr] getIccId: ICC ID is null or empty.
12-10 15:05:10.590  5122  5122 W MOD.CyanogenAmbientUtil: Cyanogen Ambient package is missing! Version 1050100 is required.
12-10 15:05:10.627  1213  1213 I ActivityManager: Start proc 5177:com.android.providers.calendar/u0a2 for broadcast com.android.providers.calendar/.CalendarReceiver
12-10 15:05:10.659  5192  5192 I init    : type=1400 audit(0.0:68): avc: denied { execute_no_trans } for path="/system/bin/perfd" dev="mmcblk0p26" ino=392 scontext=u:r:init:s0 tcontext=u:object_r:system_file:s0 tclass=file permissive=1
12-10 15:05:10.689  5198  5198 I perfd   : type=1400 audit(0.0:69): avc: denied { create } for scontext=u:r:init:s0 tcontext=u:r:init:s0 tclass=netlink_kobject_uevent_socket permissive=1
12-10 15:05:10.689  5198  5198 I perfd   : type=1400 audit(0.0:70): avc: denied { setopt } for scontext=u:r:init:s0 tcontext=u:r:init:s0 tclass=netlink_kobject_uevent_socket permissive=1
12-10 15:05:10.689  5198  5198 I perfd   : type=1400 audit(0.0:71): avc: denied { bind } for scontext=u:r:init:s0 tcontext=u:r:init:s0 tclass=netlink_kobject_uevent_socket permissive=1
12-10 15:05:10.689  5194  5194 I perfd   : type=1400 audit(0.0:72): avc: denied { append } for path="/data/system/perfd/default_values" dev="mmcblk0p41" ino=2916770 scontext=u:r:init:s0 tcontext=u:object_r:mpctl_data_file:s0 tclass=file permissive=1
12-10 15:05:10.707  5177  5177 W System  : ClassLoader referenced unknown path: /system/priv-app/CalendarProvider/lib/arm64
12-10 15:05:10.768  5177  5177 I CalendarProvider2: Created com.android.providers.calendar.CalendarAlarmManager@f06e730(com.android.providers.calendar.CalendarProvider2@f813fa9)
12-10 15:05:10.797  1213  4286 I ActivityManager: Start proc 5205:com.cyanogenmod.updater/u0a6 for broadcast com.cyanogenmod.updater/.receiver.UpdateCheckReceiver
12-10 15:05:10.839  5205  5205 W System  : ClassLoader referenced unknown path: /system/priv-app/CMUpdater/lib/arm64
12-10 15:05:10.870  5205  5205 I UpdateCheckReceiver: Scheduling future, repeating update checks.
12-10 15:05:10.884  1213  3894 I ActivityManager: Start proc 5225:org.cyanogenmod.providers.datausage/1000 for broadcast org.cyanogenmod.providers.datausage/.BootReceiver
12-10 15:05:10.925  5225  5225 W System  : ClassLoader referenced unknown path: /system/priv-app/DataUsageProvider/lib/arm64
12-10 15:05:10.965  1213  4313 I ActivityManager: Start proc 5240:com.android.managedprovisioning/u0a12 for broadcast com.android.managedprovisioning/.BootReminder
12-10 15:05:11.000  1213  3786 W QCALOG  : [LOWIClient] init () - RTT Capabilities Request Timeout
12-10 15:05:11.000  1213  3786 W QCALOG  : [LOWI-WIFIHAL-1.1.0.5] @sendCapsRequest(): failed to get capabilities
12-10 15:05:11.000  1213  3786 V QCALOG  : [LOWI-WIFIHAL-1.1.0.5] EXIT: qc_loc_fw::LOWICapabilityResponse* sendCapsRequest(uint32)
12-10 15:05:11.000  1213  3786 D QCALOG  : [LOWI-WIFIHAL-1.1.0.5] @lowi_wifihal_get_lowi_capabilities(): Got NULL rsp from LOWI
12-10 15:05:11.000  1213  3786 V QCALOG  : [LOWI-WIFIHAL-1.1.0.5] EXIT: int lowi_wifihal_get_lowi_capabilities(u32*)
12-10 15:05:11.000  1213  3786 I WifiHAL : getLowiCallbackTable: failed to get lowi supported capabilities.Returned error:-1. Exit.
12-10 15:05:11.000  1213  3786 I WifiHAL : getLowiCallbackTable: Cleaning up Lowi due to failure. Return NULL
12-10 15:05:11.000  1213  3786 V QCALOG  : [LOWI-WIFIHAL-1.1.0.5] ENTER: int lowi_wifihal_destroy()
12-10 15:05:11.001  1213  3786 I QCALOG  : [LOWIClientReceiver] ~LOWIClientReceiver - After join complete
12-10 15:05:11.001  1213  3786 V QCALOG  : [LOWIClientListener] ~LOWIClientListenerImpl
12-10 15:05:11.001  1213  3786 D WifiHAL : wifi_get_gscan_capabilities: Sending cmd directly to host
12-10 15:05:11.001  1213  3786 I WifiHAL : wifi_get_gscan_capabilities: RequestId:805
12-10 15:05:11.002  1213  3722 W art     : Long monitor contention event with owner method=boolean com.android.server.wifi.WifiNative.getScanCapabilitiesNative(int, com.android.server.wifi.WifiNative$ScanCapabilities) from WifiNative.java:4294967294 waiters=0 for 4s
12-10 15:05:11.005  1213  4124 I WifiHAL : event received NL80211_CMD_VENDOR, vendor_id = 0x1374, subcmd = 0x17
12-10 15:05:11.009  1213  3722 D WIFI    : got request NetworkRequest [ id=1, legacyType=-1, [ Capabilities: INTERNET&NOT_RESTRICTED&TRUSTED&NOT_VPN] ] with score 0
12-10 15:05:11.009  1213  3722 D WIFI_UT : got request NetworkRequest [ id=1, legacyType=-1, [ Capabilities: INTERNET&NOT_RESTRICTED&TRUSTED&NOT_VPN] ] with score 0
12-10 15:05:11.009  1213  3722 D WifiStateMachine: resetting EAP-SIM/AKA/AKA' networks since SIM was removed
12-10 15:05:11.009  5240  5240 W System  : ClassLoader referenced unknown path: /system/priv-app/ManagedProvisioning/lib/arm64
12-10 15:05:11.014  1213  4124 I WifiHAL : event received NL80211_CMD_VENDOR, vendor_id = 0x1374, subcmd = 0x11
12-10 15:05:11.014  1213  4124 I WifiHAL : event received NL80211_CMD_VENDOR, vendor_id = 0x1374, subcmd = 0x12
12-10 15:05:11.014  1213  4124 I WifiHAL : event received NL80211_CMD_VENDOR, vendor_id = 0x1374, subcmd = 0x13
12-10 15:05:11.030  1213  3837 I ActivityManager: Start proc 5255:com.android.onetimeinitializer/u0a13 for broadcast com.android.onetimeinitializer/.OneTimeInitializerReceiver
12-10 15:05:11.067  5255  5255 W System  : ClassLoader referenced unknown path: /system/priv-app/OneTimeInitializer/lib/arm64
12-10 15:05:11.069  5255  5255 V OneTimeInitializerRece: OneTimeInitializerReceiver.onReceive
12-10 15:05:11.071  1213  4329 W BroadcastQueue: Permission Denial: receiving Intent { act=android.intent.action.BOOT_COMPLETED flg=0x8000010 (has extras) } to org.cyanogenmod.snap/com.android.camera.DisableCameraReceiver requires android.permission.RECEIVE_BOOT_COMPLETED due to sender null (uid 1000)
12-10 15:05:11.086  1213  1224 I ActivityManager: Start proc 5271:com.qualcomm.qcrilmsgtunnel/1001 for broadcast com.qualcomm.qcrilmsgtunnel/.QcrilMsgTunnelAutoboot
12-10 15:05:11.128  5271  5271 W System  : ClassLoader referenced unknown path: /system/priv-app/qcrilmsgtunnel/lib/arm64
12-10 15:05:11.134  5271  5271 D QcrilMsgTunnelAutoboot: ComponentInfo{com.qualcomm.qcrilmsgtunnel/com.qualcomm.qcrilmsgtunnel.QcrilMsgTunnelService} started successfully
12-10 15:05:11.135  5271  5271 D QcrilMsgTunnelService: onCreate method
12-10 15:05:11.136  5271  5271 D QcrilMsgTunnelIfaceManager: :Instantiated
12-10 15:05:11.137  5271  5271 V QcrilMsgTunnelSocket: Starting QcRil Sender & Receiver threads
12-10 15:05:11.140  5271  5285 I QcrilMsgTunnelSocket: Connected to 'qmux_radio/rild_oem0' socket
12-10 15:05:11.141  5271  5271 D QcrilMsgTunnelIfaceManager: Registered SUB0 for UNSOL OEM HOOK to deliver external apps
12-10 15:05:11.141  5271  5271 V QcrilMsgTunnelSocket: Starting QcRil Sender & Receiver threads
12-10 15:05:11.146  4133  4133 D ReportingServiceManager: Next sync attempt in : 11 hours
12-10 15:05:11.147  5271  5287 I QcrilMsgTunnelSocket: Connected to 'qmux_radio/rild_oem1' socket
12-10 15:05:11.148  5271  5271 D QcrilMsgTunnelIfaceManager: Registered SUB1 for UNSOL OEM HOOK to deliver external apps
12-10 15:05:11.150  1213  1213 W System  : ClassLoader referenced unknown path: /system/app/AntHalService/lib/arm64
12-10 15:05:11.156  1213  1213 W ContextImpl: Calling a method in the system process without a qualified user: android.app.ContextImpl.startService:1231 android.content.ContextWrapper.startService:587 android.content.ContextWrapper.startService:587 com.dsi.ant.server.AntService.startService:129 com.dsi.ant.server.startup.BootCompletedReceiver.onReceive:41 
12-10 15:05:11.156  1213  1213 W ContextImpl: Implicit intents with startService are not safe: Intent { act=com.dsi.ant.server.IAntHal } android.content.ContextWrapper.startService:587 android.content.ContextWrapper.startService:587 com.dsi.ant.server.AntService.startService:129 
12-10 15:05:11.169  1213  1213 I ActivityManager: Start proc 5289:com.android.calendar/u0a38 for broadcast com.android.calendar/.alerts.AlertReceiver
12-10 15:05:11.208  5289  5289 W System  : ClassLoader referenced unknown path: /system/app/Calendar/lib/arm64
12-10 15:05:11.247  5289  5289 D ExtensionsFactory: No custom extensions.
12-10 15:05:11.250  5289  5289 D AlertReceiver: onReceive: a=android.intent.action.BOOT_COMPLETED Intent { act=android.intent.action.BOOT_COMPLETED flg=0x8000010 cmp=com.android.calendar/.alerts.AlertReceiver (has extras) }
12-10 15:05:11.267  1213  3836 I ActivityManager: Start proc 5308:com.android.deskclock/u0a44 for broadcast com.android.deskclock/.AlarmInitReceiver
12-10 15:05:11.272  5289  5306 D AlertService: 0 Action = android.intent.action.BOOT_COMPLETED
12-10 15:05:11.274  5289  5306 D AlertService: Scheduling next alarm with AlarmScheduler. sEventReminderReceived: null
12-10 15:05:11.295  5289  5306 D AlarmScheduler: No events found starting within 1 week.
12-10 15:05:11.309  5308  5308 W System  : ClassLoader referenced unknown path: /system/app/DeskClock/lib/arm64
12-10 15:05:11.396  4611  4611 D EmailBroadcastReceiver: Received android.intent.action.BOOT_COMPLETED
12-10 15:05:11.409  1213  4329 I ActivityManager: Start proc 5326:com.android.gallery3d/u0a57 for broadcast com.android.gallery3d/org.codeaurora.gallery3d.video.DmReceiver
12-10 15:05:11.412  4541  4541 I Exchange: EasService.onCreate
12-10 15:05:11.416  4541  5337 I Exchange: RestartPingTask
12-10 15:05:11.440  4541  4541 I Exchange: RestartPingsTask did not start any pings.
12-10 15:05:11.440  4541  4541 I Exchange: PSS stopIfIdle
12-10 15:05:11.440  4541  4541 I Exchange: PSS has no active accounts; stopping service.
12-10 15:05:11.442  4541  4541 I Exchange: onDestroy
12-10 15:05:11.564  1213  3836 W SettingsProvider: You shouldn't keep your settings in the secure settings. This will soon become an error.
12-10 15:05:11.565  1213  4315 W SettingsProvider: You shouldn't keep your settings in the secure settings. This will soon become an error.
12-10 15:05:11.566  1213  4286 W SettingsProvider: You shouldn't keep your settings in the secure settings. This will soon become an error.
12-10 15:05:11.571  4195  4195 I SystemBroadcastReceiver: Boot has been completed
12-10 15:05:11.571  4195  4195 I SystemBroadcastReceiver: toggleAppIcon() : FLAG_SYSTEM = true
12-10 15:05:11.577  4273  4273 W System  : ClassLoader referenced unknown path: /system/app/Stk/lib/arm64
12-10 15:05:11.600  1213  4315 I ActivityManager: Start proc 5342:com.android.camera/u0a67 for broadcast com.android.camera/.BootCompletedReceiver
12-10 15:05:11.662  5342  5342 W System  : ClassLoader referenced unknown path: /system/app/NubiaCamera/lib/arm64
12-10 15:05:11.677  5342  5342 V CameraFamilyContentProvider: onCreate
12-10 15:05:11.682  5342  5356 E BootCompletedReceiver: BootCompletedReceiver doInBackground
12-10 15:05:11.694  5342  5356 V CameraConfigManger: product: NX529J
12-10 15:05:11.697  1213  1225 I ActivityManager: Start proc 5359:com.android.messaging/u0a70 for broadcast com.android.messaging/.receiver.BootAndPackageReplacedReceiver
12-10 15:05:11.701  5342  5342 E BootCompletedReceiver: flag = false
12-10 15:05:11.744  5359  5359 W System  : ClassLoader referenced unknown path: /system/app/messaging/lib/arm64
12-10 15:05:11.819  5177  5177 I CalendarProvider2: Sending notification intent: Intent { act=android.intent.action.PROVIDER_CHANGED dat=content://com.android.calendar flg=0x20000000 }
12-10 15:05:11.819  5177  5177 W ContentResolver: Failed to get type for: content://com.android.calendar (Unknown URL content://com.android.calendar)
12-10 15:05:11.841  5359  5359 W MessagingApp: PhoneUtils.getForLMR1(): invalid subId = -1
12-10 15:05:11.860  5359  5375 W MessagingApp: PhoneUtils.getForLMR1(): invalid subId = -1
12-10 15:05:11.867  4273  4288 E PhoneInterfaceManager: [PhoneIntfMgr] getIccId: ICC ID is null or empty.
12-10 15:05:11.879  1213  1224 I ActivityManager: Start proc 5380:com.qualcomm.telephony/1001 for broadcast org.codeaurora.ims/com.qualcomm.ims.csvt.CsvtServiceAutoboot
12-10 15:05:11.880  5359  5375 W MessagingApp: PhoneUtils.getForLMR1(): invalid subId = -1
12-10 15:05:11.887  5359  5379 W MessagingApp: PhoneUtils.getForLMR1(): invalid subId = -1
12-10 15:05:11.887  5359  5377 I MessagingAppDataModel: Fixup: Send failed - 0 Download failed - 0
12-10 15:05:11.892  5359  5377 W MessagingApp: PhoneUtils.getForLMR1(): invalid subId = -1
12-10 15:05:11.898  5359  5377 W MessagingApp: PhoneUtils.getForLMR1(): invalid subId = -1
12-10 15:05:11.900  4273  4652 E PhoneInterfaceManager: [PhoneIntfMgr] getIccId: ICC ID is null or empty.
12-10 15:05:11.902  4273  4287 E PhoneInterfaceManager: [PhoneIntfMgr] getIccId: ICC ID is null or empty.
12-10 15:05:11.906  5359  5379 W MessagingApp: PhoneUtils.getForLMR1(): invalid subId = -1
12-10 15:05:11.907  4273  4288 E PhoneInterfaceManager: [PhoneIntfMgr] getIccId: ICC ID is null or empty.
12-10 15:05:11.907  4273  4652 V BlacklistProvider: Query uri=content://blacklist, match=0
12-10 15:05:11.913  5359  5375 W MessagingApp: canonicalizeMccMnc: invalid mccmnc:null ,null
12-10 15:05:11.931  1213  3837 D MmsServiceBroker: getCarrierConfigValues() by com.android.messaging
12-10 15:05:11.931  1213  3837 W MmsServiceBroker: MmsService not connected. Try connecting...
12-10 15:05:11.931  1213  1213 I MmsServiceBroker: Connecting to MmsService
12-10 15:05:11.931  1213  1213 W ContextImpl: Calling a method in the system process without a qualified user: android.app.ContextImpl.bindService:1295 com.android.server.MmsServiceBroker.tryConnecting:240 com.android.server.MmsServiceBroker.-wrap3:-1 com.android.server.MmsServiceBroker$1.handleMessage:82 android.os.Handler.dispatchMessage:102 
12-10 15:05:11.935  4273  4273 W System  : ClassLoader referenced unknown path: /system/priv-app/MmsService/lib/arm64
12-10 15:05:11.944  4273  4273 D MmsService: onCreate
12-10 15:05:11.947  1213  1213 I MmsServiceBroker: MmsService connected
12-10 15:05:11.947  4273  5394 D MmsService: getCarrierConfigValues
12-10 15:05:11.948  4273  5394 I MmsService: mms config for sub 1: null
12-10 15:05:11.948  5359  5375 I MessagingApp: Carrier configs loaded: Bundle[{smsToMmsTextThreshold=-1, maxMessageTextSize=-1, recipientLimit=-1, maxImageHeight=480, maxMessageSize=307200, maxImageWidth=640, enabledMMS=true, enableMultipartSMS=true}] from resources+system for subId=1
12-10 15:05:11.949  4273  5395 I MmsService: MmsConfigManager loads in background mcc/mnc: 0/0
12-10 15:05:11.949  5359  5378 W MessagingApp: PhoneUtils.getForLMR1(): invalid subId = -1
12-10 15:05:11.952  5380  5380 I CsvtService AutoBoot: Received boot complete.CsvtEnabled = false
12-10 15:05:11.954  4273  5395 E PhoneInterfaceManager: [PhoneIntfMgr] getIccId: ICC ID is null or empty.
12-10 15:05:11.956  4273  4273 E PhoneInterfaceManager: [PhoneIntfMgr] getIccId: No UICC
12-10 15:05:11.957  4273  4288 E PhoneInterfaceManager: [PhoneIntfMgr] getIccId: ICC ID is null or empty.
12-10 15:05:11.960  5289  5289 D AlertReceiver: onReceive: a=android.intent.action.PROVIDER_CHANGED Intent { act=android.intent.action.PROVIDER_CHANGED dat=content://com.android.calendar flg=0x20000010 cmp=com.android.calendar/.alerts.AlertReceiver }
12-10 15:05:11.963  1213  1224 I BroadcastQueue: Delay finish: com.android.calendar/.alerts.AlertReceiver
12-10 15:05:11.964  5359  5378 W MessagingApp: PhoneUtils.getForLMR1(): invalid subId = -1
12-10 15:05:11.966  5289  5396 D AlertService: 0 Action = android.intent.action.PROVIDER_CHANGED
12-10 15:05:11.972  4273  4287 E PhoneInterfaceManager: [PhoneIntfMgr] getIccId: ICC ID is null or empty.
12-10 15:05:11.975  5359  5378 W MessagingApp: canonicalizeMccMnc: invalid mccmnc:null ,null
12-10 15:05:11.979  1213  3894 D MmsServiceBroker: getCarrierConfigValues() by com.android.messaging
12-10 15:05:11.979  4273  5393 D MmsService: getCarrierConfigValues
12-10 15:05:11.980  4273  5393 I MmsService: mms config for sub 1: Bundle[{httpSocketTimeout=60000, aliasMinChars=2, smsToMmsTextThreshold=-1, enableSMSDeliveryReports=true, maxMessageTextSize=-1, supportMmsContentDisposition=true, enabledTransID=false, aliasEnabled=false, supportHttpCharsetHeader=false, allowAttachAudio=true, smsToMmsTextLengthThreshold=-1, recipientLimit=2147483647, uaProfTagName=x-wap-profile, aliasMaxChars=48, maxImageHeight=480, enableMMSDeliveryReports=false, userAgent=, config_cellBroadcastAppLinks=true, maxSubjectLength=40, httpParams=, enableGroupMms=true, emailGatewayNumber=, maxMessageSize=307200, naiSuffix=, enableMMSReadReports=false, maxImageWidth=640, uaProfUrl=, enabledMMS=true, enabledNotifyWapMMSC=false, sendMultipartSmsAsSeparateMessages=false, enableMultipartSMS=true}]
12-10 15:05:11.981  5359  5378 I MessagingApp: Carrier configs loaded: Bundle[{httpSocketTimeout=60000, aliasMinChars=2, smsToMmsTextThreshold=-1, enableSMSDeliveryReports=true, maxMessageTextSize=-1, supportMmsContentDisposition=true, enabledTransID=false, aliasEnabled=false, supportHttpCharsetHeader=false, allowAttachAudio=true, smsToMmsTextLengthThreshold=-1, recipientLimit=2147483647, uaProfTagName=x-wap-profile, aliasMaxChars=48, maxImageHeight=480, enableMMSDeliveryReports=false, userAgent=, config_cellBroadcastAppLinks=true, maxSubjectLength=40, httpParams=, enableGroupMms=true, emailGatewayNumber=, maxMessageSize=307200, naiSuffix=, enableMMSReadReports=false, maxImageWidth=640, uaProfUrl=, enabledMMS=true, enabledNotifyWapMMSC=false, sendMultipartSmsAsSeparateMessages=false, enableMultipartSMS=true}] from resources+system for subId=1
12-10 15:05:12.013  5359  5379 W MessagingApp: PhoneUtils.getForLMR1(): invalid subId = -1
12-10 15:05:12.014  5359  5379 W MessagingApp: PhoneUtils.getForLMR1(): invalid subId = -1
12-10 15:05:12.016  5359  5379 W MessagingApp: PhoneUtils.getSelfRawNumber: subInfo is null for -1
12-10 15:05:12.017  5359  5379 W MessagingApp: PhoneUtils.getForLMR1(): invalid subId = -1
12-10 15:05:12.018  5359  5379 W MessagingApp: PhoneUtils.getForLMR1(): invalid subId = -1
12-10 15:05:12.027  5359  5377 W MessagingApp: PhoneUtils.getForLMR1(): invalid subId = -1
12-10 15:05:12.029  5359  5398 I MessagingAppDataModel: SyncMessagesAction: Starting batch for messages from 1481353234025 to 1481353511835 (message update limit = 80, message scan limit = 4000)
12-10 15:05:12.040  5359  5379 W MessagingApp: PhoneUtils.getForLMR1(): invalid subId = -1
12-10 15:05:12.052  4273  4288 E PhoneInterfaceManager: [PhoneIntfMgr] getIccId: ICC ID is null or empty.
12-10 15:05:12.056  5359  5379 W MessagingApp: PhoneUtils.getForLMR1(): invalid subId = -1
12-10 15:05:12.064  4273  5393 E PhoneInterfaceManager: [PhoneIntfMgr] getIccId: ICC ID is null or empty.
12-10 15:05:12.164  5359  5400 I MessagingAppDataModel: SyncMessagesAction: All messages now in sync
12-10 15:05:12.166  1213  3894 I BroadcastQueue: Resuming delayed broadcast
12-10 15:05:12.169  1213  4313 I ActivityManager: Killing 3863:com.android.externalstorage/u0a9 (adj 15): empty #17
12-10 15:05:12.185  1213  1224 I BroadcastQueue: Delay finish: com.cyanogenmod.lockclock/.ClockWidgetProvider
