12-10 15:04:54.968  1213  3715 W PackageManager: Unknown permission com.cyanogen.ambient.permission.BIND_INCALL_SERVICE in package com.android.contacts
12-10 15:04:54.968  1213  3715 W PackageManager: Unknown permission com.cyanogen.ambient.permission.PLUGIN_STATUS_CHANGED in package com.android.contacts
12-10 15:04:54.968  1213  3715 W PackageManager: Unknown permission com.cyanogen.ambient.permission.BIND_CALLER_INFO in package com.android.contacts
12-10 15:04:54.969  1213  3715 W PackageManager: Unknown permission com.google.android.googleapps.permission.GOOGLE_AUTH.mail in package com.android.calendar
12-10 15:04:54.969  1213  3715 W PackageManager: Unknown permission com.google.android.googleapps.permission.GOOGLE_AUTH in package com.dazz.nubiasettings
12-10 15:04:54.970  1213  3715 W PackageManager: Unknown permission com.android.launcher.permission.READ_SETTINGS in package com.dazz.nubiasettings
12-10 15:04:54.970  1213  3715 W PackageManager: Unknown permission com.android.launcher.permission.WRITE_SETTINGS in package com.dazz.nubiasettings
12-10 15:04:54.970  1213  3715 W PackageManager: Unknown permission com.android.launcher.permission.READ_SETTINGS in package com.android.onetimeinitializer
12-10 15:04:54.970  1213  3715 W PackageManager: Unknown permission com.android.launcher.permission.WRITE_SETTINGS in package com.android.onetimeinitializer
12-10 15:04:54.970  1213  3715 W PackageManager: Not granting permission android.permission.DEVICE_POWER to package com.android.camera (protectionLevel=2 flags=0x3808bc45)
12-10 15:04:54.971  1213  3715 W PackageManager: Unknown permission com.cyanogen.ambient.permission.BIND_INCALL_SERVICE in package com.android.dialer
12-10 15:04:54.971  1213  3715 W PackageManager: Unknown permission com.cyanogen.ambient.permission.PLUGIN_STATUS_CHANGED in package com.android.dialer
12-10 15:04:54.971  1213  3715 W PackageManager: Unknown permission com.cyanogen.ambient.permission.PUBLISH_DISCOVERY_NUDGE in package com.android.dialer
12-10 15:04:54.971  1213  3715 W PackageManager: Unknown permission com.cyanogen.ambient.permission.BIND_DEEPLINK_SERVICE in package com.android.dialer
12-10 15:04:54.971  1213  3715 W PackageManager: Unknown permission com.cyanogen.ambient.permission.READ_DEEPLINK_DATABASE in package com.android.dialer
12-10 15:04:54.971  1213  3715 W PackageManager: Unknown permission com.cyanogen.ambient.permission.BIND_CALLER_INFO in package com.android.dialer
12-10 15:04:54.971  1213  3715 W PackageManager: Unknown permission com.android.launcher.permission.READ_SETTINGS in package com.cyanogenmod.trebuchet
12-10 15:04:54.971  1213  3715 W PackageManager: Unknown permission com.android.launcher.permission.WRITE_SETTINGS in package com.cyanogenmod.trebuchet
12-10 15:04:54.971  1213  3715 W PackageManager: Unknown permission com.cyngn.stats.SEND_ANALYTICS in package com.cyanogenmod.trebuchet
12-10 15:04:54.971  1213  3715 W PackageManager: Unknown permission com.google.android.permission.INSTALL_WEARABLE_PACKAGES in package com.android.packageinstaller
12-10 15:04:54.971  1213  3715 W PackageManager: Not granting permission android.permission.DELETE_PACKAGES to package com.svox.pico (protectionLevel=18 flags=0x3808be45)
12-10 15:04:54.971  1213  3715 W PackageManager: Unknown permission android.permission.ACCESS_SUPERUSER in package com.cyanogenmod.filemanager
12-10 15:04:54.972  1213  3715 W PackageManager: Unknown permission com.cyanogenmod.filemanager.permissions.READ_THEME in package com.cyanogenmod.filemanager
12-10 15:04:54.972  1213  3715 W PackageManager: Unknown permission com.google.android.gallery3d.permission.PICASA_STORE in package com.android.dreams.phototable
12-10 15:04:54.972  1213  3715 W PackageManager: Unknown permission com.google.android.googleapps.permission.GOOGLE_AUTH in package com.android.settings
12-10 15:04:54.972  1213  3715 W PackageManager: Unknown permission com.android.launcher.permission.READ_SETTINGS in package com.android.settings
12-10 15:04:54.972  1213  3715 W PackageManager: Unknown permission com.android.launcher.permission.WRITE_SETTINGS in package com.android.settings
12-10 15:04:54.973  1213  3715 W PackageManager: Not granting permission android.permission.REAL_GET_TASKS to package com.cyanogenmod.eleven (protectionLevel=18 flags=0x3818be65)
12-10 15:04:54.973  1213  3715 W PackageManager: Unknown permission com.qualcomm.permission.ACCESS_LOCATION_API in package com.qualcomm.location
12-10 15:04:54.973  1213  3715 W PackageManager: Not granting permission android.permission.MOUNT_UNMOUNT_FILESYSTEMS to package com.zhiyoo (protectionLevel=18 flags=0x3858be45)
12-10 15:04:54.973  1213  3715 W PackageManager: Unknown permission com.tencent.mtt.extension.Player in package com.zhiyoo
12-10 15:04:54.973  1213  3715 W PackageManager: Unknown permission android.webkit.permission.PLUGIN in package com.zhiyoo
12-10 15:04:54.973  1213  3715 W PackageManager: Unknown permission com.anzhi.permission.APP_DOWNLOAD in package com.zhiyoo
12-10 15:04:54.973  1213  3715 W PackageManager: Not granting permission android.permission.ACCESS_DOWNLOAD_MANAGER to package com.zhiyoo (protectionLevel=18 flags=0x3858be45)
12-10 15:04:54.973  1213  3715 W PackageManager: Unknown permission com.sec.android.provider.badge.permission.READ in package com.zhiyoo
12-10 15:04:54.973  1213  3715 W PackageManager: Unknown permission com.sec.android.provider.badge.permission.WRITE in package com.zhiyoo
12-10 15:04:54.973  1213  3715 W PackageManager: Unknown permission com.htc.launcher.permission.READ_SETTINGS in package com.zhiyoo
12-10 15:04:54.973  1213  3715 W PackageManager: Unknown permission com.htc.launcher.permission.UPDATE_SHORTCUT in package com.zhiyoo
12-10 15:04:54.973  1213  3715 W PackageManager: Unknown permission com.sonyericsson.home.permission.BROADCAST_BADGE in package com.zhiyoo
12-10 15:04:54.973  1213  3715 W PackageManager: Unknown permission com.sonymobile.home.permission.PROVIDER_INSERT_BADGE in package com.zhiyoo
12-10 15:04:54.973  1213  3715 W PackageManager: Unknown permission com.anddoes.launcher.permission.UPDATE_COUNT in package com.zhiyoo
12-10 15:04:54.973  1213  3715 W PackageManager: Unknown permission com.majeur.launcher.permission.UPDATE_BADGE in package com.zhiyoo
12-10 15:04:54.973  1213  3715 W PackageManager: Unknown permission com.huawei.android.launcher.permission.CHANGE_BADGE in package com.zhiyoo
12-10 15:04:54.973  1213  3715 W PackageManager: Unknown permission com.huawei.android.launcher.permission.READ_SETTINGS in package com.zhiyoo
12-10 15:04:54.973  1213  3715 W PackageManager: Unknown permission com.huawei.android.launcher.permission.WRITE_SETTINGS in package com.zhiyoo
12-10 15:04:54.975  1213  3715 W PackageManager: Unknown permission com.google.android.gallery3d.permission.GALLERY_PROVIDER in package com.android.bluetooth
12-10 15:04:54.976  1213  3715 W PackageManager: Unknown permission com.google.android.googleapps.permission.ACCESS_GOOGLE_PASSWORD in package com.android.development
12-10 15:04:54.976  1213  3715 W PackageManager: Unknown permission com.google.android.googleapps.permission.GOOGLE_AUTH in package com.android.development
12-10 15:04:54.976  1213  3715 W PackageManager: Unknown permission com.google.android.googleapps.permission.GOOGLE_AUTH.ALL_SERVICES in package com.android.development
12-10 15:04:54.976  1213  3715 W PackageManager: Unknown permission com.google.android.googleapps.permission.GOOGLE_AUTH.YouTubeUser in package com.android.development
12-10 15:04:54.985  1213  1226 I UsageStatsService: User[0] Rollover scheduled @ 2016-12-11 08:00:00(1481414400000)
12-10 15:04:55.050  1213  1213 I SystemServer: LockSettingsService
12-10 15:04:55.051  1213  3715 W MountService: No primary storage mounted!
12-10 15:04:55.051  1213  3715 D VoldConnector: SND -> {2 asec list}
12-10 15:04:55.051  1213  3716 D VoldConnector: RCV <- {200 2 asec operation succeeded}
12-10 15:04:55.053  1213  1213 I SystemServiceManager: Starting com.android.server.PersistentDataBlockService
12-10 15:04:55.056  1213  1213 E PersistentDataBlockService: not able to find package 
12-10 15:04:55.056  1213  1213 E PersistentDataBlockService: android.content.pm.PackageManager$NameNotFoundException: 
12-10 15:04:55.056  1213  1213 E PersistentDataBlockService: 	at android.app.ApplicationPackageManager.getPackageUid(ApplicationPackageManager.java:232)
12-10 15:04:55.056  1213  1213 E PersistentDataBlockService: 	at com.android.server.PersistentDataBlockService.getAllowedUid(PersistentDataBlockService.java:96)
12-10 15:04:55.056  1213  1213 E PersistentDataBlockService: 	at com.android.server.PersistentDataBlockService.<init>(PersistentDataBlockService.java:87)
12-10 15:04:55.056  1213  1213 E PersistentDataBlockService: 	at java.lang.reflect.Constructor.newInstance(Native Method)
12-10 15:04:55.056  1213  1213 E PersistentDataBlockService: 	at com.android.server.SystemServiceManager.startService(SystemServiceManager.java:89)
12-10 15:04:55.056  1213  1213 E PersistentDataBlockService: 	at com.android.server.SystemServer.startOtherServices(SystemServer.java:640)
12-10 15:04:55.056  1213  1213 E PersistentDataBlockService: 	at com.android.server.SystemServer.run(SystemServer.java:291)
12-10 15:04:55.056  1213  1213 E PersistentDataBlockService: 	at com.android.server.SystemServer.main(SystemServer.java:176)
12-10 15:04:55.056  1213  1213 E PersistentDataBlockService: 	at java.lang.reflect.Method.invoke(Native Method)
12-10 15:04:55.056  1213  1213 E PersistentDataBlockService: 	at com.android.internal.os.ZygoteInit$MethodAndArgsCaller.run(ZygoteInit.java:726)
12-10 15:04:55.056  1213  1213 E PersistentDataBlockService: 	at com.android.internal.os.ZygoteInit.main(ZygoteInit.java:616)
12-10 15:04:55.065  1213  1213 I SystemServiceManager: Starting com.android.server.DeviceIdleController
12-10 15:04:55.068  1213  1213 I SystemServiceManager: Starting com.android.server.devicepolicy.DevicePolicyManagerService$Lifecycle
12-10 15:04:55.072  1213  1213 I SystemServer: Status Bar
12-10 15:04:55.075  1213  1213 I SystemServer: Clipboard Service
12-10 15:04:55.076  1213  1213 I SystemServer: NetworkManagement Service
12-10 15:04:55.081  1213  1213 I SystemServer: Text Service Manager Service
12-10 15:04:55.084  1213  1213 I SystemServer: Network Score Service
12-10 15:04:55.090  1213  1213 I SystemServer: NetworkStats Service
12-10 15:04:55.096  1213  1213 I SystemServer: NetworkPolicy Service
12-10 15:04:55.111  1213  1213 I SystemServiceManager: Starting com.android.server.wifi.p2p.WifiP2pService
12-10 15:04:55.137  1213  1213 I SystemServiceManager: Starting com.android.server.wifi.WifiService
12-10 15:04:55.286  1213  1213 I SystemServiceManager: Starting com.android.server.wifi.WifiScanningService
12-10 15:04:55.288  1213  1213 I SystemServiceManager: Starting com.android.server.wifi.RttService
12-10 15:04:55.289  1213  1213 I SystemServiceManager: Starting com.android.server.ethernet.EthernetService
12-10 15:04:55.293  1213  1213 I SystemServer: Connectivity Service
12-10 15:04:55.297  1213  1213 D ConnectivityService: ConnectivityService starting up
12-10 15:04:55.302  1213  1213 D ConnectivityService: wifiOnly=false
12-10 15:04:55.303  1213  1213 E ConnectivityService: Ignoring protectedNetwork 14
12-10 15:04:55.303  1213  1213 E ConnectivityService: Ignoring protectedNetwork 15
12-10 15:04:55.310  1213  1213 I SystemServer: Network Service Discovery Service
12-10 15:04:55.311  1213  1213 D NsdService: Network service discovery enabled true
12-10 15:04:55.313  1213  1213 I SystemServer: UpdateLock Service
12-10 15:04:55.315  1213  1213 I SystemServiceManager: Starting com.android.server.notification.NotificationManagerService
12-10 15:04:55.331  1213  1213 I ZenModeConfig: Migrating existing shared 'from': stars
12-10 15:04:55.348  1213  1213 I SystemServiceManager: Starting com.android.server.storage.DeviceStorageMonitorService
12-10 15:04:55.350  1213  1213 I SystemServer: Location Manager
12-10 15:04:55.353  1213  1213 I SystemServer: Country Detector
12-10 15:04:55.355  1213  1213 I SystemServer: Search Service
12-10 15:04:55.358  1213  1213 I SystemServer: DropBox Service
12-10 15:04:55.360  1213  1213 I SystemServer: Wallpaper Service
12-10 15:04:55.366  1213  1213 W WallpaperManagerService: no current wallpaper -- first boot?
12-10 15:04:55.367  1213  1213 I SystemServer: Audio Service
12-10 15:04:55.381  1213  3731 I chatty  : uid=1000(system) AudioService expire 8 lines
12-10 15:04:55.475  1213  3722 I chatty  : uid=1000(system) WifiStateMachin expire 52 lines
12-10 15:04:55.519  1213  3713 I ActivityManager: Config changes=8 {1.0 ?mcc?mnc zh_CN ldltr sw360dp w360dp h616dp 480dpi nrml long port finger -keyb/h/h -nav/h s.5 themeResource=null}
12-10 15:04:57.085   478   774 I ThermalEngine: Thermal-Server: Adding thermal event listener on fd 6
12-10 15:04:57.085   468  3734 I chatty  : uid=1013(media) /system/bin/mediaserver expire 2 lines
12-10 15:04:57.089   468  3489 I chatty  : uid=1013(media) /system/bin/mediaserver expire 21 lines
12-10 15:04:57.090   508  3562 E mm-camera: iface_util_set_cds_mode: set HAL CDS mode = 0
12-10 15:04:57.091   508  3562 E mm-camera: sensor_set_slow_shutter_mode:950mode:0  time:0  E
12-10 15:04:57.091   508  3562 E mm-camera: sensor_set_slow_shutter_mode:997zte_slow_shutter_mode=0
12-10 15:04:57.091   508  3562 E mm-camera: module_sensor_event_control_set_parm:4743CAM_INTF_PARM_SET_CAMERA_APP_MODE
12-10 15:04:57.091   508  3562 E mm-camera: sensor_set_camera_app_mode:1027set_camera_app_mode 1
12-10 15:04:57.092   508  3562 I mm-camera: sensor_get_output_info:4385requested dim 0 0 stream mask 0
12-10 15:04:57.092   508  3562 E mm-camera-sensor: sensor_pick_fill_expected_data:511ex_w:0, ex_h:0,ex_mode:1, ex_fps:30.100000, ex_clk:0, ex_ar: 0
12-10 15:04:57.092   508  3562 E mm-camera-sensor: sensor_pick_res_for_night_slowshutter:638zte_camera_mode: 1 zte_slow_shutter_mode=0 zte_quick_shutter_mode=0
12-10 15:04:57.092   508  3562 E mm-camera-sensor: sensor_pick_resolution:884res_idx:1  pick_w:1640, pick_h:1232, pick_fps:30.000000, pick_clk:136000000, pick_mode:1
12-10 15:04:57.092   508  3562 I mm-camera: sensor_get_output_info:4414pick res 1 dim 1640X1232 op clk 136000000
12-10 15:04:57.092   508  3562 E mm-camera: isp_util_print_meta_stream_info:5483 Deallocate resources
12-10 15:04:57.093   508  3562 E mm-camera: mct: mct_pipeline_unmap_buf: Un-Mapping failed for sync buf
12-10 15:04:57.093   508  3562 E mm-camera: mct: mct_pipeline_unmap_buf: pipeline sanity failed
12-10 15:04:57.096   478   774 I ThermalEngine: Thermal-Server: removing client on fd 6
12-10 15:04:57.096   508  3562 D mm-camera: mct: mct_pipeline_process_set:command=800000b
12-10 15:04:57.097   508  3562 E mm-camera: mct: mct_pipeline_process_set:2329: Couldn't find stream id: 0
12-10 15:04:57.097   508   508 D mm-camera: mct: mct_controller_destroy: Initiating destroy sequence
12-10 15:04:57.097   508   508 D mm-camera: mct: mct_controller_destroy: serv_thread closed
12-10 15:04:57.097   508  3566 D mm-camera: mct: mct_bus_handler_thread_run: Force Exit
12-10 15:04:57.097   508   508 D mm-camera: mct: mct_controller_destroy: bus_handler thread closed
12-10 15:04:57.097   508   508 D mm-camera: mct: mct_pipeline_stop_session - E
12-10 15:04:57.097   508   508 D mm-camera: mct: mct_pipeline_process_set:command=800000b
12-10 15:04:57.097   508   508 D mm-camera: mct: mct_pipeline_process_set: Issuing DEL_STREAM on stream 0x2000f and stream type=9
12-10 15:04:57.097   508   508 I mm-camera-sensor: port_sensor_unlink_func:292ide 2000f
12-10 15:04:57.097   508   508 E mm-camera: port_iface_ext_unlink_func: E, identity = 0x2000f, port = 0xab3a7638, direction = 2
12-10 15:04:57.097   508   508 I mm-camera-sensor: port_sensor_caps_unreserve:203ide 2000f
12-10 15:04:57.097   508   508 E mm-camera: port_iface_check_caps_unreserve_func:  E, identity = 0x2000f, port = 0xab3a7638, direction = 2
12-10 15:04:57.097   508   508 E mm-camera: iface_unreserve_sink_port: stream_id f mode 0 
12-10 15:04:57.097   508   508 E mm-camera: port_iface_ext_unlink_func: E, identity = 0x2000f, port = 0xab3a8258, direction = 1
12-10 15:04:57.097   508   508 E mm-camera: iface_ext_unlink_src_port: mct stream already removed from hw stream
12-10 15:04:57.097   508   508 E mm-camera: port_iface_check_caps_unreserve_func:  E, identity = 0x2000f, port = 0xab3a8258, direction = 1
12-10 15:04:57.097   508   508 E mm-camera-isp2: isp_port_check_caps_unreserve:825 ide 2000f port 0xab3ece20
12-10 15:04:57.097   508   508 D mm-camera: c2d_port_check_caps_unreserve:183, identity=0x2000f
12-10 15:04:57.098   508   508 D mm-camera: c2d_port_check_caps_unreserve:193, identity=0x2000f, unreserved
12-10 15:04:57.098   451   697 I chatty  : uid=1000(system) Binder_1 expire 7 lines
12-10 15:04:57.099   508   508 D mm-camera: c2d_port_check_caps_unreserve:183, identity=0x2000f
12-10 15:04:57.099   508   508 D mm-camera: c2d_port_check_caps_unreserve:193, identity=0x2000f, unreserved
12-10 15:04:57.099   508   508 D mm-camera: cpp_port_check_caps_unreserve:164, identity=0x2000f
12-10 15:04:57.099   508   508 D mm-camera: cpp_port_check_caps_unreserve:174, identity=0x2000f, unreserved
12-10 15:04:57.099   508   508 D mm-camera: cpp_port_check_caps_unreserve:164, identity=0x2000f
12-10 15:04:57.099   508   508 D mm-camera: cpp_port_check_caps_unreserve:174, identity=0x2000f, unreserved
12-10 15:04:57.099   508   508 E mm-camera-CORE: q3a_thread_af_stop:886  q3a_thread_af_stop:886 MSG_STOP_THREAD
12-10 15:04:57.103   508   508 D mm-camera-CORE: stats_port_delete_reserved_stream:2446: going to NULL peer
12-10 15:04:57.103   508   508 D mm-camera: mct: mct_pipeline_process_set: Stream 0x2000f and stream type=9, successfully deleted
12-10 15:04:57.103   508  3736 D mm-camera: mct: mct_pipeline_stop_session_thread: Stop module name: sensor - E
12-10 15:04:57.103   508  3736 I mm-camera: module_sensor_stop_session:1543session 2
12-10 15:04:57.104   508  3740 D mm-camera: mct: mct_pipeline_stop_session_thread: Stop module name: iface - E
12-10 15:04:57.104   508  3741 D mm-camera: mct: mct_pipeline_stop_session_thread: Stop module name: isp - E
12-10 15:04:57.104   508  3741 E mm-camera-isp2: isp_module_stop_session:440 session id 2
12-10 15:04:57.104   508  3740 D mm-camera: mct: mct_pipeline_stop_session_thread: Stop module name: iface - X
12-10 15:04:57.105   508  3742 D mm-camera: mct: mct_pipeline_stop_session_thread: Stop module name: stats - E
12-10 15:04:57.105   508  3741 D mm-camera: mct: mct_pipeline_stop_session_thread: Stop module name: isp - X
12-10 15:04:57.105   508  3743 D mm-camera: mct: mct_pipeline_stop_session_thread: Stop module name: pproc - E
12-10 15:04:57.105   508  3743 D mm-camera: cpp_module_stop_session:562, info: stopping session 2 ...
12-10 15:04:57.106   508  3547 D mm-camera: cpp_thread_process_pipe_message:652, CPP_THREAD_MSG_ABORT: cpp_thread exiting..
12-10 15:04:57.106   508   508 D mm-camera: mct: mct_pipeline_stop_session: left modules: 5
12-10 15:04:57.106   508   508 D mm-camera: mct: mct_pipeline_stop_session: left modules: 4
12-10 15:04:57.107   508  3743 D mm-camera: cpp_module_stop_session:611, info: session 2 stopped.
12-10 15:04:57.107   508  3743 D mm-camera: c2d_module_stop_session:385, info: stopping session 2 ...
12-10 15:04:57.107   508  3548 D mm-camera: c2d_thread_process_pipe_message:844, C2D_THREAD_MSG_ABORT: c2d_thread exiting..
12-10 15:04:57.107   508  3744 D mm-camera: mct: mct_pipeline_stop_session_thread: Stop module name: imglib - E
12-10 15:04:57.107   508  3744 E mm-camera: module_faceproc_stop_session:1791] session cnt 1
12-10 15:04:57.107   508  3744 D mm-camera: mct: mct_pipeline_stop_session_thread: Stop module name: imglib - X
12-10 15:04:57.107   508   508 D mm-camera: mct: mct_pipeline_stop_session: left modules: 3
12-10 15:04:57.109   508  3743 D mm-camera: c2d_module_stop_session:430, info: session 2 stopped.
12-10 15:04:57.109   508  3743 E mm-camera-pp: [INFO] base_module_stop_session:98, E, session=2
12-10 15:04:57.110   508  3743 E mm-camera-eztune: [INFO] eztune_module_stop_session:49, E, session=2
12-10 15:04:57.110   508  3743 E cac3    :  [cac3latency] cac3_destroy_buffers: 0 ms 
12-10 15:04:57.110   508  3743 D mm-camera: mct: mct_pipeline_stop_session_thread: Stop module name: pproc - X
12-10 15:04:57.110   508   508 D mm-camera: mct: mct_pipeline_stop_session: left modules: 2
12-10 15:04:57.111   508  3742 E mm-camera-CORE: gyro_port_deinit:1386  gyro_port_deinit: Error in android Deinit
12-10 15:04:57.111   508  3742 D mm-camera: mct: mct_pipeline_stop_session_thread: Stop module name: stats - X
12-10 15:04:57.111   508   508 D mm-camera: mct: mct_pipeline_stop_session: left modules: 1
12-10 15:04:57.116   508  3550 I mm-camera-sensor: sensor_thread_func:154sensor_thread_func:Sensor thread is exiting
12-10 15:04:57.116   508  3736 D mm-camera: mct: mct_pipeline_stop_session_thread: Stop module name: sensor - X
12-10 15:04:57.116   508   508 D mm-camera: mct: mct_pipeline_stop_session: left modules: 0
12-10 15:04:57.116   508   508 D mm-camera: mct: mct_pipeline_stop_session - X
12-10 15:04:57.116   508   508 D mm-camera: mct: mct_pipeline_destroy E: session:2 
12-10 15:04:57.116   508   508 D mm-camera: mct: mct_pipeline_destroy X: Pipeline destroyed successfully
12-10 15:04:57.116   508   508 D mm-camera: mct: mct_controller_destroy: X Successfully closed mct_controller
12-10 15:04:57.169  2237  2237 I thermal-engine: type=1400 audit(0.0:63): avc: denied { read } for scontext=u:r:init:s0 tcontext=u:r:init:s0 tclass=socket permissive=1
12-10 15:04:58.231   602   602 I MSM-irqbalance: Decided to move IRQ129 from CPU7 to CPU5
12-10 15:05:02.283   468   468 D msm8916_platform: send_codec_cal cal sent for mbhc_cal calib.size=154
12-10 15:05:02.283   468   468 E msm8916_platform: Failed to call ioctl  for vbat_cal err=14 calib.size=154
12-10 15:05:02.283   468   468 D msm8916_platform: send_codec_cal cal sent for vbat_cal calib.size=154
12-10 15:05:02.284   468   468 E msm8916_platform:  sending HPX Active BE information 
12-10 15:05:02.285   468   468 D msm8916_platform: platform_set_audio_device_interface: Enter, device name:AUDIO_DEVICE_IN_BUILTIN_MIC, intf name:SLIMBUS_0, codec_type:external
12-10 15:05:02.285   468   468 E msm8916_platform: Invalid codec_type specified. Ignoring this interface entry.
12-10 15:05:02.285   468   468 D msm8916_platform: platform_set_audio_device_interface: Enter, device name:AUDIO_DEVICE_IN_BACK_MIC, intf name:SLIMBUS_0, codec_type:external
12-10 15:05:02.285   468   468 E msm8916_platform: Invalid codec_type specified. Ignoring this interface entry.
12-10 15:05:02.285   468   468 D msm8916_platform: platform_set_audio_device_interface: Enter, device name:AUDIO_DEVICE_IN_BUILTIN_MIC, intf name:TERT_MI2S, codec_type:internal
12-10 15:05:02.285   468   468 D msm8916_platform: platform_set_audio_device_interface: Matched device name:AUDIO_DEVICE_IN_BUILTIN_MIC, overwrite intf name with TERT_MI2S
12-10 15:05:02.285   468   468 D msm8916_platform: platform_set_audio_device_interface: Enter, device name:AUDIO_DEVICE_IN_BACK_MIC, intf name:TERT_MI2S, codec_type:internal
12-10 15:05:02.285   468   468 D msm8916_platform: platform_set_audio_device_interface: Matched device name:AUDIO_DEVICE_IN_BACK_MIC, overwrite intf name with TERT_MI2S
12-10 15:05:02.285   468   468 E msm8916_platform: find_index: Could not find index for name = USECASE_AUDIO_PLAYBACK_OFFLOAD3
12-10 15:05:02.285   468   468 E platform_info: process_pcm_id: usecase USECASE_AUDIO_PLAYBACK_OFFLOAD3 not found!
12-10 15:05:02.285   468   468 E msm8916_platform: find_index: Could not find index for name = USECASE_AUDIO_PLAYBACK_OFFLOAD4
12-10 15:05:02.285   468   468 E platform_info: process_pcm_id: usecase USECASE_AUDIO_PLAYBACK_OFFLOAD4 not found!
12-10 15:05:02.285   468   468 E msm8916_platform: find_index: Could not find index for name = USECASE_AUDIO_PLAYBACK_OFFLOAD5
12-10 15:05:02.285   468   468 E platform_info: process_pcm_id: usecase USECASE_AUDIO_PLAYBACK_OFFLOAD5 not found!
12-10 15:05:02.285   468   468 E msm8916_platform: find_index: Could not find index for name = USECASE_AUDIO_PLAYBACK_OFFLOAD6
12-10 15:05:02.285   468   468 E platform_info: process_pcm_id: usecase USECASE_AUDIO_PLAYBACK_OFFLOAD6 not found!
12-10 15:05:02.285   468   468 E msm8916_platform: find_index: Could not find index for name = USECASE_AUDIO_PLAYBACK_OFFLOAD7
12-10 15:05:02.285   468   468 E platform_info: process_pcm_id: usecase USECASE_AUDIO_PLAYBACK_OFFLOAD7 not found!
12-10 15:05:02.285   468   468 E msm8916_platform: find_index: Could not find index for name = USECASE_AUDIO_PLAYBACK_OFFLOAD8
12-10 15:05:02.285   468   468 E platform_info: process_pcm_id: usecase USECASE_AUDIO_PLAYBACK_OFFLOAD8 not found!
12-10 15:05:02.285   468   468 E msm8916_platform: find_index: Could not find index for name = USECASE_AUDIO_PLAYBACK_OFFLOAD9
12-10 15:05:02.285   468   468 E platform_info: process_pcm_id: usecase USECASE_AUDIO_PLAYBACK_OFFLOAD9 not found!
12-10 15:05:02.285   468   468 D msm8916_platform: platform_set_spkr_device_tz_names: Enter, spkr_1_tz_name :wsa881x.0f, spkr_2_tz_name:
12-10 15:05:02.287   468   468 E DAP_HAL : dap_hal_set_hw_info: dmid=0
12-10 15:05:02.287   468   468 E DAP_HAL :  key 00x
12-10 15:05:02.287   468   468 D msm8916_platform: native: native audio: disabled for sound card msm8952-snd-card-mtp
12-10 15:05:02.291   468   468 D audio_hw_dolby: audio_extn_ds2_enable:ds2_enabled 1
12-10 15:05:02.292   468   468 E audio_hw_primary: Amplifier initialization failed
12-10 15:05:02.293   468   468 I AudioFlinger: loadHwModule() Loaded primary audio interface from QCOM Audio HAL (audio) handle 1
12-10 15:05:02.293   468   468 I AudioFlinger: openOutput(), module 1 Device 2, SamplingRate 48000, Format 0x000001, Channels 3, flags 2
12-10 15:05:02.293   468   468 D audio_hw_primary: adev_open_output_stream: enter: sample_rate(48000) channel_mask(0x3) devices(0x2) flags(0x2)        stream_handle(0xab335090)
12-10 15:05:02.293   468   468 D audio_hw_primary: adev_open_output_stream: Stream (0xab335090) picks up usecase (low-latency-playback)
12-10 15:05:02.293   468   468 I AudioFlinger: AudioStreamOut::open(), mHalFormatIsLinearPcm = 1
12-10 15:05:02.293   468   468 I AudioFlinger: HAL output buffer size 240 frames, normal sink buffer size 960 frames
12-10 15:05:02.322   468   468 W EffectsFactory: loadLibrary() failed to open /system/lib/soundfx/libswdap.so
12-10 15:05:02.323   468   468 W EffectsFactory: loadLibrary() failed to open /system/lib/soundfx/libhwdap.so
12-10 15:05:02.323   468   468 W EffectsFactory: addSubEffect() could not get library visualizer_sw
12-10 15:05:02.323   468   468 W EffectsFactory: loadEffect() could not add subEffect 
12-10 15:05:02.323   468   468 W EffectsFactory: Error querying effect 7d1580bd-297f-4683-9239-e475b6d1d69f on lib offload_bundle
12-10 15:05:02.323   468   468 W EffectsFactory: loadEffect() could not get library audio_pre_processing
12-10 15:05:02.323   468   468 W EffectsFactory: loadEffect() could not get library audio_pre_processing
12-10 15:05:02.323   468   468 W EffectsFactory: addSubEffect() could not get library ds_sw
12-10 15:05:02.323   468   468 W EffectsFactory: loadEffect() could not add subEffect 
12-10 15:05:02.323   468   468 I BufferProvider: found effect "Multichannel Downmix To Stereo" from The Android Open Source Project
12-10 15:05:02.324   468   468 E MonoPipe: Failed to fetch local time frequency when constructing a MonoPipe (res = -32).  getNextWriteTimestamp calls will be non-functional
12-10 15:05:02.324   468   468 I AudioFlinger: Using module 1 has the primary audio interface
12-10 15:05:02.324   468  3754 I AudioFlinger: AudioFlinger's thread 0xab471990 ready to run
12-10 15:05:02.325   468  3754 V SRS_Proc: ParamSet string: bluetooth_enabled=0
12-10 15:05:02.329   468  3754 V SRS_ProcPA: Reading CFG - /system/etc/srs/srs_processing.cfg
12-10 15:05:02.332   468  3754 D audio_hw_primary: out_set_parameters: enter: usecase(1: low-latency-playback) kvpairs: routing=2
12-10 15:05:02.332   468  3754 D audio_hw_primary: out_standby: enter: stream (0xab335090) usecase(1: low-latency-playback)
12-10 15:05:02.332   468  3754 E AudioFlinger: no wake lock to update!
12-10 15:05:02.333   468   468 I AudioFlinger: openOutput(), module 1 Device 2, SamplingRate 48000, Format 0x000001, Channels 3, flags 8
12-10 15:05:02.333   468   468 D audio_hw_primary: adev_open_output_stream: enter: sample_rate(48000) channel_mask(0x3) devices(0x2) flags(0x8)        stream_handle(0xab470ee8)
12-10 15:05:02.333   468   468 D audio_hw_primary: adev_open_output_stream: Stream (0xab470ee8) picks up usecase (deep-buffer-playback)
12-10 15:05:02.333   468   468 I AudioFlinger: AudioStreamOut::open(), mHalFormatIsLinearPcm = 1
12-10 15:05:02.333   468   468 I AudioFlinger: HAL output buffer size 1920 frames, normal sink buffer size 1920 frames
12-10 15:05:02.333   468  3755 I AudioFlinger: AudioFlinger's thread 0xf20ef008 ready to run
12-10 15:05:02.333   468  3755 V SRS_Proc: ParamSet string: bluetooth_enabled=0
12-10 15:05:02.333   468  3755 D audio_hw_primary: out_set_parameters: enter: usecase(0: deep-buffer-playback) kvpairs: routing=2
12-10 15:05:02.333   468  3755 D audio_hw_primary: out_standby: enter: stream (0xab470ee8) usecase(0: deep-buffer-playback)
12-10 15:05:02.334   468  3755 E AudioFlinger: no wake lock to update!
12-10 15:05:02.334   468   468 I AudioFlinger: openOutput(), module 1 Device 10000, SamplingRate 48000, Format 0x000001, Channels 3, flags 0
12-10 15:05:02.334   468   468 D audio_hw_primary: adev_open_output_stream: enter: sample_rate(48000) channel_mask(0x3) devices(0x10000) flags(0)        stream_handle(0xab50f710)
12-10 15:05:02.334   468   468 D audio_hw_primary: adev_open_output_stream: Stream (0xab50f710) picks up usecase (afe-proxy-playback)
12-10 15:05:02.334   468   468 I AudioFlinger: AudioStreamOut::open(), mHalFormatIsLinearPcm = 1
12-10 15:05:02.334   468   468 I AudioFlinger: HAL output buffer size 768 frames, normal sink buffer size 1152 frames
12-10 15:05:02.335   468  3757 I AudioFlinger: AudioFlinger's thread 0xf1fab008 ready to run
12-10 15:05:02.335   468  3757 V SRS_Proc: ParamSet string: bluetooth_enabled=0
12-10 15:05:02.335   468  3757 D audio_hw_primary: out_set_parameters: enter: usecase(31: afe-proxy-playback) kvpairs: routing=65536
12-10 15:05:02.335   468  3757 D audio_hw_primary: out_standby: enter: stream (0xab50f710) usecase(31: afe-proxy-playback)
12-10 15:05:02.335   468  3757 E AudioFlinger: no wake lock to update!
12-10 15:05:02.336   468   468 D audio_hw_primary: adev_open_input_stream: enter: sample_rate(48000) channel_mask(0xfc) devices(0x80000004)        stream_handle(0xab50f590) io_handle(8) source(1)
12-10 15:05:02.336   468   468 W audio_hw_primary: adev_open_input_stream: surround sound recording is not supported
12-10 15:05:02.336   468   468 E audio_hw_extn: audio_extn_perf_lock_init: Perf lock handles Success 
12-10 15:05:02.336   468   468 E AudioFlinger: not enough memory for pipe buffer size=24576
12-10 15:05:02.337   468  3758 I AudioFlinger: AudioFlinger's thread 0xf1f11008 ready to run
12-10 15:05:02.337   468   468 D audio_hw_primary: adev_close_input_stream: enter:stream_handle(0xab50f590)
12-10 15:05:02.337   468   468 D audio_hw_primary: in_standby: enter: stream (0xab50f590) usecase(9: audio-record)
12-10 15:05:02.337   468   468 D audio_hw_primary: adev_open_input_stream: enter: sample_rate(48000) channel_mask(0xc) devices(0x80000040)        stream_handle(0xab50fac0) io_handle(9) source(1)
12-10 15:05:02.337   468   468 D audio_hw_primary: adev_open_input_stream: enter: sample_rate(48000) channel_mask(0xc) devices(0x80000040)        stream_handle(0xab50fac0) io_handle(9) source(1)
12-10 15:05:02.337   468   468 W APM::AudioPolicyManager: Cannot open input stream for device 80000040 on hw module primary
12-10 15:05:02.340   468   468 I bt_a2dp_hw: adev_open:  adev_open in A2dp_hw module
12-10 15:05:02.340   468   468 I AudioFlinger: loadHwModule() Loaded a2dp audio interface from A2DP Audio HW HAL (audio) handle 10
12-10 15:05:02.343   468   468 I AudioFlinger: loadHwModule() Loaded usb audio interface from USB audio HW HAL (audio) handle 11
12-10 15:05:02.345   468   468 I r_submix: adev_open(name=audio_hw_if)
12-10 15:05:02.345   468   468 I r_submix: adev_init_check()
12-10 15:05:02.345   468   468 I AudioFlinger: loadHwModule() Loaded r_submix audio interface from Wifi Display audio HAL (audio) handle 12
12-10 15:05:02.345   468   468 D r_submix: adev_open_input_stream(addr=0)
12-10 15:05:02.345   468   468 D r_submix: submix_audio_device_create_pipe_l(addr=0, idx=9)
12-10 15:05:02.345   468   468 D r_submix:   now using address 0 for route 9
12-10 15:05:02.346   468  3759 I AudioFlinger: AudioFlinger's thread 0xf1230008 ready to run
12-10 15:05:02.346   468   468 D r_submix: adev_close_input_stream()
12-10 15:05:02.346   468   468 D r_submix: submix_audio_device_release_pipe_l(idx=9) addr=0
12-10 15:05:02.346   468   468 D r_submix: submix_audio_device_destroy_pipe_l(): pipe destroyed
12-10 15:05:02.346   468   468 E AudioPolicyManagerCustom: 		 removing AUDIO_CHANNEL_IN_5POINT1 from input profile as SSR(surround sound record) is not supported on this chipset variant
12-10 15:05:02.346   468   468 D AudioPolicyManagerCustom: voice_conc:picked up flag(0x8) from prop voice.conc.fallbackpath
12-10 15:05:02.350   468   468 D sound_trigger_hw: stdev_open: Enter
12-10 15:05:02.350   468   468 I sound_trigger_platform: platform_stdev_init: Enter
12-10 15:05:03.231   602   602 I MSM-irqbalance: Decided to move IRQ200 from CPU7 to CPU5
12-10 15:05:03.438   468   468 I sound_trigger_platform: platform_stdev_init: acdb_init: msm8952-snd-card-mtp
12-10 15:05:03.438   468   468 D ACDB-LOADER: ACDB -> already initialized, exit
12-10 15:05:03.439   468   468 D sound_trigger_platform: platform_stdev_set_config:rx_concurrency_disabled = 1
12-10 15:05:03.439   468   468 D sound_trigger_platform: platform_stdev_set_config:rx_conc_max_st_ses = 1
12-10 15:05:03.440   468   468 E sound_trigger_hw: stdev_open: ERROR. dlsym error undefined symbol: audio_hw_call_back for audio_hw_call_back
12-10 15:05:03.440   468   468 I sound_trigger_platform: platform_stdev_deinit: Enter
12-10 15:05:03.442   468   468 D sound_trigger_hw: stdev_open: Exit status -19
12-10 15:05:03.442   468   468 E SoundTriggerHwService: couldn't open sound trigger hw device in sound_trigger.primary (No such device)
12-10 15:05:03.442   468   468 I RadioService: RadioService
12-10 15:05:03.442   468   468 I RadioService: onFirstRef
12-10 15:05:03.442   468   468 E RadioService: couldn't load radio module radio.primary (No such file or directory)
12-10 15:05:03.443   468  3765 D PermissionCache: checking android.permission.MODIFY_AUDIO_SETTINGS for uid=1000 => granted (503 us)
12-10 15:05:03.443   468  3766 D PermissionCache: checking android.permission.MODIFY_AUDIO_SETTINGS for uid=1000 => granted (528 us)
12-10 15:05:03.444   468  3767 D audio_hw_primary: adev_set_mic_mute state 0
12-10 15:05:03.462   468  3754 D audio_hw_primary: out_set_parameters: enter: usecase(1: low-latency-playback) kvpairs: fm_volume=0.4253543019
12-10 15:05:03.462   468  3754 D audio_hw_fm: audio_extn_fm_set_parameters: set_fm_volume usecase
12-10 15:05:03.462   468  3754 D audio_hw_fm: fm_set_volume: (0.425354)
12-10 15:05:03.472   468  3754 D audio_hw_primary: out_set_parameters: enter: usecase(1: low-latency-playback) kvpairs: fm_volume=0.4253543019
12-10 15:05:03.472   468  3754 D audio_hw_fm: audio_extn_fm_set_parameters: set_fm_volume usecase
12-10 15:05:03.472   468  3754 D audio_hw_fm: fm_set_volume: (0.425354)
12-10 15:05:03.479  1213  1213 I SystemServiceManager: Starting com.android.server.DockObserver
12-10 15:05:03.480  1213  1213 W DockObserver: This kernel does not have dock station support
12-10 15:05:03.481  1213  1213 I SystemServer: Wired Accessory Manager
12-10 15:05:03.482  1213  1213 W WiredAccessoryManager: This kernel does not have usb audio support
12-10 15:05:03.483  1213  1213 W WiredAccessoryManager: This kernel does not have HDMI audio support
12-10 15:05:03.483  1213  1213 I SystemServiceManager: Starting com.android.server.usb.UsbService$Lifecycle
12-10 15:05:03.506  1213  1213 I SystemServer: Serial Service
12-10 15:05:03.507  1213  1213 I SystemServiceManager: Starting com.android.server.twilight.TwilightService
12-10 15:05:03.508  1213  1213 I SystemServiceManager: Starting com.android.server.job.JobSchedulerService
12-10 15:05:03.512  1213  1213 D JobStore: job-info
12-10 15:05:03.514  1213  1213 I SystemServiceManager: Starting com.android.server.backup.BackupManagerService$Lifecycle
12-10 15:05:03.516  1213  1213 I SystemServiceManager: Starting com.android.server.appwidget.AppWidgetService
12-10 15:05:03.518  1213  1213 I SystemServiceManager: Starting com.android.server.voiceinteraction.VoiceInteractionManagerService
12-10 15:05:03.519   468  3765 D PermissionCache: checking android.permission.CAPTURE_AUDIO_HOTWORD for uid=1000 => granted (125 us)
12-10 15:05:03.519  1213  1213 W SoundTriggerHelper: listModules status=0, # of modules=0
12-10 15:05:03.521  1213  1213 I SystemServer: Gesture Launcher Service
12-10 15:05:03.521  1213  1213 I SystemServiceManager: Starting com.android.server.GestureLauncherService
12-10 15:05:03.521  1213  1213 I SystemServer: DiskStats Service
12-10 15:05:03.522  1213  1213 I SystemServer: SamplingProfiler Service
12-10 15:05:03.532  1213  1213 I SystemServer: NetworkTimeUpdateService
12-10 15:05:03.532  1213  1213 I SystemServer: CommonTimeManagementService
12-10 15:05:03.533  1213  1213 I SystemServer: CertBlacklister
12-10 15:05:03.533  1213  1213 I SystemServiceManager: Starting com.android.server.dreams.DreamManagerService
12-10 15:05:03.536  1213  1213 I SystemServer: Assets Atlas Service
12-10 15:05:03.540  1213  1213 I SystemServiceManager: Starting com.android.server.print.PrintManagerService
12-10 15:05:03.541  1213  3769 I chatty  : uid=1000 system_server expire 3 lines
12-10 15:05:03.555  1213  1213 I SystemServiceManager: Starting com.android.server.restrictions.RestrictionsManagerService
12-10 15:05:03.557  1213  1213 I SystemServiceManager: Starting com.android.server.media.MediaSessionService
12-10 15:05:03.565  1213  1213 I SystemServer: Media Router Service
12-10 15:05:03.567  1213  1213 I SystemServiceManager: Starting com.android.server.trust.TrustManagerService
12-10 15:05:03.569  1213  1213 I SystemServiceManager: Starting com.android.server.fingerprint.FingerprintService
12-10 15:05:03.576   507   507 I chatty  : uid=1000(system) /system/bin/fingerprintd expire 3 lines
12-10 15:05:03.577  1213  1213 W FingerprintService: Failed to open Fingerprint HAL!
12-10 15:05:03.577  1213  1213 V FingerprintService: Fingerprint HAL id: 0
12-10 15:05:03.577  1213  1213 I SystemServer: BackgroundDexOptService
12-10 15:05:03.585  1213  1213 I SystemServiceManager: Starting com.android.server.pm.LauncherAppsService
12-10 15:05:03.587  1213  1213 I SystemServiceManager: Starting com.android.server.media.projection.MediaProjectionManagerService
12-10 15:05:03.634  1213  1213 I chatty  : uid=1000 system_server expire 59 lines
12-10 15:05:03.638  1213  1221 I chatty  : uid=1000(system) FinalizerDaemon expire 1 line
12-10 15:05:03.638  1213  1213 I SystemServiceManager: Starting com.android.server.MmsServiceBroker
12-10 15:05:03.643  1213  1213 I CMSystemServer: Attempting to start service org.cyanogenmod.platform.internal.CMStatusBarManagerService
12-10 15:05:03.649  1213  1213 I CMSystemServer: Starting service org.cyanogenmod.platform.internal.CMStatusBarManagerService
12-10 15:05:03.649  1213  1213 I SystemServiceManager: Starting org.cyanogenmod.platform.internal.CMStatusBarManagerService
12-10 15:05:03.651  1213  1213 I CMSystemServer: Attempting to start service org.cyanogenmod.platform.internal.ProfileManagerService
12-10 15:05:03.660  1213  1213 I CMSystemServer: Starting service org.cyanogenmod.platform.internal.ProfileManagerService
12-10 15:05:03.660  1213  1213 I SystemServiceManager: Starting org.cyanogenmod.platform.internal.ProfileManagerService
12-10 15:05:03.661   450   450 I chatty  : uid=1000(system) /system/bin/servicemanager expire 7 lines
12-10 15:05:03.665  1213  3723 D WifiService: New client listening to asynchronous messages
12-10 15:05:03.678  1213  1213 I CMSystemServer: Attempting to start service org.cyanogenmod.platform.internal.PartnerInterfaceService
12-10 15:05:03.681  1213  1213 I CMSystemServer: Starting service org.cyanogenmod.platform.internal.PartnerInterfaceService
12-10 15:05:03.681  1213  1213 I SystemServiceManager: Starting org.cyanogenmod.platform.internal.PartnerInterfaceService
12-10 15:05:03.681  1213  1213 I CMSystemServer: Attempting to start service org.cyanogenmod.platform.internal.CMTelephonyManagerService
12-10 15:05:03.683  1213  1213 I CMSystemServer: Starting service org.cyanogenmod.platform.internal.CMTelephonyManagerService
12-10 15:05:03.683  1213  1213 I SystemServiceManager: Starting org.cyanogenmod.platform.internal.CMTelephonyManagerService
12-10 15:05:03.683  1213  1213 I CMSystemServer: Attempting to start service org.cyanogenmod.platform.internal.CMHardwareService
12-10 15:05:03.697  1213  1213 I CMSystemServer: Starting service org.cyanogenmod.platform.internal.CMHardwareService
12-10 15:05:03.697  1213  1213 I SystemServiceManager: Starting org.cyanogenmod.platform.internal.CMHardwareService
12-10 15:05:03.699  1213  1213 I CMSystemServer: Attempting to start service org.cyanogenmod.platform.internal.AppSuggestManagerService
12-10 15:05:03.700  1213  1213 I CMSystemServer: Starting service org.cyanogenmod.platform.internal.AppSuggestManagerService
12-10 15:05:03.700  1213  1213 I SystemServiceManager: Starting org.cyanogenmod.platform.internal.AppSuggestManagerService
12-10 15:05:03.702  1213  1213 E AppSgstMgrService: no app suggest provider found
12-10 15:05:03.703  1213  1213 I CMSystemServer: Attempting to start service org.cyanogenmod.platform.internal.PerformanceManagerService
12-10 15:05:03.709  1213  3781 I ServiceThread: Enabled StrictMode logging for PerformanceManager looper.
12-10 15:05:03.709  1213  1213 I CMSystemServer: Starting service org.cyanogenmod.platform.internal.PerformanceManagerService
12-10 15:05:03.709  1213  1213 I SystemServiceManager: Starting org.cyanogenmod.platform.internal.PerformanceManagerService
12-10 15:05:03.710  1213  3782 I ServiceThread: Enabled StrictMode logging for PerformanceManager looper.
12-10 15:05:03.711  1213  1213 I CMSystemServer: Attempting to start service org.cyanogenmod.platform.internal.ThemeManagerServiceBroker
12-10 15:05:03.715  1213  1213 E BrokerableCMSystemService: Setting brokered service connection org.cyanogenmod.platform.internal.ThemeManagerServiceBroker$2@d5fe4da
12-10 15:05:03.715  1213  1213 I CMSystemServer: Starting service org.cyanogenmod.platform.internal.ThemeManagerServiceBroker
12-10 15:05:03.715  1213  1213 I SystemServiceManager: Starting org.cyanogenmod.platform.internal.ThemeManagerServiceBroker
12-10 15:05:03.715  1213  1213 E BrokerableCMSystemService: Setting brokered service connection org.cyanogenmod.platform.internal.ThemeManagerServiceBroker$2@42b0d0b
12-10 15:05:03.716  1213  1213 I CMSystemServer: Attempting to start service org.cyanogenmod.platform.internal.IconCacheManagerServiceBroker
12-10 15:05:03.718  1213  1213 E BrokerableCMSystemService: Setting brokered service connection org.cyanogenmod.platform.internal.IconCacheManagerServiceBroker$2@5d017e8
12-10 15:05:03.718  1213  1213 I CMSystemServer: Starting service org.cyanogenmod.platform.internal.IconCacheManagerServiceBroker
12-10 15:05:03.718  1213  1213 I SystemServiceManager: Starting org.cyanogenmod.platform.internal.IconCacheManagerServiceBroker
12-10 15:05:03.718  1213  1213 E BrokerableCMSystemService: Setting brokered service connection org.cyanogenmod.platform.internal.IconCacheManagerServiceBroker$2@6530e01
12-10 15:05:03.718  1213  1213 I CMSystemServer: Attempting to start service org.cyanogenmod.platform.internal.LiveLockScreenServiceBroker
12-10 15:05:03.720  1213  1213 E BrokerableCMSystemService: Setting brokered service connection org.cyanogenmod.platform.internal.LiveLockScreenServiceBroker$2@56774a6
12-10 15:05:03.721  1213  1213 I CMSystemServer: Starting service org.cyanogenmod.platform.internal.LiveLockScreenServiceBroker
12-10 15:05:03.721  1213  1213 I SystemServiceManager: Starting org.cyanogenmod.platform.internal.LiveLockScreenServiceBroker
12-10 15:05:03.721  1213  1213 E BrokerableCMSystemService: Setting brokered service connection org.cyanogenmod.platform.internal.LiveLockScreenServiceBroker$2@fb6ee7
12-10 15:05:03.722  1213  1213 I CMSystemServer: Attempting to start service org.cyanogenmod.platform.internal.WeatherManagerServiceBroker
12-10 15:05:03.723  1213  1213 I CMSystemServer: Starting service org.cyanogenmod.platform.internal.WeatherManagerServiceBroker
12-10 15:05:03.723  1213  1213 I SystemServiceManager: Starting org.cyanogenmod.platform.internal.WeatherManagerServiceBroker
12-10 15:05:03.724  1213  1213 I CMSystemServer: Attempting to start service org.cyanogenmod.platform.internal.display.LiveDisplayService
12-10 15:05:03.730  1213  3783 I ServiceThread: Enabled StrictMode logging for LiveDisplay looper.
12-10 15:05:03.730  1213  1213 I CMSystemServer: Starting service org.cyanogenmod.platform.internal.display.LiveDisplayService
12-10 15:05:03.730  1213  1213 I SystemServiceManager: Starting org.cyanogenmod.platform.internal.display.LiveDisplayService
12-10 15:05:03.731  1213  3784 I ServiceThread: Enabled StrictMode logging for LiveDisplay looper.
12-10 15:05:03.732  1213  1213 I CMSystemServer: Attempting to start service org.cyanogenmod.platform.internal.CMAudioServiceBroker
12-10 15:05:03.733  1213  1213 I CMSystemServer: Starting service org.cyanogenmod.platform.internal.CMAudioServiceBroker
12-10 15:05:03.733  1213  1213 I SystemServiceManager: Starting org.cyanogenmod.platform.internal.CMAudioServiceBroker
12-10 15:05:03.744  1213  1213 E LockSettingsStorage: Cannot read file java.io.FileNotFoundException: /data/system/gatekeeper.password.key: open failed: ENOENT (No such file or directory)
12-10 15:05:03.744  1213  1213 E LockSettingsStorage: Cannot read file java.io.FileNotFoundException: /data/system/password.key: open failed: ENOENT (No such file or directory)
12-10 15:05:03.744  1213  1213 E LockSettingsStorage: Cannot read file java.io.FileNotFoundException: /data/system/gatekeeper.pattern.key: open failed: ENOENT (No such file or directory)
12-10 15:05:03.744  1213  1213 E LockSettingsStorage: Cannot read file java.io.FileNotFoundException: /data/system/gatekeeper.gesture.key: open failed: ENOENT (No such file or directory)
12-10 15:05:03.745  1213  1213 E LockSettingsStorage: Cannot read file java.io.FileNotFoundException: /data/system/gesture.key: open failed: ENOENT (No such file or directory)
12-10 15:05:03.745  1213  1213 E LockSettingsStorage: Cannot read file java.io.FileNotFoundException: /data/system/cm_gesture.key: open failed: ENOENT (No such file or directory)
12-10 15:05:03.745  1213  1213 I SystemServiceManager: Starting phase 480
12-10 15:05:03.748  1213  1213 I SystemServiceManager: Starting phase 500
12-10 15:05:03.751  1213  1213 I WifiService: WifiService starting up with Wi-Fi enabled
12-10 15:05:03.752  1213  1213 D WifiService: setWifiEnabled: true pid=1213, uid=1000
12-10 15:05:03.752  1213  1213 E WifiService: Invoking mWifiStateMachine.setWifiEnabled
12-10 15:05:03.753  1213  3723 I chatty  : uid=1000(system) WifiService expire 2 lines
12-10 15:05:03.764  1213  3724 D ConnectivityService: Got NetworkFactory Messenger for Ethernet
12-10 15:05:03.765  1213  3788 I chatty  : uid=1000(system) EthernetService expire 1 line
12-10 15:05:03.787  1213  1213 V BackupManagerService: No ancestral data
12-10 15:05:03.832  1213  1213 V KeyValueBackupJob: Scheduling k/v pass in 249 minutes
12-10 15:05:03.867  1213  1213 V BackupManagerService: Starting with transport com.google.android.gms/.backup.BackupTransportService
12-10 15:05:03.867  1213  1213 V BackupManagerService: Found transports: 1
12-10 15:05:03.868  1213  1213 I BackupManagerService: Binding to transport host ComponentInfo{android/com.android.internal.backup.LocalTransportService}
12-10 15:05:03.870  1213  1213 I BackupManagerService: Found stale backup journal, scheduling
12-10 15:05:03.904  1213  1213 I ActivityManager: Config changes=20 {1.0 ?mcc?mnc zh_CN ldltr sw360dp w360dp h616dp 480dpi nrml long port finger -keyb/v/h -nav/h s.6 themeResource=null}
12-10 15:05:03.946  1213  1234 W KeyguardServiceDelegate: onScreenTurningOn(): no keyguard service!
12-10 15:05:03.957  1213  1213 I ActivityManager: System now ready
12-10 15:05:03.964  1213  1213 I SystemServer: Making services ready
12-10 15:05:03.964  1213  1213 I SystemServiceManager: Starting phase 550
12-10 15:05:03.966  1213  3715 D MountService: Thinking about reset, mSystemReady=true, mDaemonConnected=true
12-10 15:05:03.966  1213  3715 D VoldConnector: SND -> {3 volume reset}
12-10 15:05:03.966  1213  1227 I ActivityManager: Force stopping com.android.providers.media appid=10010 user=-1: vold reset
12-10 15:05:03.967  1213  3716 D VoldConnector: RCV <- {651 emulated 7}
12-10 15:05:03.967  1213  1213 D UsbAlsaManager: Adding ALSA device AlsaDevice: [card: 0, device: 0, type: 2]
12-10 15:05:03.967  1213  3716 D VoldConnector: RCV <- {659 emulated}
12-10 15:05:03.967  1213  1213 D UsbAlsaManager: Adding ALSA device AlsaDevice: [card: 0, device: 0, type: 1]
12-10 15:05:03.967  1213  1213 D UsbAlsaManager: Adding ALSA device AlsaDevice: [card: 0, device: 1, type: 2]
