01-01 02:37:25.447   470   470 I art     : option[16]=-Ximage-compiler-option
01-01 02:37:25.447   470   470 I art     : option[17]=-Xms64m
01-01 02:37:25.447   470   470 I art     : option[18]=-Ximage-compiler-option
01-01 02:37:25.447   470   470 I art     : option[19]=--runtime-arg
01-01 02:37:25.447   470   470 I art     : option[20]=-Ximage-compiler-option
01-01 02:37:25.447   470   470 I art     : option[21]=-Xmx64m
01-01 02:37:25.447   470   470 I art     : option[22]=-Ximage-compiler-option
01-01 02:37:25.447   470   470 I art     : option[23]=--image-classes=/system/etc/preloaded-classes
01-01 02:37:25.447   470   470 I art     : option[24]=-Xcompiler-option
01-01 02:37:25.447   470   470 I art     : option[25]=--runtime-arg
01-01 02:37:25.447   470   470 I art     : option[26]=-Xcompiler-option
01-01 02:37:25.447   470   470 I art     : option[27]=-Xms64m
01-01 02:37:25.447   470   470 I art     : option[28]=-Xcompiler-option
01-01 02:37:25.448   470   470 I art     : option[29]=--runtime-arg
01-01 02:37:25.448   470   470 I art     : option[30]=-Xcompiler-option
01-01 02:37:25.448   470   470 I art     : option[31]=-Xmx512m
01-01 02:37:25.448   470   470 I art     : option[32]=-Ximage-compiler-option
01-01 02:37:25.448   470   470 I art     : option[33]=--instruction-set-variant=generic
01-01 02:37:25.448   470   470 I art     : option[34]=-Xcompiler-option
01-01 02:37:25.448   470   470 I art     : option[35]=--instruction-set-variant=generic
01-01 02:37:25.448   470   470 I art     : option[36]=-Ximage-compiler-option
01-01 02:37:25.448   470   470 I art     : option[37]=--instruction-set-features=default
01-01 02:37:25.448   470   470 I art     : option[38]=-Xcompiler-option
01-01 02:37:25.448   470   470 I art     : option[39]=--instruction-set-features=default
01-01 02:37:25.448   470   470 I art     : option[40]=-Duser.locale=zh-CN
01-01 02:37:25.448   470   470 I art     : option[41]=--cpu-abilist=arm64-v8a
01-01 02:37:25.448   470   470 I art     : option[42]=-Xfingerprint:nubia/NX529J/NX529J:5.1.1/LMY47V/eng.nubia.20160927.144351:user/release-keys
01-01 02:37:25.480   435   435 I Adreno  : QUALCOMM build                   : 4e65137, I041b18199e
01-01 02:37:25.480   435   435 I Adreno  : Build Date                       : 01/21/16
01-01 02:37:25.480   435   435 I Adreno  : OpenGL ES Shader Compiler Version: XE031.05.11.05
01-01 02:37:25.480   435   435 I Adreno  : Local Branch                     : 
01-01 02:37:25.480   435   435 I Adreno  : Remote Branch                    : 
01-01 02:37:25.480   435   435 I Adreno  : Remote Branch                    : 
01-01 02:37:25.480   435   435 I Adreno  : Reconstruct Branch               : 
01-01 02:37:25.520   647   721 D PerMgrLib: QCRIL voting for modem
01-01 02:37:25.521   448   718 D PerMgrLib: QCRIL voting for modem
01-01 02:37:25.663   443   493 D PerMgrSrv: modem new state: is on-line
01-01 02:37:25.663   443   496 D PerMgrSrv: QCRIL voting for modem
01-01 02:37:25.663   443   759 D PerMgrSrv: QCRIL voting for modem
01-01 02:37:25.663   443   759 D PerMgrSrv: modem num voters is 2
01-01 02:37:25.663   443   496 D PerMgrSrv: modem num voters is 3
01-01 02:37:25.690   448   718 E QC-QMI  : qmi_client [448]: unable to connect to server, errno=[2:No such file or directory], attempt=1
01-01 02:37:25.690   647   721 E QC-QMI  : qmi_client [647]: unable to connect to server, errno=[2:No such file or directory], attempt=1
01-01 02:37:25.741   471   471 D ICU     : No timezone override file found: /data/misc/zoneinfo/current/icu/icu_tzdata.dat
01-01 02:37:25.771   437   437 I rmt_storage: rmt_storage_connect_cb: clnt_h=0x1 conn_h=0x55a3837fa0
01-01 02:37:25.771   437   437 I rmt_storage: rmt_storage_open_cb: /boot/modem_fs1: clnt_h=0x1: req_h=0x1 msg_id=1: Client found
01-01 02:37:25.771   437   437 I rmt_storage: rmt_storage_open_cb: /boot/modem_fs1: clnt_h=0x1: req_h=0x1 msg_id=1: Send response: res=0 err=0
01-01 02:37:25.772   437   437 I rmt_storage: rmt_storage_connect_cb: clnt_h=0x2 conn_h=0x55a3838040
01-01 02:37:25.772   437   968 I rmt_storage: rmt_storage_client_thread: /boot/modem_fs1: clnt_h=0x1 Worker thread started
01-01 02:37:25.772   437   968 I rmt_storage: wake lock name: rmt_storage_547756610640, name creation success: 24
01-01 02:37:25.772   437   437 I rmt_storage: rmt_storage_open_cb: /boot/modem_fs2: clnt_h=0x2: req_h=0x2 msg_id=1: Client found
01-01 02:37:25.772   437   437 I rmt_storage: rmt_storage_open_cb: /boot/modem_fs2: clnt_h=0x2: req_h=0x2 msg_id=1: Send response: res=0 err=0
01-01 02:37:25.773   437   437 I rmt_storage: rmt_storage_disconnect_cb: clnt_h=0x1 conn_h=0x55a3837fa0
01-01 02:37:25.773   437   437 I rmt_storage: rmt_storage_connect_cb: clnt_h=0x3 conn_h=0x55a3837fa0
01-01 02:37:25.773   437   437 I rmt_storage: rmt_storage_open_cb: /boot/modem_fsg: clnt_h=0x3: req_h=0x3 msg_id=1: Client found
01-01 02:37:25.773   437   437 I rmt_storage: rmt_storage_open_cb: /boot/modem_fsg: clnt_h=0x3: req_h=0x3 msg_id=1: Send response: res=0 err=0
01-01 02:37:25.773   437   969 I rmt_storage: rmt_storage_client_thread: /boot/modem_fs2: clnt_h=0x2 Worker thread started
01-01 02:37:25.773   437   970 I rmt_storage: rmt_storage_client_thread: /boot/modem_fsg: clnt_h=0x3 Worker thread started
01-01 02:37:25.773   437   969 I rmt_storage: wake lock name: rmt_storage_547755545680, name creation success: 24
01-01 02:37:25.773   437   970 I rmt_storage: wake lock name: rmt_storage_547754480720, name creation success: 24
01-01 02:37:25.773   437   437 I rmt_storage: rmt_storage_disconnect_cb: clnt_h=0x2 conn_h=0x55a3838040
01-01 02:37:25.774   437   437 I rmt_storage: rmt_storage_disconnect_cb: clnt_h=0x3 conn_h=0x55a3837fa0
01-01 02:37:25.774   437   437 I rmt_storage: rmt_storage_connect_cb: clnt_h=0x4 conn_h=0x55a3837fa0
01-01 02:37:25.774   437   437 I rmt_storage: rmt_storage_open_cb: /boot/modem_fsc: clnt_h=0x4: req_h=0x4 msg_id=1: Client found
01-01 02:37:25.774   437   437 I rmt_storage: rmt_storage_open_cb: /boot/modem_fsc: clnt_h=0x4: req_h=0x4 msg_id=1: Send response: res=0 err=0
01-01 02:37:25.774   437   971 I rmt_storage: rmt_storage_client_thread: /boot/modem_fsc: clnt_h=0x4 Worker thread started
01-01 02:37:25.774   437   971 I rmt_storage: wake lock name: rmt_storage_547753415760, name creation success: 24
01-01 02:37:25.775   437   437 I rmt_storage: rmt_storage_disconnect_cb: clnt_h=0x4 conn_h=0x55a3837fa0
01-01 02:37:25.776   437   437 I rmt_storage: rmt_storage_connect_cb: clnt_h=0x5 conn_h=0x55a3837fa0
01-01 02:37:25.776   437   437 I rmt_storage: rmt_storage_alloc_buff_cb: /boot/modem_fs1: clnt_h=0x5: req_h=0x5 msg_id=4: Alloc request received: Size: 0
01-01 02:37:25.776   437   437 I rmt_storage: rmt_storage_alloc_buff_cb: /boot/modem_fs1: clnt_h=0x5: req_h=0x5 msg_id=4: New client making a dummy request with buffer req size 0
01-01 02:37:25.776   437   437 I rmt_storage: rmt_storage_alloc_buff_cb: /boot/modem_fs1: clnt_h=0x5: req_h=0x5 msg_id=4: Send response: res=0 err=0
01-01 02:37:25.776   437   437 I rmt_storage: rmt_storage_disconnect_cb: clnt_h=0x5 conn_h=0x55a3837fa0
01-01 02:37:25.777   437   437 I rmt_storage: rmt_storage_connect_cb: clnt_h=0x6 conn_h=0x55a3837fa0
01-01 02:37:25.777   437   437 I rmt_storage: rmt_storage_rw_iovec_cb: /boot/modem_fs1: clnt_h=0x6: req_h=0x6 msg_id=3: R/W request received
01-01 02:37:25.777   437   437 I rmt_storage: wakelock acquired: 1, error no: 42
01-01 02:37:25.777   437   968 I rmt_storage: rmt_storage_client_thread: /boot/modem_fs1: clnt_h=0x6 Unblock worker thread (th_id: 547756610640)
01-01 02:37:25.777   437   968 I rmt_storage: rmt_storage_client_thread: /boot/modem_fs1: clnt_h=0x6: req_h=0x6 msg_id=3: Bytes read = 512
01-01 02:37:25.777   437   968 I rmt_storage: rmt_storage_client_thread: /boot/modem_fs1: clnt_h=0x6: req_h=0x6 msg_id=3: Send response: res=0 err=0
01-01 02:37:25.777   437   968 I rmt_storage: rmt_storage_client_thread: /boot/modem_fs1: clnt_h=0x6 About to block rmt_storage client thread (th_id: 547756610640) wakelock released: 1, error no: 0
01-01 02:37:25.777   437   968 I rmt_storage: 
01-01 02:37:25.778   437   437 I rmt_storage: rmt_storage_disconnect_cb: clnt_h=0x6 conn_h=0x55a3837fa0
01-01 02:37:25.778   437   437 I rmt_storage: rmt_storage_connect_cb: clnt_h=0x7 conn_h=0x55a3837fa0
01-01 02:37:25.778   437   437 I rmt_storage: rmt_storage_rw_iovec_cb: /boot/modem_fs2: clnt_h=0x0: req_h=0x7 msg_id=3: R/W request received
01-01 02:37:25.778   437   437 I rmt_storage: wakelock acquired: 1, error no: 42
01-01 02:37:25.778   437   969 I rmt_storage: rmt_storage_client_thread: /boot/modem_fs2: clnt_h=0x0 Unblock worker thread (th_id: 547755545680)
01-01 02:37:25.779   437   969 I rmt_storage: rmt_storage_client_thread: /boot/modem_fs2: clnt_h=0x0: req_h=0x7 msg_id=3: Bytes read = 512
01-01 02:37:25.779   437   969 I rmt_storage: rmt_storage_client_thread: /boot/modem_fs2: clnt_h=0x0: req_h=0x7 msg_id=3: Send response: res=0 err=0
01-01 02:37:25.779   437   969 I rmt_storage: rmt_storage_client_thread: /boot/modem_fs2: clnt_h=0x0 About to block rmt_storage client thread (th_id: 547755545680) wakelock released: 1, error no: 0
01-01 02:37:25.779   437   969 I rmt_storage: 
01-01 02:37:25.779   437   437 I rmt_storage: rmt_storage_disconnect_cb: clnt_h=0x7 conn_h=0x55a3837fa0
01-01 02:37:25.781   437   437 I rmt_storage: rmt_storage_connect_cb: clnt_h=0x8 conn_h=0x55a3837fa0
01-01 02:37:25.781   437   437 I rmt_storage: rmt_storage_rw_iovec_cb: /boot/modem_fs1: clnt_h=0x8: req_h=0x8 msg_id=3: R/W request received
01-01 02:37:25.781   437   437 I rmt_storage: wakelock acquired: 1, error no: 42
01-01 02:37:25.781   437   968 I rmt_storage: rmt_storage_client_thread: /boot/modem_fs1: clnt_h=0x8 Unblock worker thread (th_id: 547756610640)
01-01 02:37:25.789   437   968 I rmt_storage: rmt_storage_client_thread: /boot/modem_fs1: clnt_h=0x8: req_h=0x8 msg_id=3: Bytes read = 1571840
01-01 02:37:25.789   437   968 I rmt_storage: rmt_storage_client_thread: /boot/modem_fs1: clnt_h=0x8: req_h=0x8 msg_id=3: Send response: res=0 err=0
01-01 02:37:25.789   437   968 I rmt_storage: rmt_storage_client_thread: /boot/modem_fs1: clnt_h=0x8 About to block rmt_storage client thread (th_id: 547756610640) wakelock released: 1, error no: 0
01-01 02:37:25.789   437   968 I rmt_storage: 
01-01 02:37:25.789   437   437 I rmt_storage: rmt_storage_disconnect_cb: clnt_h=0x8 conn_h=0x55a3837fa0
01-01 02:37:25.799   470   470 D ICU     : No timezone override file found: /data/misc/zoneinfo/current/icu/icu_tzdata.dat
01-01 02:37:25.801   696   696 E QC-QMI  : qmi_client [696]: unable to connect to server, errno=[2:No such file or directory], attempt=2
01-01 02:37:25.831   442   478 E QC-QMI  : qmi_client [442]: unable to connect to server, errno=[2:No such file or directory], attempt=3
01-01 02:37:25.867   438   438 D tftp_server: pid=438 tid=438 tftp-server : DBG :[tftp_os_wakelocks_la.c, 301] Wake-lock acquired successfully
01-01 02:37:25.867   438   438 D tftp_server: pid=438 tid=438 tftp-server : DBG :[tftp_server.c, 593] Server waiting for client-connection.
01-01 02:37:25.868   438   984 D tftp_server: pid=438 tid=984 tftp-server : DBG :[tftp_server_utils.c, 101] Normalized file [/readwrite/server_check.txt] to : [/system/rfs/msm/mpss/readwrite/server_chec
01-01 02:37:25.868   438   984 D tftp_server: pid=438 tid=984 tftp-server : DBG :[tftp_server.c, 716] Using temp file[/system/rfs/msm/mpss/readwrite/server_check.txt.rfs_tmp] for atomic put
01-01 02:37:25.868   438   984 E tftp_server: pid=438 tid=984 tftp-server : ERR :[tftp_protocol.c, 1143] sending error-pkt. Code = 2, Msg = Err=13 String=Permission denied
01-01 02:37:25.868   438   984 D tftp_server: pid=438 tid=984 tftp-server : DBG :[tftp_server.c, 1507] WRQ stats in us:
01-01 02:37:25.868   438   984 D tftp_server: pid=438 tid=984 tftp-server : DBG :[tftp_server.c, 1508] Total API = 644
01-01 02:37:25.869   438   984 D tftp_server: pid=438 tid=984 tftp-server : DBG :[tftp_server.c, 1510] Total-TX = 41
01-01 02:37:25.869   438   984 D tftp_server: pid=438 tid=984 tftp-server : DBG :[tftp_server.c, 1512] Total-RX = 0
01-01 02:37:25.869   438   984 D tftp_server: pid=438 tid=984 tftp-server : DBG :[tftp_server.c, 1514] Max-TX = 41
01-01 02:37:25.869   438   984 D tftp_server: pid=438 tid=984 tftp-server : DBG :[tftp_server.c, 1516] Max-RX = 0
01-01 02:37:25.869   438   984 D tftp_server: pid=438 tid=984 tftp-server : DBG :[tftp_server.c, 1518] Min-TX = 41
01-01 02:37:25.869   438   984 D tftp_server: pid=438 tid=984 tftp-server : DBG :[tftp_server.c, 1520] Min-RX = 4294967295
01-01 02:37:25.871   435   435 I qdutils : PartialUpdate status: Disabled
01-01 02:37:25.871   435   435 I qdutils : Left Align: 0
01-01 02:37:25.871   435   435 I qdutils : Width Align: 0
01-01 02:37:25.871   435   435 I qdutils : Top Align: 0
01-01 02:37:25.871   435   435 I qdutils : Height Align: 0
01-01 02:37:25.871   435   435 I qdutils : Min ROI Width: 0
01-01 02:37:25.871   435   435 I qdutils : Min ROI Height: 0
01-01 02:37:25.871   435   435 I qdutils : Needs ROI Merge: 0
01-01 02:37:25.871   435   435 I qdutils : Dynamic Fps: Disabled
01-01 02:37:25.871   435   435 I qdutils : Min Panel fps: 0
01-01 02:37:25.871   435   435 I qdutils : Max Panel fps: 0
01-01 02:37:25.871   435   435 I qdutils : Pluggable: 0
01-01 02:37:25.872   435   435 E qdutils : getPluggableNode: Failed to find HDMI node.
01-01 02:37:25.872   435   435 E qdutils : getPluggableNode: Failed to find HDMI node.
01-01 02:37:25.877   571   751 E QC-QMI  : qmi_client [571]: unable to bind to client socket, rc = -1 errno[13:Permission denied]
01-01 02:37:25.877   571   751 E QC-QMI  : qmi_qmux_if_pwr_up_init_ex:  Initialization failed, rc = -1
01-01 02:37:25.877   571   751 E QMI_FW  : QMUXD: WARNING qmi_qmux_if_pwr_up_init failed! rc=-1
01-01 02:37:25.877   571   751 E QC-QMI  : qmi_client [571]: unable to bind to client socket, rc = -1 errno[13:Permission denied]
01-01 02:37:25.878   571   751 E QC-QMI  : qmi_qmux_if_pwr_up_init_ex:  Initialization failed, rc = -1
01-01 02:37:25.878   571   751 E QMI_FW  : QMUXD: WARNING qmi_qmux_if_pwr_up_init failed! rc=-1
01-01 02:37:25.878   571   751 E QC-QMI  : qmi_client [571]: unable to bind to client socket, rc = -1 errno[13:Permission denied]
01-01 02:37:25.878   571   751 E QC-QMI  : qmi_qmux_if_pwr_up_init_ex:  Initialization failed, rc = -1
01-01 02:37:25.878   571   751 E QMI_FW  : QMUXD: WARNING qmi_qmux_if_pwr_up_init failed! rc=-1
01-01 02:37:25.878   571   751 E QC-QMI  : qmi_client [571]: unable to bind to client socket, rc = -1 errno[13:Permission denied]
01-01 02:37:25.878   571   751 E QC-QMI  : qmi_qmux_if_pwr_up_init_ex:  Initialization failed, rc = -1
01-01 02:37:25.878   571   751 E QMI_FW  : QMUXD: WARNING qmi_qmux_if_pwr_up_init failed! rc=-1
01-01 02:37:25.878   571   751 E QC-time-services: Daemon:genoff_modem_qmi_service_request: qmi_client_get_service_list returned 0num_services 1
01-01 02:37:25.878   571   751 E QC-QMI  : qmi_client [571]: unable to bind to client socket, rc = -1 errno[13:Permission denied]
01-01 02:37:25.878   571   751 E QC-QMI  : qmi_qmux_if_pwr_up_init_ex:  Initialization failed, rc = -1
01-01 02:37:25.878   571   751 E QMI_FW  : QMUXD: WARNING qmi_qmux_if_pwr_up_init failed! rc=-1
01-01 02:37:25.879   571   751 E QC-QMI  : qmi_client [571]: unable to bind to client socket, rc = -1 errno[13:Permission denied]
01-01 02:37:25.879   465   500 E QC-QMI  : qmi_client [465]: unable to connect to server, errno=[2:No such file or directory], attempt=3
01-01 02:37:25.879   571   751 E QC-QMI  : qmi_qmux_if_pwr_up_init_ex:  Initialization failed, rc = -1
01-01 02:37:25.879   571   751 E QMI_FW  : QMUXD: WARNING qmi_qmux_if_pwr_up_init failed! rc=-1
01-01 02:37:25.879   571   751 E QC-QMI  : qmi_client [571]: unable to bind to client socket, rc = -1 errno[13:Permission denied]
01-01 02:37:25.879   571   751 E QC-QMI  : qmi_qmux_if_pwr_up_init_ex:  Initialization failed, rc = -1
01-01 02:37:25.879   571   751 E QMI_FW  : QMUXD: WARNING qmi_qmux_if_pwr_up_init failed! rc=-1
01-01 02:37:25.879   571   751 E QC-QMI  : qmi_client [571]: unable to bind to client socket, rc = -1 errno[13:Permission denied]
01-01 02:37:25.879   571   751 E QC-QMI  : qmi_qmux_if_pwr_up_init_ex:  Initialization failed, rc = -1
01-01 02:37:25.879   571   751 E QMI_FW  : QMUXD: WARNING qmi_qmux_if_pwr_up_init failed! rc=-1
01-01 02:37:25.880   571   751 E QC-QMI  : qmi_client [571]: unable to bind to client socket, rc = -1 errno[13:Permission denied]
01-01 02:37:25.880   571   751 E QC-QMI  : qmi_qmux_if_pwr_up_init_ex:  Initialization failed, rc = -1
01-01 02:37:25.880   571   751 E QMI_FW  : QMUXD: WARNING qmi_qmux_if_pwr_up_init failed! rc=-1
01-01 02:37:25.880   571   751 E QC-QMI  : qmi_client [571]: unable to bind to client socket, rc = -1 errno[13:Permission denied]
01-01 02:37:25.881   571   751 E QC-QMI  : qmi_qmux_if_pwr_up_init_ex:  Initialization failed, rc = -1
01-01 02:37:25.881   571   751 E QMI_FW  : QMUXD: WARNING qmi_qmux_if_pwr_up_init failed! rc=-1
01-01 02:37:25.881   571   751 E QC-QMI  : qmi_client [571]: unable to bind to client socket, rc = -1 errno[13:Permission denied]
01-01 02:37:25.881   571   751 E QC-QMI  : qmi_qmux_if_pwr_up_init_ex:  Initialization failed, rc = -1
01-01 02:37:25.881   571   751 E QMI_FW  : QMUXD: WARNING qmi_qmux_if_pwr_up_init failed! rc=-1
01-01 02:37:25.881   571   751 E QC-QMI  : qmi_client [571]: unable to bind to client socket, rc = -1 errno[13:Permission denied]
01-01 02:37:25.881   571   751 E QC-QMI  : qmi_qmux_if_pwr_up_init_ex:  Initialization failed, rc = -1
01-01 02:37:25.881   571   751 E QMI_FW  : QMUXD: WARNING qmi_qmux_if_pwr_up_init failed! rc=-1
01-01 02:37:25.881   571   751 E QC-QMI  : qmi_client [571]: unable to bind to client socket, rc = -1 errno[13:Permission denied]
01-01 02:37:25.881   571   751 E QC-QMI  : qmi_qmux_if_pwr_up_init_ex:  Initialization failed, rc = -1
01-01 02:37:25.881   571   751 E QMI_FW  : QMUXD: WARNING qmi_qmux_if_pwr_up_init failed! rc=-1
01-01 02:37:25.882   571   751 E QC-QMI  : qmi_client [571]: unable to bind to client socket, rc = -1 errno[13:Permission denied]
01-01 02:37:25.882   571   751 E QC-QMI  : qmi_qmux_if_pwr_up_init_ex:  Initialization failed, rc = -1
01-01 02:37:25.882   571   751 E QMI_FW  : QMUXD: WARNING qmi_qmux_if_pwr_up_init failed! rc=-1
01-01 02:37:25.882   571   751 E QC-QMI  : qmi_client [571]: unable to bind to client socket, rc = -1 errno[13:Permission denied]
01-01 02:37:25.882   571   751 E QC-QMI  : qmi_qmux_if_pwr_up_init_ex:  Initialization failed, rc = -1
01-01 02:37:25.882   571   751 E QMI_FW  : QMUXD: WARNING qmi_qmux_if_pwr_up_init failed! rc=-1
01-01 02:37:25.882   571   751 E QC-QMI  : qmi_client [571]: unable to bind to client socket, rc = -1 errno[13:Permission denied]
01-01 02:37:25.882   571   751 E QC-QMI  : qmi_qmux_if_pwr_up_init_ex:  Initialization failed, rc = -1
01-01 02:37:25.882   571   751 E QMI_FW  : QMUXD: WARNING qmi_qmux_if_pwr_up_init failed! rc=-1
01-01 02:37:25.975   471   471 I Radio-JNI: register_android_hardware_Radio DONE
01-01 02:37:25.994   471   471 I SamplingProfilerIntegration: Profiling disabled.
01-01 02:37:25.995   471   471 D Zygote  : begin preload
01-01 02:37:25.997   471   471 I Zygote  : Preloading classes...
01-01 02:37:25.999   438   984 D tftp_server: pid=438 tid=984 tftp-server : DBG :[tftp_os_wakelocks_la.c, 331] Wake-lock released successfully
01-01 02:37:26.017   435   435 W qdcopybit: open_copybit i = 0 surface_id=-1026555902
01-01 02:37:26.018   435   435 W qdcopybit: open_copybit i = 1 surface_id=-1026555901
01-01 02:37:26.018   435   435 W qdcopybit: open_copybit i = 2 surface_id=-1026555900
01-01 02:37:26.018   435   435 W qdcopybit: open_copybit i = 3 surface_id=-1026555899
01-01 02:37:26.018   435   435 W qdcopybit: open_copybit i = 4 surface_id=-1026555898
01-01 02:37:26.018   435   435 W qdcopybit: open_copybit i = 5 surface_id=-1026555897
01-01 02:37:26.018   435   435 W qdcopybit: open_copybit i = 6 surface_id=-1026555896
01-01 02:37:26.018   435   435 W qdcopybit: open_copybit i = 7 surface_id=-1026555895
01-01 02:37:26.018   435   435 W qdcopybit: open_copybit i = 8 surface_id=-1026555894
01-01 02:37:26.018   435   435 W qdcopybit: open_copybit i = 9 surface_id=-1026555893
01-01 02:37:26.018   435   435 W qdcopybit: open_copybit i = 10 surface_id=-1026555892
01-01 02:37:26.018   435   435 W qdcopybit: open_copybit i = 11 surface_id=-1026555891
01-01 02:37:26.018   435   435 W qdcopybit: open_copybit i = 12 surface_id=-1026555890
01-01 02:37:26.018   435   435 W qdcopybit: open_copybit i = 13 surface_id=-1026555889
01-01 02:37:26.018   435   435 W qdcopybit: open_copybit i = 14 surface_id=-1026555888
01-01 02:37:26.018   435   435 W qdcopybit: open_copybit i = 15 surface_id=-1026555887
01-01 02:37:26.018   435   435 W qdcopybit: open_copybit i = 16 surface_id=-1026555886
01-01 02:37:26.018   435   435 W qdcopybit: open_copybit i = 17 surface_id=-1026555885
01-01 02:37:26.018   435   435 W qdcopybit: open_copybit i = 18 surface_id=-1026555884
01-01 02:37:26.018   435   435 W qdcopybit: open_copybit i = 19 surface_id=-1026555883
01-01 02:37:26.018   435   435 W qdcopybit: open_copybit i = 20 surface_id=-1026555882
01-01 02:37:26.018   435   435 W qdcopybit: open_copybit i = 21 surface_id=-1026555881
01-01 02:37:26.018   435   435 W qdcopybit: open_copybit i = 22 surface_id=-1026555880
01-01 02:37:26.018   435   435 W qdcopybit: open_copybit i = 23 surface_id=-1026555879
01-01 02:37:26.018   435   435 W qdcopybit: open_copybit i = 24 surface_id=-1026555878
01-01 02:37:26.018   435   435 W qdcopybit: open_copybit i = 25 surface_id=-1026555877
01-01 02:37:26.018   435   435 W qdcopybit: open_copybit i = 26 surface_id=-1026555876
01-01 02:37:26.018   435   435 W qdcopybit: open_copybit i = 27 surface_id=-1026555875
01-01 02:37:26.018   435   435 W qdcopybit: open_copybit i = 28 surface_id=-1026555874
01-01 02:37:26.018   435   435 W qdcopybit: open_copybit i = 29 surface_id=-1026555873
01-01 02:37:26.018   435   435 W qdcopybit: open_copybit i = 30 surface_id=-1026555872
01-01 02:37:26.019   435   435 W qdcopybit: open_copybit i = 31 surface_id=-1026555871
01-01 02:37:26.019   435   435 W qdcopybit: open_copybit: 2 Plane YUV i=0 surface_id=-1026555869
01-01 02:37:26.019   435   435 W qdcopybit: open_copybit: 2 Plane YUV i=1 surface_id=-1026555868
01-01 02:37:26.019   435   435 W qdcopybit: open_copybit: 2 Plane YUV i=2 surface_id=-1026555867
01-01 02:37:26.019   435   435 W qdcopybit: open_copybit: 2 Plane YUV i=3 surface_id=-1026555866
01-01 02:37:26.019   435   435 W qdcopybit: open_copybit: 3 Plane YUV i=0 surface_id=-1026555864
01-01 02:37:26.020   435   435 I qdhwcomposer: Initializing Qualcomm Hardware Composer
01-01 02:37:26.020   435   435 I qdhwcomposer: MDP version: 500
01-01 02:37:26.020   435   435 I SurfaceFlinger: Using composer version 1.5
01-01 02:37:26.020   435   435 I qdhwcomposer: hwc_registerProcs
01-01 02:37:26.020   435   435 I qdhwcomposer: Initializing UEVENT Thread
01-01 02:37:26.020   435   435 I qdhwcomposer: Initializing VSYNC Thread
01-01 02:37:26.020   435   435 D qdhwcomposer: hwc_getDisplayAttributes disp = 0, width = 1080
01-01 02:37:26.020   435   435 D qdhwcomposer: hwc_getDisplayAttributes disp = 0, height = 1920
01-01 02:37:26.021   435   435 E qdhwcomposer: Unknown display attribute 6
01-01 02:37:26.021   435   435 D qdhwcomposer: hwc_getDisplayAttributes disp = 0, width = 1080
01-01 02:37:26.021   435  1007 I qdhwcomposer: vsync_loop: Reading event 0 for dpy 0 from /sys/class/graphics/fb0/vsync_event
01-01 02:37:26.021   435   435 D qdhwcomposer: hwc_getDisplayAttributes disp = 0, height = 1920
01-01 02:37:26.021   435   435 W qdhwcomposer: hwc_getDisplayConfigs display (1) is not connected anymore
01-01 02:37:26.021   435  1007 I qdhwcomposer: vsync_loop: Reading event 1 for dpy 0 from /sys/class/graphics/fb0/show_blank_event
01-01 02:37:26.021   435  1007 I qdhwcomposer: vsync_loop: Reading event 2 for dpy 0 from /sys/class/graphics/fb0/msm_fb_thermal_level
01-01 02:37:26.021   435  1007 I qdhwcomposer: vsync_loop: Reading event 3 for dpy 0 from /sys/class/graphics/fb0/cec/rd_msg
01-01 02:37:26.021   435  1007 E qdhwcomposer: vsync_loop:unable to open event node for dpy=0 event=3, No such file or directory
01-01 02:37:26.021   435  1007 I qdhwcomposer: vsync_loop: Reading event 0 for dpy 1 from /sys/class/graphics/fb-1/vsync_event
01-01 02:37:26.021   435  1007 I qdhwcomposer: vsync_loop: Reading event 1 for dpy 1 from /sys/class/graphics/fb-1/show_blank_event
01-01 02:37:26.021   435  1007 I qdhwcomposer: vsync_loop: Reading event 2 for dpy 1 from /sys/class/graphics/fb-1/msm_fb_thermal_level
01-01 02:37:26.021   435  1007 I qdhwcomposer: vsync_loop: Reading event 3 for dpy 1 from /sys/class/graphics/fb-1/cec/rd_msg
01-01 02:37:26.021   435  1007 I qdhwcomposer: vsync_loop: Reading event 0 for dpy 2 from /sys/class/graphics/fb-1/vsync_event
01-01 02:37:26.022   435  1007 I qdhwcomposer: vsync_loop: Reading event 1 for dpy 2 from /sys/class/graphics/fb-1/show_blank_event
01-01 02:37:26.022   435  1007 I qdhwcomposer: vsync_loop: Reading event 2 for dpy 2 from /sys/class/graphics/fb-1/msm_fb_thermal_level
01-01 02:37:26.022   435  1007 I qdhwcomposer: vsync_loop: Reading event 3 for dpy 2 from /sys/class/graphics/fb-1/cec/rd_msg
01-01 02:37:26.022   435   435 I SurfaceFlinger: EGL information:
01-01 02:37:26.023   435   435 I SurfaceFlinger: vendor    : Android
01-01 02:37:26.023   435   435 I SurfaceFlinger: version   : 1.4 Android META-EGL
01-01 02:37:26.023   435   435 I SurfaceFlinger: extensions: EGL_KHR_get_all_proc_addresses EGL_ANDROID_presentation_time EGL_KHR_swap_buffers_with_damage EGL_KHR_image EGL_KHR_image_base EGL_KHR_lock_surface EGL_KHR_gl_texture_2D_image EGL_KHR_gl_texture_3D_image EGL_KHR_gl_texture_cubemap_image EGL_KHR_gl_renderbuffer_image EGL_KHR_reusable_sync EGL_KHR_fence_sync EGL_KHR_create_context EGL_KHR_surfaceless_context EGL_EXT_create_context_robustness EGL_ANDROID_image_native_buffer EGL_KHR_wait_sync EGL_ANDROID_recordable EGL_KHR_partial_update EGL_EXT_buffer_age 
01-01 02:37:26.023   435   435 I SurfaceFlinger: Client API: OpenGL_ES
01-01 02:37:26.023   435   435 I SurfaceFlinger: EGLSurface: 8-8-8-8, config=0x55820ce010
01-01 02:37:26.051   435   435 I SurfaceFlinger: OpenGL ES informations:
01-01 02:37:26.051   435   435 I SurfaceFlinger: vendor    : Qualcomm
01-01 02:37:26.051   435   435 I SurfaceFlinger: renderer  : Adreno (TM) 405
01-01 02:37:26.051   435   435 I SurfaceFlinger: version   : OpenGL ES 3.1 V@124.0 (GIT@I041b18199e)
01-01 02:37:26.051   435   435 I SurfaceFlinger: extensions: GL_OES_EGL_image GL_OES_EGL_image_external GL_OES_EGL_sync GL_OES_vertex_half_float GL_OES_framebuffer_object GL_OES_rgb8_rgba8 GL_OES_compressed_ETC1_RGB8_texture GL_AMD_compressed_ATC_texture GL_KHR_texture_compression_astc_ldr GL_OES_texture_npot GL_EXT_texture_filter_anisotropic GL_EXT_texture_format_BGRA8888 GL_OES_texture_3D GL_EXT_color_buffer_float GL_EXT_color_buffer_half_float GL_QCOM_alpha_test GL_OES_depth24 GL_OES_packed_depth_stencil GL_OES_depth_texture GL_OES_depth_texture_cube_map GL_EXT_sRGB GL_OES_texture_float GL_OES_texture_float_linear GL_OES_texture_half_float GL_OES_texture_half_float_linear GL_EXT_texture_type_2_10_10_10_REV GL_EXT_texture_sRGB_decode GL_OES_element_index_uint GL_EXT_copy_image GL_EXT_geometry_shader GL_EXT_tessellation_shader GL_OES_texture_stencil8 GL_EXT_shader_io_blocks GL_OES_shader_image_atomic GL_OES_sample_variables GL_EXT_texture_border_clamp GL_EXT_multisampled_render_to_texture GL_OES_shader_multisample_interpolation GL_EXT_texture_cube_map_arr
01-01 02:37:26.051   435   435 I SurfaceFlinger: GL_MAX_TEXTURE_SIZE = 16384
01-01 02:37:26.051   435   435 I SurfaceFlinger: GL_MAX_VIEWPORT_DIMS = 16384
01-01 02:37:26.064   435   435 D SurfaceFlinger: Set power mode=2, type=0 flinger=0x558201c590
01-01 02:37:26.064   435   435 D qdhwcomposer: hwc_setPowerMode: Setting mode 2 on display: 0
01-01 02:37:26.064   435  1007 I qdhwcomposer: handle_blank_event: dpy:0 panel power state: 1
01-01 02:37:26.089   571   751 D QC-time-services: Daemon:genoff_modem_qmi_service_request: Initial transaction successfull
01-01 02:37:26.109   470   470 I Radio-JNI: register_android_hardware_Radio DONE
01-01 02:37:26.125   470   470 I SamplingProfilerIntegration: Profiling disabled.
01-01 02:37:26.126   470   470 D Zygote  : begin preload
01-01 02:37:26.128   470   470 I Zygote  : Preloading classes...
01-01 02:37:26.139   435   435 D qdhwcomposer: hwc_setPowerMode: Done setting mode 2 on display 0
01-01 02:37:26.335   445   445 V NatController: runCmd(/system/bin/iptables -w -F natctrl_FORWARD) res=0
01-01 02:37:26.333   504   504 I thermal-engine: type=1400 audit(0.0:41): avc: denied { read } for scontext=u:r:init:s0 tcontext=u:r:init:s0 tclass=socket permissive=1
01-01 02:37:26.350   445   445 V NatController: runCmd(/system/bin/iptables -w -A natctrl_FORWARD -j DROP) res=0
01-01 02:37:26.365   445   445 V NatController: runCmd(/system/bin/iptables -w -t nat -F natctrl_nat_POSTROUTING) res=0
01-01 02:37:26.377   445   445 V NatController: runCmd(/system/bin/iptables -w -F natctrl_tether_counters) res=1
01-01 02:37:26.390   445   445 V NatController: runCmd(/system/bin/iptables -w -X natctrl_tether_counters) res=1
01-01 02:37:26.403   445   445 V NatController: runCmd(/system/bin/iptables -w -N natctrl_tether_counters) res=0
01-01 02:37:26.415   445   445 V NatController: runCmd(/system/bin/iptables -w -t mangle -A natctrl_mangle_FORWARD -p tcp --tcp-flags SYN SYN -j TCPMSS --clamp-mss-to-pmtu) res=1
01-01 02:37:26.507   471   471 E Minikin : addFont failed to create font /system/fonts/NanumGothic.ttf
01-01 02:37:26.507   470   470 E Minikin : addFont failed to create font /system/fonts/NanumGothic.ttf
01-01 02:37:26.507   471   471 E Minikin : addFont failed to create font /system/fonts/DroidSansFallback.ttf
01-01 02:37:26.507   471   471 E Minikin : addFont failed to create font /system/fonts/MTLmr3m.ttf
01-01 02:37:26.507   470   470 E Minikin : addFont failed to create font /system/fonts/DroidSansFallback.ttf
01-01 02:37:26.507   470   470 E Minikin : addFont failed to create font /system/fonts/MTLmr3m.ttf
01-01 02:37:26.605   471   471 V DngCreator_JNI: DngCreator_nativeClassInit:
01-01 02:37:26.609   470   470 V DngCreator_JNI: DngCreator_nativeClassInit:
01-01 02:37:26.690   448   718 E QC-QMI  : qmi_client [448]: unable to connect to server, errno=[2:No such file or directory], attempt=2
01-01 02:37:26.690   647   721 E QC-QMI  : qmi_client [647]: unable to connect to server, errno=[2:No such file or directory], attempt=2
01-01 02:37:26.762   470   470 I art     : Thread[1,tid=470,Native,Thread*=0x55b765af10,peer=0x12c2c100,"main"] recursive attempt to load library "/system/lib64/libmedia_jni.so"
01-01 02:37:26.763   470   470 D MtpDeviceJNI: register_android_mtp_MtpDevice
01-01 02:37:26.763   470   470 I art     : Thread[1,tid=470,Native,Thread*=0x55b765af10,peer=0x12c2c100,"main"] recursive attempt to load library "/system/lib64/libmedia_jni.so"
01-01 02:37:26.763   470   470 I art     : Thread[1,tid=470,Native,Thread*=0x55b765af10,peer=0x12c2c100,"main"] recursive attempt to load library "/system/lib64/libmedia_jni.so"
01-01 02:37:26.785   471   471 I art     : Thread[1,tid=471,Native,Thread*=0xaac3f5b0,peer=0x12c35100,"main"] recursive attempt to load library "/system/lib/libmedia_jni.so"
01-01 02:37:26.785   471   471 D MtpDeviceJNI: register_android_mtp_MtpDevice
01-01 02:37:26.785   471   471 I art     : Thread[1,tid=471,Native,Thread*=0xaac3f5b0,peer=0x12c35100,"main"] recursive attempt to load library "/system/lib/libmedia_jni.so"
01-01 02:37:26.786   471   471 I art     : Thread[1,tid=471,Native,Thread*=0xaac3f5b0,peer=0x12c35100,"main"] recursive attempt to load library "/system/lib/libmedia_jni.so"
01-01 02:37:26.802   696   696 E QC-QMI  : qmi_client [696]: unable to connect to server, errno=[2:No such file or directory], attempt=3
01-01 02:37:26.831   442   478 E QC-QMI  : qmi_client [442]: unable to connect to server, errno=[2:No such file or directory], attempt=4
01-01 02:37:26.879   465   500 E QC-QMI  : qmi_client [465]: unable to connect to server, errno=[2:No such file or directory], attempt=4
01-01 02:37:26.905   470   470 W System  : ClassLoader referenced unknown path: /system/framework/tcmclient.jar
01-01 02:37:26.915   471   471 W System  : ClassLoader referenced unknown path: /system/framework/tcmclient.jar
01-01 02:37:27.025   471   471 I System  : Loaded time zone names for "" in 35ms (34ms in ICU)
01-01 02:37:27.027   470   470 I System  : Loaded time zone names for "" in 43ms (42ms in ICU)
01-01 02:37:27.063   470   470 I System  : Loaded time zone names for "en_US" in 35ms (33ms in ICU)
01-01 02:37:27.065   435   948 W SurfaceFlinger: Timed out waiting for hw vsync; faking it
01-01 02:37:27.070  1012  1025 D libEGL  : loaded /vendor/lib64/egl/libEGL_adreno.so
01-01 02:37:27.073   471   471 I System  : Loaded time zone names for "en_US" in 48ms (31ms in ICU)
01-01 02:37:27.088  1012  1025 D libEGL  : loaded /vendor/lib64/egl/libGLESv1_CM_adreno.so
01-01 02:37:27.090   470   470 I System  : Loaded time zone names for "zh_CN" in 27ms (25ms in ICU)
01-01 02:37:27.101  1012  1025 D libEGL  : loaded /vendor/lib64/egl/libGLESv2_adreno.so
01-01 02:37:27.101   471   471 I System  : Loaded time zone names for "zh_CN" in 27ms (25ms in ICU)
01-01 02:37:27.108   470   470 I Zygote  : ...preloaded 3831 classes in 980ms.
01-01 02:37:27.108   470   470 I art     : VMRuntime.preloadDexCaches starting
01-01 02:37:27.119  1012  1025 I Adreno  : QUALCOMM build                   : 4e65137, I041b18199e
01-01 02:37:27.119  1012  1025 I Adreno  : Build Date                       : 01/21/16
01-01 02:37:27.119  1012  1025 I Adreno  : OpenGL ES Shader Compiler Version: XE031.05.11.05
01-01 02:37:27.119  1012  1025 I Adreno  : Local Branch                     : 
01-01 02:37:27.119  1012  1025 I Adreno  : Remote Branch                    : 
01-01 02:37:27.119  1012  1025 I Adreno  : Remote Branch                    : 
01-01 02:37:27.119  1012  1025 I Adreno  : Reconstruct Branch               : 
01-01 02:37:27.134  1012  1025 E BootAnimation: couldn't find audio_conf.txt
01-01 02:37:27.136   471   471 I Zygote  : ...preloaded 3831 classes in 1138ms.
01-01 02:37:27.136   471   471 I art     : VMRuntime.preloadDexCaches starting
01-01 02:37:27.141   445   445 D MDnsDS  : MDnsSdListener::Hander starting up
01-01 02:37:27.142   445  1108 D MDnsDS  : MDnsSdListener starting to monitor
01-01 02:37:27.142   445  1108 D MDnsDS  : Going to poll with pollCount 1
01-01 02:37:27.193  1012  1025 D BootAnimation: Use save memory method, maybe small fps in actual.
01-01 02:37:27.277   471   471 I art     : VMRuntime.preloadDexCaches strings total=249443 before=44874 after=44874
01-01 02:37:27.277   471   471 I art     : VMRuntime.preloadDexCaches types total=20343 before=6895 after=6926
01-01 02:37:27.277   471   471 I art     : VMRuntime.preloadDexCaches fields total=100594 before=36110 after=36542
01-01 02:37:27.277   471   471 I art     : VMRuntime.preloadDexCaches methods total=172899 before=71268 after=71795
01-01 02:37:27.277   471   471 I art     : VMRuntime.preloadDexCaches finished
01-01 02:37:27.297   470   470 I art     : VMRuntime.preloadDexCaches strings total=249443 before=44874 after=44874
01-01 02:37:27.297   470   470 I art     : VMRuntime.preloadDexCaches types total=20343 before=6895 after=6926
01-01 02:37:27.297   470   470 I art     : VMRuntime.preloadDexCaches fields total=100594 before=36110 after=36542
01-01 02:37:27.297   470   470 I art     : VMRuntime.preloadDexCaches methods total=172899 before=71268 after=71795
01-01 02:37:27.297   470   470 I art     : VMRuntime.preloadDexCaches finished
01-01 02:37:27.314  1116  1116 D idmap   : error: no read access to /vendor/overlay: No such file or directory
01-01 02:37:27.323  1117  1117 D idmap   : error: no read access to /vendor/overlay: No such file or directory
01-01 02:37:27.370   470   470 I Zygote  : Preloading resources...
01-01 02:37:27.372   471   471 I Zygote  : Preloading resources...
01-01 02:37:27.473   435   435 D SurfaceFlinger: SF. shader cache generated - 26 shaders in 408.058014 ms
01-01 02:37:27.478   435   435 D qdutils : DEBUG_CALC_FPS: 0
01-01 02:37:27.479   435   435 D qdutils : period: 10
01-01 02:37:27.479   435   435 D qdutils : ignorethresh_us: 500000
01-01 02:37:27.480   435   435 D MDP_SCALE: Debug enabled = 0, Max mixer width= 2048
01-01 02:37:27.516   635   909 E Sensors : sns_smr_util.c(106):Unable to initialize service 304 with QCCI, timed out (2000 ms)
01-01 02:37:27.517   635   912 E Sensors : sns_smr_util.c(106):Unable to initialize service 307 with QCCI, timed out (2000 ms)
01-01 02:37:27.518   635   915 E Sensors : sns_smr_util.c(106):Unable to initialize service 308 with QCCI, timed out (2000 ms)
01-01 02:37:27.521   635   921 E Sensors : sns_smr_util.c(106):Unable to initialize service 311 with QCCI, timed out (2000 ms)
01-01 02:37:27.521   635   919 E Sensors : sns_smr_util.c(106):Unable to initialize service 310 with QCCI, timed out (2000 ms)
01-01 02:37:27.521   635   917 E Sensors : sns_smr_util.c(106):Unable to initialize service 309 with QCCI, timed out (2000 ms)
01-01 02:37:27.659   635   912 E Sensors : sns_acm_mr.c(515):Error getting info for service 51
01-01 02:37:27.661   635   909 E Sensors : sns_acm_mr.c(515):Error getting info for service 48
01-01 02:37:27.669   635   915 E Sensors : sns_acm_mr.c(515):Error getting info for service 52
01-01 02:37:27.691   448   718 E QC-QMI  : qmi_client [448]: unable to connect to server, errno=[2:No such file or directory], attempt=3
01-01 02:37:27.691   647   721 E QC-QMI  : qmi_client [647]: unable to connect to server, errno=[2:No such file or directory], attempt=3
01-01 02:37:27.723   635   921 E Sensors : sns_acm_mr.c(515):Error getting info for service 55
01-01 02:37:27.723   635   917 E Sensors : sns_acm_mr.c(515):Error getting info for service 53
01-01 02:37:27.753   470   470 I Zygote  : ...preloaded 342 resources in 382ms.
01-01 02:37:27.758   470   470 I Zygote  : ...preloaded 41 resources in 5ms.
01-01 02:37:27.759   635   919 E Sensors : sns_acm_mr.c(515):Error getting info for service 54
01-01 02:37:27.761   470   470 D libEGL  : loaded /vendor/lib64/egl/libEGL_adreno.so
01-01 02:37:27.772   471   471 I Zygote  : ...preloaded 342 resources in 401ms.
01-01 02:37:27.777   471   471 I Zygote  : ...preloaded 41 resources in 5ms.
01-01 02:37:27.779   470   470 D libEGL  : loaded /vendor/lib64/egl/libGLESv1_CM_adreno.so
01-01 02:37:27.790   471   471 D libEGL  : loaded /vendor/lib/egl/libEGL_adreno.so
01-01 02:37:27.794   470   470 D libEGL  : loaded /vendor/lib64/egl/libGLESv2_adreno.so
01-01 02:37:27.802   696   696 E QC-QMI  : qmi_client [696]: unable to connect to server, errno=[2:No such file or directory], attempt=4
01-01 02:37:27.814   470   470 I Zygote  : Preloading shared libraries...
01-01 02:37:27.825   470   470 D Zygote  : end preload
01-01 02:37:27.825   470   470 I art     : Starting a blocking GC Explicit
01-01 02:37:27.832   442   478 E QC-QMI  : qmi_client [442]: unable to connect to server, errno=[2:No such file or directory], attempt=5
01-01 02:37:27.839   470   470 I art     : Explicit concurrent mark sweep GC freed 3079(154KB) AllocSpace objects, 0(0B) LOS objects, 40% free, 15MB/25MB, paused 124us total 13.164ms
01-01 02:37:27.840   470   470 I art     : Starting a blocking GC Explicit
01-01 02:37:27.851   470   470 I art     : Explicit concurrent mark sweep GC freed 155(5KB) AllocSpace objects, 0(0B) LOS objects, 40% free, 15MB/25MB, paused 132us total 11.161ms
01-01 02:37:27.851   470   992 I art     : Starting a blocking GC HeapTrim
01-01 02:37:27.853   470   470 I art     : Starting a blocking GC Background
01-01 02:37:27.873   471   471 D libEGL  : loaded /vendor/lib/egl/libGLESv1_CM_adreno.so
01-01 02:37:27.879   465   500 E QC-QMI  : qmi_client [465]: unable to connect to server, errno=[2:No such file or directory], attempt=5
01-01 02:37:27.892   471   471 D libEGL  : loaded /vendor/lib/egl/libGLESv2_adreno.so
01-01 02:37:27.898   470   470 I Zygote  : System server process 1122 has been created
01-01 02:37:27.901   470   470 I Zygote  : Accepting command socket connections
01-01 02:37:27.927   471   471 I Zygote  : Preloading shared libraries...
01-01 02:37:27.937   471   471 D Zygote  : end preload
01-01 02:37:27.938   471   471 I art     : Starting a blocking GC Explicit
01-01 02:37:27.947   471   471 I art     : Explicit concurrent mark sweep GC freed 3044(152KB) AllocSpace objects, 0(0B) LOS objects, 39% free, 15MB/25MB, paused 211us total 8.847ms
01-01 02:37:27.947   471   471 I art     : Starting a blocking GC Explicit
01-01 02:37:27.956   471   471 I art     : Explicit concurrent mark sweep GC freed 167(5KB) AllocSpace objects, 0(0B) LOS objects, 39% free, 15MB/25MB, paused 208us total 8.244ms
01-01 02:37:27.956   471   471 I Zygote  : Accepting command socket connections
01-01 02:37:27.960  1122  1122 I Zygote  : Process: zygote socket opened, supported ABIS: armeabi-v7a,armeabi
01-01 02:37:27.962  1122  1122 I InstallerConnection: connecting...
01-01 02:37:27.963   452   452 I installd: new connection
01-01 02:37:27.978  1122  1122 I InstallerConnection: disconnecting...
01-01 02:37:27.978   452   452 E installd: eof
01-01 02:37:27.978   452   452 E installd: failed to read size
01-01 02:37:27.978   452   452 I installd: closing connection
01-01 02:37:28.005  1122  1122 I SystemServer: Entered the Android system server!
01-01 02:37:28.039  1135  1135 I keystore: Found keymaster0 module Keymaster QCOM HAL, version 3
01-01 02:37:28.039  1135  1135 I SoftKeymaster: system/keymaster/soft_keymaster_device.cpp, Line 122: Creating device
01-01 02:37:28.039  1135  1135 D SoftKeymaster: system/keymaster/soft_keymaster_device.cpp, Line 123: Device address: 0x55b025a840
01-01 02:37:28.040  1135  1135 D QSEECOMAPI: : QSEECom_get_handle sb_length = 0x2000
01-01 02:37:28.040  1135  1135 D QSEECOMAPI: : App is already loaded QSEE and app id = 3
01-01 02:37:28.041  1135  1135 E keystore: Wrapping keymaster0 module Keymaster QCOM HAL with SoftKeymasterDevice
01-01 02:37:28.041  1135  1135 D SoftKeymaster: system/keymaster/soft_keymaster_device.cpp, Line 145: Reinitializing SoftKeymasterDevice to use HW keymaster0
01-01 02:37:28.041  1135  1135 I SoftKeymaster: system/keymaster/soft_keymaster_device.cpp, Line 122: Creating device
01-01 02:37:28.041  1135  1135 D SoftKeymaster: system/keymaster/soft_keymaster_device.cpp, Line 123: Device address: 0x55b025b070
01-01 02:37:28.077  1122  1122 I SystemServiceManager: Starting com.android.server.pm.Installer
01-01 02:37:28.080  1122  1122 I Installer: Waiting for installd to be ready.
01-01 02:37:28.080  1122  1122 I InstallerConnection: connecting...
01-01 02:37:28.080   452   452 I installd: new connection
01-01 02:37:28.081  1122  1122 I SystemServiceManager: Starting com.android.server.am.ActivityManagerService$Lifecycle
01-01 02:37:28.094  1122  1122 I ActivityManager: choosing minFree values for 64 Bit
01-01 02:37:28.094  1122  1122 I ActivityManager: choosing minFree values for 64 Bit
01-01 02:37:28.094  1122  1122 I ActivityManager: choosing minFree values for 64 Bit
01-01 02:37:28.094  1122  1122 I ActivityManager: choosing minFree values for 64 Bit
01-01 02:37:28.094  1122  1122 I ActivityManager: choosing minFree values for 64 Bit
01-01 02:37:28.094  1122  1122 I ActivityManager: choosing minFree values for 64 Bit
01-01 02:37:28.104  1122  1122 I ActivityManager: Memory class: 288
01-01 02:37:28.109  1122  1137 I ServiceThread: Enabled StrictMode logging for ActivityManager looper.
01-01 02:37:28.111  1122  1138 I ServiceThread: Enabled StrictMode logging for android.ui looper.
01-01 02:37:28.138  1122  1122 D BatteryStatsImpl: Reading daily items from /data/system/batterystats-daily.xml
01-01 02:37:28.244  1122  1122 I IntentFirewall: Read new rules (A:0 B:0 S:0)
01-01 02:37:28.251  1122  1142 I ServiceThread: Enabled StrictMode logging for android.display looper.
01-01 02:37:28.255  1122  1122 D AppOps  : AppOpsService published
01-01 02:37:28.255  1122  1122 I SystemServiceManager: Starting com.android.server.power.PowerManagerService
01-01 02:37:28.258  1122  1144 I ServiceThread: Enabled StrictMode logging for PowerManagerService looper.
01-01 02:37:28.264  1122  1122 E QCOM PowerHAL: Unable to open prefetcher: dlopen failed: library "libqti-iop-client.so" not found
01-01 02:37:28.264  1122  1122 E QCOM PowerHAL: Failed to get prefetcher handle.
01-01 02:37:28.264  1122  1122 I QCOM PowerHAL: QCOM power HAL initing.
01-01 02:37:28.264  1122  1122 W libsuspend: Error writing 'on' to /sys/power/state: Invalid argument
01-01 02:37:28.264  1122  1122 I libsuspend: Selected wakeup count
01-01 02:37:28.264  1122  1122 I QTI PowerHAL: Got set_interactive hint
01-01 02:37:28.270  1122  1122 I SystemServiceManager: Starting com.android.server.lights.LightsService
01-01 02:37:28.274  1122  1122 I SystemServiceManager: Starting com.android.server.display.DisplayManagerService
01-01 02:37:28.279  1122  1122 I SystemServiceManager: Starting phase 100
01-01 02:37:28.288  1122  1142 I DisplayManagerService: Display device added: DisplayDeviceInfo{"": uniqueId="local:0", 1080 x 1920, modeId 1, defaultModeId 1, supportedModes [{id=1, width=1080, height=1920, fps=60.0}], colorTransformId 1, defaultColorTransformId 1, supportedColorTransforms [{id=1, colorTransform=0}], density 480, 464.949 x 468.923 dpi, appVsyncOff 0, presDeadline 17666667, touch INTERNAL, rotation 0, type BUILT_IN, state UNKNOWN, FLAG_DEFAULT_DISPLAY, FLAG_ROTATES_WITH_CONTENT, FLAG_SECURE, FLAG_SUPPORTS_PROTECTED_BUFFERS}
01-01 02:37:28.289   435   435 D SurfaceFlinger: Set power mode=2, type=0 flinger=0x558201c590
01-01 02:37:28.289   435   435 D SurfaceFlinger: Screen type=0 is already mode=2
01-01 02:37:28.290  1122  1122 I SystemServer: Package Manager
01-01 02:37:28.290  1122  1142 I DisplayManagerService: Display device changed state: "", ON
01-01 02:37:28.391  1122  1122 D SELinuxMMAC: Using policy file /system/etc/security/mac_permissions.xml
01-01 02:37:28.578  1122  1122 E art     : DexFile_getDexOptNeeded file '/system/framework/org.apache.http.legacy.jar' does not exist
01-01 02:37:28.578  1122  1122 W PackageManager: Library not found: /system/framework/org.apache.http.legacy.jar
01-01 02:37:28.625  1122  1122 E art     : DexFile_getDexOptNeeded file '/system/framework/org.apache.http.legacy.jar' does not exist
01-01 02:37:28.625  1122  1122 W PackageManager: Library not found: /system/framework/org.apache.http.legacy.jar
01-01 02:37:28.691   448   718 E QC-QMI  : qmi_client [448]: unable to connect to server, errno=[2:No such file or directory], attempt=4
01-01 02:37:28.691   647   721 E QC-QMI  : qmi_client [647]: unable to connect to server, errno=[2:No such file or directory], attempt=4
01-01 02:37:28.723  1122  1122 D PackageManager: No files in app dir /vendor/overlay
01-01 02:37:28.724  1122  1122 D PackageManager: start scanDirLI:/system/framework
01-01 02:37:28.724  1122  1122 D PackageManager: max thread:6
01-01 02:37:28.728  1122  1148 W PackageManager: Failed to parse /system/framework/arm: Missing base APK in /system/framework/arm
01-01 02:37:28.729  1122  1149 W PackageManager: Failed to parse /system/framework/arm64: Missing base APK in /system/framework/arm64
01-01 02:37:28.766  1122  1151 W PackageManager: Permission cyanogenmod.permission.WRITE_ALARMS from package cyanogenmod.platform in an unknown group android.permission-group.SYSTEM_CLOCK
01-01 02:37:28.766  1122  1151 W PackageManager: Permission cyanogenmod.permission.MANAGE_ALARMS from package cyanogenmod.platform in an unknown group android.permission-group.SYSTEM_CLOCK
01-01 02:37:28.766  1122  1151 W PackageManager: Permission cyanogenmod.permission.READ_ALARMS from package cyanogenmod.platform in an unknown group android.permission-group.SYSTEM_CLOCK
01-01 02:37:28.803   696   696 E QC-QMI  : qmi_client [696]: unable to connect to server, errno=[2:No such file or directory], attempt=5
01-01 02:37:28.832   442   478 E QC-QMI  : qmi_client [442]: unable to connect to server, errno=[2:No such file or directory], attempt=6
01-01 02:37:28.863   505   505 I thermal-engine: type=1400 audit(0.0:42): avc: denied { write } for name="property_service" dev="tmpfs" ino=10572 scontext=u:r:init:s0 tcontext=u:object_r:property_socket:s0 tclass=sock_file permissive=1
01-01 02:37:28.879   465   500 E QC-QMI  : qmi_client [465]: unable to connect to server, errno=[2:No such file or directory], attempt=6
01-01 02:37:28.913  1153  1153 F libc    : page record for 0x7f7bc86090 was not found (block_size=128)
01-01 02:37:28.913  1155  1155 F libc    : page record for 0x7f8b45e090 was not found (block_size=128)
01-01 02:37:28.917  1154  1154 F libc    : page record for 0x7f944b4090 was not found (block_size=128)
01-01 02:37:28.922  1152  1152 F libc    : page record for 0x7f94f74090 was not found (block_size=128)
01-01 02:37:28.960  1156  1156 F libc    : page record for 0xf748100c was not found (block_size=128)
01-01 02:37:28.977  1122  1150 W PackageManager: Permission android.permission.SET_KEYGUARD_WALLPAPER from package android in an unknown group android.permission-group.WALLPAPER
01-01 02:37:28.977  1122  1150 W PackageManager: Permission android.permission.MODIFY_PROTECTED_SMS_LIST from package android in an unknown group android.permission-group.MESSAGES
01-01 02:37:28.977  1122  1150 W PackageManager: Permission android.permission.RECEIVE_PROTECTED_SMS from package android in an unknown group android.permission-group.MESSAGES
