01-01 02:37:30.763   612   612 E QC-QMI  : qmi_qmux_open_connection: connection is disabled for conn_id=48
01-01 02:37:30.763   612   612 E QC-QMI  : qmi_qmux_tx_msg: failed to open inactive connd_id=48
01-01 02:37:30.763   612   612 E QC-QMI  : qmi_qmux: TX failed, connection inactive or in reset, conn_id=48, status_flags=4
01-01 02:37:30.763   612   612 E QC-QMI  : qmi_ctl_tx_msg: qmi_qmux_tx_msg failed
01-01 02:37:30.763   612   612 E QC-QMI  : qmi_ctl_handle_request: qmi_ctl_tx_msg call failed
01-01 02:37:30.763   612   612 E QC-QMI  : qmi_qmux_open_connection: connection is disabled for conn_id=29
01-01 02:37:30.763   612   612 E QC-QMI  : qmi_qmux_tx_msg: failed to open inactive connd_id=29
01-01 02:37:30.763   612   612 E QC-QMI  : qmi_qmux: TX failed, connection inactive or in reset, conn_id=29, status_flags=4
01-01 02:37:30.763   612   612 E QC-QMI  : qmi_ctl_tx_msg: qmi_qmux_tx_msg failed
01-01 02:37:30.763   612   612 E QC-QMI  : qmi_ctl_handle_request: qmi_ctl_tx_msg call failed
01-01 02:37:30.763   612   612 E QC-QMI  : qmi_qmux_open_connection: connection is disabled for conn_id=48
01-01 02:37:30.763   612   612 E QC-QMI  : qmi_qmux_tx_msg: failed to open inactive connd_id=48
01-01 02:37:30.763   612   612 E QC-QMI  : qmi_qmux: TX failed, connection inactive or in reset, conn_id=48, status_flags=4
01-01 02:37:30.764   612   612 E QC-QMI  : qmi_ctl_tx_msg: qmi_qmux_tx_msg failed
01-01 02:37:30.764   612   612 E QC-QMI  : qmi_ctl_handle_request: qmi_ctl_tx_msg call failed
01-01 02:37:30.764   612   612 E QC-QMI  : qmi_qmux_open_connection: connection is disabled for conn_id=48
01-01 02:37:30.764   612   612 E QC-QMI  : qmi_qmux_tx_msg: failed to open inactive connd_id=48
01-01 02:37:30.764   612   612 E QC-QMI  : qmi_qmux: TX failed, connection inactive or in reset, conn_id=48, status_flags=4
01-01 02:37:30.764   612   612 E QC-QMI  : qmi_ctl_tx_msg: qmi_qmux_tx_msg failed
01-01 02:37:30.764   612   612 E QC-QMI  : qmi_ctl_handle_request: qmi_ctl_tx_msg call failed
01-01 02:37:30.764   612   612 E QC-QMI  : qmi_qmux_open_connection: connection is disabled for conn_id=57
01-01 02:37:30.764   612   612 E QC-QMI  : qmi_qmux_tx_msg: failed to open inactive connd_id=57
01-01 02:37:30.764   612   612 E QC-QMI  : qmi_qmux: TX failed, connection inactive or in reset, conn_id=57, status_flags=4
01-01 02:37:30.764   612   612 E QC-QMI  : qmi_ctl_tx_msg: qmi_qmux_tx_msg failed
01-01 02:37:30.764   612   612 E QC-QMI  : qmi_ctl_handle_request: qmi_ctl_tx_msg call failed
01-01 02:37:30.765   612   612 E QC-QMI  : qmi_qmux_open_connection: connection is disabled for conn_id=48
01-01 02:37:30.765   612   612 E QC-QMI  : qmi_qmux_tx_msg: failed to open inactive connd_id=48
01-01 02:37:30.765   612   612 E QC-QMI  : qmi_qmux: TX failed, connection inactive or in reset, conn_id=48, status_flags=4
01-01 02:37:30.765   612   612 E QC-QMI  : qmi_ctl_tx_msg: qmi_qmux_tx_msg failed
01-01 02:37:30.765   612   612 E QC-QMI  : qmi_ctl_handle_request: qmi_ctl_tx_msg call failed
01-01 02:37:30.765   612   612 E QC-QMI  : qmi_qmux_open_connection: connection is disabled for conn_id=57
01-01 02:37:30.765   612   612 E QC-QMI  : qmi_qmux_tx_msg: failed to open inactive connd_id=57
01-01 02:37:30.765   612   612 E QC-QMI  : qmi_qmux: TX failed, connection inactive or in reset, conn_id=57, status_flags=4
01-01 02:37:30.765   612   612 E QC-QMI  : qmi_ctl_tx_msg: qmi_qmux_tx_msg failed
01-01 02:37:30.765   612   612 E QC-QMI  : qmi_ctl_handle_request: qmi_ctl_tx_msg call failed
01-01 02:37:30.765   612   612 E QC-QMI  : qmi_qmux_open_connection: connection is disabled for conn_id=57
01-01 02:37:30.765   612   612 E QC-QMI  : qmi_qmux_tx_msg: failed to open inactive connd_id=57
01-01 02:37:30.765   612   612 E QC-QMI  : qmi_qmux: TX failed, connection inactive or in reset, conn_id=57, status_flags=4
01-01 02:37:30.765   612   612 E QC-QMI  : qmi_ctl_tx_msg: qmi_qmux_tx_msg failed
01-01 02:37:30.765   612   612 E QC-QMI  : qmi_ctl_handle_request: qmi_ctl_tx_msg call failed
01-01 02:37:30.766   612   612 E QC-QMI  : qmi_qmux_open_connection: connection is disabled for conn_id=57
01-01 02:37:30.766   612   612 E QC-QMI  : qmi_qmux_tx_msg: failed to open inactive connd_id=57
01-01 02:37:30.766   612   612 E QC-QMI  : qmi_qmux: TX failed, connection inactive or in reset, conn_id=57, status_flags=4
01-01 02:37:30.766   612   612 E QC-QMI  : qmi_ctl_tx_msg: qmi_qmux_tx_msg failed
01-01 02:37:30.766   612   612 E QC-QMI  : qmi_ctl_handle_request: qmi_ctl_tx_msg call failed
01-01 02:37:30.768   612   612 E QC-QMI  : qmi_qmux_open_connection: connection is disabled for conn_id=29
01-01 02:37:30.768   612   612 E QC-QMI  : qmi_qmux_tx_msg: failed to open inactive connd_id=29
01-01 02:37:30.768   612   612 E QC-QMI  : qmi_qmux: TX failed, connection inactive or in reset, conn_id=29, status_flags=4
01-01 02:37:30.768   612   612 E QC-QMI  : qmi_ctl_tx_msg: qmi_qmux_tx_msg failed
01-01 02:37:30.768   612   612 E QC-QMI  : qmi_ctl_handle_request: qmi_ctl_tx_msg call failed
01-01 02:37:30.769   612   612 E QC-QMI  : qmi_qmux_open_connection: connection is disabled for conn_id=29
01-01 02:37:30.769   612   612 E QC-QMI  : qmi_qmux_tx_msg: failed to open inactive connd_id=29
01-01 02:37:30.769   612   612 E QC-QMI  : qmi_qmux: TX failed, connection inactive or in reset, conn_id=29, status_flags=4
01-01 02:37:30.769   612   612 E QC-QMI  : qmi_ctl_tx_msg: qmi_qmux_tx_msg failed
01-01 02:37:30.769   612   612 E QC-QMI  : qmi_ctl_handle_request: qmi_ctl_tx_msg call failed
01-01 02:37:30.769   612   612 E QC-QMI  : qmi_qmux_open_connection: connection is disabled for conn_id=29
01-01 02:37:30.769   612   612 E QC-QMI  : qmi_qmux_tx_msg: failed to open inactive connd_id=29
01-01 02:37:30.769   612   612 E QC-QMI  : qmi_qmux: TX failed, connection inactive or in reset, conn_id=29, status_flags=4
01-01 02:37:30.769   612   612 E QC-QMI  : qmi_ctl_tx_msg: qmi_qmux_tx_msg failed
01-01 02:37:30.769   612   612 E QC-QMI  : qmi_ctl_handle_request: qmi_ctl_tx_msg call failed
01-01 02:37:30.770   612   612 E QC-QMI  : qmi_qmux_open_connection: connection is disabled for conn_id=48
01-01 02:37:30.770   612   612 E QC-QMI  : qmi_qmux_tx_msg: failed to open inactive connd_id=48
01-01 02:37:30.770   612   612 E QC-QMI  : qmi_qmux: TX failed, connection inactive or in reset, conn_id=48, status_flags=4
01-01 02:37:30.770   612   612 E QC-QMI  : qmi_ctl_tx_msg: qmi_qmux_tx_msg failed
01-01 02:37:30.770   612   612 E QC-QMI  : qmi_ctl_handle_request: qmi_ctl_tx_msg call failed
01-01 02:37:30.770   612   612 E QC-QMI  : qmi_qmux_open_connection: connection is disabled for conn_id=48
01-01 02:37:30.770   612   612 E QC-QMI  : qmi_qmux_tx_msg: failed to open inactive connd_id=48
01-01 02:37:30.770   612   612 E QC-QMI  : qmi_qmux: TX failed, connection inactive or in reset, conn_id=48, status_flags=4
01-01 02:37:30.771   612   612 E QC-QMI  : qmi_ctl_tx_msg: qmi_qmux_tx_msg failed
01-01 02:37:30.771   612   612 E QC-QMI  : qmi_ctl_handle_request: qmi_ctl_tx_msg call failed
01-01 02:37:30.771   612   612 E QC-QMI  : qmi_qmux_open_connection: connection is disabled for conn_id=29
01-01 02:37:30.771   612   612 E QC-QMI  : qmi_qmux_tx_msg: failed to open inactive connd_id=29
01-01 02:37:30.771   612   612 E QC-QMI  : qmi_qmux: TX failed, connection inactive or in reset, conn_id=29, status_flags=4
01-01 02:37:30.771   612   612 E QC-QMI  : qmi_ctl_tx_msg: qmi_qmux_tx_msg failed
01-01 02:37:30.771   612   612 E QC-QMI  : qmi_ctl_handle_request: qmi_ctl_tx_msg call failed
01-01 02:37:30.772   612   612 E QC-QMI  : qmi_qmux_open_connection: connection is disabled for conn_id=57
01-01 02:37:30.772   612   612 E QC-QMI  : qmi_qmux_tx_msg: failed to open inactive connd_id=57
01-01 02:37:30.772   612   612 E QC-QMI  : qmi_qmux: TX failed, connection inactive or in reset, conn_id=57, status_flags=4
01-01 02:37:30.772   612   612 E QC-QMI  : qmi_ctl_tx_msg: qmi_qmux_tx_msg failed
01-01 02:37:30.772   612   612 E QC-QMI  : qmi_ctl_handle_request: qmi_ctl_tx_msg call failed
01-01 02:37:30.772  1122  1122 I art     : Explicit concurrent mark sweep GC freed 6337(460KB) AllocSpace objects, 2(40KB) LOS objects, 33% free, 18MB/27MB, paused 735us total 35.087ms
01-01 02:37:30.772   612   612 E QC-QMI  : qmi_qmux_open_connection: connection is disabled for conn_id=48
01-01 02:37:30.772   612   612 E QC-QMI  : qmi_qmux_tx_msg: failed to open inactive connd_id=48
01-01 02:37:30.772   612   612 E QC-QMI  : qmi_qmux: TX failed, connection inactive or in reset, conn_id=48, status_flags=4
01-01 02:37:30.772   612   612 E QC-QMI  : qmi_ctl_tx_msg: qmi_qmux_tx_msg failed
01-01 02:37:30.772   612   612 E QC-QMI  : qmi_ctl_handle_request: qmi_ctl_tx_msg call failed
01-01 02:37:30.773   612   612 E QC-QMI  : qmi_qmux_open_connection: connection is disabled for conn_id=57
01-01 02:37:30.773   612   612 E QC-QMI  : qmi_qmux_tx_msg: failed to open inactive connd_id=57
01-01 02:37:30.773   612   612 E QC-QMI  : qmi_qmux: TX failed, connection inactive or in reset, conn_id=57, status_flags=4
01-01 02:37:30.773   612   612 E QC-QMI  : qmi_ctl_tx_msg: qmi_qmux_tx_msg failed
01-01 02:37:30.773   612   612 E QC-QMI  : qmi_ctl_handle_request: qmi_ctl_tx_msg call failed
01-01 02:37:30.773   612   612 E QC-QMI  : qmi_qmux_open_connection: connection is disabled for conn_id=48
01-01 02:37:30.773   612   612 E QC-QMI  : qmi_qmux_tx_msg: failed to open inactive connd_id=48
01-01 02:37:30.773   612   612 E QC-QMI  : qmi_qmux: TX failed, connection inactive or in reset, conn_id=48, status_flags=4
01-01 02:37:30.773   612   612 E QC-QMI  : qmi_ctl_tx_msg: qmi_qmux_tx_msg failed
01-01 02:37:30.773   612   612 E QC-QMI  : qmi_ctl_handle_request: qmi_ctl_tx_msg call failed
01-01 02:37:30.773   612   612 E QC-QMI  : qmi_qmux_open_connection: connection is disabled for conn_id=29
01-01 02:37:30.774   612   612 E QC-QMI  : qmi_qmux_tx_msg: failed to open inactive connd_id=29
01-01 02:37:30.774   612   612 E QC-QMI  : qmi_qmux: TX failed, connection inactive or in reset, conn_id=29, status_flags=4
01-01 02:37:30.774   612   612 E QC-QMI  : qmi_ctl_tx_msg: qmi_qmux_tx_msg failed
01-01 02:37:30.774   612   612 E QC-QMI  : qmi_ctl_handle_request: qmi_ctl_tx_msg call failed
01-01 02:37:30.774   612   612 E QC-QMI  : qmi_qmux_open_connection: connection is disabled for conn_id=57
01-01 02:37:30.774   612   612 E QC-QMI  : qmi_qmux_tx_msg: failed to open inactive connd_id=57
01-01 02:37:30.774   612   612 E QC-QMI  : qmi_qmux: TX failed, connection inactive or in reset, conn_id=57, status_flags=4
01-01 02:37:30.774   612   612 E QC-QMI  : qmi_ctl_tx_msg: qmi_qmux_tx_msg failed
01-01 02:37:30.774   612   612 E QC-QMI  : qmi_ctl_handle_request: qmi_ctl_tx_msg call failed
01-01 02:37:30.774   612   612 E QC-QMI  : qmi_qmux_open_connection: connection is disabled for conn_id=29
01-01 02:37:30.774   612   612 E QC-QMI  : qmi_qmux_tx_msg: failed to open inactive connd_id=29
01-01 02:37:30.774   612   612 E QC-QMI  : qmi_qmux: TX failed, connection inactive or in reset, conn_id=29, status_flags=4
01-01 02:37:30.774   612   612 E QC-QMI  : qmi_ctl_tx_msg: qmi_qmux_tx_msg failed
01-01 02:37:30.775   612   612 E QC-QMI  : qmi_ctl_handle_request: qmi_ctl_tx_msg call failed
01-01 02:37:30.775   612   612 E QC-QMI  : qmi_qmux_open_connection: connection is disabled for conn_id=57
01-01 02:37:30.775   612   612 E QC-QMI  : qmi_qmux_tx_msg: failed to open inactive connd_id=57
01-01 02:37:30.775   612   612 E QC-QMI  : qmi_qmux: TX failed, connection inactive or in reset, conn_id=57, status_flags=4
01-01 02:37:30.775   612   612 E QC-QMI  : qmi_ctl_tx_msg: qmi_qmux_tx_msg failed
01-01 02:37:30.775   612   612 E QC-QMI  : qmi_ctl_handle_request: qmi_ctl_tx_msg call failed
01-01 02:37:30.776   612   612 E QC-QMI  : qmi_qmux_open_connection: connection is disabled for conn_id=48
01-01 02:37:30.776   612   612 E QC-QMI  : qmi_qmux_tx_msg: failed to open inactive connd_id=48
01-01 02:37:30.776   612   612 E QC-QMI  : qmi_qmux: TX failed, connection inactive or in reset, conn_id=48, status_flags=4
01-01 02:37:30.776   612   612 E QC-QMI  : qmi_ctl_tx_msg: qmi_qmux_tx_msg failed
01-01 02:37:30.776   612   612 E QC-QMI  : qmi_ctl_handle_request: qmi_ctl_tx_msg call failed
01-01 02:37:30.776  1122  1122 I SystemServer: User Service
01-01 02:37:30.776   612   612 E QC-QMI  : qmi_qmux_open_connection: connection is disabled for conn_id=29
01-01 02:37:30.776   612   612 E QC-QMI  : qmi_qmux_tx_msg: failed to open inactive connd_id=29
01-01 02:37:30.777   612   612 E QC-QMI  : qmi_qmux: TX failed, connection inactive or in reset, conn_id=29, status_flags=4
01-01 02:37:30.777   612   612 E QC-QMI  : qmi_ctl_tx_msg: qmi_qmux_tx_msg failed
01-01 02:37:30.777   612   612 E QC-QMI  : qmi_ctl_handle_request: qmi_ctl_tx_msg call failed
01-01 02:37:30.777   612   612 E QC-QMI  : qmi_qmux_open_connection: connection is disabled for conn_id=48
01-01 02:37:30.777   612   612 E QC-QMI  : qmi_qmux_tx_msg: failed to open inactive connd_id=48
01-01 02:37:30.777   612   612 E QC-QMI  : qmi_qmux: TX failed, connection inactive or in reset, conn_id=48, status_flags=4
01-01 02:37:30.777   612   612 E QC-QMI  : qmi_ctl_tx_msg: qmi_qmux_tx_msg failed
01-01 02:37:30.777   612   612 E QC-QMI  : qmi_ctl_handle_request: qmi_ctl_tx_msg call failed
01-01 02:37:30.777   612   612 E QC-QMI  : qmi_qmux_open_connection: connection is disabled for conn_id=29
01-01 02:37:30.777   612   612 E QC-QMI  : qmi_qmux_tx_msg: failed to open inactive connd_id=29
01-01 02:37:30.778   612   612 E QC-QMI  : qmi_qmux: TX failed, connection inactive or in reset, conn_id=29, status_flags=4
01-01 02:37:30.778   612   612 E QC-QMI  : qmi_ctl_tx_msg: qmi_qmux_tx_msg failed
01-01 02:37:30.778   612   612 E QC-QMI  : qmi_ctl_handle_request: qmi_ctl_tx_msg call failed
01-01 02:37:30.778   612   612 E QC-QMI  : qmi_qmux_open_connection: connection is disabled for conn_id=57
01-01 02:37:30.778   612   612 E QC-QMI  : qmi_qmux_tx_msg: failed to open inactive connd_id=57
01-01 02:37:30.778   612   612 E QC-QMI  : qmi_qmux: TX failed, connection inactive or in reset, conn_id=57, status_flags=4
01-01 02:37:30.778   612   612 E QC-QMI  : qmi_ctl_tx_msg: qmi_qmux_tx_msg failed
01-01 02:37:30.778   612   612 E QC-QMI  : qmi_ctl_handle_request: qmi_ctl_tx_msg call failed
01-01 02:37:30.778   612   612 E QC-QMI  : qmi_qmux_open_connection: connection is disabled for conn_id=48
01-01 02:37:30.778   612   612 E QC-QMI  : qmi_qmux_tx_msg: failed to open inactive connd_id=48
01-01 02:37:30.778   612   612 E QC-QMI  : qmi_qmux: TX failed, connection inactive or in reset, conn_id=48, status_flags=4
01-01 02:37:30.778   612   612 E QC-QMI  : qmi_ctl_tx_msg: qmi_qmux_tx_msg failed
01-01 02:37:30.778   612   612 E QC-QMI  : qmi_ctl_handle_request: qmi_ctl_tx_msg call failed
01-01 02:37:30.779   612   612 E QC-QMI  : qmi_qmux_open_connection: connection is disabled for conn_id=57
01-01 02:37:30.779   612   612 E QC-QMI  : qmi_qmux_tx_msg: failed to open inactive connd_id=57
01-01 02:37:30.779   612   612 E QC-QMI  : qmi_qmux: TX failed, connection inactive or in reset, conn_id=57, status_flags=4
01-01 02:37:30.779   612   612 E QC-QMI  : qmi_ctl_tx_msg: qmi_qmux_tx_msg failed
01-01 02:37:30.781   612   612 E QC-QMI  : qmi_ctl_handle_request: qmi_ctl_tx_msg call failed
01-01 02:37:30.782   612   612 E QC-QMI  : qmi_qmux_open_connection: connection is disabled for conn_id=48
01-01 02:37:30.782   612   612 E QC-QMI  : qmi_qmux_tx_msg: failed to open inactive connd_id=48
01-01 02:37:30.782   612   612 E QC-QMI  : qmi_qmux: TX failed, connection inactive or in reset, conn_id=48, status_flags=4
01-01 02:37:30.782   612   612 E QC-QMI  : qmi_ctl_tx_msg: qmi_qmux_tx_msg failed
01-01 02:37:30.782   612   612 E QC-QMI  : qmi_ctl_handle_request: qmi_ctl_tx_msg call failed
01-01 02:37:30.782   612   612 E QC-QMI  : qmi_qmux_open_connection: connection is disabled for conn_id=57
01-01 02:37:30.782   612   612 E QC-QMI  : qmi_qmux_tx_msg: failed to open inactive connd_id=57
01-01 02:37:30.782   612   612 E QC-QMI  : qmi_qmux: TX failed, connection inactive or in reset, conn_id=57, status_flags=4
01-01 02:37:30.782   612   612 E QC-QMI  : qmi_ctl_tx_msg: qmi_qmux_tx_msg failed
01-01 02:37:30.782   612   612 E QC-QMI  : qmi_ctl_handle_request: qmi_ctl_tx_msg call failed
01-01 02:37:30.783   612   612 E QC-QMI  : qmi_qmux_open_connection: connection is disabled for conn_id=57
01-01 02:37:30.783   612   612 E QC-QMI  : qmi_qmux_tx_msg: failed to open inactive connd_id=57
01-01 02:37:30.783   612   612 E QC-QMI  : qmi_qmux: TX failed, connection inactive or in reset, conn_id=57, status_flags=4
01-01 02:37:30.783   612   612 E QC-QMI  : qmi_ctl_tx_msg: qmi_qmux_tx_msg failed
01-01 02:37:30.783   612   612 E QC-QMI  : qmi_ctl_handle_request: qmi_ctl_tx_msg call failed
01-01 02:37:30.791   433   433 I lowmemorykiller: ActivityManager connected
01-01 02:37:30.793  1122  1380 I         : System server: starting sensor init.
01-01 02:37:30.793  1122  1380 D SensorService: nuSensorService starting...
01-01 02:37:30.793  1122  1122 I SystemServiceManager: Starting com.android.server.BatteryService
01-01 02:37:30.798  1122  1122 I SystemServiceManager: Starting com.android.server.usage.UsageStatsService
01-01 02:37:30.798  1122  1134 D lights  : set_light_battery
01-01 02:37:30.798  1122  1134 D lights  : set_speaker_light_locked mode=0 brightnsS=0
01-01 02:37:30.807  1122  1122 I SystemServiceManager: Starting com.android.server.webkit.WebViewUpdateService
01-01 02:37:30.821  1122  1122 I SystemServer: Reading configuration...
01-01 02:37:30.821  1122  1122 I SystemServer: Scheduling Policy
01-01 02:37:30.822  1122  1122 I SystemServiceManager: Starting com.android.server.telecom.TelecomLoaderService
01-01 02:37:30.823  1122  1380 I Sensors : [sensors.cpp: open_sensors: 931] enter
01-01 02:37:30.823  1122  1380 I Sensors : [sensors.cpp: sensors_poll_context_t: 515] Enter
01-01 02:37:30.824  1122  1122 I SystemServer: Telephony Registry
01-01 02:37:30.829  1122  1122 I SystemServer: Entropy Mixer
01-01 02:37:30.831  1122  1122 I EntropyMixer: Writing entropy...
01-01 02:37:30.833   478   478 I qseecomd: type=1400 audit(0.0:43): avc: denied { write } for name="qmux_connect_socket" dev="tmpfs" ino=15188 scontext=u:r:tee:s0 tcontext=u:object_r:qmuxd_socket:s0 tclass=sock_file permissive=1
01-01 02:37:30.833   478   478 I qseecomd: type=1400 audit(0.0:44): avc: denied { connectto } for path="/dev/socket/qmux_radio/qmux_connect_socket" scontext=u:r:tee:s0 tcontext=u:r:qmuxd:s0 tclass=unix_stream_socket permissive=1
01-01 02:37:30.842  1122  1122 I SystemServer: Camera Service
01-01 02:37:30.843  1122  1122 I SystemServiceManager: Starting com.android.server.camera.CameraService
01-01 02:37:30.846   442  1397 E QC-QMI  : qmi_client [442] 14: failed to locate client data
01-01 02:37:30.846   612   612 E QC-QMI  : qmuxd: RX on fd=19 returned error=0 errno[2:No such file or directory]
01-01 02:37:30.846   612   612 E QC-QMI  : QMUX qmux_client_id=14 not found in qmux client list, unable to remove
01-01 02:37:30.833   478   478 I qseecomd: type=1400 audit(0.0:45): avc: denied { write } for name="qmux_radio" dev="tmpfs" ino=10976 scontext=u:r:tee:s0 tcontext=u:object_r:qmuxd_socket:s0 tclass=dir permissive=1
01-01 02:37:30.833   478   478 I qseecomd: type=1400 audit(0.0:46): avc: denied { add_name } for name=716D75785F636C69656E745F736F636B657420202020343738 scontext=u:r:tee:s0 tcontext=u:object_r:qmuxd_socket:s0 tclass=dir permissive=1
01-01 02:37:30.833   478   478 I qseecomd: type=1400 audit(0.0:47): avc: denied { create } for name=716D75785F636C69656E745F736F636B657420202020343738 scontext=u:r:tee:s0 tcontext=u:object_r:qmuxd_socket:s0 tclass=sock_file permissive=1
01-01 02:37:30.833   478   478 I qseecomd: type=1400 audit(0.0:48): avc: denied { setattr } for name=716D75785F636C69656E745F736F636B657420202020343738 dev="tmpfs" ino=9836 scontext=u:r:tee:s0 tcontext=u:object_r:qmuxd_socket:s0 tclass=sock_file permissive=1
01-01 02:37:30.833   478   478 I qseecomd: type=1400 audit(0.0:49): avc: denied { fsetid } for capability=4 scontext=u:r:tee:s0 tcontext=u:r:tee:s0 tclass=capability permissive=1
01-01 02:37:30.848  1122  1403 I ServiceThread: Enabled StrictMode logging for CameraService_proxy looper.
01-01 02:37:30.848   612   612 E QC-QMI  : qmi_qmux_open_connection: connection is disabled for conn_id=29
01-01 02:37:30.848   612   612 E QC-QMI  : qmi_qmux_tx_msg: failed to open inactive connd_id=29
01-01 02:37:30.848   612   612 E QC-QMI  : qmi_qmux: TX failed, connection inactive or in reset, conn_id=29, status_flags=4
01-01 02:37:30.848   612   612 E QC-QMI  : qmi_ctl_tx_msg: qmi_qmux_tx_msg failed
01-01 02:37:30.848   612   612 E QC-QMI  : qmi_ctl_handle_request: qmi_ctl_tx_msg call failed
01-01 02:37:30.849   612   612 E QC-QMI  : qmi_qmux_open_connection: connection is disabled for conn_id=29
01-01 02:37:30.849   612   612 E QC-QMI  : qmi_qmux_tx_msg: failed to open inactive connd_id=29
01-01 02:37:30.850   612   612 E QC-QMI  : qmi_qmux: TX failed, connection inactive or in reset, conn_id=29, status_flags=4
01-01 02:37:30.850   612   612 E QC-QMI  : qmi_ctl_tx_msg: qmi_qmux_tx_msg failed
01-01 02:37:30.850  1122  1122 I SystemServer: Account Manager
01-01 02:37:30.850   612   612 E QC-QMI  : qmi_ctl_handle_request: qmi_ctl_tx_msg call failed
01-01 02:37:30.850   612   612 E QC-QMI  : qmi_qmux_open_connection: connection is disabled for conn_id=29
01-01 02:37:30.850   612   612 E QC-QMI  : qmi_qmux_tx_msg: failed to open inactive connd_id=29
01-01 02:37:30.850   612   612 E QC-QMI  : qmi_qmux: TX failed, connection inactive or in reset, conn_id=29, status_flags=4
01-01 02:37:30.850   612   612 E QC-QMI  : qmi_ctl_tx_msg: qmi_qmux_tx_msg failed
01-01 02:37:30.850   612   612 E QC-QMI  : qmi_ctl_handle_request: qmi_ctl_tx_msg call failed
01-01 02:37:30.851   442  1405 E QC-QMI  : qmi_client [442] 15: failed to locate client data
01-01 02:37:30.852   612   612 E QC-QMI  : qmuxd: RX on fd=19 returned error=0 errno[2:No such file or directory]
01-01 02:37:30.853   612   612 E QC-QMI  : QMUX qmux_client_id=15 not found in qmux client list, unable to remove
01-01 02:37:30.856   612   612 E QC-QMI  : qmi_qmux_open_connection: connection is disabled for conn_id=48
01-01 02:37:30.856   612   612 E QC-QMI  : qmi_qmux_tx_msg: failed to open inactive connd_id=48
01-01 02:37:30.856   612   612 E QC-QMI  : qmi_qmux: TX failed, connection inactive or in reset, conn_id=48, status_flags=4
01-01 02:37:30.856  1122  1122 I SystemServer: Content Manager
01-01 02:37:30.856   612   612 E QC-QMI  : qmi_ctl_tx_msg: qmi_qmux_tx_msg failed
01-01 02:37:30.856   612   612 E QC-QMI  : qmi_ctl_handle_request: qmi_ctl_tx_msg call failed
01-01 02:37:30.857   612   612 E QC-QMI  : qmi_qmux_open_connection: connection is disabled for conn_id=48
01-01 02:37:30.857   612   612 E QC-QMI  : qmi_qmux_tx_msg: failed to open inactive connd_id=48
01-01 02:37:30.857   612   612 E QC-QMI  : qmi_qmux: TX failed, connection inactive or in reset, conn_id=48, status_flags=4
01-01 02:37:30.857   612   612 E QC-QMI  : qmi_ctl_tx_msg: qmi_qmux_tx_msg failed
01-01 02:37:30.857   612   612 E QC-QMI  : qmi_ctl_handle_request: qmi_ctl_tx_msg call failed
01-01 02:37:30.858   442  1414 E QC-QMI  : qmi_client [442] 16: failed to locate client data
01-01 02:37:30.859   612   612 E QC-QMI  : qmuxd: RX on fd=19 returned error=0 errno[2:No such file or directory]
01-01 02:37:30.859   612   612 E QC-QMI  : QMUX qmux_client_id=16 not found in qmux client list, unable to remove
01-01 02:37:30.860  1122  1122 I SystemServer: System Content Providers
01-01 02:37:30.861   612   612 E QC-QMI  : qmi_qmux_open_connection: connection is disabled for conn_id=57
01-01 02:37:30.861   612   612 E QC-QMI  : qmi_qmux_tx_msg: failed to open inactive connd_id=57
01-01 02:37:30.861   612   612 E QC-QMI  : qmi_qmux: TX failed, connection inactive or in reset, conn_id=57, status_flags=4
01-01 02:37:30.861   612   612 E QC-QMI  : qmi_ctl_tx_msg: qmi_qmux_tx_msg failed
01-01 02:37:30.861   612   612 E QC-QMI  : qmi_ctl_handle_request: qmi_ctl_tx_msg call failed
01-01 02:37:30.861   612   612 E QC-QMI  : qmi_qmux_open_connection: connection is disabled for conn_id=57
01-01 02:37:30.861   612   612 E QC-QMI  : qmi_qmux_tx_msg: failed to open inactive connd_id=57
01-01 02:37:30.861   612   612 E QC-QMI  : qmi_qmux: TX failed, connection inactive or in reset, conn_id=57, status_flags=4
01-01 02:37:30.861   612   612 E QC-QMI  : qmi_ctl_tx_msg: qmi_qmux_tx_msg failed
01-01 02:37:30.861   612   612 E QC-QMI  : qmi_ctl_handle_request: qmi_ctl_tx_msg call failed
01-01 02:37:30.862   442  1421 E QC-QMI  : qmi_client [442] 17: failed to locate client data
01-01 02:37:30.863   612   612 E QC-QMI  : qmuxd: RX on fd=19 returned error=0 errno[2:No such file or directory]
01-01 02:37:30.863   612   612 E QC-QMI  : QMUX qmux_client_id=17 not found in qmux client list, unable to remove
01-01 02:37:30.853   478   478 I qseecomd: type=1400 audit(0.0:50): avc: denied { ioctl } for path="socket:[11476]" dev="sockfs" ino=11476 ioctlcmd=c302 scontext=u:r:tee:s0 tcontext=u:r:tee:s0 tclass=socket permissive=1
01-01 02:37:30.869   612   612 E QC-QMI  : qmi_qmux_open_connection: connection is disabled for conn_id=29
01-01 02:37:30.869   612   612 E QC-QMI  : qmi_qmux_tx_msg: failed to open inactive connd_id=29
01-01 02:37:30.869   612   612 E QC-QMI  : qmi_qmux: TX failed, connection inactive or in reset, conn_id=29, status_flags=4
01-01 02:37:30.869   612   612 E QC-QMI  : qmi_ctl_tx_msg: qmi_qmux_tx_msg failed
01-01 02:37:30.869   612   612 E QC-QMI  : qmi_ctl_handle_request: qmi_ctl_tx_msg call failed
01-01 02:37:30.871   612   612 E QC-QMI  : qmi_qmux_open_connection: connection is disabled for conn_id=29
01-01 02:37:30.871   612   612 E QC-QMI  : qmi_qmux_tx_msg: failed to open inactive connd_id=29
01-01 02:37:30.871   612   612 E QC-QMI  : qmi_qmux: TX failed, connection inactive or in reset, conn_id=29, status_flags=4
01-01 02:37:30.871   612   612 E QC-QMI  : qmi_ctl_tx_msg: qmi_qmux_tx_msg failed
01-01 02:37:30.871   612   612 E QC-QMI  : qmi_ctl_handle_request: qmi_ctl_tx_msg call failed
01-01 02:37:30.872   612   612 E QC-QMI  : qmi_qmux_open_connection: connection is disabled for conn_id=48
01-01 02:37:30.872   612   612 E QC-QMI  : qmi_qmux_tx_msg: failed to open inactive connd_id=48
01-01 02:37:30.872   612   612 E QC-QMI  : qmi_qmux: TX failed, connection inactive or in reset, conn_id=48, status_flags=4
01-01 02:37:30.872   612   612 E QC-QMI  : qmi_ctl_tx_msg: qmi_qmux_tx_msg failed
01-01 02:37:30.872   612   612 E QC-QMI  : qmi_ctl_handle_request: qmi_ctl_tx_msg call failed
01-01 02:37:30.873   612   612 E QC-QMI  : qmi_qmux_open_connection: connection is disabled for conn_id=48
01-01 02:37:30.873   612   612 E QC-QMI  : qmi_qmux_tx_msg: failed to open inactive connd_id=48
01-01 02:37:30.873   612   612 E QC-QMI  : qmi_qmux: TX failed, connection inactive or in reset, conn_id=48, status_flags=4
01-01 02:37:30.873   612   612 E QC-QMI  : qmi_ctl_tx_msg: qmi_qmux_tx_msg failed
01-01 02:37:30.873   612   612 E QC-QMI  : qmi_ctl_handle_request: qmi_ctl_tx_msg call failed
01-01 02:37:30.874   612   612 E QC-QMI  : qmi_qmux_open_connection: connection is disabled for conn_id=57
01-01 02:37:30.874   612   612 E QC-QMI  : qmi_qmux_tx_msg: failed to open inactive connd_id=57
01-01 02:37:30.874   612   612 E QC-QMI  : qmi_qmux: TX failed, connection inactive or in reset, conn_id=57, status_flags=4
01-01 02:37:30.874   612   612 E QC-QMI  : qmi_ctl_tx_msg: qmi_qmux_tx_msg failed
01-01 02:37:30.874   612   612 E QC-QMI  : qmi_ctl_handle_request: qmi_ctl_tx_msg call failed
01-01 02:37:30.875   612   612 E QC-QMI  : qmi_qmux_open_connection: connection is disabled for conn_id=57
01-01 02:37:30.875   612   612 E QC-QMI  : qmi_qmux_tx_msg: failed to open inactive connd_id=57
01-01 02:37:30.875   612   612 E QC-QMI  : qmi_qmux: TX failed, connection inactive or in reset, conn_id=57, status_flags=4
01-01 02:37:30.875   612   612 E QC-QMI  : qmi_ctl_tx_msg: qmi_qmux_tx_msg failed
01-01 02:37:30.875   612   612 E QC-QMI  : qmi_ctl_handle_request: qmi_ctl_tx_msg call failed
01-01 02:37:30.876   612   612 E QC-QMI  : qmi_qmux_open_connection: connection is disabled for conn_id=29
01-01 02:37:30.876   612   612 E QC-QMI  : qmi_qmux_tx_msg: failed to open inactive connd_id=29
01-01 02:37:30.876   612   612 E QC-QMI  : qmi_qmux: TX failed, connection inactive or in reset, conn_id=29, status_flags=4
01-01 02:37:30.876   612   612 E QC-QMI  : qmi_ctl_tx_msg: qmi_qmux_tx_msg failed
01-01 02:37:30.876   612   612 E QC-QMI  : qmi_ctl_handle_request: qmi_ctl_tx_msg call failed
01-01 02:37:30.876   612   612 E QC-QMI  : qmi_qmux_open_connection: connection is disabled for conn_id=29
01-01 02:37:30.876   612   612 E QC-QMI  : qmi_qmux_tx_msg: failed to open inactive connd_id=29
01-01 02:37:30.876   612   612 E QC-QMI  : qmi_qmux: TX failed, connection inactive or in reset, conn_id=29, status_flags=4
01-01 02:37:30.877   612   612 E QC-QMI  : qmi_ctl_tx_msg: qmi_qmux_tx_msg failed
01-01 02:37:30.877   612   612 E QC-QMI  : qmi_ctl_handle_request: qmi_ctl_tx_msg call failed
01-01 02:37:30.877   612   612 E QC-QMI  : qmi_qmux_open_connection: connection is disabled for conn_id=48
01-01 02:37:30.877   612   612 E QC-QMI  : qmi_qmux_tx_msg: failed to open inactive connd_id=48
01-01 02:37:30.877   612   612 E QC-QMI  : qmi_qmux: TX failed, connection inactive or in reset, conn_id=48, status_flags=4
01-01 02:37:30.877   612   612 E QC-QMI  : qmi_ctl_tx_msg: qmi_qmux_tx_msg failed
01-01 02:37:30.877   612   612 E QC-QMI  : qmi_ctl_handle_request: qmi_ctl_tx_msg call failed
01-01 02:37:30.878   612   612 E QC-QMI  : qmi_qmux_open_connection: connection is disabled for conn_id=48
01-01 02:37:30.878   612   612 E QC-QMI  : qmi_qmux_tx_msg: failed to open inactive connd_id=48
01-01 02:37:30.878   612   612 E QC-QMI  : qmi_qmux: TX failed, connection inactive or in reset, conn_id=48, status_flags=4
01-01 02:37:30.878   612   612 E QC-QMI  : qmi_ctl_tx_msg: qmi_qmux_tx_msg failed
01-01 02:37:30.878   612   612 E QC-QMI  : qmi_ctl_handle_request: qmi_ctl_tx_msg call failed
01-01 02:37:30.873   500   500 I thermal-engine: type=1400 audit(0.0:51): avc: denied { write } for name="qmux_connect_socket" dev="tmpfs" ino=15188 scontext=u:r:init:s0 tcontext=u:object_r:qmuxd_socket:s0 tclass=sock_file permissive=1
01-01 02:37:30.873   500   500 I thermal-engine: type=1400 audit(0.0:52): avc: denied { connectto } for path="/dev/socket/qmux_radio/qmux_connect_socket" scontext=u:r:init:s0 tcontext=u:r:qmuxd:s0 tclass=unix_stream_socket permissive=1
01-01 02:37:30.879   612   612 E QC-QMI  : qmi_qmux_open_connection: connection is disabled for conn_id=57
01-01 02:37:30.879   612   612 E QC-QMI  : qmi_qmux_tx_msg: failed to open inactive connd_id=57
01-01 02:37:30.879   612   612 E QC-QMI  : qmi_qmux: TX failed, connection inactive or in reset, conn_id=57, status_flags=4
01-01 02:37:30.879   612   612 E QC-QMI  : qmi_ctl_tx_msg: qmi_qmux_tx_msg failed
01-01 02:37:30.879   612   612 E QC-QMI  : qmi_ctl_handle_request: qmi_ctl_tx_msg call failed
01-01 02:37:30.880   612   612 E QC-QMI  : qmi_qmux_open_connection: connection is disabled for conn_id=57
01-01 02:37:30.880   612   612 E QC-QMI  : qmi_qmux_tx_msg: failed to open inactive connd_id=57
01-01 02:37:30.880   612   612 E QC-QMI  : qmi_qmux: TX failed, connection inactive or in reset, conn_id=57, status_flags=4
01-01 02:37:30.880   612   612 E QC-QMI  : qmi_ctl_tx_msg: qmi_qmux_tx_msg failed
01-01 02:37:30.880   612   612 E QC-QMI  : qmi_ctl_handle_request: qmi_ctl_tx_msg call failed
01-01 02:37:30.881   442   478 D         : mdtp_qmi_listener_client_init: QMI UIM service initialized successfully
01-01 02:37:30.885   612   612 E QC-QMI  : qmi_qmux_open_connection: connection is disabled for conn_id=29
01-01 02:37:30.885   612   612 E QC-QMI  : qmi_qmux_tx_msg: failed to open inactive connd_id=29
01-01 02:37:30.885   442   478 D         : mdtp_qmi_listener_client_init: Successfully registered for simlock configuration events
01-01 02:37:30.885   612   612 E QC-QMI  : qmi_qmux: TX failed, connection inactive or in reset, conn_id=29, status_flags=4
01-01 02:37:30.885   612   612 E QC-QMI  : qmi_ctl_tx_msg: qmi_qmux_tx_msg failed
01-01 02:37:30.885   612   612 E QC-QMI  : qmi_ctl_handle_request: qmi_ctl_tx_msg call failed
01-01 02:37:30.885   442   478 D QSEECOMAPI: : QSEECom_get_handle sb_length = 0x64400
01-01 02:37:30.885   442   478 D QSEECOMAPI: : App is not loaded in QSEE
01-01 02:37:30.885   612   612 E QC-QMI  : qmi_qmux_open_connection: connection is disabled for conn_id=29
01-01 02:37:30.886   612   612 E QC-QMI  : qmi_qmux_tx_msg: failed to open inactive connd_id=29
01-01 02:37:30.886   612   612 E QC-QMI  : qmi_qmux: TX failed, connection inactive or in reset, conn_id=29, status_flags=4
01-01 02:37:30.886   612   612 E QC-QMI  : qmi_ctl_tx_msg: qmi_qmux_tx_msg failed
01-01 02:37:30.886   612   612 E QC-QMI  : qmi_ctl_handle_request: qmi_ctl_tx_msg call failed
01-01 02:37:30.886   612   612 E QC-QMI  : qmi_qmux_open_connection: connection is disabled for conn_id=29
01-01 02:37:30.886   612   612 E QC-QMI  : qmi_qmux_tx_msg: failed to open inactive connd_id=29
01-01 02:37:30.886   612   612 E QC-QMI  : qmi_qmux: TX failed, connection inactive or in reset, conn_id=29, status_flags=4
01-01 02:37:30.886   612   612 E QC-QMI  : qmi_ctl_tx_msg: qmi_qmux_tx_msg failed
01-01 02:37:30.886   612   612 E QC-QMI  : qmi_ctl_handle_request: qmi_ctl_tx_msg call failed
01-01 02:37:30.887   612   612 E QC-QMI  : qmi_qmux_open_connection: connection is disabled for conn_id=48
01-01 02:37:30.887   612   612 E QC-QMI  : qmi_qmux_tx_msg: failed to open inactive connd_id=48
01-01 02:37:30.887   442   478 D QSEECOMAPI: : app_arch = 1, total_files = 5
01-01 02:37:30.887   612   612 E QC-QMI  : qmi_qmux: TX failed, connection inactive or in reset, conn_id=48, status_flags=4
01-01 02:37:30.887   612   612 E QC-QMI  : qmi_ctl_tx_msg: qmi_qmux_tx_msg failed
01-01 02:37:30.887   612   612 E QC-QMI  : qmi_ctl_handle_request: qmi_ctl_tx_msg call failed
01-01 02:37:30.887   612   612 E QC-QMI  : qmi_qmux_open_connection: connection is disabled for conn_id=48
01-01 02:37:30.887   612   612 E QC-QMI  : qmi_qmux_tx_msg: failed to open inactive connd_id=48
01-01 02:37:30.887   612   612 E QC-QMI  : qmi_qmux: TX failed, connection inactive or in reset, conn_id=48, status_flags=4
01-01 02:37:30.887   612   612 E QC-QMI  : qmi_ctl_tx_msg: qmi_qmux_tx_msg failed
01-01 02:37:30.887   612   612 E QC-QMI  : qmi_ctl_handle_request: qmi_ctl_tx_msg call failed
01-01 02:37:30.887   612   612 E QC-QMI  : qmi_qmux_open_connection: connection is disabled for conn_id=57
01-01 02:37:30.888   612   612 E QC-QMI  : qmi_qmux_tx_msg: failed to open inactive connd_id=57
01-01 02:37:30.888   612   612 E QC-QMI  : qmi_qmux: TX failed, connection inactive or in reset, conn_id=57, status_flags=4
01-01 02:37:30.888   612   612 E QC-QMI  : qmi_ctl_tx_msg: qmi_qmux_tx_msg failed
01-01 02:37:30.888   612   612 E QC-QMI  : qmi_ctl_handle_request: qmi_ctl_tx_msg call failed
01-01 02:37:30.889   612   612 E QC-QMI  : qmi_qmux_open_connection: connection is disabled for conn_id=57
01-01 02:37:30.890   612   612 E QC-QMI  : qmi_qmux_tx_msg: failed to open inactive connd_id=57
01-01 02:37:30.890   612   612 E QC-QMI  : qmi_qmux: TX failed, connection inactive or in reset, conn_id=57, status_flags=4
01-01 02:37:30.890   612   612 E QC-QMI  : qmi_ctl_tx_msg: qmi_qmux_tx_msg failed
01-01 02:37:30.890   612   612 E QC-QMI  : qmi_ctl_handle_request: qmi_ctl_tx_msg call failed
01-01 02:37:30.883   500   500 I thermal-engine: type=1400 audit(0.0:53): avc: denied { ioctl } for path="socket:[3581]" dev="sockfs" ino=3581 ioctlcmd=c302 scontext=u:r:init:s0 tcontext=u:r:init:s0 tclass=socket permissive=1
01-01 02:37:30.890   612   612 E QC-QMI  : qmi_qmux_open_connection: connection is disabled for conn_id=29
01-01 02:37:30.891   612   612 E QC-QMI  : qmi_qmux_tx_msg: failed to open inactive connd_id=29
01-01 02:37:30.891   612   612 E QC-QMI  : qmi_qmux: TX failed, connection inactive or in reset, conn_id=29, status_flags=4
01-01 02:37:30.891   612   612 E QC-QMI  : qmi_ctl_tx_msg: qmi_qmux_tx_msg failed
01-01 02:37:30.891   612   612 E QC-QMI  : qmi_ctl_handle_request: qmi_ctl_tx_msg call failed
01-01 02:37:30.891   612   612 E QC-QMI  : qmi_qmux_open_connection: connection is disabled for conn_id=29
01-01 02:37:30.891   612   612 E QC-QMI  : qmi_qmux_tx_msg: failed to open inactive connd_id=29
01-01 02:37:30.891   612   612 E QC-QMI  : qmi_qmux: TX failed, connection inactive or in reset, conn_id=29, status_flags=4
01-01 02:37:30.891   612   612 E QC-QMI  : qmi_ctl_tx_msg: qmi_qmux_tx_msg failed
01-01 02:37:30.891   612   612 E QC-QMI  : qmi_ctl_handle_request: qmi_ctl_tx_msg call failed
01-01 02:37:30.892   612   612 E QC-QMI  : qmi_qmux_open_connection: connection is disabled for conn_id=48
01-01 02:37:30.892   612   612 E QC-QMI  : qmi_qmux_tx_msg: failed to open inactive connd_id=48
01-01 02:37:30.892   612   612 E QC-QMI  : qmi_qmux: TX failed, connection inactive or in reset, conn_id=48, status_flags=4
01-01 02:37:30.892   612   612 E QC-QMI  : qmi_ctl_tx_msg: qmi_qmux_tx_msg failed
01-01 02:37:30.892   612   612 E QC-QMI  : qmi_ctl_handle_request: qmi_ctl_tx_msg call failed
01-01 02:37:30.892   612   612 E QC-QMI  : qmi_qmux_open_connection: connection is disabled for conn_id=48
01-01 02:37:30.893   612   612 E QC-QMI  : qmi_qmux_tx_msg: failed to open inactive connd_id=48
01-01 02:37:30.893   612   612 E QC-QMI  : qmi_qmux: TX failed, connection inactive or in reset, conn_id=48, status_flags=4
01-01 02:37:30.893   612   612 E QC-QMI  : qmi_ctl_tx_msg: qmi_qmux_tx_msg failed
01-01 02:37:30.893   612   612 E QC-QMI  : qmi_ctl_handle_request: qmi_ctl_tx_msg call failed
01-01 02:37:30.893   612   612 E QC-QMI  : qmi_qmux_open_connection: connection is disabled for conn_id=57
01-01 02:37:30.893   612   612 E QC-QMI  : qmi_qmux_tx_msg: failed to open inactive connd_id=57
01-01 02:37:30.893   612   612 E QC-QMI  : qmi_qmux: TX failed, connection inactive or in reset, conn_id=57, status_flags=4
01-01 02:37:30.893   612   612 E QC-QMI  : qmi_ctl_tx_msg: qmi_qmux_tx_msg failed
01-01 02:37:30.893   612   612 E QC-QMI  : qmi_ctl_handle_request: qmi_ctl_tx_msg call failed
01-01 02:37:30.894   612   612 E QC-QMI  : qmi_qmux_open_connection: connection is disabled for conn_id=57
01-01 02:37:30.894   612   612 E QC-QMI  : qmi_qmux_tx_msg: failed to open inactive connd_id=57
01-01 02:37:30.894   612   612 E QC-QMI  : qmi_qmux: TX failed, connection inactive or in reset, conn_id=57, status_flags=4
01-01 02:37:30.894   612   612 E QC-QMI  : qmi_ctl_tx_msg: qmi_qmux_tx_msg failed
01-01 02:37:30.894   612   612 E QC-QMI  : qmi_ctl_handle_request: qmi_ctl_tx_msg call failed
01-01 02:37:30.895   612   612 E QC-QMI  : qmi_qmux_open_connection: connection is disabled for conn_id=29
01-01 02:37:30.895   612   612 E QC-QMI  : qmi_qmux_tx_msg: failed to open inactive connd_id=29
01-01 02:37:30.895   612   612 E QC-QMI  : qmi_qmux: TX failed, connection inactive or in reset, conn_id=29, status_flags=4
01-01 02:37:30.895   612   612 E QC-QMI  : qmi_ctl_tx_msg: qmi_qmux_tx_msg failed
01-01 02:37:30.895   612   612 E QC-QMI  : qmi_ctl_handle_request: qmi_ctl_tx_msg call failed
01-01 02:37:30.895   612   612 E QC-QMI  : qmi_qmux_open_connection: connection is disabled for conn_id=29
01-01 02:37:30.895   612   612 E QC-QMI  : qmi_qmux_tx_msg: failed to open inactive connd_id=29
01-01 02:37:30.895   612   612 E QC-QMI  : qmi_qmux: TX failed, connection inactive or in reset, conn_id=29, status_flags=4
01-01 02:37:30.895   612   612 E QC-QMI  : qmi_ctl_tx_msg: qmi_qmux_tx_msg failed
01-01 02:37:30.895   612   612 E QC-QMI  : qmi_ctl_handle_request: qmi_ctl_tx_msg call failed
01-01 02:37:30.896   612   612 E QC-QMI  : qmi_qmux_open_connection: connection is disabled for conn_id=48
01-01 02:37:30.896   612   612 E QC-QMI  : qmi_qmux_tx_msg: failed to open inactive connd_id=48
01-01 02:37:30.896   612   612 E QC-QMI  : qmi_qmux: TX failed, connection inactive or in reset, conn_id=48, status_flags=4
01-01 02:37:30.896   612   612 E QC-QMI  : qmi_ctl_tx_msg: qmi_qmux_tx_msg failed
01-01 02:37:30.896   612   612 E QC-QMI  : qmi_ctl_handle_request: qmi_ctl_tx_msg call failed
01-01 02:37:30.897   612   612 E QC-QMI  : qmi_qmux_open_connection: connection is disabled for conn_id=48
01-01 02:37:30.897   612   612 E QC-QMI  : qmi_qmux_tx_msg: failed to open inactive connd_id=48
01-01 02:37:30.897   612   612 E QC-QMI  : qmi_qmux: TX failed, connection inactive or in reset, conn_id=48, status_flags=4
01-01 02:37:30.897   612   612 E QC-QMI  : qmi_ctl_tx_msg: qmi_qmux_tx_msg failed
01-01 02:37:30.897   612   612 E QC-QMI  : qmi_ctl_handle_request: qmi_ctl_tx_msg call failed
01-01 02:37:30.897   612   612 E QC-QMI  : qmi_qmux_open_connection: connection is disabled for conn_id=57
01-01 02:37:30.897   612   612 E QC-QMI  : qmi_qmux_tx_msg: failed to open inactive connd_id=57
01-01 02:37:30.897   612   612 E QC-QMI  : qmi_qmux: TX failed, connection inactive or in reset, conn_id=57, status_flags=4
01-01 02:37:30.897   612   612 E QC-QMI  : qmi_ctl_tx_msg: qmi_qmux_tx_msg failed
01-01 02:37:30.897   612   612 E QC-QMI  : qmi_ctl_handle_request: qmi_ctl_tx_msg call failed
01-01 02:37:30.898   612   612 E QC-QMI  : qmi_qmux_open_connection: connection is disabled for conn_id=57
01-01 02:37:30.898   612   612 E QC-QMI  : qmi_qmux_tx_msg: failed to open inactive connd_id=57
01-01 02:37:30.898   612   612 E QC-QMI  : qmi_qmux: TX failed, connection inactive or in reset, conn_id=57, status_flags=4
01-01 02:37:30.898   612   612 E QC-QMI  : qmi_ctl_tx_msg: qmi_qmux_tx_msg failed
01-01 02:37:30.898   612   612 E QC-QMI  : qmi_ctl_handle_request: qmi_ctl_tx_msg call failed
01-01 02:37:30.883   500   500 I thermal-engine: type=1400 audit(0.0:55): avc: denied { create } for scontext=u:r:init:s0 tcontext=u:r:init:s0 tclass=socket permissive=1
01-01 02:37:30.899   612   612 E QC-QMI  : qmi_qmux_open_connection: connection is disabled for conn_id=29
01-01 02:37:30.899   612   612 E QC-QMI  : qmi_qmux_tx_msg: failed to open inactive connd_id=29
01-01 02:37:30.899   612   612 E QC-QMI  : qmi_qmux: TX failed, connection inactive or in reset, conn_id=29, status_flags=4
01-01 02:37:30.899   612   612 E QC-QMI  : qmi_ctl_tx_msg: qmi_qmux_tx_msg failed
01-01 02:37:30.900   612   612 E QC-QMI  : qmi_ctl_handle_request: qmi_ctl_tx_msg call failed
01-01 02:37:30.883   506   506 I thermal-engine: type=1400 audit(0.0:54): avc: denied { create } for scontext=u:r:init:s0 tcontext=u:r:init:s0 tclass=socket permissive=1
01-01 02:37:30.900   612   612 E QC-QMI  : qmi_qmux_open_connection: connection is disabled for conn_id=29
01-01 02:37:30.900   612   612 E QC-QMI  : qmi_qmux_tx_msg: failed to open inactive connd_id=29
01-01 02:37:30.900   612   612 E QC-QMI  : qmi_qmux: TX failed, connection inactive or in reset, conn_id=29, status_flags=4
01-01 02:37:30.900   612   612 E QC-QMI  : qmi_ctl_tx_msg: qmi_qmux_tx_msg failed
01-01 02:37:30.900   612   612 E QC-QMI  : qmi_ctl_handle_request: qmi_ctl_tx_msg call failed
01-01 02:37:30.901   612   612 E QC-QMI  : qmi_qmux_open_connection: connection is disabled for conn_id=48
01-01 02:37:30.901   612   612 E QC-QMI  : qmi_qmux_tx_msg: failed to open inactive connd_id=48
01-01 02:37:30.901   612   612 E QC-QMI  : qmi_qmux: TX failed, connection inactive or in reset, conn_id=48, status_flags=4
01-01 02:37:30.901   612   612 E QC-QMI  : qmi_ctl_tx_msg: qmi_qmux_tx_msg failed
01-01 02:37:30.901   612   612 E QC-QMI  : qmi_ctl_handle_request: qmi_ctl_tx_msg call failed
01-01 02:37:30.901   612   612 E QC-QMI  : qmi_qmux_open_connection: connection is disabled for conn_id=48
01-01 02:37:30.901   612   612 E QC-QMI  : qmi_qmux_tx_msg: failed to open inactive connd_id=48
01-01 02:37:30.901   612   612 E QC-QMI  : qmi_qmux: TX failed, connection inactive or in reset, conn_id=48, status_flags=4
01-01 02:37:30.901   612   612 E QC-QMI  : qmi_ctl_tx_msg: qmi_qmux_tx_msg failed
01-01 02:37:30.902   612   612 E QC-QMI  : qmi_ctl_handle_request: qmi_ctl_tx_msg call failed
01-01 02:37:30.902   612   612 E QC-QMI  : qmi_qmux_open_connection: connection is disabled for conn_id=57
01-01 02:37:30.902   612   612 E QC-QMI  : qmi_qmux_tx_msg: failed to open inactive connd_id=57
01-01 02:37:30.902   612   612 E QC-QMI  : qmi_qmux: TX failed, connection inactive or in reset, conn_id=57, status_flags=4
01-01 02:37:30.902   612   612 E QC-QMI  : qmi_ctl_tx_msg: qmi_qmux_tx_msg failed
01-01 02:37:30.902   612   612 E QC-QMI  : qmi_ctl_handle_request: qmi_ctl_tx_msg call failed
01-01 02:37:30.902   612   612 E QC-QMI  : qmi_qmux_open_connection: connection is disabled for conn_id=57
01-01 02:37:30.902   612   612 E QC-QMI  : qmi_qmux_tx_msg: failed to open inactive connd_id=57
01-01 02:37:30.903   612   612 E QC-QMI  : qmi_qmux: TX failed, connection inactive or in reset, conn_id=57, status_flags=4
01-01 02:37:30.903   612   612 E QC-QMI  : qmi_ctl_tx_msg: qmi_qmux_tx_msg failed
01-01 02:37:30.903   612   612 E QC-QMI  : qmi_ctl_handle_request: qmi_ctl_tx_msg call failed
01-01 02:37:30.903   465   506 I ThermalEngine: qmi: Instance id 157 for fusion TS
01-01 02:37:30.903   612   612 E QC-QMI  : qmi_qmux_open_connection: connection is disabled for conn_id=29
01-01 02:37:30.903   612   612 E QC-QMI  : qmi_qmux_tx_msg: failed to open inactive connd_id=29
01-01 02:37:30.903   612   612 E QC-QMI  : qmi_qmux: TX failed, connection inactive or in reset, conn_id=29, status_flags=4
01-01 02:37:30.904   612   612 E QC-QMI  : qmi_ctl_tx_msg: qmi_qmux_tx_msg failed
01-01 02:37:30.904   612   612 E QC-QMI  : qmi_ctl_handle_request: qmi_ctl_tx_msg call failed
01-01 02:37:30.904   612   612 E QC-QMI  : qmi_qmux_open_connection: connection is disabled for conn_id=29
01-01 02:37:30.904   612   612 E QC-QMI  : qmi_qmux_tx_msg: failed to open inactive connd_id=29
01-01 02:37:30.904   612   612 E QC-QMI  : qmi_qmux: TX failed, connection inactive or in reset, conn_id=29, status_flags=4
01-01 02:37:30.904   612   612 E QC-QMI  : qmi_ctl_tx_msg: qmi_qmux_tx_msg failed
01-01 02:37:30.904   612   612 E QC-QMI  : qmi_ctl_handle_request: qmi_ctl_tx_msg call failed
01-01 02:37:30.905   612   612 E QC-QMI  : qmi_qmux_open_connection: connection is disabled for conn_id=48
01-01 02:37:30.905   612   612 E QC-QMI  : qmi_qmux_tx_msg: failed to open inactive connd_id=48
01-01 02:37:30.905   612   612 E QC-QMI  : qmi_qmux: TX failed, connection inactive or in reset, conn_id=48, status_flags=4
01-01 02:37:30.905   612   612 E QC-QMI  : qmi_ctl_tx_msg: qmi_qmux_tx_msg failed
01-01 02:37:30.905   612   612 E QC-QMI  : qmi_ctl_handle_request: qmi_ctl_tx_msg call failed
01-01 02:37:30.905   612   612 E QC-QMI  : qmi_qmux_open_connection: connection is disabled for conn_id=48
01-01 02:37:30.905   612   612 E QC-QMI  : qmi_qmux_tx_msg: failed to open inactive connd_id=48
01-01 02:37:30.905   612   612 E QC-QMI  : qmi_qmux: TX failed, connection inactive or in reset, conn_id=48, status_flags=4
01-01 02:37:30.905   612   612 E QC-QMI  : qmi_ctl_tx_msg: qmi_qmux_tx_msg failed
01-01 02:37:30.905   612   612 E QC-QMI  : qmi_ctl_handle_request: qmi_ctl_tx_msg call failed
01-01 02:37:30.905   612   612 E QC-QMI  : qmi_qmux_open_connection: connection is disabled for conn_id=57
01-01 02:37:30.905   612   612 E QC-QMI  : qmi_qmux_tx_msg: failed to open inactive connd_id=57
01-01 02:37:30.906   612   612 E QC-QMI  : qmi_qmux: TX failed, connection inactive or in reset, conn_id=57, status_flags=4
01-01 02:37:30.906   612   612 E QC-QMI  : qmi_ctl_tx_msg: qmi_qmux_tx_msg failed
01-01 02:37:30.906   612   612 E QC-QMI  : qmi_ctl_handle_request: qmi_ctl_tx_msg call failed
01-01 02:37:30.906   612   612 E QC-QMI  : qmi_qmux_open_connection: connection is disabled for conn_id=29
01-01 02:37:30.906   612   612 E QC-QMI  : qmi_qmux_tx_msg: failed to open inactive connd_id=29
01-01 02:37:30.906   612   612 E QC-QMI  : qmi_qmux: TX failed, connection inactive or in reset, conn_id=29, status_flags=4
01-01 02:37:30.906   612   612 E QC-QMI  : qmi_ctl_tx_msg: qmi_qmux_tx_msg failed
01-01 02:37:30.906   612   612 E QC-QMI  : qmi_ctl_handle_request: qmi_ctl_tx_msg call failed
01-01 02:37:30.906   612   612 E QC-QMI  : qmi_qmux_open_connection: connection is disabled for conn_id=29
01-01 02:37:30.906   612   612 E QC-QMI  : qmi_qmux_tx_msg: failed to open inactive connd_id=29
01-01 02:37:30.906   612   612 E QC-QMI  : qmi_qmux: TX failed, connection inactive or in reset, conn_id=29, status_flags=4
01-01 02:37:30.906   612   612 E QC-QMI  : qmi_ctl_tx_msg: qmi_qmux_tx_msg failed
01-01 02:37:30.906   612   612 E QC-QMI  : qmi_ctl_handle_request: qmi_ctl_tx_msg call failed
01-01 02:37:30.906   612   612 E QC-QMI  : qmi_qmux_open_connection: connection is disabled for conn_id=57
01-01 02:37:30.906   612   612 E QC-QMI  : qmi_qmux_tx_msg: failed to open inactive connd_id=57
01-01 02:37:30.906   612   612 E QC-QMI  : qmi_qmux: TX failed, connection inactive or in reset, conn_id=57, status_flags=4
01-01 02:37:30.906   612   612 E QC-QMI  : qmi_ctl_tx_msg: qmi_qmux_tx_msg failed
01-01 02:37:30.906   612   612 E QC-QMI  : qmi_ctl_handle_request: qmi_ctl_tx_msg call failed
01-01 02:37:30.907   612   612 E QC-QMI  : qmi_qmux_open_connection: connection is disabled for conn_id=29
01-01 02:37:30.907   612   612 E QC-QMI  : qmi_qmux_tx_msg: failed to open inactive connd_id=29
01-01 02:37:30.907   612   612 E QC-QMI  : qmi_qmux: TX failed, connection inactive or in reset, conn_id=29, status_flags=4
01-01 02:37:30.907   612   612 E QC-QMI  : qmi_ctl_tx_msg: qmi_qmux_tx_msg failed
01-01 02:37:30.907   612   612 E QC-QMI  : qmi_ctl_handle_request: qmi_ctl_tx_msg call failed
