01-30 02:37:24.356   460   460 I irsc_util: file_parser Number of element :3
01-30 02:37:24.356   460   460 I irsc_util: file_parser Number of element :3
01-30 02:37:24.356   460   460 I irsc_util: file_parser Number of element :3
01-30 02:37:24.356   460   460 I irsc_util: file_parser Number of element :3
01-30 02:37:24.356   460   460 I irsc_util: file_parser Number of element :3
01-30 02:37:24.356   460   460 I irsc_util: file_parser Number of element :3
01-30 02:37:24.356   460   460 I irsc_util: file_parser Number of element :3
01-30 02:37:24.356   460   460 I irsc_util: file_parser Number of element :3
01-30 02:37:24.356   460   460 I irsc_util: file_parser Number of element :3
01-30 02:37:24.356   460   460 I irsc_util: file_parser Number of element :3
01-30 02:37:24.356   460   460 I irsc_util: file_parser Number of element :3
01-30 02:37:24.356   460   460 I irsc_util: file_parser Number of element :3
01-30 02:37:24.356   460   460 I irsc_util: file_parser Number of element :3
01-30 02:37:24.356   460   460 I irsc_util: file_parser Number of element :3
01-30 02:37:24.356   460   460 I irsc_util: file_parser Number of element :3
01-30 02:37:24.356   460   460 I irsc_util: file_parser Number of element :3
01-30 02:37:24.356   460   460 I irsc_util: file_parser Number of element :3
01-30 02:37:24.356   460   460 I irsc_util: file_parser Number of element :3
01-30 02:37:24.356   460   460 I irsc_util: file_parser Number of element :3
01-30 02:37:24.356   460   460 I irsc_util: file_parser Number of element :3
01-30 02:37:24.356   460   460 I irsc_util: file_parser Number of element :3
01-30 02:37:24.356   460   460 I irsc_util: file_parser Number of element :3
01-30 02:37:24.356   460   460 I irsc_util: file_parser Number of element :3
01-30 02:37:24.356   460   460 I irsc_util: file_parser Number of element :3
01-30 02:37:24.356   460   460 I irsc_util: file_parser Number of element :3
01-30 02:37:24.356   460   460 I irsc_util: file_parser Number of element :3
01-30 02:37:24.356   460   460 I irsc_util: file_parser Number of element :3
01-30 02:37:24.356   460   460 I irsc_util: file_parser Number of element :3
01-30 02:37:24.356   460   460 I irsc_util: file_parser Number of element :3
01-30 02:37:24.356   460   460 I irsc_util: file_parser Number of element :3
01-30 02:37:24.356   460   460 I irsc_util: file_parser Number of element :3
01-30 02:37:24.357   460   460 I irsc_util: file_parser Number of element :3
01-30 02:37:24.357   460   460 I irsc_util: file_parser Number of element :3
01-30 02:37:24.357   460   460 I irsc_util: file_parser Number of element :3
01-30 02:37:24.357   460   460 I irsc_util: file_parser Number of element :3
01-30 02:37:24.357   460   460 I irsc_util: file_parser Number of element :3
01-30 02:37:24.357   460   460 I irsc_util: file_parser Number of element :3
01-30 02:37:24.357   460   460 I irsc_util: file_parser Number of element :3
01-30 02:37:24.357   460   460 I irsc_util: file_parser Number of element :3
01-30 02:37:24.357   460   460 I irsc_util: file_parser Number of element :3
01-30 02:37:24.357   460   460 I irsc_util: file_parser Number of element :3
01-30 02:37:24.357   460   460 I irsc_util: file_parser Number of element :3
01-30 02:37:24.357   460   460 I irsc_util: file_parser Number of element :3
01-30 02:37:24.357   460   460 I irsc_util: file_parser Number of element :3
01-30 02:37:24.357   460   460 I irsc_util: file_parser Number of element :3
01-30 02:37:24.357   460   460 I irsc_util: file_parser Number of element :3
01-30 02:37:24.357   460   460 I irsc_util: file_parser Number of element :3
01-30 02:37:24.357   460   460 I irsc_util: file_parser Number of element :3
01-30 02:37:24.357   460   460 I irsc_util: file_parser Number of element :3
01-30 02:37:24.357   460   460 I irsc_util: file_parser Number of element :3
01-30 02:37:24.357   460   460 I irsc_util: file_parser Number of element :3
01-30 02:37:24.357   460   460 I irsc_util: file_parser Number of element :3
01-30 02:37:24.357   460   460 I irsc_util: file_parser Number of element :3
01-30 02:37:24.357   460   460 I irsc_util: file_parser Number of element :3
01-30 02:37:24.357   460   460 I irsc_util: file_parser Number of element :3
01-30 02:37:24.357   460   460 I irsc_util: file_parser Number of element :3
01-30 02:37:24.357   460   460 I irsc_util: file_parser Number of element :3
01-30 02:37:24.357   460   460 I irsc_util: file_parser Number of element :3
01-30 02:37:24.357   460   460 I irsc_util: file_parser Number of element :3
01-30 02:37:24.357   460   460 I irsc_util: file_parser Number of element :3
01-30 02:37:24.357   460   460 I irsc_util: file_parser Number of element :3
01-30 02:37:24.357   460   460 I irsc_util: file_parser Number of element :3
01-30 02:37:24.357   460   460 I irsc_util: file_parser Number of element :3
01-30 02:37:24.357   460   460 I irsc_util: file_parser Number of element :3
01-30 02:37:24.357   460   460 I irsc_util: file_parser Number of element :3
01-30 02:37:24.357   460   460 I irsc_util: file_parser Number of element :3
01-30 02:37:24.357   460   460 I irsc_util: file_parser Number of element :3
01-30 02:37:24.357   460   460 I irsc_util: file_parser Number of element :3
01-30 02:37:24.357   460   460 I irsc_util: file_parser Number of element :3
01-30 02:37:24.358   460   460 I irsc_util: file_parser Number of element :3
01-30 02:37:24.358   460   460 I irsc_util: file_parser Number of element :3
01-30 02:37:24.358   460   460 I irsc_util: file_parser Number of element :3
01-30 02:37:24.358   460   460 I irsc_util: file_parser Number of element :3
01-30 02:37:24.358   460   460 I irsc_util: file_parser Number of element :3
01-30 02:37:24.358   460   460 I irsc_util: file_parser Number of element :3
01-30 02:37:24.358   460   460 I irsc_util: file_parser Number of element :3
01-30 02:37:24.358   460   460 I irsc_util: file_parser Number of element :3
01-30 02:37:24.358   460   460 I irsc_util: file_parser Number of element :3
01-30 02:37:24.358   460   460 I irsc_util: file_parser Number of element :3
01-30 02:37:24.358   460   460 I irsc_util: file_parser Number of element :3
01-30 02:37:24.358   460   460 I irsc_util: file_parser Number of element :3
01-30 02:37:24.358   460   460 I irsc_util: file_parser Number of element :3
01-30 02:37:24.358   460   460 I irsc_util: file_parser Number of element :3
01-30 02:37:24.358   460   460 I irsc_util: file_parser Number of element :3
01-30 02:37:24.358   460   460 I irsc_util: file_parser Number of element :3
01-30 02:37:24.358   460   460 I irsc_util: file_parser Number of element :3
01-30 02:37:24.358   460   460 I irsc_util: file_parser Number of element :3
01-30 02:37:24.358   460   460 I irsc_util: file_parser Number of element :3
01-30 02:37:24.358   460   460 I irsc_util: file_parser Number of element :3
01-30 02:37:24.358   460   460 I irsc_util: file_parser Number of element :3
01-30 02:37:24.358   460   460 I irsc_util: file_parser Number of element :3
01-30 02:37:24.358   460   460 I irsc_util: file_parser Number of element :3
01-30 02:37:24.358   460   460 I irsc_util: file_parser Number of element :3
01-30 02:37:24.358   460   460 I irsc_util: file_parser Number of element :3
01-30 02:37:24.358   460   460 I irsc_util: file_parser Number of element :3
01-30 02:37:24.358   460   460 I irsc_util: file_parser Number of element :3
01-30 02:37:24.358   460   460 I irsc_util: file_parser Number of element :3
01-30 02:37:24.358   460   460 I irsc_util: file_parser Number of element :3
01-30 02:37:24.358   460   460 I irsc_util: file_parser Number of element :3
01-30 02:37:24.358   460   460 I irsc_util: file_parser Number of element :3
01-30 02:37:24.358   460   460 I irsc_util: file_parser Number of element :3
01-30 02:37:24.358   460   460 I irsc_util: file_parser Number of element :3
01-30 02:37:24.358   460   460 I irsc_util: file_parser Number of element :3
01-30 02:37:24.358   460   460 I irsc_util: file_parser Number of element :3
01-30 02:37:24.358   460   460 I irsc_util: file_parser Number of element :3
01-30 02:37:24.365   472   472 I gatekeeperd: Starting gatekeeperd...
01-30 02:37:24.366   460   460 I irsc_util: file_parser Number of element :3
01-30 02:37:24.366   460   460 I irsc_util: file_parser Number of element :3
01-30 02:37:24.366   460   460 I irsc_util: file_parser Number of element :3
01-30 02:37:24.366   460   460 I irsc_util: file_parser Number of element :3
01-30 02:37:24.366   460   460 I irsc_util: file_parser Number of element :3
01-30 02:37:24.366   460   460 I irsc_util: file_parser Number of element :3
01-30 02:37:24.366   460   460 I irsc_util: file_parser Number of element :3
01-30 02:37:24.366   460   460 I irsc_util: file_parser Number of element :3
01-30 02:37:24.366   460   460 I irsc_util: file_parser Number of element :3
01-30 02:37:24.366   460   460 I irsc_util: file_parser Number of element :3
01-30 02:37:24.366   460   460 I irsc_util: file_parser Number of element :3
01-30 02:37:24.366   460   460 I irsc_util: file_parser Number of element :3
01-30 02:37:24.366   460   460 I irsc_util: file_parser Number of element :3
01-30 02:37:24.366   460   460 I irsc_util: file_parser Number of element :3
01-30 02:37:24.366   460   460 I irsc_util: file_parser Number of element :3
01-30 02:37:24.366   460   460 I irsc_util: file_parser Number of element :3
01-30 02:37:24.366   460   460 I irsc_util: file_parser Number of element :3
01-30 02:37:24.366   460   460 I irsc_util: file_parser Number of element :3
01-30 02:37:24.366   460   460 I irsc_util: file_parser Number of element :3
01-30 02:37:24.366   460   460 I irsc_util: file_parser Number of element :3
01-30 02:37:24.366   460   460 I irsc_util: file_parser Number of element :3
01-30 02:37:24.366   460   460 I irsc_util: file_parser Number of element :3
01-30 02:37:24.366   460   460 I irsc_util: file_parser Number of element :3
01-30 02:37:24.366   460   460 I irsc_util: file_parser Number of element :3
01-30 02:37:24.366   460   460 I irsc_util: file_parser Number of element :3
01-30 02:37:24.366   460   460 I irsc_util: file_parser Number of element :3
01-30 02:37:24.366   460   460 I irsc_util: file_parser Number of element :3
01-30 02:37:24.366   460   460 I irsc_util: file_parser Number of element :0
01-30 02:37:24.366   460   460 I irsc_util: file_parser Invalid Format or Comment - '/* Allow RCS service to aquire net_raw permission */
01-30 02:37:24.366   460   460 I irsc_util: '
01-30 02:37:24.366   460   460 I irsc_util: file_parser Number of element :4
01-30 02:37:24.366   460   460 I irsc_util: file_parser Number of element :0
01-30 02:37:24.366   460   460 I irsc_util: file_parser Invalid Format or Comment - '/* Allow QMID service to aquire net_raw permission */
01-30 02:37:24.366   460   460 I irsc_util: '
01-30 02:37:24.366   460   460 I irsc_util: file_parser Number of element :4
01-30 02:37:24.366   460   460 I irsc_util: file_parser Number of element :4
01-30 02:37:24.367   460   460 I irsc_util: file_parser Number of element :4
01-30 02:37:24.367   460   460 I irsc_util: file_parser Number of element :4
01-30 02:37:24.367   460   460 I irsc_util: file_parser Number of element :4
01-30 02:37:24.367   460   460 I irsc_util: file_parser Number of element :5
01-30 02:37:24.367   460   460 I irsc_util: file_parser Number of element :4
01-30 02:37:24.367   460   460 I irsc_util: file_parser Number of element :4
01-30 02:37:24.367   460   460 I irsc_util: file_parser Number of element :4
01-30 02:37:24.367   460   460 I irsc_util: file_parser Number of element :0
01-30 02:37:24.367   460   460 I irsc_util: file_parser Invalid Format or Comment - '/* DPM */
01-30 02:37:24.367   460   460 I irsc_util: '
01-30 02:37:24.367   460   460 I irsc_util: file_parser Number of element :4
01-30 02:37:24.367   460   460 I irsc_util: file_parser Number of element :0
01-30 02:37:24.367   460   460 I irsc_util: file_parser Invalid Format or Comment - '/* Allow dpmd to access QMI DFS */
01-30 02:37:24.367   460   460 I irsc_util: '
01-30 02:37:24.367   460   460 I irsc_util: file_parser Number of element :4
01-30 02:37:24.367   460   460 I irsc_util: file_parser Number of element :0
01-30 02:37:24.367   460   460 I irsc_util: file_parser Invalid Format or Comment - '/* DIAG */
01-30 02:37:24.367   460   460 I irsc_util: '
01-30 02:37:24.367   460   460 I irsc_util: file_parser Number of element :3
01-30 02:37:24.367   460   460 I irsc_util: Feed the sec config info to the router
01-30 02:37:24.367   460   460 I irsc_util: Num of entries:274
01-30 02:37:24.391   549   549 I perfprofd: starting Android Wide Profiling daemon
01-30 02:37:24.391   549   549 E perfprofd: unable to open configuration file /data/data/com.google.android.gms/files/perfprofd.conf
01-30 02:37:24.391   549   549 I perfprofd: random seed set to 3902513019
01-30 02:37:24.395   482   482 D QSEECOMAPI: : app_arch = 1, total_files = 5
--------- beginning of crash
01-30 02:37:24.402   568   568 F libc    : page record for 0x7fa7e42090 was not found (block_size=128)
01-30 02:37:24.412   574   574 I ssr_setup: Using persist.sys.ssr.restart_level for ssr_setup
01-30 02:37:24.412   574   574 E ssr_setup: No subsys found with name 3
01-30 02:37:24.412   574   574 E ssr_setup: Argument list does not match any know subsystem
01-30 02:37:24.432   565   565 F libc    : page record for 0x7f9a6d4090 was not found (block_size=128)
01-30 02:37:24.444   586   586 E PerMgrProxy: Starting pm-proxy service
01-30 02:37:24.445   586   586 I libmdmdetect: ESOC framework not supported
01-30 02:37:24.445   586   586 I libmdmdetect: Found internal modem: modem
01-30 02:37:24.445   586   586 I libmdmdetect: modem subsystem found
01-30 02:37:24.445   586   586 I PerMgrProxy: Found internal modem
01-30 02:37:24.459   592   592 E Diag_Lib: qpLogDiagInit <== result : 1
01-30 02:37:24.459   592   592 E Diag_Lib: DATAD : gIsQXDMDisabled 0, gIsADBDisabled 1, gIsDebugDisabled 0, gIsIMSLogsDisabled 0
01-30 02:37:24.484   454   454 I keystore: Found keymaster0 module Keymaster QCOM HAL, version 3
01-30 02:37:24.484   454   454 I SoftKeymaster: system/keymaster/soft_keymaster_device.cpp, Line 122: Creating device
01-30 02:37:24.484   454   454 D SoftKeymaster: system/keymaster/soft_keymaster_device.cpp, Line 123: Device address: 0x55a4963840
01-30 02:37:24.485   454   454 D QSEECOMAPI: : QSEECom_get_handle sb_length = 0x2000
01-30 02:37:24.485   454   454 D QSEECOMAPI: : App is not loaded in QSEE
01-30 02:37:24.486   454   454 E QSEECOMAPI: : Error::Cannot open the file /vendor/firmware/keymaster/keymaster.mdt
01-30 02:37:24.486   454   454 E QSEECOMAPI: : Error::Loading image failed with ret = -1
01-30 02:37:24.486   454   454 D QSEECOMAPI: : QSEECom_get_handle sb_length = 0x2000
01-30 02:37:24.486   454   454 D QSEECOMAPI: : App is not loaded in QSEE
01-30 02:37:24.486   454   454 E QSEECOMAPI: : Error::Cannot open the file /firmware/image/keymaste.mdt
01-30 02:37:24.486   454   454 E QSEECOMAPI: : Error::Loading image failed with ret = -1
01-30 02:37:24.487   454   454 E QCOMKeyMaster: Loading keymaster app failed
01-30 02:37:24.487   454   454 E keystore: Error opening keystore keymaster0 device.
01-30 02:37:24.487   454   454 E keystore: keystore keymaster could not be initialized; exiting
01-30 02:37:24.496   551   551 F libc    : page record for 0x7fa5d3e090 was not found (block_size=128)
01-30 02:37:24.509   550   550 F libc    : page record for 0x7f95ec2090 was not found (block_size=128)
01-30 02:37:24.521   640   640 I MSM-irqbalance: msm-irq_balance (1.3) initialized
01-30 02:37:24.521   640   640 I MSM-irqbalance: Configuration
01-30 02:37:24.521   640   640 I MSM-irqbalance: Rate: 0.2 Hz
01-30 02:37:24.521   640   640 I MSM-irqbalance: Decay Factor: 75.0
01-30 02:37:24.521   640   640 I MSM-irqbalance: Balancing Factor: 0.1
01-30 02:37:24.521   640   640 I MSM-irqbalance: Debug Log: OFF
01-30 02:37:24.521   640   640 I MSM-irqbalance: Cfg file: /system/vendor/etc/msm_irqbalance.conf
01-30 02:37:24.521   640   640 I MSM-irqbalance: CPU PRIO: CPU0: 0 CPU1: 0 CPU2: 0 CPU3: 0 CPU4: 1 CPU5: 1 CPU6: 1 CPU7: 1 
01-30 02:37:24.521   640   640 I MSM-irqbalance: Ignored IRQs: 20 39 
01-30 02:37:24.524   569   569 I fingerprintd: Starting fingerprintd
01-30 02:37:24.551   446   446 I DEBUG   : debuggerd: starting
01-30 02:37:24.775   570   570 F libc    : page record for 0xf760900c was not found (block_size=128)
01-30 02:37:24.887   451   451 V MediaUtils: physMem: 2957189120
01-30 02:37:24.887   451   451 V MediaUtils: requested limit: 1922172915
01-30 02:37:24.887   451   451 V MediaUtils: actual limit: 1922172915
01-30 02:37:24.887   451   451 V MediaUtils: original limits: 4294967295/4294967295
01-30 02:37:24.887   451   451 V MediaUtils: new limits: 1922172915/4294967295
01-30 02:37:24.925   572   572 V AudioDaemonMain: Audio daemon starting sequence..
01-30 02:37:24.967   712   712 I qcom-bluetooth: /system/etc/init.qcom.bt.sh: Bluetooth stack is Bluedroid 
01-30 02:37:25.030   448   448 I libmdmdetect: ESOC framework not supported
01-30 02:37:25.031   448   448 I libmdmdetect: Found internal modem: modem
01-30 02:37:25.031   448   448 I libmdmdetect: modem subsystem found
01-30 02:37:25.040   647   647 I libmdmdetect: ESOC framework not supported
01-30 02:37:25.040   647   647 I libmdmdetect: Found internal modem: modem
01-30 02:37:25.040   647   647 I libmdmdetect: modem subsystem found
01-30 02:37:25.137   435   435 I SurfaceFlinger: SurfaceFlinger is starting
01-30 02:37:25.137   472   472 W gatekeeperd: falling back to software GateKeeper
01-30 02:37:25.138   435   435 E SchedPolicy: /system/bin/surfaceflinger add_tid_to_cgroup failed; fd=-1
01-30 02:37:25.138   435   435 I SurfaceFlinger: SurfaceFlinger's main thread ready to run. Initializing graphics H/W...
01-30 02:37:25.138   571   571 D QC-time-services: Daemon:genoff_pre_init::Base = 0
01-30 02:37:25.138   571   571 D QC-time-services: Daemon:ats_rtc_init: Time read from RTC -- year = 70, month = 0,day = 30
01-30 02:37:25.139   443   493 D PerMgrSrv: modem state: is off-line, add client PM-PROXY-THREAD
01-30 02:37:25.139   571   571 D QC-time-services: Daemon:Value read from RTC seconds = 2554645000
01-30 02:37:25.139   443   493 D PerMgrSrv: PM-PROXY-THREAD registered
01-30 02:37:25.139   571   571 D QC-time-services: Daemon:genoff_init_config: ATS_RTC initialized with rc: 0
01-30 02:37:25.139   458   458 E QCOMSysDaemon: Can't find/open bootselect node: (No such file or directory)
01-30 02:37:25.139   571   571 D QC-time-services: Daemon:genoff_pre_init::Base = 1
01-30 02:37:25.139   571   571 D QC-time-services: Daemon: Storage Name: ats_1 
01-30 02:37:25.139   571   571 D QC-time-services: Daemon:Opening File: /data/time/ats_1
01-30 02:37:25.139   458   458 I QCOMSysDaemon: Starting qcom system daemon
01-30 02:37:25.139   571   571 D QC-time-services: Daemon:time_persistent_memory_opr:Genoff Read operation 
01-30 02:37:25.140   586   586 D PerMgrLib: PM-PROXY-THREAD successfully registered for modem
01-30 02:37:25.140   586   586 I PerMgrProxy: pm-proxy-thread Voting for internal modem
01-30 02:37:25.140   586   586 D PerMgrLib: PM-PROXY-THREAD voting for modem
01-30 02:37:25.140   571   571 D QC-time-services: Daemon:genoff_pre_init::Base = 2
01-30 02:37:25.140   571   571 D QC-time-services: Daemon: Storage Name: ats_2 
01-30 02:37:25.140   467   467 I wcnss_service: wcnss_read_and_store_cal_data trying to read cal
01-30 02:37:25.140   571   571 D QC-time-services: Daemon:Opening File: /data/time/ats_2
01-30 02:37:25.140   443   496 D PerMgrSrv: PM-PROXY-THREAD voting for modem
01-30 02:37:25.140   571   571 D QC-time-services: Daemon:time_persistent_memory_opr:Genoff Read operation 
01-30 02:37:25.140   572   572 V AudioDaemon: Start audiod daemon
01-30 02:37:25.140   443   496 D PerMgrSrv: modem new state: going on-line
01-30 02:37:25.140   443   496 D PerMgrSrv: modem num voters is 1
01-30 02:37:25.141   451   451 I mediaserver: ServiceManager: 0xab3a2c00
01-30 02:37:25.141   451   451 I AudioFlinger: Using default 3000 mSec as standby time.
01-30 02:37:25.141   571   571 D QC-time-services: Daemon:genoff_pre_init::Base = 3
01-30 02:37:25.141   571   571 D QC-time-services: Daemon: Storage Name: ats_3 
01-30 02:37:25.141   571   571 D QC-time-services: Daemon:Opening File: /data/time/ats_3
01-30 02:37:25.141   571   571 D QC-time-services: Daemon:time_persistent_memory_opr:Genoff Read operation 
01-30 02:37:25.141   571   571 D QC-time-services: Daemon:Unable to open filefor read
01-30 02:37:25.141   696   696 E QC-QMI  : qmi_client [696]: unable to connect to server, errno=[2:No such file or directory], attempt=1
01-30 02:37:25.141   571   571 D QC-time-services: Daemon:genoff_post_init:Error in accessing storage
01-30 02:37:25.141   571   571 D QC-time-services: Daemon:genoff_pre_init::Base = 4
01-30 02:37:25.141   571   571 D QC-time-services: Daemon: Storage Name: ats_4 
01-30 02:37:25.141   571   571 D QC-time-services: Daemon:Opening File: /data/time/ats_4
01-30 02:37:25.141   571   571 D QC-time-services: Daemon:time_persistent_memory_opr:Genoff Read operation 
01-30 02:37:25.141   571   571 D QC-time-services: Daemon:Unable to open filefor read
01-30 02:37:25.141   443   493 D PerMgrSrv: modem state: going on-line, add client QCRIL
01-30 02:37:25.141   571   571 D QC-time-services: Daemon:genoff_post_init:Error in accessing storage
01-30 02:37:25.142   443   493 D PerMgrSrv: QCRIL registered
01-30 02:37:25.142   571   571 D QC-time-services: Daemon:genoff_pre_init::Base = 5
01-30 02:37:25.142   571   571 D QC-time-services: Daemon: Storage Name: ats_5 
01-30 02:37:25.142   571   571 D QC-time-services: Daemon:Opening File: /data/time/ats_5
01-30 02:37:25.142   571   571 D QC-time-services: Daemon:time_persistent_memory_opr:Genoff Read operation 
01-30 02:37:25.142   571   571 D QC-time-services: Daemon:Unable to open filefor read
01-30 02:37:25.142   571   571 D QC-time-services: Daemon:genoff_post_init:Error in accessing storage
01-30 02:37:25.142   571   571 D QC-time-services: Daemon:genoff_pre_init::Base = 6
01-30 02:37:25.142   571   571 D QC-time-services: Daemon: Storage Name: ats_6 
01-30 02:37:25.142   451   451 E BatteryNotifier: batterystats service unavailable!
01-30 02:37:25.142   571   571 D QC-time-services: Daemon:Opening File: /data/time/ats_6
01-30 02:37:25.142   448   448 D PerMgrLib: QCRIL successfully registered for modem
01-30 02:37:25.142   571   571 D QC-time-services: Daemon:time_persistent_memory_opr:Genoff Read operation 
01-30 02:37:25.142   571   571 D QC-time-services: Daemon:Unable to open filefor read
01-30 02:37:25.142   571   571 D QC-time-services: Daemon:genoff_post_init:Error in accessing storage
01-30 02:37:25.142   451   451 E BatteryNotifier: batterystats service unavailable!
01-30 02:37:25.142   571   571 D QC-time-services: Daemon:genoff_pre_init::Base = 7
01-30 02:37:25.142   571   571 D QC-time-services: Daemon: Storage Name: ats_7 
01-30 02:37:25.142   571   571 D QC-time-services: Daemon:Opening File: /data/time/ats_7
01-30 02:37:25.142   571   571 D QC-time-services: Daemon:time_persistent_memory_opr:Genoff Read operation 
01-30 02:37:25.142   571   571 D QC-time-services: Daemon:Unable to open filefor read
01-30 02:37:25.142   571   571 D QC-time-services: Daemon:genoff_post_init:Error in accessing storage
01-30 02:37:25.142   571   571 D QC-time-services: Daemon:genoff_pre_init::Base = 8
01-30 02:37:25.142   571   571 D QC-time-services: Daemon: Storage Name: ats_8 
01-30 02:37:25.142   571   571 D QC-time-services: Daemon:Opening File: /data/time/ats_8
01-30 02:37:25.142   571   571 D QC-time-services: Daemon:time_persistent_memory_opr:Genoff Read operation 
01-30 02:37:25.142   571   571 D QC-time-services: Daemon:Unable to open filefor read
01-30 02:37:25.142   571   571 D QC-time-services: Daemon:genoff_post_init:Error in accessing storage
01-30 02:37:25.142   571   571 D QC-time-services: Daemon:genoff_pre_init::Base = 9
01-30 02:37:25.142   571   571 D QC-time-services: Daemon: Storage Name: ats_9 
01-30 02:37:25.142   571   571 D QC-time-services: Daemon:Opening File: /data/time/ats_9
01-30 02:37:25.142   571   571 D QC-time-services: Daemon:time_persistent_memory_opr:Genoff Read operation 
01-30 02:37:25.142   571   571 D QC-time-services: Daemon:Unable to open filefor read
01-30 02:37:25.142   572   743 V AudioDaemon: readyToRun: open snd card state node files
01-30 02:37:25.142   571   571 D QC-time-services: Daemon:genoff_post_init:Error in accessing storage
01-30 02:37:25.142   571   571 D QC-time-services: Daemon:genoff_pre_init::Base = 10
01-30 02:37:25.142   572   743 V AudioDaemon: Start threadLoop()
01-30 02:37:25.142   571   571 D QC-time-services: Daemon: Storage Name: ats_10 
01-30 02:37:25.142   571   571 D QC-time-services: Daemon:Opening File: /data/time/ats_10
01-30 02:37:25.142   571   571 D QC-time-services: Daemon:time_persistent_memory_opr:Genoff Read operation 
01-30 02:37:25.142   571   571 D QC-time-services: Daemon:Unable to open filefor read
01-30 02:37:25.143   571   571 D QC-time-services: Daemon:genoff_post_init:Error in accessing storage
01-30 02:37:25.143   571   571 D QC-time-services: Daemon:genoff_pre_init::Base = 11
01-30 02:37:25.143   571   571 D QC-time-services: Daemon: Storage Name: ats_11 
01-30 02:37:25.143   571   571 D QC-time-services: Daemon:Opening File: /data/time/ats_11
01-30 02:37:25.143   572   743 D AudioDaemon: Opening sound card state : /proc/asound/card0/state
01-30 02:37:25.143   571   571 D QC-time-services: Daemon:time_persistent_memory_opr:Genoff Read operation 
01-30 02:37:25.143   571   571 D QC-time-services: Daemon:Unable to open filefor read
01-30 02:37:25.143   571   571 D QC-time-services: Daemon:genoff_post_init:Error in accessing storage
01-30 02:37:25.143   571   571 D QC-time-services: Daemon:genoff_pre_init::Base = 12
01-30 02:37:25.143   571   571 D QC-time-services: Daemon: Storage Name: ats_12 
01-30 02:37:25.143   571   571 D QC-time-services: Daemon:Opening File: /data/time/ats_12
01-30 02:37:25.143   572   743 V AudioDaemon: bool android::AudioDaemon::getStateFDs(std::__1::vector<std::__1::pair<int, int> >&): 1 sound cards detected
01-30 02:37:25.143   571   571 D QC-time-services: Daemon:time_persistent_memory_opr:Genoff Read operation 
01-30 02:37:25.143   571   571 D QC-time-services: Daemon:Unable to open filefor read
01-30 02:37:25.143   571   571 D QC-time-services: Daemon:genoff_post_init:Error in accessing storage
01-30 02:37:25.143   571   571 D QC-time-services: Daemon:genoff_pre_init::Base = 13
01-30 02:37:25.143   571   571 D QC-time-services: Daemon: Storage Name: ats_13 
01-30 02:37:25.143   571   571 D QC-time-services: Daemon:Opening File: /data/time/ats_13
01-30 02:37:25.143   571   571 D QC-time-services: Daemon:time_persistent_memory_opr:Genoff Read operation 
01-30 02:37:25.143   571   571 D QC-time-services: Daemon:Unable to open filefor read
01-30 02:37:25.143   571   571 D QC-time-services: Daemon:genoff_post_init:Error in accessing storage
01-30 02:37:25.143   571   571 D QC-time-services: Daemon:genoff_pre_init::Base = 14
01-30 02:37:25.143   572   743 V AudioDaemon: bool android::AudioDaemon::getDeviceEventFDs(): 0 audio device event detected
01-30 02:37:25.143   571   571 D QC-time-services: Daemon: Storage Name: ats_14 
01-30 02:37:25.143   451   451 I CameraService: CameraService started (pid=451)
01-30 02:37:25.143   571   571 D QC-time-services: Daemon:Opening File: /data/time/ats_14
01-30 02:37:25.143   572   743 E AudioDaemon: No audio device events detected
01-30 02:37:25.143   571   571 D QC-time-services: Daemon:time_persistent_memory_opr:Genoff Read operation 
01-30 02:37:25.143   571   571 D QC-time-services: Daemon:Unable to open filefor read
01-30 02:37:25.143   572   743 D AudioDaemon: Opening cpe0_state : /proc/asound/card0/cpe0_state
01-30 02:37:25.143   451   451 I CameraService: CameraService process starting
01-30 02:37:25.143   571   571 D QC-time-services: Daemon:genoff_post_init:Error in accessing storage
01-30 02:37:25.143   571   571 D QC-time-services: Daemon:genoff_init_config: Other bases initilized, exiting genoff_init
01-30 02:37:25.143   572   743 E AudioDaemon: CPE state open /proc/asound/card0/cpe0_state failed No such file or directory, Retrying 1
01-30 02:37:25.143   571   571 D QC-time-services: Daemon:rtc_get: Time read from RTC -- MM/DD/YY HH:MM:SS0/30/70 13:37:25
01-30 02:37:25.143   451   451 E BatteryNotifier: batterystats service unavailable!
01-30 02:37:25.143   571   571 D QC-time-services: Daemon:genoff_opr: Base = 1, val = 0, operation = 1
01-30 02:37:25.143   451   451 E BatteryNotifier: batterystats service unavailable!
01-30 02:37:25.143   571   571 D QC-time-services: Daemon: genoff get for 1
01-30 02:37:25.143   571   571 D QC-time-services: Daemon:rtc_get: Time read from RTC -- MM/DD/YY HH:MM:SS0/30/70 13:37:25
01-30 02:37:25.144   571   571 D QC-time-services: Daemon:Value read from RTC seconds = 2554645000
01-30 02:37:25.144   571   571 D QC-time-services: Daemon:Value read from generic offset = 1449100799804
01-30 02:37:25.144   571   571 D QC-time-services: Daemon:Final Time = 1451655444804
01-30 02:37:25.144   571   571 D QC-time-services: Daemon:genoff_boot_tod_init: Setting system time to sec =1451655444, nsec =804000000
02-28 16:14:39.778   389   389 I auditd  : type=1403 audit(0.0:2): policy loaded auid=4294967295 ses=4294967295
02-28 16:14:39.958     1     1 I init    : type=1400 audit(0.0:3): avc: denied { mounton } for path="/sys/kernel/debug" dev="debugfs" ino=1 scontext=u:r:init:s0 tcontext=u:object_r:debugfs:s0 tclass=dir permissive=1
02-28 16:14:42.128   416   416 I init    : type=1400 audit(0.0:4): avc: denied { execute_no_trans } for path="/init.qcom.early_boot.sh" dev="rootfs" ino=7761 scontext=u:r:init:s0 tcontext=u:object_r:rootfs:s0 tclass=file permissive=1
02-28 16:14:42.158   428   428 I getprop : type=1400 audit(0.0:5): avc: denied { write } for path="pipe:[3455]" dev="pipefs" ino=3455 scontext=u:r:toolbox:s0 tcontext=u:r:init:s0 tclass=fifo_file permissive=1
02-28 16:14:42.168   428   428 I getprop : type=1400 audit(0.0:6): avc: denied { getattr } for path="pipe:[3455]" dev="pipefs" ino=3455 scontext=u:r:toolbox:s0 tcontext=u:r:init:s0 tclass=fifo_file permissive=1
02-28 16:14:42.178   429   429 I setprop : type=1400 audit(0.0:7): avc: denied { write } for name="property_service" dev="tmpfs" ino=10572 scontext=u:r:toolbox:s0 tcontext=u:object_r:property_socket:s0 tclass=sock_file permissive=1
02-28 16:14:42.178   429   429 I setprop : type=1400 audit(0.0:8): avc: denied { connectto } for path="/dev/socket/property_service" scontext=u:r:toolbox:s0 tcontext=u:r:init:s0 tclass=unix_stream_socket permissive=1
02-28 16:14:42.278   442   442 I qseecomd: type=1400 audit(0.0:9): avc: denied { read write } for name="smem_log" dev="tmpfs" ino=10870 scontext=u:r:tee:s0 tcontext=u:object_r:smem_log_device:s0 tclass=chr_file permissive=1
02-28 16:14:42.278   442   442 I qseecomd: type=1400 audit(0.0:10): avc: denied { open } for path="/dev/smem_log" dev="tmpfs" ino=10870 scontext=u:r:tee:s0 tcontext=u:object_r:smem_log_device:s0 tclass=chr_file permissive=1
02-28 16:14:42.278   442   442 I qseecomd: type=1400 audit(0.0:11): avc: denied { ioctl } for path="/dev/smem_log" dev="tmpfs" ino=10870 ioctlcmd=3001 scontext=u:r:tee:s0 tcontext=u:object_r:smem_log_device:s0 tclass=chr_file permissive=1
02-28 16:14:42.278   478   478 I qseecomd: type=1400 audit(0.0:12): avc: denied { create } for scontext=u:r:tee:s0 tcontext=u:r:tee:s0 tclass=socket permissive=1
02-28 16:14:42.278   465   465 I init    : type=1400 audit(0.0:13): avc: denied { execute_no_trans } for path="/system/bin/thermal-engine" dev="mmcblk0p26" ino=499 scontext=u:r:init:s0 tcontext=u:object_r:system_file:s0 tclass=file permissive=1
02-28 16:14:42.278   478   478 I qseecomd: type=1400 audit(0.0:14): avc: denied { ioctl } for path="socket:[11476]" dev="sockfs" ino=11476 ioctlcmd=c302 scontext=u:r:tee:s0 tcontext=u:r:tee:s0 tclass=socket permissive=1
02-28 16:14:42.288   439   439 I sh      : type=1400 audit(0.0:15): avc: denied { getattr } for path="/system/bin/btnvtool" dev="mmcblk0p26" ino=185 scontext=u:r:qti_init_shell:s0 tcontext=u:object_r:btnvtool_exec:s0 tclass=file permissive=1
02-28 16:14:42.288   439   439 I sh      : type=1400 audit(0.0:16): avc: denied { execute } for name="btnvtool" dev="mmcblk0p26" ino=185 scontext=u:r:qti_init_shell:s0 tcontext=u:object_r:btnvtool_exec:s0 tclass=file permissive=1
02-28 16:14:42.298   478   478 I qseecomd: type=1400 audit(0.0:17): avc: denied { write } for name="qmux_radio" dev="tmpfs" ino=10976 scontext=u:r:tee:s0 tcontext=u:object_r:qmuxd_socket:s0 tclass=dir permissive=1
02-28 16:14:42.298   478   478 I qseecomd: type=1400 audit(0.0:18): avc: denied { add_name } for name=716D75785F636C69656E745F736F636B657420202020343738 scontext=u:r:tee:s0 tcontext=u:object_r:qmuxd_socket:s0 tclass=dir permissive=1
02-28 16:14:42.298   478   478 I qseecomd: type=1400 audit(0.0:19): avc: denied { create } for name=716D75785F636C69656E745F736F636B657420202020343738 scontext=u:r:tee:s0 tcontext=u:object_r:qmuxd_socket:s0 tclass=sock_file permissive=1
02-28 16:14:42.298   478   478 I qseecomd: type=1400 audit(0.0:20): avc: denied { setattr } for name=716D75785F636C69656E745F736F636B657420202020343738 dev="tmpfs" ino=8759 scontext=u:r:tee:s0 tcontext=u:object_r:qmuxd_socket:s0 tclass=sock_file permissive=1
02-28 16:14:42.298   478   478 I qseecomd: type=1400 audit(0.0:21): avc: denied { fsetid } for capability=4 scontext=u:r:tee:s0 tcontext=u:r:tee:s0 tclass=capability permissive=1
02-28 16:14:42.318   484   484 I sh      : type=1400 audit(0.0:22): avc: denied { read open } for path="/system/bin/btnvtool" dev="mmcblk0p26" ino=185 scontext=u:r:qti_init_shell:s0 tcontext=u:object_r:btnvtool_exec:s0 tclass=file permissive=1
02-28 16:14:42.318   484   484 I sh      : type=1400 audit(0.0:23): avc: denied { execute_no_trans } for path="/system/bin/btnvtool" dev="mmcblk0p26" ino=185 scontext=u:r:qti_init_shell:s0 tcontext=u:object_r:btnvtool_exec:s0 tclass=file permissive=1
02-28 16:14:42.338   465   465 I thermal-engine: type=1400 audit(0.0:24): avc: denied { write } for name="smem_log" dev="tmpfs" ino=10870 scontext=u:r:init:s0 tcontext=u:object_r:smem_log_device:s0 tclass=chr_file permissive=1
02-28 16:14:42.338   465   465 I thermal-engine: type=1400 audit(0.0:25): avc: denied { ioctl } for path="/dev/smem_log" dev="tmpfs" ino=10870 ioctlcmd=3001 scontext=u:r:init:s0 tcontext=u:object_r:smem_log_device:s0 tclass=chr_file permissive=1
02-28 16:14:42.338   465   465 I thermal-engine: type=1400 audit(0.0:26): avc: denied { write } for name="msm_thermal_query" dev="tmpfs" ino=10944 scontext=u:r:init:s0 tcontext=u:object_r:thermal_device:s0 tclass=chr_file permissive=1
02-28 16:14:42.338   500   500 I thermal-engine: type=1400 audit(0.0:28): avc: denied { create } for scontext=u:r:init:s0 tcontext=u:r:init:s0 tclass=socket permissive=1
02-28 16:14:42.338   465   465 I thermal-engine: type=1400 audit(0.0:27): avc: denied { ioctl } for path="/dev/msm_thermal_query" dev="tmpfs" ino=10944 ioctlcmd=ca04 scontext=u:r:init:s0 tcontext=u:object_r:thermal_device:s0 tclass=chr_file permissive=1
02-28 16:14:42.338   500   500 I thermal-engine: type=1400 audit(0.0:29): avc: denied { ioctl } for path="socket:[3579]" dev="sockfs" ino=3579 ioctlcmd=c304 scontext=u:r:init:s0 tcontext=u:r:init:s0 tclass=socket permissive=1
02-28 16:14:42.338   465   465 I thermal-engine: type=1400 audit(0.0:30): avc: denied { getattr } for path="/sys/module/msm_thermal/core_control/cpus_offlined" dev="sysfs" ino=19859 scontext=u:r:init:s0 tcontext=u:object_r:sysfs_mpdecision:s0 tclass=file permissive=1
02-28 16:14:42.348   484   484 I btnvtool: type=1400 audit(0.0:31): avc: denied { read } for name="btnvtool" dev="mmcblk0p26" ino=185 scontext=u:r:qti_init_shell:s0 tcontext=u:object_r:btnvtool_exec:s0 tclass=file permissive=1
02-28 16:14:42.348   484   484 I btnvtool: type=1400 audit(0.0:32): avc: denied { execute } for path="/system/bin/btnvtool" dev="mmcblk0p26" ino=185 scontext=u:r:qti_init_shell:s0 tcontext=u:object_r:btnvtool_exec:s0 tclass=file permissive=1
02-28 16:14:42.438   569   569 I init    : type=1400 audit(0.0:33): avc: denied { create } for name="fpce" scontext=u:r:init:s0 tcontext=u:object_r:socket_device:s0 tclass=sock_file permissive=1
02-28 16:14:42.438   569   569 I init    : type=1400 audit(0.0:34): avc: denied { setattr } for name="fpce" dev="tmpfs" ino=9388 scontext=u:r:init:s0 tcontext=u:object_r:socket_device:s0 tclass=sock_file permissive=1
02-28 16:14:42.438   573   573 I init    : type=1400 audit(0.0:35): avc: denied { execute_no_trans } for path="/system/bin/power_engine" dev="mmcblk0p26" ino=402 scontext=u:r:init:s0 tcontext=u:object_r:system_file:s0 tclass=file permissive=1
02-28 16:14:42.588   504   504 I thermal-engine: type=1400 audit(0.0:36): avc: denied { read } for scontext=u:r:init:s0 tcontext=u:r:init:s0 tclass=socket permissive=1
02-28 16:14:42.938   441   441 I sh      : type=1400 audit(0.0:37): avc: denied { search } for name="default" dev="tmpfs" ino=3326 scontext=u:r:qti_init_shell:s0 tcontext=u:object_r:storage_file:s0 tclass=dir permissive=1
02-28 16:14:42.938   441   441 I sh      : type=1400 audit(0.0:38): avc: denied { read } for name="primary" dev="tmpfs" ino=3333 scontext=u:r:qti_init_shell:s0 tcontext=u:object_r:storage_file:s0 tclass=lnk_file permissive=1
02-28 16:14:42.938   441   441 I sh      : type=1400 audit(0.0:39): avc: denied { search } for name="user" dev="tmpfs" ino=3321 scontext=u:r:qti_init_shell:s0 tcontext=u:object_r:mnt_user_file:s0 tclass=dir permissive=1
01-01 02:37:24.804   504   504 I thermal-engine: type=1400 audit(0.0:40): avc: denied { read } for scontext=u:r:init:s0 tcontext=u:r:init:s0 tclass=socket permissive=1
01-01 02:37:24.804   571   571 E QC-time-services: Daemon:genoff_boot_tod_init: Unable to set TOD at boot up
01-01 02:37:24.804   571   571 E QC-time-services: Daemon: Unable to set TOD at boot up
01-01 02:37:24.804   571   753 D QC-time-services: Daemon: Time-services: All initializations done
01-01 02:37:24.804   571   753 E QC-time-services: Daemon: Time-services: Waiting to acceptconnection
01-01 02:37:24.804   571   751 D QC-time-services: Daemon:genoff_modem_qmi_service_request: Initiallizing QMI 
01-01 02:37:24.804   612   612 E QC-QMI  : qmuxd: linux_qmi_read_sysfs_config: couldn't open file /sys/module/f_rmnet/parameters/rmnet_ctl_ch
01-01 02:37:24.805   612   612 E QC-QMI  : qmuxd: linux_qmi_read_sysfs_config: couldn't open /sys/module/rmnet/parameters/rmnet_ctl_ch
01-01 02:37:24.806   443   496 D PerMgrSrv: modem state: going on-line, add client QCRIL
01-01 02:37:24.806   443   496 D PerMgrSrv: QCRIL registered
01-01 02:37:24.806   647   647 D PerMgrLib: QCRIL successfully registered for modem
01-01 02:37:24.807   571   751 E QC-QMI  : qmi_client [571]: unable to bind to client socket, rc = -1 errno[13:Permission denied]
01-01 02:37:24.807   571   751 E QC-QMI  : qmi_qmux_if_pwr_up_init_ex:  Initialization failed, rc = -1
01-01 02:37:24.807   553   738 E QC-QMI  : qmi_client [553]: unable to bind to client socket, rc = -1 errno[13:Permission denied]
01-01 02:37:24.808   571   751 E QMI_FW  : QMUXD: WARNING qmi_qmux_if_pwr_up_init failed! rc=-1
01-01 02:37:24.808   553   738 E QC-QMI  : qmi_qmux_if_pwr_up_init_ex:  Initialization failed, rc = -1
01-01 02:37:24.808   553   738 E QMI_FW  : QMUXD: WARNING qmi_qmux_if_pwr_up_init failed! rc=-1
01-01 02:37:24.808   571   751 E QC-QMI  : qmi_client [571]: unable to bind to client socket, rc = -1 errno[13:Permission denied]
01-01 02:37:24.808   571   751 E QC-QMI  : qmi_qmux_if_pwr_up_init_ex:  Initialization failed, rc = -1
01-01 02:37:24.808   571   751 E QMI_FW  : QMUXD: WARNING qmi_qmux_if_pwr_up_init failed! rc=-1
01-01 02:37:24.808   571   751 E QC-QMI  : qmi_client [571]: unable to bind to client socket, rc = -1 errno[13:Permission denied]
01-01 02:37:24.808   571   751 E QC-QMI  : qmi_qmux_if_pwr_up_init_ex:  Initialization failed, rc = -1
01-01 02:37:24.808   571   751 E QMI_FW  : QMUXD: WARNING qmi_qmux_if_pwr_up_init failed! rc=-1
01-01 02:37:24.808   571   751 E QC-QMI  : qmi_client [571]: unable to bind to client socket, rc = -1 errno[13:Permission denied]
01-01 02:37:24.808   571   751 E QC-QMI  : qmi_qmux_if_pwr_up_init_ex:  Initialization failed, rc = -1
01-01 02:37:24.808   571   751 E QMI_FW  : QMUXD: WARNING qmi_qmux_if_pwr_up_init failed! rc=-1
01-01 02:37:24.808   553   738 E QC-QMI  : qmi_client [553]: unable to bind to client socket, rc = -1 errno[13:Permission denied]
01-01 02:37:24.808   553   738 E QC-QMI  : qmi_qmux_if_pwr_up_init_ex:  Initialization failed, rc = -1
01-01 02:37:24.808   553   738 E QMI_FW  : QMUXD: WARNING qmi_qmux_if_pwr_up_init failed! rc=-1
01-01 02:37:24.809   571   751 E QC-QMI  : qmi_client [571]: unable to bind to client socket, rc = -1 errno[13:Permission denied]
01-01 02:37:24.809   571   751 E QC-QMI  : qmi_qmux_if_pwr_up_init_ex:  Initialization failed, rc = -1
01-01 02:37:24.809   571   751 E QMI_FW  : QMUXD: WARNING qmi_qmux_if_pwr_up_init failed! rc=-1
01-01 02:37:24.809   553   738 E QC-QMI  : qmi_client [553]: unable to bind to client socket, rc = -1 errno[13:Permission denied]
01-01 02:37:24.809   553   738 E QC-QMI  : qmi_qmux_if_pwr_up_init_ex:  Initialization failed, rc = -1
01-01 02:37:24.809   553   738 E QMI_FW  : QMUXD: WARNING qmi_qmux_if_pwr_up_init failed! rc=-1
01-01 02:37:24.809   571   751 E QC-QMI  : qmi_client [571]: unable to bind to client socket, rc = -1 errno[13:Permission denied]
01-01 02:37:24.809   571   751 E QC-QMI  : qmi_qmux_if_pwr_up_init_ex:  Initialization failed, rc = -1
01-01 02:37:24.809   571   751 E QMI_FW  : QMUXD: WARNING qmi_qmux_if_pwr_up_init failed! rc=-1
01-01 02:37:24.809   571   751 E QC-QMI  : qmi_client [571]: unable to bind to client socket, rc = -1 errno[13:Permission denied]
01-01 02:37:24.809   571   751 E QC-QMI  : qmi_qmux_if_pwr_up_init_ex:  Initialization failed, rc = -1
01-01 02:37:24.809   553   738 E QC-QMI  : qmi_client [553]: unable to bind to client socket, rc = -1 errno[13:Permission denied]
01-01 02:37:24.809   571   751 E QMI_FW  : QMUXD: WARNING qmi_qmux_if_pwr_up_init failed! rc=-1
01-01 02:37:24.809   553   738 E QC-QMI  : qmi_qmux_if_pwr_up_init_ex:  Initialization failed, rc = -1
01-01 02:37:24.809   553   738 E QMI_FW  : QMUXD: WARNING qmi_qmux_if_pwr_up_init failed! rc=-1
01-01 02:37:24.809   571   751 E QC-QMI  : qmi_client [571]: unable to bind to client socket, rc = -1 errno[13:Permission denied]
01-01 02:37:24.809   571   751 E QC-QMI  : qmi_qmux_if_pwr_up_init_ex:  Initialization failed, rc = -1
01-01 02:37:24.809   571   751 E QMI_FW  : QMUXD: WARNING qmi_qmux_if_pwr_up_init failed! rc=-1
01-01 02:37:24.810   571   751 E QC-time-services: Daemon:genoff_modem_qmi_service_request: qmi_client_get_service_list returned -2num_services 0
01-01 02:37:24.831   442   478 E QC-QMI  : qmi_client [442]: unable to connect to server, errno=[2:No such file or directory], attempt=2
01-01 02:37:24.878   465   500 E QC-QMI  : qmi_client [465]: unable to connect to server, errno=[2:No such file or directory], attempt=2
01-01 02:37:24.903   572   743 E AudioDaemon: CPE state open /proc/asound/card0/cpe0_state failed No such file or directory, Retrying 2
01-01 02:37:24.915   435   435 D libEGL  : loaded /vendor/lib64/egl/libEGL_adreno.so
01-01 02:37:24.961   482   482 D QSEECOMAPI: : Loaded image: APP id = 3
01-01 02:37:24.970   482   482 D QSEECOMD: : QSEECOM DAEMON RUNNING 
01-01 02:37:25.003   572   743 D AudioDaemon: number of sndcards 1 CPEs 0
01-01 02:37:25.003   572   743 D AudioDaemon: read for sound card state change before while
01-01 02:37:25.003   572   743 D AudioDaemon: sound card state file content: ONLINE
01-01 02:37:25.003   572   743 D AudioDaemon:  before while
01-01 02:37:25.003   572   743 E AudioDaemon: put cur_state to online
01-01 02:37:25.004   572   743 D AudioDaemon: cur_state=0, bootup_complete=0
01-01 02:37:25.004   572   743 E AudioDaemon: sound card up is deteced before while
01-01 02:37:25.004   572   743 E AudioDaemon: bootup_complete set to 1
01-01 02:37:25.004   572   743 E AudioDaemon: read for event state change before while
01-01 02:37:25.004   572   743 D AudioDaemon: poll() for sound card state change 
01-01 02:37:25.209   435   435 D libEGL  : loaded /vendor/lib64/egl/libGLESv1_CM_adreno.so
01-01 02:37:25.224   435   435 D libEGL  : loaded /vendor/lib64/egl/libGLESv2_adreno.so
01-01 02:37:25.255   635   782 E Sensors : mag_cal.c(1609):mag_cal_sam_init: Unknown UUID(1) aa2ba909-cbe1-4612
01-01 02:37:25.255   635   782 E Sensors : mag_cal.c(1614):mag_cal_sam_init: Unknown UUID(2) 8e50-6c95d5d90b1a
01-01 02:37:25.255   635   782 E Sensors : sns_sam.c(4433):Failed to register algorithm service 16 with SAM
01-01 02:37:25.257   635   817 E Sensors : sns_debug_main.c(467):Debug Config File missing in EFS!
01-01 02:37:25.284   471   471 D AndroidRuntime: >>>>>> START com.android.internal.os.ZygoteInit uid 0 <<<<<<
01-01 02:37:25.380   471   471 D AndroidRuntime: CheckJNI is OFF
01-01 02:37:25.385   471   471 I art     : option[0]=-Xzygote
01-01 02:37:25.385   471   471 I art     : option[1]=-Xstacktracefile:/data/anr/traces.txt
01-01 02:37:25.385   471   471 I art     : option[2]=exit
01-01 02:37:25.385   471   471 I art     : option[3]=vfprintf
01-01 02:37:25.386   471   471 I art     : option[4]=sensitiveThread
01-01 02:37:25.386   471   471 I art     : option[5]=-verbose:gc
01-01 02:37:25.386   471   471 I art     : option[6]=-Xms8m
01-01 02:37:25.386   471   471 I art     : option[7]=-Xmx768m
01-01 02:37:25.386   471   471 I art     : option[8]=-XX:HeapGrowthLimit=288m
01-01 02:37:25.386   471   471 I art     : option[9]=-XX:HeapMinFree=2m
01-01 02:37:25.386   471   471 I art     : option[10]=-XX:HeapMaxFree=8m
01-01 02:37:25.386   471   471 I art     : option[11]=-XX:HeapTargetUtilization=0.75
01-01 02:37:25.386   471   471 I art     : option[12]=-agentlib:jdwp=transport=dt_android_adb,suspend=n,server=y
01-01 02:37:25.386   471   471 I art     : option[13]=-Xlockprofthreshold:500
01-01 02:37:25.386   471   471 I art     : option[14]=-Ximage-compiler-option
01-01 02:37:25.386   471   471 I art     : option[15]=--runtime-arg
01-01 02:37:25.386   471   471 I art     : option[16]=-Ximage-compiler-option
01-01 02:37:25.386   471   471 I art     : option[17]=-Xms64m
01-01 02:37:25.386   471   471 I art     : option[18]=-Ximage-compiler-option
01-01 02:37:25.386   471   471 I art     : option[19]=--runtime-arg
01-01 02:37:25.386   471   471 I art     : option[20]=-Ximage-compiler-option
01-01 02:37:25.386   471   471 I art     : option[21]=-Xmx64m
01-01 02:37:25.386   471   471 I art     : option[22]=-Ximage-compiler-option
01-01 02:37:25.386   471   471 I art     : option[23]=--image-classes=/system/etc/preloaded-classes
01-01 02:37:25.386   471   471 I art     : option[24]=-Xcompiler-option
01-01 02:37:25.386   471   471 I art     : option[25]=--runtime-arg
01-01 02:37:25.386   471   471 I art     : option[26]=-Xcompiler-option
01-01 02:37:25.386   471   471 I art     : option[27]=-Xms64m
01-01 02:37:25.386   471   471 I art     : option[28]=-Xcompiler-option
01-01 02:37:25.386   471   471 I art     : option[29]=--runtime-arg
01-01 02:37:25.386   471   471 I art     : option[30]=-Xcompiler-option
01-01 02:37:25.387   471   471 I art     : option[31]=-Xmx512m
01-01 02:37:25.387   471   471 I art     : option[32]=-Ximage-compiler-option
01-01 02:37:25.387   471   471 I art     : option[33]=--instruction-set-variant=cortex-a53
01-01 02:37:25.387   471   471 I art     : option[34]=-Xcompiler-option
01-01 02:37:25.387   471   471 I art     : option[35]=--instruction-set-variant=cortex-a53
01-01 02:37:25.387   471   471 I art     : option[36]=-Ximage-compiler-option
01-01 02:37:25.387   471   471 I art     : option[37]=--instruction-set-features=default
01-01 02:37:25.387   471   471 I art     : option[38]=-Xcompiler-option
01-01 02:37:25.387   471   471 I art     : option[39]=--instruction-set-features=default
01-01 02:37:25.387   471   471 I art     : option[40]=-Duser.locale=zh-CN
01-01 02:37:25.387   471   471 I art     : option[41]=--cpu-abilist=armeabi-v7a,armeabi
01-01 02:37:25.387   471   471 I art     : option[42]=-Xfingerprint:nubia/NX529J/NX529J:5.1.1/LMY47V/eng.nubia.20160927.144351:user/release-keys
01-01 02:37:25.422   470   470 D AndroidRuntime: >>>>>> START com.android.internal.os.ZygoteInit uid 0 <<<<<<
01-01 02:37:25.441   470   470 D AndroidRuntime: CheckJNI is OFF
01-01 02:37:25.446   470   470 I art     : option[0]=-Xzygote
01-01 02:37:25.447   470   470 I art     : option[1]=-Xstacktracefile:/data/anr/traces.txt
01-01 02:37:25.447   470   470 I art     : option[2]=exit
01-01 02:37:25.447   470   470 I art     : option[3]=vfprintf
01-01 02:37:25.447   470   470 I art     : option[4]=sensitiveThread
01-01 02:37:25.447   470   470 I art     : option[5]=-verbose:gc
01-01 02:37:25.447   470   470 I art     : option[6]=-Xms8m
01-01 02:37:25.447   470   470 I art     : option[7]=-Xmx768m
01-01 02:37:25.447   470   470 I art     : option[8]=-XX:HeapGrowthLimit=288m
01-01 02:37:25.447   470   470 I art     : option[9]=-XX:HeapMinFree=2m
01-01 02:37:25.447   470   470 I art     : option[10]=-XX:HeapMaxFree=8m
01-01 02:37:25.447   470   470 I art     : option[11]=-XX:HeapTargetUtilization=0.75
01-01 02:37:25.447   470   470 I art     : option[12]=-agentlib:jdwp=transport=dt_android_adb,suspend=n,server=y
01-01 02:37:25.447   470   470 I art     : option[13]=-Xlockprofthreshold:500
01-01 02:37:25.447   470   470 I art     : option[14]=-Ximage-compiler-option
01-01 02:37:25.447   470   470 I art     : option[15]=--runtime-arg
