01-01 02:37:30.951   612   612 E QC-QMI  : qmi_qmux: TX failed, connection inactive or in reset, conn_id=48, status_flags=4
01-01 02:37:30.951   612   612 E QC-QMI  : qmi_ctl_tx_msg: qmi_qmux_tx_msg failed
01-01 02:37:30.951   612   612 E QC-QMI  : qmi_ctl_handle_request: qmi_ctl_tx_msg call failed
01-01 02:37:30.951   612   612 E QC-QMI  : qmi_qmux_open_connection: connection is disabled for conn_id=29
01-01 02:37:30.951   612   612 E QC-QMI  : qmi_qmux_tx_msg: failed to open inactive connd_id=29
01-01 02:37:30.951   612   612 E QC-QMI  : qmi_qmux: TX failed, connection inactive or in reset, conn_id=29, status_flags=4
01-01 02:37:30.951   612   612 E QC-QMI  : qmi_ctl_tx_msg: qmi_qmux_tx_msg failed
01-01 02:37:30.951   612   612 E QC-QMI  : qmi_ctl_handle_request: qmi_ctl_tx_msg call failed
01-01 02:37:30.952   612   612 E QC-QMI  : qmi_qmux_open_connection: connection is disabled for conn_id=48
01-01 02:37:30.952   612   612 E QC-QMI  : qmi_qmux_tx_msg: failed to open inactive connd_id=48
01-01 02:37:30.952   612   612 E QC-QMI  : qmi_qmux: TX failed, connection inactive or in reset, conn_id=48, status_flags=4
01-01 02:37:30.952   612   612 E QC-QMI  : qmi_ctl_tx_msg: qmi_qmux_tx_msg failed
01-01 02:37:30.952   612   612 E QC-QMI  : qmi_ctl_handle_request: qmi_ctl_tx_msg call failed
01-01 02:37:30.952   612   612 E QC-QMI  : qmi_qmux_open_connection: connection is disabled for conn_id=48
01-01 02:37:30.952   612   612 E QC-QMI  : qmi_qmux_tx_msg: failed to open inactive connd_id=48
01-01 02:37:30.952   612   612 E QC-QMI  : qmi_qmux: TX failed, connection inactive or in reset, conn_id=48, status_flags=4
01-01 02:37:30.952   612   612 E QC-QMI  : qmi_ctl_tx_msg: qmi_qmux_tx_msg failed
01-01 02:37:30.952   612   612 E QC-QMI  : qmi_ctl_handle_request: qmi_ctl_tx_msg call failed
01-01 02:37:30.952   612   612 E QC-QMI  : qmi_qmux_open_connection: connection is disabled for conn_id=57
01-01 02:37:30.952   612   612 E QC-QMI  : qmi_qmux_tx_msg: failed to open inactive connd_id=57
01-01 02:37:30.953   612   612 E QC-QMI  : qmi_qmux: TX failed, connection inactive or in reset, conn_id=57, status_flags=4
01-01 02:37:30.953   612   612 E QC-QMI  : qmi_ctl_tx_msg: qmi_qmux_tx_msg failed
01-01 02:37:30.953   612   612 E QC-QMI  : qmi_ctl_handle_request: qmi_ctl_tx_msg call failed
01-01 02:37:30.953   612   612 E QC-QMI  : qmi_qmux_open_connection: connection is disabled for conn_id=48
01-01 02:37:30.953   612   612 E QC-QMI  : qmi_qmux_tx_msg: failed to open inactive connd_id=48
01-01 02:37:30.953   612   612 E QC-QMI  : qmi_qmux: TX failed, connection inactive or in reset, conn_id=48, status_flags=4
01-01 02:37:30.953   612   612 E QC-QMI  : qmi_ctl_tx_msg: qmi_qmux_tx_msg failed
01-01 02:37:30.953   612   612 E QC-QMI  : qmi_ctl_handle_request: qmi_ctl_tx_msg call failed
01-01 02:37:30.953   612   612 E QC-QMI  : qmi_qmux_open_connection: connection is disabled for conn_id=57
01-01 02:37:30.953   612   612 E QC-QMI  : qmi_qmux_tx_msg: failed to open inactive connd_id=57
01-01 02:37:30.953   612   612 E QC-QMI  : qmi_qmux: TX failed, connection inactive or in reset, conn_id=57, status_flags=4
01-01 02:37:30.953   612   612 E QC-QMI  : qmi_ctl_tx_msg: qmi_qmux_tx_msg failed
01-01 02:37:30.953   612   612 E QC-QMI  : qmi_ctl_handle_request: qmi_ctl_tx_msg call failed
01-01 02:37:30.953   612   612 E QC-QMI  : qmi_qmux_open_connection: connection is disabled for conn_id=57
01-01 02:37:30.953   612   612 E QC-QMI  : qmi_qmux_tx_msg: failed to open inactive connd_id=57
01-01 02:37:30.953   612   612 E QC-QMI  : qmi_qmux: TX failed, connection inactive or in reset, conn_id=57, status_flags=4
01-01 02:37:30.953   612   612 E QC-QMI  : qmi_ctl_tx_msg: qmi_qmux_tx_msg failed
01-01 02:37:30.954   612   612 E QC-QMI  : qmi_ctl_handle_request: qmi_ctl_tx_msg call failed
01-01 02:37:30.954   612   612 E QC-QMI  : qmi_qmux_open_connection: connection is disabled for conn_id=29
01-01 02:37:30.955   612   612 E QC-QMI  : qmi_qmux_tx_msg: failed to open inactive connd_id=29
01-01 02:37:30.955   612   612 E QC-QMI  : qmi_qmux: TX failed, connection inactive or in reset, conn_id=29, status_flags=4
01-01 02:37:30.955   612   612 E QC-QMI  : qmi_ctl_tx_msg: qmi_qmux_tx_msg failed
01-01 02:37:30.955   612   612 E QC-QMI  : qmi_ctl_handle_request: qmi_ctl_tx_msg call failed
01-01 02:37:30.955   612   612 E QC-QMI  : qmi_qmux_open_connection: connection is disabled for conn_id=48
01-01 02:37:30.955   612   612 E QC-QMI  : qmi_qmux_tx_msg: failed to open inactive connd_id=48
01-01 02:37:30.955   612   612 E QC-QMI  : qmi_qmux: TX failed, connection inactive or in reset, conn_id=48, status_flags=4
01-01 02:37:30.955   612   612 E QC-QMI  : qmi_ctl_tx_msg: qmi_qmux_tx_msg failed
01-01 02:37:30.955   612   612 E QC-QMI  : qmi_ctl_handle_request: qmi_ctl_tx_msg call failed
01-01 02:37:30.956   612   612 E QC-QMI  : qmi_qmux_open_connection: connection is disabled for conn_id=29
01-01 02:37:30.956   612   612 E QC-QMI  : qmi_qmux_tx_msg: failed to open inactive connd_id=29
01-01 02:37:30.956   612   612 E QC-QMI  : qmi_qmux: TX failed, connection inactive or in reset, conn_id=29, status_flags=4
01-01 02:37:30.956   612   612 E QC-QMI  : qmi_ctl_tx_msg: qmi_qmux_tx_msg failed
01-01 02:37:30.956   612   612 E QC-QMI  : qmi_ctl_handle_request: qmi_ctl_tx_msg call failed
01-01 02:37:30.956   612   612 E QC-QMI  : qmi_qmux_open_connection: connection is disabled for conn_id=57
01-01 02:37:30.956   612   612 E QC-QMI  : qmi_qmux_tx_msg: failed to open inactive connd_id=57
01-01 02:37:30.956   612   612 E QC-QMI  : qmi_qmux: TX failed, connection inactive or in reset, conn_id=57, status_flags=4
01-01 02:37:30.956   612   612 E QC-QMI  : qmi_ctl_tx_msg: qmi_qmux_tx_msg failed
01-01 02:37:30.956   612   612 E QC-QMI  : qmi_ctl_handle_request: qmi_ctl_tx_msg call failed
01-01 02:37:30.956   612   612 E QC-QMI  : qmi_qmux_open_connection: connection is disabled for conn_id=48
01-01 02:37:30.956   612   612 E QC-QMI  : qmi_qmux_tx_msg: failed to open inactive connd_id=48
01-01 02:37:30.956   612   612 E QC-QMI  : qmi_qmux: TX failed, connection inactive or in reset, conn_id=48, status_flags=4
01-01 02:37:30.956   612   612 E QC-QMI  : qmi_ctl_tx_msg: qmi_qmux_tx_msg failed
01-01 02:37:30.943   500   500 I thermal-engine: type=1400 audit(0.0:56): avc: denied { write } for scontext=u:r:init:s0 tcontext=u:r:init:s0 tclass=socket permissive=1
01-01 02:37:30.957   612   612 E QC-QMI  : qmi_ctl_handle_request: qmi_ctl_tx_msg call failed
01-01 02:37:30.957   612   612 E QC-QMI  : qmi_qmux_open_connection: connection is disabled for conn_id=57
01-01 02:37:30.957   612   612 E QC-QMI  : qmi_qmux_tx_msg: failed to open inactive connd_id=57
01-01 02:37:30.957   612   612 E QC-QMI  : qmi_qmux: TX failed, connection inactive or in reset, conn_id=57, status_flags=4
01-01 02:37:30.957   612   612 E QC-QMI  : qmi_ctl_tx_msg: qmi_qmux_tx_msg failed
01-01 02:37:30.957   612   612 E QC-QMI  : qmi_ctl_handle_request: qmi_ctl_tx_msg call failed
01-01 02:37:30.957   612   612 E QC-QMI  : qmi_qmux_open_connection: connection is disabled for conn_id=29
01-01 02:37:30.957   612   612 E QC-QMI  : qmi_qmux_tx_msg: failed to open inactive connd_id=29
01-01 02:37:30.957   612   612 E QC-QMI  : qmi_qmux: TX failed, connection inactive or in reset, conn_id=29, status_flags=4
01-01 02:37:30.957   612   612 E QC-QMI  : qmi_ctl_tx_msg: qmi_qmux_tx_msg failed
01-01 02:37:30.957   612   612 E QC-QMI  : qmi_ctl_handle_request: qmi_ctl_tx_msg call failed
01-01 02:37:30.957   612   612 E QC-QMI  : qmi_qmux_open_connection: connection is disabled for conn_id=48
01-01 02:37:30.957   612   612 E QC-QMI  : qmi_qmux_tx_msg: failed to open inactive connd_id=48
01-01 02:37:30.957   612   612 E QC-QMI  : qmi_qmux: TX failed, connection inactive or in reset, conn_id=48, status_flags=4
01-01 02:37:30.957   612   612 E QC-QMI  : qmi_ctl_tx_msg: qmi_qmux_tx_msg failed
01-01 02:37:30.957   612   612 E QC-QMI  : qmi_ctl_handle_request: qmi_ctl_tx_msg call failed
01-01 02:37:30.957   612   612 E QC-QMI  : qmi_qmux_open_connection: connection is disabled for conn_id=57
01-01 02:37:30.958   612   612 E QC-QMI  : qmi_qmux_tx_msg: failed to open inactive connd_id=57
01-01 02:37:30.958   612   612 E QC-QMI  : qmi_qmux: TX failed, connection inactive or in reset, conn_id=57, status_flags=4
01-01 02:37:30.958   612   612 E QC-QMI  : qmi_ctl_tx_msg: qmi_qmux_tx_msg failed
01-01 02:37:30.958   612   612 E QC-QMI  : qmi_ctl_handle_request: qmi_ctl_tx_msg call failed
01-01 02:37:30.958   612   612 E QC-QMI  : qmi_qmux_open_connection: connection is disabled for conn_id=57
01-01 02:37:30.958   612   612 E QC-QMI  : qmi_qmux_tx_msg: failed to open inactive connd_id=57
01-01 02:37:30.958   612   612 E QC-QMI  : qmi_qmux: TX failed, connection inactive or in reset, conn_id=57, status_flags=4
01-01 02:37:30.958   612   612 E QC-QMI  : qmi_ctl_tx_msg: qmi_qmux_tx_msg failed
01-01 02:37:30.958   612   612 E QC-QMI  : qmi_ctl_handle_request: qmi_ctl_tx_msg call failed
01-01 02:37:30.958   612   612 E QC-QMI  : qmi_qmux_open_connection: connection is disabled for conn_id=29
01-01 02:37:30.958   612   612 E QC-QMI  : qmi_qmux_tx_msg: failed to open inactive connd_id=29
01-01 02:37:30.958   612   612 E QC-QMI  : qmi_qmux: TX failed, connection inactive or in reset, conn_id=29, status_flags=4
01-01 02:37:30.958   612   612 E QC-QMI  : qmi_ctl_tx_msg: qmi_qmux_tx_msg failed
01-01 02:37:30.958   612   612 E QC-QMI  : qmi_ctl_handle_request: qmi_ctl_tx_msg call failed
01-01 02:37:30.958   465   500 I ThermalEngine: MODEM thermal mitigation available.
01-01 02:37:30.958   612   612 E QC-QMI  : qmi_qmux_open_connection: connection is disabled for conn_id=57
01-01 02:37:30.959   612   612 E QC-QMI  : qmi_qmux_tx_msg: failed to open inactive connd_id=57
01-01 02:37:30.959   612   612 E QC-QMI  : qmi_qmux: TX failed, connection inactive or in reset, conn_id=57, status_flags=4
01-01 02:37:30.959   612   612 E QC-QMI  : qmi_ctl_tx_msg: qmi_qmux_tx_msg failed
01-01 02:37:30.959   612   612 E QC-QMI  : qmi_ctl_handle_request: qmi_ctl_tx_msg call failed
01-01 02:37:30.959   612   612 E QC-QMI  : qmi_qmux_open_connection: connection is disabled for conn_id=29
01-01 02:37:30.959   612   612 E QC-QMI  : qmi_qmux_tx_msg: failed to open inactive connd_id=29
01-01 02:37:30.959   612   612 E QC-QMI  : qmi_qmux: TX failed, connection inactive or in reset, conn_id=29, status_flags=4
01-01 02:37:30.959   612   612 E QC-QMI  : qmi_ctl_tx_msg: qmi_qmux_tx_msg failed
01-01 02:37:30.959   612   612 E QC-QMI  : qmi_ctl_handle_request: qmi_ctl_tx_msg call failed
01-01 02:37:30.959   612   612 E QC-QMI  : qmi_qmux_open_connection: connection is disabled for conn_id=29
01-01 02:37:30.959   612   612 E QC-QMI  : qmi_qmux_tx_msg: failed to open inactive connd_id=29
01-01 02:37:30.959   612   612 E QC-QMI  : qmi_qmux: TX failed, connection inactive or in reset, conn_id=29, status_flags=4
01-01 02:37:30.959   612   612 E QC-QMI  : qmi_ctl_tx_msg: qmi_qmux_tx_msg failed
01-01 02:37:30.959   612   612 E QC-QMI  : qmi_ctl_handle_request: qmi_ctl_tx_msg call failed
01-01 02:37:30.959   612   612 E QC-QMI  : qmi_qmux_open_connection: connection is disabled for conn_id=48
01-01 02:37:30.960   612   612 E QC-QMI  : qmi_qmux_tx_msg: failed to open inactive connd_id=48
01-01 02:37:30.960   612   612 E QC-QMI  : qmi_qmux: TX failed, connection inactive or in reset, conn_id=48, status_flags=4
01-01 02:37:30.960   612   612 E QC-QMI  : qmi_ctl_tx_msg: qmi_qmux_tx_msg failed
01-01 02:37:30.960   612   612 E QC-QMI  : qmi_ctl_handle_request: qmi_ctl_tx_msg call failed
01-01 02:37:30.960   612   612 E QC-QMI  : qmi_qmux_open_connection: connection is disabled for conn_id=29
01-01 02:37:30.960   612   612 E QC-QMI  : qmi_qmux_tx_msg: failed to open inactive connd_id=29
01-01 02:37:30.960   612   612 E QC-QMI  : qmi_qmux: TX failed, connection inactive or in reset, conn_id=29, status_flags=4
01-01 02:37:30.960   612   612 E QC-QMI  : qmi_ctl_tx_msg: qmi_qmux_tx_msg failed
01-01 02:37:30.960   612   612 E QC-QMI  : qmi_ctl_handle_request: qmi_ctl_tx_msg call failed
01-01 02:37:30.960   465   500 I ThermalEngine: ACTION: MODEM - Pending request: pa mitigation succeeded for level 0.
01-01 02:37:30.960   612   612 E QC-QMI  : qmi_qmux_open_connection: connection is disabled for conn_id=29
01-01 02:37:30.960   465   500 I ThermalEngine: Mitigation:Modem:0
01-01 02:37:30.960   612   612 E QC-QMI  : qmi_qmux_tx_msg: failed to open inactive connd_id=29
01-01 02:37:30.960   612   612 E QC-QMI  : qmi_qmux: TX failed, connection inactive or in reset, conn_id=29, status_flags=4
01-01 02:37:30.960   612   612 E QC-QMI  : qmi_ctl_tx_msg: qmi_qmux_tx_msg failed
01-01 02:37:30.960   612   612 E QC-QMI  : qmi_ctl_handle_request: qmi_ctl_tx_msg call failed
01-01 02:37:30.960   612   612 E QC-QMI  : qmi_qmux_open_connection: connection is disabled for conn_id=48
01-01 02:37:30.960   612   612 E QC-QMI  : qmi_qmux_tx_msg: failed to open inactive connd_id=48
01-01 02:37:30.961   612   612 E QC-QMI  : qmi_qmux: TX failed, connection inactive or in reset, conn_id=48, status_flags=4
01-01 02:37:30.961   612   612 E QC-QMI  : qmi_ctl_tx_msg: qmi_qmux_tx_msg failed
01-01 02:37:30.961   612   612 E QC-QMI  : qmi_ctl_handle_request: qmi_ctl_tx_msg call failed
01-01 02:37:30.961   612   612 E QC-QMI  : qmi_qmux_open_connection: connection is disabled for conn_id=48
01-01 02:37:30.961   612   612 E QC-QMI  : qmi_qmux_tx_msg: failed to open inactive connd_id=48
01-01 02:37:30.961   612   612 E QC-QMI  : qmi_qmux: TX failed, connection inactive or in reset, conn_id=48, status_flags=4
01-01 02:37:30.961   612   612 E QC-QMI  : qmi_ctl_tx_msg: qmi_qmux_tx_msg failed
01-01 02:37:30.961   612   612 E QC-QMI  : qmi_ctl_handle_request: qmi_ctl_tx_msg call failed
01-01 02:37:30.961   612   612 E QC-QMI  : qmi_qmux_open_connection: connection is disabled for conn_id=48
01-01 02:37:30.961   612   612 E QC-QMI  : qmi_qmux_tx_msg: failed to open inactive connd_id=48
01-01 02:37:30.962   612   612 E QC-QMI  : qmi_qmux: TX failed, connection inactive or in reset, conn_id=48, status_flags=4
01-01 02:37:30.962   612   612 E QC-QMI  : qmi_ctl_tx_msg: qmi_qmux_tx_msg failed
01-01 02:37:30.962   612   612 E QC-QMI  : qmi_ctl_handle_request: qmi_ctl_tx_msg call failed
01-01 02:37:30.962   465   500 I ThermalEngine: ACTION: MODEM - Pending request: cpuv_restriction_cold mitigation succeeded for level 0.
01-01 02:37:30.962   465   500 I ThermalEngine: Mitigation:VDD[MODEM-cpuv_restriction_cold]:0
01-01 02:37:30.962   612   612 E QC-QMI  : qmi_qmux_open_connection: connection is disabled for conn_id=48
01-01 02:37:30.962   612   612 E QC-QMI  : qmi_qmux_tx_msg: failed to open inactive connd_id=48
01-01 02:37:30.962   612   612 E QC-QMI  : qmi_qmux: TX failed, connection inactive or in reset, conn_id=48, status_flags=4
01-01 02:37:30.962   612   612 E QC-QMI  : qmi_ctl_tx_msg: qmi_qmux_tx_msg failed
01-01 02:37:30.962   612   612 E QC-QMI  : qmi_ctl_handle_request: qmi_ctl_tx_msg call failed
01-01 02:37:30.962   612   612 E QC-QMI  : qmi_qmux_open_connection: connection is disabled for conn_id=57
01-01 02:37:30.962   612   612 E QC-QMI  : qmi_qmux_tx_msg: failed to open inactive connd_id=57
01-01 02:37:30.962   612   612 E QC-QMI  : qmi_qmux: TX failed, connection inactive or in reset, conn_id=57, status_flags=4
01-01 02:37:30.962   612   612 E QC-QMI  : qmi_ctl_tx_msg: qmi_qmux_tx_msg failed
01-01 02:37:30.962   612   612 E QC-QMI  : qmi_ctl_handle_request: qmi_ctl_tx_msg call failed
01-01 02:37:30.963   612   612 E QC-QMI  : qmi_qmux_open_connection: connection is disabled for conn_id=57
01-01 02:37:30.963   612   612 E QC-QMI  : qmi_qmux_tx_msg: failed to open inactive connd_id=57
01-01 02:37:30.963   612   612 E QC-QMI  : qmi_qmux: TX failed, connection inactive or in reset, conn_id=57, status_flags=4
01-01 02:37:30.963   612   612 E QC-QMI  : qmi_ctl_tx_msg: qmi_qmux_tx_msg failed
01-01 02:37:30.963   612   612 E QC-QMI  : qmi_ctl_handle_request: qmi_ctl_tx_msg call failed
01-01 02:37:30.963   465   500 I ThermalEngine: ACTION: MODEM - Pending request: modem mitigation succeeded for level 0.
01-01 02:37:30.963   465   500 I ThermalEngine: Mitigation:VDD[MODEM-modem]:0
01-01 02:37:30.963   612   612 E QC-QMI  : qmi_qmux_open_connection: connection is disabled for conn_id=48
01-01 02:37:30.963   612   612 E QC-QMI  : qmi_qmux_tx_msg: failed to open inactive connd_id=48
01-01 02:37:30.963   612   612 E QC-QMI  : qmi_qmux: TX failed, connection inactive or in reset, conn_id=48, status_flags=4
01-01 02:37:30.963   612   612 E QC-QMI  : qmi_ctl_tx_msg: qmi_qmux_tx_msg failed
01-01 02:37:30.964   612   612 E QC-QMI  : qmi_ctl_handle_request: qmi_ctl_tx_msg call failed
01-01 02:37:30.964   612   612 E QC-QMI  : qmi_qmux_open_connection: connection is disabled for conn_id=57
01-01 02:37:30.964   612   612 E QC-QMI  : qmi_qmux_tx_msg: failed to open inactive connd_id=57
01-01 02:37:30.964   612   612 E QC-QMI  : qmi_qmux: TX failed, connection inactive or in reset, conn_id=57, status_flags=4
01-01 02:37:30.964   612   612 E QC-QMI  : qmi_ctl_tx_msg: qmi_qmux_tx_msg failed
01-01 02:37:30.964   612   612 E QC-QMI  : qmi_ctl_handle_request: qmi_ctl_tx_msg call failed
01-01 02:37:30.964   612   612 E QC-QMI  : qmi_qmux_open_connection: connection is disabled for conn_id=57
01-01 02:37:30.964   612   612 E QC-QMI  : qmi_qmux_tx_msg: failed to open inactive connd_id=57
01-01 02:37:30.964   612   612 E QC-QMI  : qmi_qmux: TX failed, connection inactive or in reset, conn_id=57, status_flags=4
01-01 02:37:30.964   612   612 E QC-QMI  : qmi_ctl_tx_msg: qmi_qmux_tx_msg failed
01-01 02:37:30.964   612   612 E QC-QMI  : qmi_ctl_handle_request: qmi_ctl_tx_msg call failed
01-01 02:37:30.964   465   500 I ThermalEngine: ACTION: MODEM - Pending request: modem_current mitigation succeeded for level 0.
01-01 02:37:30.965   465   500 I ThermalEngine: Mitigation:VDD[MODEM-modem_current]:0
01-01 02:37:30.965   612   612 E QC-QMI  : qmi_qmux_open_connection: connection is disabled for conn_id=57
01-01 02:37:30.965   612   612 E QC-QMI  : qmi_qmux_tx_msg: failed to open inactive connd_id=57
01-01 02:37:30.965   612   612 E QC-QMI  : qmi_qmux: TX failed, connection inactive or in reset, conn_id=57, status_flags=4
01-01 02:37:30.965   612   612 E QC-QMI  : qmi_ctl_tx_msg: qmi_qmux_tx_msg failed
01-01 02:37:30.965   612   612 E QC-QMI  : qmi_ctl_handle_request: qmi_ctl_tx_msg call failed
01-01 02:37:30.965   612   612 E QC-QMI  : qmi_qmux_open_connection: connection is disabled for conn_id=29
01-01 02:37:30.965   612   612 E QC-QMI  : qmi_qmux_tx_msg: failed to open inactive connd_id=29
01-01 02:37:30.965   612   612 E QC-QMI  : qmi_qmux: TX failed, connection inactive or in reset, conn_id=29, status_flags=4
01-01 02:37:30.966   612   612 E QC-QMI  : qmi_ctl_tx_msg: qmi_qmux_tx_msg failed
01-01 02:37:30.966   612   612 E QC-QMI  : qmi_ctl_handle_request: qmi_ctl_tx_msg call failed
01-01 02:37:30.966   612   612 E QC-QMI  : qmi_qmux_open_connection: connection is disabled for conn_id=57
01-01 02:37:30.966   612   612 E QC-QMI  : qmi_qmux_tx_msg: failed to open inactive connd_id=57
01-01 02:37:30.966   612   612 E QC-QMI  : qmi_qmux: TX failed, connection inactive or in reset, conn_id=57, status_flags=4
01-01 02:37:30.966   612   612 E QC-QMI  : qmi_ctl_tx_msg: qmi_qmux_tx_msg failed
01-01 02:37:30.966   612   612 E QC-QMI  : qmi_ctl_handle_request: qmi_ctl_tx_msg call failed
01-01 02:37:30.966   612   612 E QC-QMI  : qmi_qmux_open_connection: connection is disabled for conn_id=29
01-01 02:37:30.966   612   612 E QC-QMI  : qmi_qmux_tx_msg: failed to open inactive connd_id=29
01-01 02:37:30.966   612   612 E QC-QMI  : qmi_qmux: TX failed, connection inactive or in reset, conn_id=29, status_flags=4
01-01 02:37:30.966   612   612 E QC-QMI  : qmi_ctl_tx_msg: qmi_qmux_tx_msg failed
01-01 02:37:30.966   612   612 E QC-QMI  : qmi_ctl_handle_request: qmi_ctl_tx_msg call failed
01-01 02:37:30.967   612   612 E QC-QMI  : qmi_qmux_open_connection: connection is disabled for conn_id=29
01-01 02:37:30.967   612   612 E QC-QMI  : qmi_qmux_tx_msg: failed to open inactive connd_id=29
01-01 02:37:30.967   612   612 E QC-QMI  : qmi_qmux: TX failed, connection inactive or in reset, conn_id=29, status_flags=4
01-01 02:37:30.967   612   612 E QC-QMI  : qmi_ctl_tx_msg: qmi_qmux_tx_msg failed
01-01 02:37:30.967   612   612 E QC-QMI  : qmi_ctl_handle_request: qmi_ctl_tx_msg call failed
01-01 02:37:30.967   612   612 E QC-QMI  : qmi_qmux_open_connection: connection is disabled for conn_id=48
01-01 02:37:30.967   612   612 E QC-QMI  : qmi_qmux_tx_msg: failed to open inactive connd_id=48
01-01 02:37:30.967   612   612 E QC-QMI  : qmi_qmux: TX failed, connection inactive or in reset, conn_id=48, status_flags=4
01-01 02:37:30.967   612   612 E QC-QMI  : qmi_ctl_tx_msg: qmi_qmux_tx_msg failed
01-01 02:37:30.967   612   612 E QC-QMI  : qmi_ctl_handle_request: qmi_ctl_tx_msg call failed
01-01 02:37:30.968   612   612 E QC-QMI  : qmi_qmux_open_connection: connection is disabled for conn_id=29
01-01 02:37:30.968   612   612 E QC-QMI  : qmi_qmux_tx_msg: failed to open inactive connd_id=29
01-01 02:37:30.968   612   612 E QC-QMI  : qmi_qmux: TX failed, connection inactive or in reset, conn_id=29, status_flags=4
01-01 02:37:30.968   612   612 E QC-QMI  : qmi_ctl_tx_msg: qmi_qmux_tx_msg failed
01-01 02:37:30.968   612   612 E QC-QMI  : qmi_ctl_handle_request: qmi_ctl_tx_msg call failed
01-01 02:37:30.968   612   612 E QC-QMI  : qmi_qmux_open_connection: connection is disabled for conn_id=48
01-01 02:37:30.968   612   612 E QC-QMI  : qmi_qmux_tx_msg: failed to open inactive connd_id=48
01-01 02:37:30.968   612   612 E QC-QMI  : qmi_qmux: TX failed, connection inactive or in reset, conn_id=48, status_flags=4
01-01 02:37:30.968   612   612 E QC-QMI  : qmi_ctl_tx_msg: qmi_qmux_tx_msg failed
01-01 02:37:30.968   612   612 E QC-QMI  : qmi_ctl_handle_request: qmi_ctl_tx_msg call failed
01-01 02:37:30.969   612   612 E QC-QMI  : qmi_qmux_open_connection: connection is disabled for conn_id=48
01-01 02:37:30.969   612   612 E QC-QMI  : qmi_qmux_tx_msg: failed to open inactive connd_id=48
01-01 02:37:30.969   612   612 E QC-QMI  : qmi_qmux: TX failed, connection inactive or in reset, conn_id=48, status_flags=4
01-01 02:37:30.969   612   612 E QC-QMI  : qmi_ctl_tx_msg: qmi_qmux_tx_msg failed
01-01 02:37:30.969   612   612 E QC-QMI  : qmi_ctl_handle_request: qmi_ctl_tx_msg call failed
01-01 02:37:30.969   612   612 E QC-QMI  : qmi_qmux_open_connection: connection is disabled for conn_id=29
01-01 02:37:30.969   612   612 E QC-QMI  : qmi_qmux_tx_msg: failed to open inactive connd_id=29
01-01 02:37:30.970   612   612 E QC-QMI  : qmi_qmux: TX failed, connection inactive or in reset, conn_id=29, status_flags=4
01-01 02:37:30.970   612   612 E QC-QMI  : qmi_ctl_tx_msg: qmi_qmux_tx_msg failed
01-01 02:37:30.970   612   612 E QC-QMI  : qmi_ctl_handle_request: qmi_ctl_tx_msg call failed
01-01 02:37:30.970   612   612 E QC-QMI  : qmi_qmux_open_connection: connection is disabled for conn_id=57
01-01 02:37:30.970   612   612 E QC-QMI  : qmi_qmux_tx_msg: failed to open inactive connd_id=57
01-01 02:37:30.970   612   612 E QC-QMI  : qmi_qmux: TX failed, connection inactive or in reset, conn_id=57, status_flags=4
01-01 02:37:30.970   612   612 E QC-QMI  : qmi_ctl_tx_msg: qmi_qmux_tx_msg failed
01-01 02:37:30.970   612   612 E QC-QMI  : qmi_ctl_handle_request: qmi_ctl_tx_msg call failed
01-01 02:37:30.970   612   612 E QC-QMI  : qmi_qmux_open_connection: connection is disabled for conn_id=48
01-01 02:37:30.970   612   612 E QC-QMI  : qmi_qmux_tx_msg: failed to open inactive connd_id=48
01-01 02:37:30.970   612   612 E QC-QMI  : qmi_qmux: TX failed, connection inactive or in reset, conn_id=48, status_flags=4
01-01 02:37:30.970   612   612 E QC-QMI  : qmi_ctl_tx_msg: qmi_qmux_tx_msg failed
01-01 02:37:30.971   612   612 E QC-QMI  : qmi_ctl_handle_request: qmi_ctl_tx_msg call failed
01-01 02:37:30.971   612   612 E QC-QMI  : qmi_qmux_open_connection: connection is disabled for conn_id=29
01-01 02:37:30.971   612   612 E QC-QMI  : qmi_qmux_tx_msg: failed to open inactive connd_id=29
01-01 02:37:30.971   612   612 E QC-QMI  : qmi_qmux: TX failed, connection inactive or in reset, conn_id=29, status_flags=4
01-01 02:37:30.971   612   612 E QC-QMI  : qmi_ctl_tx_msg: qmi_qmux_tx_msg failed
01-01 02:37:30.971   612   612 E QC-QMI  : qmi_ctl_handle_request: qmi_ctl_tx_msg call failed
01-01 02:37:30.971   612   612 E QC-QMI  : qmi_qmux_open_connection: connection is disabled for conn_id=57
01-01 02:37:30.971   612   612 E QC-QMI  : qmi_qmux_tx_msg: failed to open inactive connd_id=57
01-01 02:37:30.971   612   612 E QC-QMI  : qmi_qmux: TX failed, connection inactive or in reset, conn_id=57, status_flags=4
01-01 02:37:30.971   612   612 E QC-QMI  : qmi_ctl_tx_msg: qmi_qmux_tx_msg failed
01-01 02:37:30.971   612   612 E QC-QMI  : qmi_ctl_handle_request: qmi_ctl_tx_msg call failed
01-01 02:37:30.971   612   612 E QC-QMI  : qmi_qmux_open_connection: connection is disabled for conn_id=57
01-01 02:37:30.971   612   612 E QC-QMI  : qmi_qmux_tx_msg: failed to open inactive connd_id=57
01-01 02:37:30.971   612   612 E QC-QMI  : qmi_qmux: TX failed, connection inactive or in reset, conn_id=57, status_flags=4
01-01 02:37:30.971   612   612 E QC-QMI  : qmi_ctl_tx_msg: qmi_qmux_tx_msg failed
01-01 02:37:30.971   612   612 E QC-QMI  : qmi_ctl_handle_request: qmi_ctl_tx_msg call failed
01-01 02:37:30.972   612   612 E QC-QMI  : qmi_qmux_open_connection: connection is disabled for conn_id=57
01-01 02:37:30.972   612   612 E QC-QMI  : qmi_qmux_tx_msg: failed to open inactive connd_id=57
01-01 02:37:30.972   612   612 E QC-QMI  : qmi_qmux: TX failed, connection inactive or in reset, conn_id=57, status_flags=4
01-01 02:37:30.972   612   612 E QC-QMI  : qmi_ctl_tx_msg: qmi_qmux_tx_msg failed
01-01 02:37:30.972   612   612 E QC-QMI  : qmi_ctl_handle_request: qmi_ctl_tx_msg call failed
01-01 02:37:30.972   612   612 E QC-QMI  : qmi_qmux_open_connection: connection is disabled for conn_id=48
01-01 02:37:30.972   612   612 E QC-QMI  : qmi_qmux_tx_msg: failed to open inactive connd_id=48
01-01 02:37:30.972   612   612 E QC-QMI  : qmi_qmux: TX failed, connection inactive or in reset, conn_id=48, status_flags=4
01-01 02:37:30.972   612   612 E QC-QMI  : qmi_ctl_tx_msg: qmi_qmux_tx_msg failed
01-01 02:37:30.972   612   612 E QC-QMI  : qmi_ctl_handle_request: qmi_ctl_tx_msg call failed
01-01 02:37:30.972   612   612 E QC-QMI  : qmi_qmux_open_connection: connection is disabled for conn_id=29
01-01 02:37:30.972   612   612 E QC-QMI  : qmi_qmux_tx_msg: failed to open inactive connd_id=29
01-01 02:37:30.973   612   612 E QC-QMI  : qmi_qmux: TX failed, connection inactive or in reset, conn_id=29, status_flags=4
01-01 02:37:30.973   612   612 E QC-QMI  : qmi_ctl_tx_msg: qmi_qmux_tx_msg failed
01-01 02:37:30.973   612   612 E QC-QMI  : qmi_ctl_handle_request: qmi_ctl_tx_msg call failed
01-01 02:37:30.973   612   612 E QC-QMI  : qmi_qmux_open_connection: connection is disabled for conn_id=29
01-01 02:37:30.973   612   612 E QC-QMI  : qmi_qmux_tx_msg: failed to open inactive connd_id=29
01-01 02:37:30.973   612   612 E QC-QMI  : qmi_qmux: TX failed, connection inactive or in reset, conn_id=29, status_flags=4
01-01 02:37:30.973   612   612 E QC-QMI  : qmi_ctl_tx_msg: qmi_qmux_tx_msg failed
01-01 02:37:30.973   612   612 E QC-QMI  : qmi_ctl_handle_request: qmi_ctl_tx_msg call failed
01-01 02:37:30.974   612   612 E QC-QMI  : qmi_qmux_open_connection: connection is disabled for conn_id=29
01-01 02:37:30.974   612   612 E QC-QMI  : qmi_qmux_tx_msg: failed to open inactive connd_id=29
01-01 02:37:30.974   612   612 E QC-QMI  : qmi_qmux: TX failed, connection inactive or in reset, conn_id=29, status_flags=4
01-01 02:37:30.974   612   612 E QC-QMI  : qmi_ctl_tx_msg: qmi_qmux_tx_msg failed
01-01 02:37:30.974   612   612 E QC-QMI  : qmi_ctl_handle_request: qmi_ctl_tx_msg call failed
01-01 02:37:30.974   612   612 E QC-QMI  : qmi_qmux_open_connection: connection is disabled for conn_id=29
01-01 02:37:30.974   612   612 E QC-QMI  : qmi_qmux_tx_msg: failed to open inactive connd_id=29
01-01 02:37:30.975   612   612 E QC-QMI  : qmi_qmux: TX failed, connection inactive or in reset, conn_id=29, status_flags=4
01-01 02:37:30.975   612   612 E QC-QMI  : qmi_ctl_tx_msg: qmi_qmux_tx_msg failed
01-01 02:37:30.975   612   612 E QC-QMI  : qmi_ctl_handle_request: qmi_ctl_tx_msg call failed
01-01 02:37:30.975   612   612 E QC-QMI  : qmi_qmux_open_connection: connection is disabled for conn_id=48
01-01 02:37:30.975   612   612 E QC-QMI  : qmi_qmux_tx_msg: failed to open inactive connd_id=48
01-01 02:37:30.975   612   612 E QC-QMI  : qmi_qmux: TX failed, connection inactive or in reset, conn_id=48, status_flags=4
01-01 02:37:30.975   612   612 E QC-QMI  : qmi_ctl_tx_msg: qmi_qmux_tx_msg failed
01-01 02:37:30.975   612   612 E QC-QMI  : qmi_ctl_handle_request: qmi_ctl_tx_msg call failed
01-01 02:37:30.976   612   612 E QC-QMI  : qmi_qmux_open_connection: connection is disabled for conn_id=48
01-01 02:37:30.976   612   612 E QC-QMI  : qmi_qmux_tx_msg: failed to open inactive connd_id=48
01-01 02:37:30.976   612   612 E QC-QMI  : qmi_qmux: TX failed, connection inactive or in reset, conn_id=48, status_flags=4
01-01 02:37:30.976   612   612 E QC-QMI  : qmi_ctl_tx_msg: qmi_qmux_tx_msg failed
01-01 02:37:30.976   612   612 E QC-QMI  : qmi_ctl_handle_request: qmi_ctl_tx_msg call failed
01-01 02:37:30.976   612   612 E QC-QMI  : qmi_qmux_open_connection: connection is disabled for conn_id=48
01-01 02:37:30.976   612   612 E QC-QMI  : qmi_qmux_tx_msg: failed to open inactive connd_id=48
01-01 02:37:30.976   612   612 E QC-QMI  : qmi_qmux: TX failed, connection inactive or in reset, conn_id=48, status_flags=4
01-01 02:37:30.976   612   612 E QC-QMI  : qmi_ctl_tx_msg: qmi_qmux_tx_msg failed
01-01 02:37:30.976   612   612 E QC-QMI  : qmi_ctl_handle_request: qmi_ctl_tx_msg call failed
01-01 02:37:30.977   612   612 E QC-QMI  : qmi_qmux_open_connection: connection is disabled for conn_id=48
01-01 02:37:30.977   612   612 E QC-QMI  : qmi_qmux_tx_msg: failed to open inactive connd_id=48
01-01 02:37:30.977   612   612 E QC-QMI  : qmi_qmux: TX failed, connection inactive or in reset, conn_id=48, status_flags=4
01-01 02:37:30.977   612   612 E QC-QMI  : qmi_ctl_tx_msg: qmi_qmux_tx_msg failed
01-01 02:37:30.977   612   612 E QC-QMI  : qmi_ctl_handle_request: qmi_ctl_tx_msg call failed
01-01 02:37:30.977   612   612 E QC-QMI  : qmi_qmux_open_connection: connection is disabled for conn_id=57
01-01 02:37:30.977   612   612 E QC-QMI  : qmi_qmux_tx_msg: failed to open inactive connd_id=57
01-01 02:37:30.977   612   612 E QC-QMI  : qmi_qmux: TX failed, connection inactive or in reset, conn_id=57, status_flags=4
01-01 02:37:30.977   612   612 E QC-QMI  : qmi_ctl_tx_msg: qmi_qmux_tx_msg failed
01-01 02:37:30.977   612   612 E QC-QMI  : qmi_ctl_handle_request: qmi_ctl_tx_msg call failed
01-01 02:37:30.977   612   612 E QC-QMI  : qmi_qmux_open_connection: connection is disabled for conn_id=48
01-01 02:37:30.977   612   612 E QC-QMI  : qmi_qmux_tx_msg: failed to open inactive connd_id=48
01-01 02:37:30.977   612   612 E QC-QMI  : qmi_qmux: TX failed, connection inactive or in reset, conn_id=48, status_flags=4
01-01 02:37:30.977   612   612 E QC-QMI  : qmi_ctl_tx_msg: qmi_qmux_tx_msg failed
01-01 02:37:30.977   612   612 E QC-QMI  : qmi_ctl_handle_request: qmi_ctl_tx_msg call failed
01-01 02:37:30.978   612   612 E QC-QMI  : qmi_qmux_open_connection: connection is disabled for conn_id=57
01-01 02:37:30.978   612   612 E QC-QMI  : qmi_qmux_tx_msg: failed to open inactive connd_id=57
01-01 02:37:30.978   612   612 E QC-QMI  : qmi_qmux: TX failed, connection inactive or in reset, conn_id=57, status_flags=4
01-01 02:37:30.978   612   612 E QC-QMI  : qmi_ctl_tx_msg: qmi_qmux_tx_msg failed
01-01 02:37:30.978   612   612 E QC-QMI  : qmi_ctl_handle_request: qmi_ctl_tx_msg call failed
01-01 02:37:30.978   612   612 E QC-QMI  : qmi_qmux_open_connection: connection is disabled for conn_id=57
01-01 02:37:30.978   612   612 E QC-QMI  : qmi_qmux_tx_msg: failed to open inactive connd_id=57
01-01 02:37:30.978   612   612 E QC-QMI  : qmi_qmux: TX failed, connection inactive or in reset, conn_id=57, status_flags=4
01-01 02:37:30.978   612   612 E QC-QMI  : qmi_ctl_tx_msg: qmi_qmux_tx_msg failed
01-01 02:37:30.978   612   612 E QC-QMI  : qmi_ctl_handle_request: qmi_ctl_tx_msg call failed
01-01 02:37:30.979   612   612 E QC-QMI  : qmi_qmux_open_connection: connection is disabled for conn_id=57
01-01 02:37:30.979   612   612 E QC-QMI  : qmi_qmux_tx_msg: failed to open inactive connd_id=57
01-01 02:37:30.979   612   612 E QC-QMI  : qmi_qmux: TX failed, connection inactive or in reset, conn_id=57, status_flags=4
01-01 02:37:30.979   612   612 E QC-QMI  : qmi_ctl_tx_msg: qmi_qmux_tx_msg failed
01-01 02:37:30.979   612   612 E QC-QMI  : qmi_ctl_handle_request: qmi_ctl_tx_msg call failed
01-01 02:37:30.979   612   612 E QC-QMI  : qmi_qmux_open_connection: connection is disabled for conn_id=57
01-01 02:37:30.979   612   612 E QC-QMI  : qmi_qmux_tx_msg: failed to open inactive connd_id=57
01-01 02:37:30.979   612   612 E QC-QMI  : qmi_qmux: TX failed, connection inactive or in reset, conn_id=57, status_flags=4
01-01 02:37:30.979   612   612 E QC-QMI  : qmi_ctl_tx_msg: qmi_qmux_tx_msg failed
01-01 02:37:30.979   612   612 E QC-QMI  : qmi_ctl_handle_request: qmi_ctl_tx_msg call failed
01-01 02:37:30.979   612   612 E QC-QMI  : qmi_qmux_open_connection: connection is disabled for conn_id=29
01-01 02:37:30.979   612   612 E QC-QMI  : qmi_qmux_tx_msg: failed to open inactive connd_id=29
01-01 02:37:30.980   612   612 E QC-QMI  : qmi_qmux: TX failed, connection inactive or in reset, conn_id=29, status_flags=4
01-01 02:37:30.980   612   612 E QC-QMI  : qmi_ctl_tx_msg: qmi_qmux_tx_msg failed
01-01 02:37:30.980   612   612 E QC-QMI  : qmi_ctl_handle_request: qmi_ctl_tx_msg call failed
01-01 02:37:30.980   612   612 E QC-QMI  : qmi_qmux_open_connection: connection is disabled for conn_id=29
01-01 02:37:30.980   612   612 E QC-QMI  : qmi_qmux_tx_msg: failed to open inactive connd_id=29
01-01 02:37:30.980   612   612 E QC-QMI  : qmi_qmux: TX failed, connection inactive or in reset, conn_id=29, status_flags=4
01-01 02:37:30.980   612   612 E QC-QMI  : qmi_ctl_tx_msg: qmi_qmux_tx_msg failed
01-01 02:37:30.980   612   612 E QC-QMI  : qmi_ctl_handle_request: qmi_ctl_tx_msg call failed
01-01 02:37:30.981   612   612 E QC-QMI  : qmi_qmux_open_connection: connection is disabled for conn_id=29
01-01 02:37:30.981   612   612 E QC-QMI  : qmi_qmux_tx_msg: failed to open inactive connd_id=29
01-01 02:37:30.982   612   612 E QC-QMI  : qmi_qmux: TX failed, connection inactive or in reset, conn_id=29, status_flags=4
01-01 02:37:30.982   612   612 E QC-QMI  : qmi_ctl_tx_msg: qmi_qmux_tx_msg failed
01-01 02:37:30.982   612   612 E QC-QMI  : qmi_ctl_handle_request: qmi_ctl_tx_msg call failed
01-01 02:37:30.982   612   612 E QC-QMI  : qmi_qmux_open_connection: connection is disabled for conn_id=29
01-01 02:37:30.982   612   612 E QC-QMI  : qmi_qmux_tx_msg: failed to open inactive connd_id=29
01-01 02:37:30.982   612   612 E QC-QMI  : qmi_qmux: TX failed, connection inactive or in reset, conn_id=29, status_flags=4
01-01 02:37:30.982   612   612 E QC-QMI  : qmi_ctl_tx_msg: qmi_qmux_tx_msg failed
01-01 02:37:30.982   612   612 E QC-QMI  : qmi_ctl_handle_request: qmi_ctl_tx_msg call failed
01-01 02:37:30.982   612   612 E QC-QMI  : qmi_qmux_open_connection: connection is disabled for conn_id=57
01-01 02:37:30.982   612   612 E QC-QMI  : qmi_qmux_tx_msg: failed to open inactive connd_id=57
01-01 02:37:30.982   612   612 E QC-QMI  : qmi_qmux: TX failed, connection inactive or in reset, conn_id=57, status_flags=4
01-01 02:37:30.982   612   612 E QC-QMI  : qmi_ctl_tx_msg: qmi_qmux_tx_msg failed
01-01 02:37:30.982   612   612 E QC-QMI  : qmi_ctl_handle_request: qmi_ctl_tx_msg call failed
01-01 02:37:30.982   612   612 E QC-QMI  : qmi_qmux_open_connection: connection is disabled for conn_id=48
01-01 02:37:30.982   612   612 E QC-QMI  : qmi_qmux_tx_msg: failed to open inactive connd_id=48
01-01 02:37:30.982   612   612 E QC-QMI  : qmi_qmux: TX failed, connection inactive or in reset, conn_id=48, status_flags=4
01-01 02:37:30.982   612   612 E QC-QMI  : qmi_ctl_tx_msg: qmi_qmux_tx_msg failed
01-01 02:37:30.982   612   612 E QC-QMI  : qmi_ctl_handle_request: qmi_ctl_tx_msg call failed
01-01 02:37:30.983   612   612 E QC-QMI  : qmi_qmux_open_connection: connection is disabled for conn_id=48
01-01 02:37:30.983   612   612 E QC-QMI  : qmi_qmux_tx_msg: failed to open inactive connd_id=48
01-01 02:37:30.983   442   478 D QSEECOMAPI: : Loaded image: APP id = 4
01-01 02:37:30.983   612   612 E QC-QMI  : qmi_qmux: TX failed, connection inactive or in reset, conn_id=48, status_flags=4
01-01 02:37:30.983   612   612 E QC-QMI  : qmi_ctl_tx_msg: qmi_qmux_tx_msg failed
01-01 02:37:30.983   612   612 E QC-QMI  : qmi_ctl_handle_request: qmi_ctl_tx_msg call failed
01-01 02:37:30.983   612   612 E QC-QMI  : qmi_qmux_open_connection: connection is disabled for conn_id=48
01-01 02:37:30.983   612   612 E QC-QMI  : qmi_qmux_tx_msg: failed to open inactive connd_id=48
01-01 02:37:30.983   612   612 E QC-QMI  : qmi_qmux: TX failed, connection inactive or in reset, conn_id=48, status_flags=4
01-01 02:37:30.983   612   612 E QC-QMI  : qmi_ctl_tx_msg: qmi_qmux_tx_msg failed
01-01 02:37:30.983   612   612 E QC-QMI  : qmi_ctl_handle_request: qmi_ctl_tx_msg call failed
01-01 02:37:30.984   612   612 E QC-QMI  : qmi_qmux_open_connection: connection is disabled for conn_id=48
01-01 02:37:30.984   612   612 E QC-QMI  : qmi_qmux_tx_msg: failed to open inactive connd_id=48
01-01 02:37:30.984   612   612 E QC-QMI  : qmi_qmux: TX failed, connection inactive or in reset, conn_id=48, status_flags=4
01-01 02:37:30.984   612   612 E QC-QMI  : qmi_ctl_tx_msg: qmi_qmux_tx_msg failed
01-01 02:37:30.984   612   612 E QC-QMI  : qmi_ctl_handle_request: qmi_ctl_tx_msg call failed
01-01 02:37:30.984   612   612 E QC-QMI  : qmi_qmux_open_connection: connection is disabled for conn_id=57
01-01 02:37:30.984   612   612 E QC-QMI  : qmi_qmux_tx_msg: failed to open inactive connd_id=57
01-01 02:37:30.984   612   612 E QC-QMI  : qmi_qmux: TX failed, connection inactive or in reset, conn_id=57, status_flags=4
01-01 02:37:30.984   612   612 E QC-QMI  : qmi_ctl_tx_msg: qmi_qmux_tx_msg failed
01-01 02:37:30.984   612   612 E QC-QMI  : qmi_ctl_handle_request: qmi_ctl_tx_msg call failed
01-01 02:37:30.984   612   612 E QC-QMI  : qmi_qmux_open_connection: connection is disabled for conn_id=57
01-01 02:37:30.985   612   612 E QC-QMI  : qmi_qmux_tx_msg: failed to open inactive connd_id=57
01-01 02:37:30.985   612   612 E QC-QMI  : qmi_qmux: TX failed, connection inactive or in reset, conn_id=57, status_flags=4
01-01 02:37:30.985   612   612 E QC-QMI  : qmi_ctl_tx_msg: qmi_qmux_tx_msg failed
01-01 02:37:30.985   612   612 E QC-QMI  : qmi_ctl_handle_request: qmi_ctl_tx_msg call failed
01-01 02:37:30.985   612   612 E QC-QMI  : qmi_qmux_open_connection: connection is disabled for conn_id=57
01-01 02:37:30.985   612   612 E QC-QMI  : qmi_qmux_tx_msg: failed to open inactive connd_id=57
01-01 02:37:30.985   612   612 E QC-QMI  : qmi_qmux: TX failed, connection inactive or in reset, conn_id=57, status_flags=4
01-01 02:37:30.985   612   612 E QC-QMI  : qmi_ctl_tx_msg: qmi_qmux_tx_msg failed
01-01 02:37:30.985   612   612 E QC-QMI  : qmi_ctl_handle_request: qmi_ctl_tx_msg call failed
01-01 02:37:30.985   612   612 E QC-QMI  : qmi_qmux_open_connection: connection is disabled for conn_id=57
01-01 02:37:30.985   612   612 E QC-QMI  : qmi_qmux_tx_msg: failed to open inactive connd_id=57
01-01 02:37:30.986   612   612 E QC-QMI  : qmi_qmux: TX failed, connection inactive or in reset, conn_id=57, status_flags=4
01-01 02:37:30.986   612   612 E QC-QMI  : qmi_ctl_tx_msg: qmi_qmux_tx_msg failed
01-01 02:37:30.986   612   612 E QC-QMI  : qmi_ctl_handle_request: qmi_ctl_tx_msg call failed
01-01 02:37:30.986   612   612 E QC-QMI  : qmi_qmux_open_connection: connection is disabled for conn_id=29
01-01 02:37:30.986   612   612 E QC-QMI  : qmi_qmux_tx_msg: failed to open inactive connd_id=29
01-01 02:37:30.986   612   612 E QC-QMI  : qmi_qmux: TX failed, connection inactive or in reset, conn_id=29, status_flags=4
01-01 02:37:30.986   612   612 E QC-QMI  : qmi_ctl_tx_msg: qmi_qmux_tx_msg failed
01-01 02:37:30.986   612   612 E QC-QMI  : qmi_ctl_handle_request: qmi_ctl_tx_msg call failed
01-01 02:37:30.986   612   612 E QC-QMI  : qmi_qmux_open_connection: connection is disabled for conn_id=29
01-01 02:37:30.986   612   612 E QC-QMI  : qmi_qmux_tx_msg: failed to open inactive connd_id=29
01-01 02:37:30.986   612   612 E QC-QMI  : qmi_qmux: TX failed, connection inactive or in reset, conn_id=29, status_flags=4
01-01 02:37:30.986   612   612 E QC-QMI  : qmi_ctl_tx_msg: qmi_qmux_tx_msg failed
01-01 02:37:30.986   612   612 E QC-QMI  : qmi_ctl_handle_request: qmi_ctl_tx_msg call failed
01-01 02:37:30.987   612   612 E QC-QMI  : qmi_qmux_open_connection: connection is disabled for conn_id=29
01-01 02:37:30.987   612   612 E QC-QMI  : qmi_qmux_tx_msg: failed to open inactive connd_id=29
01-01 02:37:30.987   612   612 E QC-QMI  : qmi_qmux: TX failed, connection inactive or in reset, conn_id=29, status_flags=4
01-01 02:37:30.987   612   612 E QC-QMI  : qmi_ctl_tx_msg: qmi_qmux_tx_msg failed
01-01 02:37:30.987   612   612 E QC-QMI  : qmi_ctl_handle_request: qmi_ctl_tx_msg call failed
01-01 02:37:30.987   612   612 E QC-QMI  : qmi_qmux_open_connection: connection is disabled for conn_id=29
01-01 02:37:30.987   612   612 E QC-QMI  : qmi_qmux_tx_msg: failed to open inactive connd_id=29
01-01 02:37:30.987   612   612 E QC-QMI  : qmi_qmux: TX failed, connection inactive or in reset, conn_id=29, status_flags=4
01-01 02:37:30.987   612   612 E QC-QMI  : qmi_ctl_tx_msg: qmi_qmux_tx_msg failed
01-01 02:37:30.987   612   612 E QC-QMI  : qmi_ctl_handle_request: qmi_ctl_tx_msg call failed
01-01 02:37:30.987   612   612 E QC-QMI  : qmi_qmux_open_connection: connection is disabled for conn_id=48
01-01 02:37:30.987   612   612 E QC-QMI  : qmi_qmux_tx_msg: failed to open inactive connd_id=48
01-01 02:37:30.987   612   612 E QC-QMI  : qmi_qmux: TX failed, connection inactive or in reset, conn_id=48, status_flags=4
01-01 02:37:30.988   612   612 E QC-QMI  : qmi_ctl_tx_msg: qmi_qmux_tx_msg failed
01-01 02:37:30.988   612   612 E QC-QMI  : qmi_ctl_handle_request: qmi_ctl_tx_msg call failed
01-01 02:37:30.988   612   612 E QC-QMI  : qmi_qmux_open_connection: connection is disabled for conn_id=48
01-01 02:37:30.988   612   612 E QC-QMI  : qmi_qmux_tx_msg: failed to open inactive connd_id=48
01-01 02:37:30.988   612   612 E QC-QMI  : qmi_qmux: TX failed, connection inactive or in reset, conn_id=48, status_flags=4
01-01 02:37:30.988   612   612 E QC-QMI  : qmi_ctl_tx_msg: qmi_qmux_tx_msg failed
01-01 02:37:30.988   612   612 E QC-QMI  : qmi_ctl_handle_request: qmi_ctl_tx_msg call failed
01-01 02:37:30.988   612   612 E QC-QMI  : qmi_qmux_open_connection: connection is disabled for conn_id=48
01-01 02:37:30.988   612   612 E QC-QMI  : qmi_qmux_tx_msg: failed to open inactive connd_id=48
01-01 02:37:30.988   612   612 E QC-QMI  : qmi_qmux: TX failed, connection inactive or in reset, conn_id=48, status_flags=4
01-01 02:37:30.988   612   612 E QC-QMI  : qmi_ctl_tx_msg: qmi_qmux_tx_msg failed
01-01 02:37:30.988   612   612 E QC-QMI  : qmi_ctl_handle_request: qmi_ctl_tx_msg call failed
01-01 02:37:30.988   612   612 E QC-QMI  : qmi_qmux_open_connection: connection is disabled for conn_id=48
01-01 02:37:30.989   612   612 E QC-QMI  : qmi_qmux_tx_msg: failed to open inactive connd_id=48
01-01 02:37:30.989   612   612 E QC-QMI  : qmi_qmux: TX failed, connection inactive or in reset, conn_id=48, status_flags=4
01-01 02:37:30.989   612   612 E QC-QMI  : qmi_ctl_tx_msg: qmi_qmux_tx_msg failed
01-01 02:37:30.989   612   612 E QC-QMI  : qmi_ctl_handle_request: qmi_ctl_tx_msg call failed
01-01 02:37:30.989   612   612 E QC-QMI  : qmi_qmux_open_connection: connection is disabled for conn_id=57
01-01 02:37:30.989   612   612 E QC-QMI  : qmi_qmux_tx_msg: failed to open inactive connd_id=57
01-01 02:37:30.989   612   612 E QC-QMI  : qmi_qmux: TX failed, connection inactive or in reset, conn_id=57, status_flags=4
01-01 02:37:30.989   612   612 E QC-QMI  : qmi_ctl_tx_msg: qmi_qmux_tx_msg failed
01-01 02:37:30.989   612   612 E QC-QMI  : qmi_ctl_handle_request: qmi_ctl_tx_msg call failed
01-01 02:37:30.990   612   612 E QC-QMI  : qmi_qmux_open_connection: connection is disabled for conn_id=57
01-01 02:37:30.990   612   612 E QC-QMI  : qmi_qmux_tx_msg: failed to open inactive connd_id=57
01-01 02:37:30.990   612   612 E QC-QMI  : qmi_qmux: TX failed, connection inactive or in reset, conn_id=57, status_flags=4
01-01 02:37:30.990   612   612 E QC-QMI  : qmi_ctl_tx_msg: qmi_qmux_tx_msg failed
01-01 02:37:30.990   612   612 E QC-QMI  : qmi_ctl_handle_request: qmi_ctl_tx_msg call failed
01-01 02:37:30.990   612   612 E QC-QMI  : qmi_qmux_open_connection: connection is disabled for conn_id=57
01-01 02:37:30.990   612   612 E QC-QMI  : qmi_qmux_tx_msg: failed to open inactive connd_id=57
01-01 02:37:30.991   612   612 E QC-QMI  : qmi_qmux: TX failed, connection inactive or in reset, conn_id=57, status_flags=4
01-01 02:37:30.991   612   612 E QC-QMI  : qmi_ctl_tx_msg: qmi_qmux_tx_msg failed
01-01 02:37:30.991   612   612 E QC-QMI  : qmi_ctl_handle_request: qmi_ctl_tx_msg call failed
01-01 02:37:30.991   612   612 E QC-QMI  : qmi_qmux_open_connection: connection is disabled for conn_id=57
01-01 02:37:30.991   612   612 E QC-QMI  : qmi_qmux_tx_msg: failed to open inactive connd_id=57
01-01 02:37:30.991   612   612 E QC-QMI  : qmi_qmux: TX failed, connection inactive or in reset, conn_id=57, status_flags=4
01-01 02:37:30.991   612   612 E QC-QMI  : qmi_ctl_tx_msg: qmi_qmux_tx_msg failed
01-01 02:37:30.991   612   612 E QC-QMI  : qmi_ctl_handle_request: qmi_ctl_tx_msg call failed
01-01 02:37:30.991   612   612 E QC-QMI  : qmi_qmux_open_connection: connection is disabled for conn_id=29
01-01 02:37:30.991   612   612 E QC-QMI  : qmi_qmux_tx_msg: failed to open inactive connd_id=29
01-01 02:37:30.991   612   612 E QC-QMI  : qmi_qmux: TX failed, connection inactive or in reset, conn_id=29, status_flags=4
01-01 02:37:30.991   612   612 E QC-QMI  : qmi_ctl_tx_msg: qmi_qmux_tx_msg failed
01-01 02:37:30.991   612   612 E QC-QMI  : qmi_ctl_handle_request: qmi_ctl_tx_msg call failed
01-01 02:37:30.992   612   612 E QC-QMI  : qmi_qmux_open_connection: connection is disabled for conn_id=29
01-01 02:37:30.992   612   612 E QC-QMI  : qmi_qmux_tx_msg: failed to open inactive connd_id=29
01-01 02:37:30.992   612   612 E QC-QMI  : qmi_qmux: TX failed, connection inactive or in reset, conn_id=29, status_flags=4
01-01 02:37:30.992   612   612 E QC-QMI  : qmi_ctl_tx_msg: qmi_qmux_tx_msg failed
01-01 02:37:30.992   612   612 E QC-QMI  : qmi_ctl_handle_request: qmi_ctl_tx_msg call failed
01-01 02:37:30.992   612   612 E QC-QMI  : qmi_qmux_open_connection: connection is disabled for conn_id=48
01-01 02:37:30.992   612   612 E QC-QMI  : qmi_qmux_tx_msg: failed to open inactive connd_id=48
01-01 02:37:30.992   612   612 E QC-QMI  : qmi_qmux: TX failed, connection inactive or in reset, conn_id=48, status_flags=4
01-01 02:37:30.992   612   612 E QC-QMI  : qmi_ctl_tx_msg: qmi_qmux_tx_msg failed
01-01 02:37:30.992   612   612 E QC-QMI  : qmi_ctl_handle_request: qmi_ctl_tx_msg call failed
01-01 02:37:30.993   612   612 E QC-QMI  : qmi_qmux_open_connection: connection is disabled for conn_id=48
01-01 02:37:30.993   612   612 E QC-QMI  : qmi_qmux_tx_msg: failed to open inactive connd_id=48
01-01 02:37:30.993   612   612 E QC-QMI  : qmi_qmux: TX failed, connection inactive or in reset, conn_id=48, status_flags=4
01-01 02:37:30.993   612   612 E QC-QMI  : qmi_ctl_tx_msg: qmi_qmux_tx_msg failed
01-01 02:37:30.993   612   612 E QC-QMI  : qmi_ctl_handle_request: qmi_ctl_tx_msg call failed
01-01 02:37:30.993   612   612 E QC-QMI  : qmi_qmux_open_connection: connection is disabled for conn_id=29
01-01 02:37:30.993   612   612 E QC-QMI  : qmi_qmux_tx_msg: failed to open inactive connd_id=29
01-01 02:37:30.993   612   612 E QC-QMI  : qmi_qmux: TX failed, connection inactive or in reset, conn_id=29, status_flags=4
01-01 02:37:30.993   612   612 E QC-QMI  : qmi_ctl_tx_msg: qmi_qmux_tx_msg failed
01-01 02:37:30.993   612   612 E QC-QMI  : qmi_ctl_handle_request: qmi_ctl_tx_msg call failed
01-01 02:37:30.994   612   612 E QC-QMI  : qmi_qmux_open_connection: connection is disabled for conn_id=57
01-01 02:37:30.994   612   612 E QC-QMI  : qmi_qmux_tx_msg: failed to open inactive connd_id=57
01-01 02:37:30.994   612   612 E QC-QMI  : qmi_qmux: TX failed, connection inactive or in reset, conn_id=57, status_flags=4
01-01 02:37:30.994   612   612 E QC-QMI  : qmi_ctl_tx_msg: qmi_qmux_tx_msg failed
01-01 02:37:30.994   612   612 E QC-QMI  : qmi_ctl_handle_request: qmi_ctl_tx_msg call failed
01-01 02:37:30.994   612   612 E QC-QMI  : qmi_qmux_open_connection: connection is disabled for conn_id=29
01-01 02:37:30.994   612   612 E QC-QMI  : qmi_qmux_tx_msg: failed to open inactive connd_id=29
01-01 02:37:30.994   612   612 E QC-QMI  : qmi_qmux: TX failed, connection inactive or in reset, conn_id=29, status_flags=4
01-01 02:37:30.994   612   612 E QC-QMI  : qmi_ctl_tx_msg: qmi_qmux_tx_msg failed
01-01 02:37:30.994   612   612 E QC-QMI  : qmi_ctl_handle_request: qmi_ctl_tx_msg call failed
01-01 02:37:30.994   612   612 E QC-QMI  : qmi_qmux_open_connection: connection is disabled for conn_id=57
01-01 02:37:30.994   612   612 E QC-QMI  : qmi_qmux_tx_msg: failed to open inactive connd_id=57
